###############################################################################
#
# IAR ELF Linker V8.22.1.15669/W32 for ARM                05/Apr/2022  21:45:06
# Copyright 2007-2018 IAR Systems AB.
#
#    Output file  =  
#        E:\050_Workspace\010_YTP_SENT\040_Software\41_Cube\Code\GoodProject\EWARM\GoodProject\Exe\GoodProject.out
#    Map file     =  
#        E:\050_Workspace\010_YTP_SENT\040_Software\41_Cube\Code\GoodProject\EWARM\GoodProject\List\GoodProject.map
#    Command line =  
#        -f C:\Users\YUETIN~1\AppData\Local\Temp\EW8A5C.tmp
#        (E:\050_Workspace\010_YTP_SENT\040_Software\41_Cube\Code\GoodProject\EWARM\GoodProject\Obj\can.o
#        E:\050_Workspace\010_YTP_SENT\040_Software\41_Cube\Code\GoodProject\EWARM\GoodProject\Obj\cmsis_os2.o
#        E:\050_Workspace\010_YTP_SENT\040_Software\41_Cube\Code\GoodProject\EWARM\GoodProject\Obj\croutine.o
#        E:\050_Workspace\010_YTP_SENT\040_Software\41_Cube\Code\GoodProject\EWARM\GoodProject\Obj\event_groups.o
#        E:\050_Workspace\010_YTP_SENT\040_Software\41_Cube\Code\GoodProject\EWARM\GoodProject\Obj\freertos.o
#        E:\050_Workspace\010_YTP_SENT\040_Software\41_Cube\Code\GoodProject\EWARM\GoodProject\Obj\gpio.o
#        E:\050_Workspace\010_YTP_SENT\040_Software\41_Cube\Code\GoodProject\EWARM\GoodProject\Obj\heap_4.o
#        E:\050_Workspace\010_YTP_SENT\040_Software\41_Cube\Code\GoodProject\EWARM\GoodProject\Obj\list.o
#        E:\050_Workspace\010_YTP_SENT\040_Software\41_Cube\Code\GoodProject\EWARM\GoodProject\Obj\main.o
#        E:\050_Workspace\010_YTP_SENT\040_Software\41_Cube\Code\GoodProject\EWARM\GoodProject\Obj\port.o
#        E:\050_Workspace\010_YTP_SENT\040_Software\41_Cube\Code\GoodProject\EWARM\GoodProject\Obj\portasm.o
#        E:\050_Workspace\010_YTP_SENT\040_Software\41_Cube\Code\GoodProject\EWARM\GoodProject\Obj\queue.o
#        E:\050_Workspace\010_YTP_SENT\040_Software\41_Cube\Code\GoodProject\EWARM\GoodProject\Obj\rtc.o
#        E:\050_Workspace\010_YTP_SENT\040_Software\41_Cube\Code\GoodProject\EWARM\GoodProject\Obj\spi.o
#        E:\050_Workspace\010_YTP_SENT\040_Software\41_Cube\Code\GoodProject\EWARM\GoodProject\Obj\startup_stm32f103xb.o
#        E:\050_Workspace\010_YTP_SENT\040_Software\41_Cube\Code\GoodProject\EWARM\GoodProject\Obj\stm32f1xx_hal.o
#        E:\050_Workspace\010_YTP_SENT\040_Software\41_Cube\Code\GoodProject\EWARM\GoodProject\Obj\stm32f1xx_hal_can.o
#        E:\050_Workspace\010_YTP_SENT\040_Software\41_Cube\Code\GoodProject\EWARM\GoodProject\Obj\stm32f1xx_hal_cortex.o
#        E:\050_Workspace\010_YTP_SENT\040_Software\41_Cube\Code\GoodProject\EWARM\GoodProject\Obj\stm32f1xx_hal_dma.o
#        E:\050_Workspace\010_YTP_SENT\040_Software\41_Cube\Code\GoodProject\EWARM\GoodProject\Obj\stm32f1xx_hal_exti.o
#        E:\050_Workspace\010_YTP_SENT\040_Software\41_Cube\Code\GoodProject\EWARM\GoodProject\Obj\stm32f1xx_hal_flash.o
#        E:\050_Workspace\010_YTP_SENT\040_Software\41_Cube\Code\GoodProject\EWARM\GoodProject\Obj\stm32f1xx_hal_flash_ex.o
#        E:\050_Workspace\010_YTP_SENT\040_Software\41_Cube\Code\GoodProject\EWARM\GoodProject\Obj\stm32f1xx_hal_gpio.o
#        E:\050_Workspace\010_YTP_SENT\040_Software\41_Cube\Code\GoodProject\EWARM\GoodProject\Obj\stm32f1xx_hal_gpio_ex.o
#        E:\050_Workspace\010_YTP_SENT\040_Software\41_Cube\Code\GoodProject\EWARM\GoodProject\Obj\stm32f1xx_hal_msp.o
#        E:\050_Workspace\010_YTP_SENT\040_Software\41_Cube\Code\GoodProject\EWARM\GoodProject\Obj\stm32f1xx_hal_pcd.o
#        E:\050_Workspace\010_YTP_SENT\040_Software\41_Cube\Code\GoodProject\EWARM\GoodProject\Obj\stm32f1xx_hal_pcd_ex.o
#        E:\050_Workspace\010_YTP_SENT\040_Software\41_Cube\Code\GoodProject\EWARM\GoodProject\Obj\stm32f1xx_hal_pwr.o
#        E:\050_Workspace\010_YTP_SENT\040_Software\41_Cube\Code\GoodProject\EWARM\GoodProject\Obj\stm32f1xx_hal_rcc.o
#        E:\050_Workspace\010_YTP_SENT\040_Software\41_Cube\Code\GoodProject\EWARM\GoodProject\Obj\stm32f1xx_hal_rcc_ex.o
#        E:\050_Workspace\010_YTP_SENT\040_Software\41_Cube\Code\GoodProject\EWARM\GoodProject\Obj\stm32f1xx_hal_rtc.o
#        E:\050_Workspace\010_YTP_SENT\040_Software\41_Cube\Code\GoodProject\EWARM\GoodProject\Obj\stm32f1xx_hal_rtc_ex.o
#        E:\050_Workspace\010_YTP_SENT\040_Software\41_Cube\Code\GoodProject\EWARM\GoodProject\Obj\stm32f1xx_hal_spi.o
#        E:\050_Workspace\010_YTP_SENT\040_Software\41_Cube\Code\GoodProject\EWARM\GoodProject\Obj\stm32f1xx_hal_tim.o
#        E:\050_Workspace\010_YTP_SENT\040_Software\41_Cube\Code\GoodProject\EWARM\GoodProject\Obj\stm32f1xx_hal_tim_ex.o
#        E:\050_Workspace\010_YTP_SENT\040_Software\41_Cube\Code\GoodProject\EWARM\GoodProject\Obj\stm32f1xx_hal_uart.o
#        E:\050_Workspace\010_YTP_SENT\040_Software\41_Cube\Code\GoodProject\EWARM\GoodProject\Obj\stm32f1xx_it.o
#        E:\050_Workspace\010_YTP_SENT\040_Software\41_Cube\Code\GoodProject\EWARM\GoodProject\Obj\stm32f1xx_ll_usb.o
#        E:\050_Workspace\010_YTP_SENT\040_Software\41_Cube\Code\GoodProject\EWARM\GoodProject\Obj\stream_buffer.o
#        E:\050_Workspace\010_YTP_SENT\040_Software\41_Cube\Code\GoodProject\EWARM\GoodProject\Obj\system_stm32f1xx.o
#        E:\050_Workspace\010_YTP_SENT\040_Software\41_Cube\Code\GoodProject\EWARM\GoodProject\Obj\tasks.o
#        E:\050_Workspace\010_YTP_SENT\040_Software\41_Cube\Code\GoodProject\EWARM\GoodProject\Obj\tim.o
#        E:\050_Workspace\010_YTP_SENT\040_Software\41_Cube\Code\GoodProject\EWARM\GoodProject\Obj\timers.o
#        E:\050_Workspace\010_YTP_SENT\040_Software\41_Cube\Code\GoodProject\EWARM\GoodProject\Obj\usart.o
#        E:\050_Workspace\010_YTP_SENT\040_Software\41_Cube\Code\GoodProject\EWARM\GoodProject\Obj\usb.o
#        --redirect _Printf=_PrintfFull --redirect _Scanf=_ScanfFull -o
#        E:\050_Workspace\010_YTP_SENT\040_Software\41_Cube\Code\GoodProject\EWARM\GoodProject\Exe\GoodProject.out
#        --map
#        E:\050_Workspace\010_YTP_SENT\040_Software\41_Cube\Code\GoodProject\EWARM\GoodProject\List\GoodProject.map
#        --config
#        E:\050_Workspace\010_YTP_SENT\040_Software\41_Cube\Code\GoodProject\EWARM/stm32f103xb_flash.icf
#        --semihosting --entry __iar_program_start --vfe --text_out locale)
#
###############################################################################

*******************************************************************************
*** RUNTIME MODEL ATTRIBUTES
***

CppFlavor       = *
__SystemLibrary = DLib
__dlib_version  = 6


*******************************************************************************
*** HEAP SELECTION
***

The basic heap was selected because no calls to memory allocation
functions were found in the application outside of system library
functions, and there are calls to deallocation functions in the
application.


*******************************************************************************
*** PLACEMENT SUMMARY
***

"A0":  place at 0x08000000 { ro section .intvec };
"P1":  place in [from 0x08000000 to 0x0801ffff] { ro };
define block CSTACK with size = 1K, alignment = 8 { };
define block HEAP with size = 512, alignment = 8 { };
"P2":  place in [from 0x20000000 to 0x20004fff] {
          rw, block CSTACK, block HEAP };
initialize by copy { rw };

  Section            Kind        Address    Size  Object
  -------            ----        -------    ----  ------
"A0":                                       0xec
  .intvec            ro code  0x08000000    0xec  startup_stm32f103xb.o [1]
                            - 0x080000ec    0xec

"P1":                                     0x5470
  .text              ro code  0x080000ec   0x890  stm32f1xx_hal_pcd.o [1]
  .text              ro code  0x0800097c    0x78  usb.o [1]
  .text              ro code  0x080009f4   0x5dc  stm32f1xx_ll_usb.o [1]
  .text              ro code  0x08000fd0    0xa6  ABImemcpy.o [4]
  .text              ro code  0x08001076     0x2  stm32f1xx_hal_pcd.o [1]
  .text              ro code  0x08001078     0x2  stm32f1xx_hal_pcd.o [1]
  .text              ro code  0x0800107a     0x2  stm32f1xx_hal_pcd.o [1]
  .text              ro code  0x0800107c     0x2  stm32f1xx_hal_pcd.o [1]
  .text              ro code  0x0800107e     0x2  stm32f1xx_hal_pcd.o [1]
  .text              ro code  0x08001080     0x2  stm32f1xx_hal_pcd.o [1]
  .text              ro code  0x08001082     0x2  stm32f1xx_hal_pcd.o [1]
  .text              ro code  0x08001084    0xc4  main.o [1]
  .text              ro code  0x08001148    0xc8  stm32f1xx_hal_cortex.o [1]
  .text              ro code  0x08001210    0x24  stm32f1xx_hal.o [1]
  .text              ro code  0x08001234   0x100  gpio.o [1]
  .text              ro code  0x08001334   0x164  can.o [1]
  .text              ro code  0x08001498   0x220  usart.o [1]
  .text              ro code  0x080016b8    0x60  rtc.o [1]
  .text              ro code  0x08001718    0xa8  spi.o [1]
  .text              ro code  0x080017c0   0x300  tim.o [1]
  .text              ro code  0x08001ac0   0x200  cmsis_os2.o [1]
  .text              ro code  0x08001cc0   0x12c  freertos.o [1]
  .text              ro code  0x08001dec     0x6  ABImemclr4.o [4]
  .text              ro code  0x08001df4   0x4da  stm32f1xx_hal_rcc.o [1]
  .text              ro code  0x080022d0   0x1b2  stm32f1xx_hal_rcc_ex.o [1]
  .text              ro code  0x08002484    0x40  stm32f1xx_hal.o [1]
  .text              ro code  0x080024c4    0x4c  stm32f1xx_hal_msp.o [1]
  .text              ro code  0x08002510   0x1d4  stm32f1xx_hal_gpio.o [1]
  .text              ro code  0x080026e4   0x448  stm32f1xx_hal_can.o [1]
  .text              ro code  0x08002b2c   0x4d8  stm32f1xx_hal_uart.o [1]
  .text              ro code  0x08003004   0x1e4  event_groups.o [1]
  .text              ro code  0x080031e8   0x140  stm32f1xx_hal_rtc.o [1]
  .text              ro code  0x08003328    0x10  stm32f1xx_hal_pwr.o [1]
  .text              ro code  0x08003338    0xb6  stm32f1xx_hal_spi.o [1]
  .text              ro code  0x080033f0   0x79c  stm32f1xx_hal_tim.o [1]
  .text              ro code  0x08003b8c    0x64  stm32f1xx_hal_tim_ex.o [1]
  .text              ro code  0x08003bf0   0x7ec  tasks.o [1]
  .text              ro code  0x080043dc    0x3a  ABImemset48.o [4]
  .text              ro code  0x08004418     0xc  stm32f1xx_hal.o [1]
  .text              ro code  0x08004424     0x2  stm32f1xx_hal_can.o [1]
  .text              ro code  0x08004426     0x2  stm32f1xx_hal_can.o [1]
  .text              ro code  0x08004428     0x2  stm32f1xx_hal_can.o [1]
  .text              ro code  0x0800442a     0x2  stm32f1xx_hal_can.o [1]
  .text              ro code  0x0800442c     0x2  stm32f1xx_hal_can.o [1]
  .text              ro code  0x0800442e     0x2  stm32f1xx_hal_can.o [1]
  .text              ro code  0x08004430     0x2  stm32f1xx_hal_can.o [1]
  .text              ro code  0x08004432     0x2  stm32f1xx_hal_can.o [1]
  .text              ro code  0x08004434     0x2  stm32f1xx_hal_can.o [1]
  .text              ro code  0x08004436     0x2  stm32f1xx_hal_can.o [1]
  .text              ro code  0x08004438     0x2  stm32f1xx_hal_can.o [1]
  .text              ro code  0x0800443a     0x2  stm32f1xx_hal_can.o [1]
  .text              ro code  0x0800443c     0x2  stm32f1xx_hal_can.o [1]
  .text              ro code  0x08004440   0x104  stm32f1xx_hal_dma.o [1]
  .text              ro code  0x08004544     0x2  stm32f1xx_hal_uart.o [1]
  .text              ro code  0x08004546     0x2  stm32f1xx_hal_uart.o [1]
  .text              ro code  0x08004548    0x90  list.o [1]
  .text              ro code  0x080045d8   0x1b4  heap_4.o [1]
  .text              ro code  0x0800478c   0x1c4  port.o [1]
  .text              ro code  0x08004950   0x35c  timers.o [1]
  .text              ro code  0x08004cac     0x2  stm32f1xx_hal_tim.o [1]
  .text              ro code  0x08004cae     0x2  stm32f1xx_hal_tim.o [1]
  .text              ro code  0x08004cb0     0x2  stm32f1xx_hal_tim.o [1]
  .text              ro code  0x08004cb2     0x2  stm32f1xx_hal_tim_ex.o [1]
  .text              ro code  0x08004cb4     0x2  stm32f1xx_hal_tim.o [1]
  .text              ro code  0x08004cb6     0x2  stm32f1xx_hal_tim_ex.o [1]
  .text              ro code  0x08004cb8     0x2  stm32f1xx_hal_tim.o [1]
  CODE               ro code  0x08004cbc    0x88  portasm.o [1]
  .text              ro code  0x08004d44   0x588  queue.o [1]
  .text              ro code  0x080052cc    0x64  stm32f1xx_it.o [1]
  .text              ro code  0x08005330    0x10  stm32f1xx_hal.o [1]
  .text              ro code  0x08005340    0x40  zero_init3.o [4]
  .text              ro code  0x08005380    0x38  packbits_init_single.o [4]
  .text              ro code  0x080053b8    0x28  data_init.o [4]
  .rodata            const    0x080053e0    0x24  freertos.o [1]
  .iar.init_table    const    0x08005404    0x20  - Linker created -
  .text              ro code  0x08005424    0x1e  cmain.o [4]
  .text              ro code  0x08005442     0x4  low_level_init.o [3]
  .text              ro code  0x08005446     0x4  exit.o [3]
  .text              ro code  0x0800544c     0xa  cexit.o [4]
  .text              ro code  0x08005458    0x14  exit.o [5]
  .text              ro code  0x0800546c    0x14  system_stm32f1xx.o [1]
  .text              ro code  0x08005480    0x10  startup_stm32f103xb.o [1]
  .rodata            const    0x08005490     0xc  usart.o [1]
  .text              ro code  0x0800549c     0xc  cstartup_M.o [4]
  .rodata            const    0x080054a8     0x8  system_stm32f1xx.o [1]
  .text              ro code  0x080054b0     0x4  startup_stm32f103xb.o [1]
  .text              ro code  0x080054b4     0x4  startup_stm32f103xb.o [1]
  .text              ro code  0x080054b8     0x4  startup_stm32f103xb.o [1]
  .text              ro code  0x080054bc     0x4  startup_stm32f103xb.o [1]
  .text              ro code  0x080054c0     0x4  startup_stm32f103xb.o [1]
  .text              ro code  0x080054c4     0x4  startup_stm32f103xb.o [1]
  .text              ro code  0x080054c8     0x4  startup_stm32f103xb.o [1]
  .text              ro code  0x080054cc     0x4  startup_stm32f103xb.o [1]
  .text              ro code  0x080054d0     0x4  startup_stm32f103xb.o [1]
  .text              ro code  0x080054d4     0x4  startup_stm32f103xb.o [1]
  .text              ro code  0x080054d8     0x4  startup_stm32f103xb.o [1]
  .text              ro code  0x080054dc     0x4  startup_stm32f103xb.o [1]
  .text              ro code  0x080054e0     0x4  startup_stm32f103xb.o [1]
  .text              ro code  0x080054e4     0x4  startup_stm32f103xb.o [1]
  .text              ro code  0x080054e8     0x4  startup_stm32f103xb.o [1]
  .text              ro code  0x080054ec     0x4  startup_stm32f103xb.o [1]
  .text              ro code  0x080054f0     0x4  startup_stm32f103xb.o [1]
  .text              ro code  0x080054f4     0x4  startup_stm32f103xb.o [1]
  .text              ro code  0x080054f8     0x4  startup_stm32f103xb.o [1]
  .text              ro code  0x080054fc     0x4  startup_stm32f103xb.o [1]
  .text              ro code  0x08005500     0x4  startup_stm32f103xb.o [1]
  .text              ro code  0x08005504     0x4  startup_stm32f103xb.o [1]
  .text              ro code  0x08005508     0x4  startup_stm32f103xb.o [1]
  .text              ro code  0x0800550c     0x4  startup_stm32f103xb.o [1]
  .text              ro code  0x08005510     0x4  startup_stm32f103xb.o [1]
  .text              ro code  0x08005514     0x4  startup_stm32f103xb.o [1]
  .text              ro code  0x08005518     0x4  startup_stm32f103xb.o [1]
  .text              ro code  0x0800551c     0x4  startup_stm32f103xb.o [1]
  .text              ro code  0x08005520     0x4  startup_stm32f103xb.o [1]
  .text              ro code  0x08005524     0x4  startup_stm32f103xb.o [1]
  .text              ro code  0x08005528     0x4  startup_stm32f103xb.o [1]
  .text              ro code  0x0800552c     0x4  startup_stm32f103xb.o [1]
  .text              ro code  0x08005530     0x4  startup_stm32f103xb.o [1]
  .text              ro code  0x08005534     0x4  startup_stm32f103xb.o [1]
  .text              ro code  0x08005538     0x4  startup_stm32f103xb.o [1]
  .rodata            const    0x0800553c     0x0  zero_init3.o [4]
  .rodata            const    0x0800553c     0x0  packbits_init_single.o [4]
  Initializer bytes  const    0x0800553c    0x20  <for P2-1>
                            - 0x0800555c  0x5470

"P2", part 1 of 3:                          0x8c
  P2-1                        0x20000000    0x8c  <Init block>
    .data            inited   0x20000000     0xc  port.o [1]
    .data            inited   0x2000000c     0xc  stm32f1xx_hal.o [1]
    .data            inited   0x20000018     0x4  system_stm32f1xx.o [1]
    .data            inited   0x2000001c    0x70  usart.o [1]
                            - 0x2000008c    0x8c

"P2", part 2 of 3:                        0x1d64
  .bss               zero     0x2000008c   0xc18  heap_4.o [1]
  .bss               zero     0x20000ca4   0x460  tasks.o [1]
  .bss               zero     0x20001104   0x45c  cmsis_os2.o [1]
  .bss               zero     0x20001560   0x2ec  usb.o [1]
  .bss               zero     0x2000184c   0x25c  cmsis_os2.o [1]
  .bss               zero     0x20001aa8   0x12c  timers.o [1]
  .bss               zero     0x20001bd4    0x9c  tasks.o [1]
  .bss               zero     0x20001c70    0x58  spi.o [1]
  .bss               zero     0x20001cc8    0x48  tim.o [1]
  .bss               zero     0x20001d10    0x48  tim.o [1]
  .bss               zero     0x20001d58    0x40  queue.o [1]
  .bss               zero     0x20001d98    0x28  can.o [1]
  .bss               zero     0x20001dc0    0x14  freertos.o [1]
  .bss               zero     0x20001dd4    0x14  rtc.o [1]
  .bss               zero     0x20001de8     0x4  cmsis_os2.o [1]
  .bss               zero     0x20001dec     0x2  tim.o [1]
  .bss               zero     0x20001dee     0x1  usart.o [1]
                            - 0x20001def  0x1d63

"P2", part 3 of 3:                         0x400
  CSTACK                      0x20001df0   0x400  <Block>
    CSTACK           uninit   0x20001df0   0x400  <Block tail>
                            - 0x200021f0   0x400


*******************************************************************************
*** INIT TABLE
***

          Address     Size
          -------     ----
Zero (__iar_zero_init3)
    1 destination range, total size 0x1d63:
          0x2000008c  0x1d63

Copy/packbits (__iar_packbits_init_single3)
    1 source range, total size 0x20 (22% of destination):
          0x0800553c    0x20
    1 destination range, total size 0x8c:
          0x20000000    0x8c



*******************************************************************************
*** MODULE SUMMARY
***

    Module                  ro code  ro data  rw data
    ------                  -------  -------  -------
E:\050_Workspace\010_YTP_SENT\040_Software\41_Cube\Code\GoodProject\EWARM\GoodProject\Obj: [1]
    can.o                       356                40
    cmsis_os2.o                 512             1 724
    event_groups.o              484
    freertos.o                  300       36       20
    gpio.o                      256
    heap_4.o                    436             3 096
    list.o                      144
    main.o                      196
    port.o                      452        2       12
    portasm.o                   136
    queue.o                   1 416                64
    rtc.o                        96                20
    spi.o                       168                88
    startup_stm32f103xb.o       392
    stm32f1xx_hal.o             128        3       12
    stm32f1xx_hal_can.o       1 122
    stm32f1xx_hal_cortex.o      200
    stm32f1xx_hal_dma.o         260
    stm32f1xx_hal_gpio.o        468
    stm32f1xx_hal_msp.o          76
    stm32f1xx_hal_pcd.o       2 206
    stm32f1xx_hal_pwr.o          16
    stm32f1xx_hal_rcc.o       1 242
    stm32f1xx_hal_rcc_ex.o      434
    stm32f1xx_hal_rtc.o         320
    stm32f1xx_hal_spi.o         182
    stm32f1xx_hal_tim.o       1 958
    stm32f1xx_hal_tim_ex.o      104
    stm32f1xx_hal_uart.o      1 244
    stm32f1xx_it.o              100
    stm32f1xx_ll_usb.o        1 500
    system_stm32f1xx.o           20        9        4
    tasks.o                   2 028             1 276
    tim.o                       768               146
    timers.o                    860               300
    usart.o                     544       38      113
    usb.o                       120               748
    -------------------------------------------------
    Total:                   21 244       88    7 663

command line: [2]
    -------------------------------------------------
    Total:

dl7M_tlf.a: [3]
    exit.o                        4
    low_level_init.o              4
    -------------------------------------------------
    Total:                        8

rt7M_tl.a: [4]
    ABImemclr4.o                  6
    ABImemcpy.o                 166
    ABImemset48.o                58
    cexit.o                      10
    cmain.o                      30
    cstartup_M.o                 12
    data_init.o                  40
    packbits_init_single.o       56
    zero_init3.o                 64
    -------------------------------------------------
    Total:                      442

shb_l.a: [5]
    exit.o                       20
    -------------------------------------------------
    Total:                       20

    Gaps                         18
    Linker created                        32    1 024
-----------------------------------------------------
    Grand Total:             21 732      120    8 687


*******************************************************************************
*** ENTRY LIST
***

Entry                      Address   Size  Type      Object
-----                      -------   ----  ----      ------
.iar.init_table$$Base   0x08005404          --   Gb  - Linker created -
.iar.init_table$$Limit  0x08005424          --   Gb  - Linker created -
?main                   0x08005425         Code  Gb  cmain.o [4]
AHBPrescTable           0x08005470   0x10  Data  Gb  system_stm32f1xx.o [1]
APBPrescTable           0x080054a8    0x8  Data  Gb  system_stm32f1xx.o [1]
BusFault_Handler        0x080052d3    0x2  Code  Gb  stm32f1xx_it.o [1]
CAN1_RX1_IRQHandler     0x08005307    0x6  Code  Gb  stm32f1xx_it.o [1]
CANHandle               0x20001dc4    0x4  Data  Gb  freertos.o [1]
CAN_attributes          0x08001d70   0x24  Data  Gb  freertos.o [1]
CSTACK$$Base            0x20001df0          --   Gb  - Linker created -
CSTACK$$Limit           0x200021f0          --   Gb  - Linker created -
DebugMon_Handler        0x080052d7    0x2  Code  Gb  stm32f1xx_it.o [1]
Error_Handler           0x08001145    0x4  Code  Gb  main.o [1]
EventHandle             0x20001dd0    0x4  Data  Gb  freertos.o [1]
Event_attributes        0x08001ddc   0x10  Data  Gb  freertos.o [1]
HAL_CAN_AddTxMessage    0x08002865   0xb6  Code  Gb  stm32f1xx_hal_can.o [1]
HAL_CAN_IRQHandler      0x08002935  0x1f8  Code  Gb  stm32f1xx_hal_can.o [1]
HAL_CAN_Init            0x080026e5  0x10c  Code  Gb  stm32f1xx_hal_can.o [1]
HAL_CAN_MspInit         0x0800136d   0xae  Code  Gb  can.o [1]
HAL_CAN_Start           0x080027f1   0x4c  Code  Gb  stm32f1xx_hal_can.o [1]
HAL_CAN_Task            0x0800141d   0x5c  Code  Gb  can.o [1]
HAL_DMA_Abort           0x08004449   0x44  Code  Gb  stm32f1xx_hal_dma.o [1]
HAL_DMA_Abort_IT        0x0800448d   0x9a  Code  Gb  stm32f1xx_hal_dma.o [1]
HAL_GPIO_Init           0x08002511  0x194  Code  Gb  stm32f1xx_hal_gpio.o [1]
HAL_GPIO_WritePin       0x080026a5    0xc  Code  Gb  stm32f1xx_hal_gpio.o [1]
HAL_GetTick             0x08004419    0xc  Code  Wk  stm32f1xx_hal.o [1]
HAL_IncTick             0x08005331   0x10  Code  Wk  stm32f1xx_hal.o [1]
HAL_Init                0x08001211   0x20  Code  Gb  stm32f1xx_hal.o [1]
HAL_InitTick            0x08002485   0x40  Code  Wk  stm32f1xx_hal.o [1]
HAL_LIN_Init            0x08002b2d   0x4a  Code  Gb  stm32f1xx_hal_uart.o [1]
HAL_MspInit             0x080024c5   0x4c  Code  Gb  stm32f1xx_hal_msp.o [1]
HAL_NVIC_EnableIRQ      0x080011bb   0x16  Code  Gb  stm32f1xx_hal_cortex.o [1]
HAL_NVIC_SetPriority    0x08001181   0x3a  Code  Gb  stm32f1xx_hal_cortex.o [1]
HAL_NVIC_SetPriorityGrouping
                        0x08001167   0x1a  Code  Gb  stm32f1xx_hal_cortex.o [1]
HAL_PCD_EP_DB_Receive   0x080005f9   0x9a  Code  Lc  stm32f1xx_hal_pcd.o [1]
HAL_PCD_EP_DB_Transmit  0x080006b1  0x24e  Code  Lc  stm32f1xx_hal_pcd.o [1]
HAL_PCD_IRQHandler      0x080001ad  0x134  Code  Gb  stm32f1xx_hal_pcd.o [1]
HAL_PCD_Init            0x080000ed   0xa8  Code  Gb  stm32f1xx_hal_pcd.o [1]
HAL_PCD_MspInit         0x080009a5   0x44  Code  Gb  usb.o [1]
HAL_PCD_SetAddress      0x08000309   0x1e  Code  Gb  stm32f1xx_hal_pcd.o [1]
HAL_PWR_EnableBkUpAccess
                        0x08003329    0x4  Code  Gb  stm32f1xx_hal_pwr.o [1]
HAL_RCCEx_GetPeriphCLKFreq
                        0x080023ad   0xaa  Code  Gb  stm32f1xx_hal_rcc_ex.o [1]
HAL_RCCEx_GetPeriphCLKFreq::aPLLMULFactorTable
                        0x08002470   0x10  Data  Lc  stm32f1xx_hal_rcc_ex.o [1]
HAL_RCCEx_GetPeriphCLKFreq::aPredivFactorTable
                        0x08002480    0x2  Data  Lc  stm32f1xx_hal_rcc_ex.o [1]
HAL_RCCEx_PeriphCLKConfig
                        0x080022d1   0xda  Code  Gb  stm32f1xx_hal_rcc_ex.o [1]
HAL_RCC_ClockConfig     0x08002119   0xf6  Code  Gb  stm32f1xx_hal_rcc.o [1]
HAL_RCC_GetPCLK1Freq    0x08002269   0x10  Code  Gb  stm32f1xx_hal_rcc.o [1]
HAL_RCC_GetPCLK2Freq    0x08002279    0xe  Code  Gb  stm32f1xx_hal_rcc.o [1]
HAL_RCC_GetSysClockFreq
                        0x0800222d   0x3c  Code  Gb  stm32f1xx_hal_rcc.o [1]
HAL_RCC_GetSysClockFreq::aPLLMULFactorTable
                        0x080022bc   0x10  Data  Lc  stm32f1xx_hal_rcc.o [1]
HAL_RCC_GetSysClockFreq::aPredivFactorTable
                        0x080022cc    0x2  Data  Lc  stm32f1xx_hal_rcc.o [1]
HAL_RCC_OscConfig       0x08001df5  0x31c  Code  Gb  stm32f1xx_hal_rcc.o [1]
HAL_RTC_Init            0x080031e9   0x98  Code  Gb  stm32f1xx_hal_rtc.o [1]
HAL_RTC_MspInit         0x080016dd   0x2c  Code  Gb  rtc.o [1]
HAL_RTC_WaitForSynchro  0x08003289   0x32  Code  Gb  stm32f1xx_hal_rtc.o [1]
HAL_SPI_Init            0x08003339   0xaa  Code  Gb  stm32f1xx_hal_spi.o [1]
HAL_SPI_MspInit         0x0800175b   0x54  Code  Gb  spi.o [1]
HAL_SYSTICK_Config      0x080011d1   0x28  Code  Gb  stm32f1xx_hal_cortex.o [1]
HAL_TIMEx_BreakCallback
                        0x08004cb3    0x2  Code  Wk  stm32f1xx_hal_tim_ex.o [1]
HAL_TIMEx_CommutCallback
                        0x08004cb7    0x2  Code  Wk  stm32f1xx_hal_tim_ex.o [1]
HAL_TIMEx_MasterConfigSynchronization
                        0x08003b8d   0x56  Code  Gb  stm32f1xx_hal_tim_ex.o [1]
HAL_TIM_IC_ConfigChannel
                        0x08003791   0xfc  Code  Gb  stm32f1xx_hal_tim.o [1]
HAL_TIM_IC_Init         0x08003515   0x1c  Code  Gb  stm32f1xx_hal_tim.o [1]
HAL_TIM_IC_MspInit      0x080018bb   0x90  Code  Gb  tim.o [1]
HAL_TIM_IC_Start_IT     0x0800354d   0xb4  Code  Gb  stm32f1xx_hal_tim.o [1]
HAL_TIM_IRQHandler      0x08003649  0x142  Code  Gb  stm32f1xx_hal_tim.o [1]
HAL_TIM_MspPostInit     0x08001977   0x48  Code  Gb  tim.o [1]
HAL_TIM_PWM_ConfigChannel
                        0x0800388d   0xbc  Code  Gb  stm32f1xx_hal_tim.o [1]
HAL_TIM_PWM_Init        0x08003417   0x1a  Code  Gb  stm32f1xx_hal_tim.o [1]
HAL_TIM_PWM_MspInit     0x08001955   0x22  Code  Gb  tim.o [1]
HAL_TIM_PWM_Start       0x08003431   0x74  Code  Gb  stm32f1xx_hal_tim.o [1]
HAL_TIM_Task            0x080019bf   0x9c  Code  Gb  tim.o [1]
HAL_UART_IRQHandler     0x08002c4d  0x200  Code  Gb  stm32f1xx_hal_uart.o [1]
HAL_UART_MspInit        0x080014c9   0x7e  Code  Gb  usart.o [1]
HAL_UART_Receive_IT     0x08002c05   0x30  Code  Gb  stm32f1xx_hal_uart.o [1]
HAL_UART_RxCpltCallback
                        0x08001551   0x2e  Code  Gb  usart.o [1]
HAL_UART_RxCpltCallback::data
                        0x2000002d    0x1  Data  Lc  usart.o [1]
HAL_UART_RxManage       0x08001581   0xa6  Code  Gb  usart.o [1]
HAL_UART_Task           0x08001629   0x66  Code  Gb  usart.o [1]
HAL_UART_Task::linSentdataArray
                        0x20000084    0x8  Data  Lc  usart.o [1]
HAL_UART_Task::linSentdataCheckSum
                        0x20000078    0x1  Data  Lc  usart.o [1]
HAL_UART_Transmit_IT    0x08002bc1   0x44  Code  Gb  stm32f1xx_hal_uart.o [1]
HAL_UART_TxCpltCallback
                        0x08001547    0xa  Code  Gb  usart.o [1]
HardFault_Handler       0x080052cf    0x2  Code  Gb  stm32f1xx_it.o [1]
Idle_Stack              0x200018a8  0x200  Data  Lc  cmsis_os2.o [1]
Idle_TCB                0x2000184c   0x5c  Data  Lc  cmsis_os2.o [1]
KernelState             0x20001de8    0x4  Data  Lc  cmsis_os2.o [1]
LinReceiveData          0x2000007c    0x8  Data  Lc  usart.o [1]
MX_CAN_Init             0x08001335   0x38  Code  Gb  can.o [1]
MX_FREERTOS_Init        0x08001cc1   0x46  Code  Gb  freertos.o [1]
MX_GPIO_Init            0x08001235   0xd6  Code  Gb  gpio.o [1]
MX_RTC_Init             0x080016b9   0x24  Code  Gb  rtc.o [1]
MX_SPI1_Init            0x08001719   0x42  Code  Gb  spi.o [1]
MX_TIM1_Init            0x080017c1   0x68  Code  Gb  tim.o [1]
MX_TIM3_Init            0x08001829   0x78  Code  Gb  tim.o [1]
MX_USART1_UART_Init     0x08001499   0x30  Code  Gb  usart.o [1]
MX_USB_PCD_Init         0x0800097d   0x28  Code  Gb  usb.o [1]
MemManage_Handler       0x080052d1    0x2  Code  Gb  stm32f1xx_it.o [1]
NMI_Handler             0x080052cd    0x2  Code  Gb  stm32f1xx_it.o [1]
PCD_EP_ISR_Handler      0x08000327  0x2a8  Code  Lc  stm32f1xx_hal_pcd.o [1]
PendSV_Handler          0x08004cbd         Code  Gb  portasm.o [1]
RTC_EnterInitMode       0x080032c7   0x30  Code  Lc  stm32f1xx_hal_rtc.o [1]
RTC_ExitInitMode        0x080032f7   0x32  Code  Lc  stm32f1xx_hal_rtc.o [1]
Region$$Table$$Base     0x08005404          --   Gb  - Linker created -
Region$$Table$$Limit    0x08005424          --   Gb  - Linker created -
SVC_Handler             0x08004d03         Code  Gb  portasm.o [1]
StartDefaultTask        0x08001d09   0x22  Code  Gb  freertos.o [1]
SysTick_Handler         0x080052d9   0x18  Code  Gb  stm32f1xx_it.o [1]
SystemClock_Config      0x080010bd   0x88  Code  Gb  main.o [1]
SystemCoreClock         0x20000018    0x4  Data  Gb  system_stm32f1xx.o [1]
SystemInit              0x0800546d    0x2  Code  Gb  system_stm32f1xx.o [1]
TIM1_BRK_IRQHandler     0x0800530d    0x2  Code  Gb  stm32f1xx_it.o [1]
TIM1_CC_IRQHandler      0x08005319    0x2  Code  Gb  stm32f1xx_it.o [1]
TIM1_TRG_COM_IRQHandler
                        0x08005317    0x2  Code  Gb  stm32f1xx_it.o [1]
TIM1_UP_IRQHandler      0x0800530f    0x2  Code  Gb  stm32f1xx_it.o [1]
TIMHandle               0x20001dcc    0x4  Data  Gb  freertos.o [1]
TIM_Base_SetConfig      0x08003955   0x5e  Code  Gb  stm32f1xx_hal_tim.o [1]
TIM_CCxChannelCmd       0x08003b71   0x16  Code  Gb  stm32f1xx_hal_tim.o [1]
TIM_OC1_SetConfig       0x080039b3   0x44  Code  Lc  stm32f1xx_hal_tim.o [1]
TIM_OC2_SetConfig       0x080039f7   0x52  Code  Gb  stm32f1xx_hal_tim.o [1]
TIM_OC3_SetConfig       0x08003a49   0x4a  Code  Lc  stm32f1xx_hal_tim.o [1]
TIM_OC4_SetConfig       0x08003a9f   0x40  Code  Lc  stm32f1xx_hal_tim.o [1]
TIM_TI1_SetConfig       0x08003adf   0x4e  Code  Gb  stm32f1xx_hal_tim.o [1]
TIM_TI2_SetConfig       0x08003b3d   0x34  Code  Lc  stm32f1xx_hal_tim.o [1]
TIM_attributes          0x08001db8   0x24  Data  Gb  freertos.o [1]
Timer_Stack             0x20001160  0x400  Data  Lc  cmsis_os2.o [1]
Timer_TCB               0x20001104   0x5c  Data  Lc  cmsis_os2.o [1]
UARTHandle              0x20001dc8    0x4  Data  Gb  freertos.o [1]
UART_DMAAbortOnError    0x08002ec5    0xc  Code  Lc  stm32f1xx_hal_uart.o [1]
UART_EndRxTransfer      0x08002e91   0x30  Code  Lc  stm32f1xx_hal_uart.o [1]
UART_Receive_IT         0x08002ed1   0xb6  Code  Lc  stm32f1xx_hal_uart.o [1]
UART_SetConfig          0x08002f87   0x74  Code  Lc  stm32f1xx_hal_uart.o [1]
UART_Start_Receive_IT   0x08002e59   0x38  Code  Gb  stm32f1xx_hal_uart.o [1]
UART_attributes         0x08001d94   0x24  Data  Gb  freertos.o [1]
USART1_IRQHandler       0x0800531b    0x6  Code  Gb  stm32f1xx_it.o [1]
USB_CoreInit            0x080009f5    0x4  Code  Gb  stm32f1xx_ll_usb.o [1]
USB_DevDisconnect       0x08000f71    0x4  Code  Gb  stm32f1xx_ll_usb.o [1]
USB_DevInit             0x08000a09   0x10  Code  Gb  stm32f1xx_ll_usb.o [1]
USB_DisableGlobalInt    0x080009f9    0xc  Code  Gb  stm32f1xx_ll_usb.o [1]
USB_EPStartXfer         0x08000a1f  0x478  Code  Gb  stm32f1xx_ll_usb.o [1]
USB_HP_CAN1_TX_IRQHandler
                        0x080052f1    0x4  Code  Gb  stm32f1xx_it.o [1]
USB_LP_CAN1_RX0_IRQHandler
                        0x080052f5    0x2  Code  Gb  stm32f1xx_it.o [1]
USB_ReadInterrupts      0x08000f75    0x6  Code  Gb  stm32f1xx_ll_usb.o [1]
USB_ReadPMA             0x08000fa9   0x28  Code  Gb  stm32f1xx_ll_usb.o [1]
USB_SetCurrentMode      0x08000a05    0x4  Code  Gb  stm32f1xx_ll_usb.o [1]
USB_SetDevAddress       0x08000f65    0xc  Code  Gb  stm32f1xx_ll_usb.o [1]
USB_WritePMA            0x08000f85   0x24  Code  Gb  stm32f1xx_ll_usb.o [1]
UsageFault_Handler      0x080052d5    0x2  Code  Gb  stm32f1xx_it.o [1]
__NVIC_SetPriority      0x08001149   0x1e  Code  Lc  stm32f1xx_hal_cortex.o [1]
__aeabi_memclr4         0x08001ded         Code  Gb  ABImemclr4.o [4]
__aeabi_memcpy          0x08000fd1         Code  Gb  ABImemcpy.o [4]
__aeabi_memcpy4         0x08000ff1         Code  Gb  ABImemcpy.o [4]
__aeabi_memcpy8         0x08000ff1         Code  Gb  ABImemcpy.o [4]
__aeabi_memset4         0x080043dd         Code  Gb  ABImemset48.o [4]
__aeabi_memset8         0x080043dd         Code  Gb  ABImemset48.o [4]
__cmain                 0x08005425         Code  Gb  cmain.o [4]
__exit                  0x08005459   0x14  Code  Gb  exit.o [5]
__iar_Memset4_word      0x080043e5         Code  Gb  ABImemset48.o [4]
__iar_Memset8_word      0x080043e5         Code  Gb  ABImemset48.o [4]
__iar_data_init3        0x080053b9   0x28  Code  Gb  data_init.o [4]
__iar_packbits_init_single3
                        0x08005381   0x38  Code  Gb  packbits_init_single.o [4]
__iar_program_start     0x0800549d         Code  Gb  cstartup_M.o [4]
__iar_systems$$module {Abs}
                        0x00000001         Data  Gb  command line/config [2]
__iar_zero_init3        0x08005341   0x40  Code  Gb  zero_init3.o [4]
__low_level_init        0x08005443    0x4  Code  Gb  low_level_init.o [3]
__vector_table          0x08000000         Data  Gb  startup_stm32f103xb.o [1]
_call_main              0x08005431         Code  Gb  cmain.o [4]
_exit                   0x0800544d         Code  Gb  cexit.o [4]
_main                   0x0800543f         Code  Gb  cmain.o [4]
defaultTaskHandle       0x20001dc0    0x4  Data  Gb  freertos.o [1]
defaultTask_attributes  0x08001d4c   0x24  Data  Gb  freertos.o [1]
exit                    0x08005447    0x4  Code  Gb  exit.o [3]
hcan                    0x20001d98   0x28  Data  Gb  can.o [1]
hpcd_USB_FS             0x20001560  0x2ec  Data  Gb  usb.o [1]
hrtc                    0x20001dd4   0x14  Data  Gb  rtc.o [1]
hspi1                   0x20001c70   0x58  Data  Gb  spi.o [1]
htim1                   0x20001cc8   0x48  Data  Gb  tim.o [1]
htim3                   0x20001d10   0x48  Data  Gb  tim.o [1]
huart1                  0x20000030   0x44  Data  Gb  usart.o [1]
linState                0x2000002c    0x1  Data  Gb  usart.o [1]
linTransferData         0x2000001c   0x10  Data  Lc  usart.o [1]
main                    0x08001085   0x38  Code  Gb  main.o [1]
osDelay                 0x08001bef   0x2e  Code  Gb  cmsis_os2.o [1]
osEventFlagsNew         0x08001c1d   0x3e  Code  Gb  cmsis_os2.o [1]
osKernelInitialize      0x08001ac1   0x2c  Code  Gb  cmsis_os2.o [1]
osKernelStart           0x08001af5   0x36  Code  Gb  cmsis_os2.o [1]
osThreadNew             0x08001b37   0xb2  Code  Gb  cmsis_os2.o [1]
positionValue           0x20001dec    0x2  Data  Gb  tim.o [1]
prvAddCurrentTaskToDelayedList
                        0x08004373   0x4e  Code  Lc  tasks.o [1]
prvAddNewTaskToReadyList
                        0x08003d35   0xb0  Code  Lc  tasks.o [1]
prvCheckForValidListAndQueue
                        0x08004c25   0x4e  Code  Lc  timers.o [1]
prvCheckForValidListAndQueue{1}{2}{3}{4}::ucStaticTimerQueueStorage
                        0x20001b34   0xa0  Data  Lc  timers.o [1]
prvCheckForValidListAndQueue{1}{2}{3}{4}::xStaticTimerQueue
                        0x20001ae4   0x50  Data  Lc  timers.o [1]
prvCopyDataFromQueue    0x080051b9   0x28  Code  Lc  queue.o [1]
prvCopyDataToQueue      0x08005151   0x68  Code  Lc  queue.o [1]
prvDeleteTCB            0x08004265   0x2a  Code  Lc  tasks.o [1]
prvIdleTask             0x08004215   0x50  Code  Lc  tasks.o [1]
prvInitialiseNewQueue   0x08004e19   0x1e  Code  Lc  queue.o [1]
prvInitialiseNewTask    0x08003ca9   0x8c  Code  Lc  tasks.o [1]
prvInsertBlockIntoFreeList
                        0x0800473f   0x46  Code  Lc  heap_4.o [1]
prvInsertTimerInActiveList
                        0x08004b23   0x34  Code  Lc  timers.o [1]
prvIsQueueEmpty         0x08005245   0x16  Code  Lc  queue.o [1]
prvProcessReceivedCommands
                        0x08004b59   0xba  Code  Lc  timers.o [1]
prvProcessTimerOrBlockTask
                        0x08004a17   0x94  Code  Lc  timers.o [1]
prvResetNextTaskUnblockTime
                        0x0800428f   0x1a  Code  Lc  tasks.o [1]
prvSampleTimeNow        0x08004aab   0x78  Code  Lc  timers.o [1]
prvSampleTimeNow::xLastTime
                        0x20001ab8    0x4  Data  Lc  timers.o [1]
prvTaskExitError        0x080047ad   0x28  Code  Lc  port.o [1]
prvTestWaitCondition    0x080031b9   0x18  Code  Lc  event_groups.o [1]
prvTimerTask            0x080049f9   0x1e  Code  Lc  timers.o [1]
prvUnlockQueue          0x080051e1   0x64  Code  Lc  queue.o [1]
pvPortMalloc            0x080045d9  0x104  Code  Gb  heap_4.o [1]
pxCurrentTCB            0x20001bfc    0x4  Data  Gb  tasks.o [1]
pxCurrentTimerList      0x20001aa8    0x4  Data  Lc  timers.o [1]
pxDelayedTaskList       0x20001c00    0x4  Data  Lc  tasks.o [1]
pxEnd                   0x20000094    0x4  Data  Lc  heap_4.o [1]
pxOverflowDelayedTaskList
                        0x20001c04    0x4  Data  Lc  tasks.o [1]
pxOverflowTimerList     0x20001aac    0x4  Data  Lc  timers.o [1]
pxPortInitialiseStack   0x0800478d   0x20  Code  Gb  port.o [1]
pxReadyTasksLists       0x20000ca4  0x460  Data  Lc  tasks.o [1]
testFlag                0x20001dee    0x1  Data  Gb  usart.o [1]
uartEventHandle         0x20000074    0x4  Data  Gb  usart.o [1]
uartEvent_attributes    0x080016a8   0x10  Data  Gb  usart.o [1]
ucHeap                  0x200000a4  0xc00  Data  Lc  heap_4.o [1]
ucMaxSysCallPriority    0x20000000    0x1  Data  Lc  port.o [1]
ulMaxPRIGROUPValue      0x20000008    0x4  Data  Lc  port.o [1]
uwTick                  0x20000010    0x4  Data  Gb  stm32f1xx_hal.o [1]
uwTickFreq              0x2000000c    0x1  Data  Gb  stm32f1xx_hal.o [1]
uwTickPrio              0x20000014    0x4  Data  Gb  stm32f1xx_hal.o [1]
uxCriticalNesting       0x20000004    0x4  Data  Lc  port.o [1]
uxCurrentNumberOfTasks  0x20001c20    0x4  Data  Lc  tasks.o [1]
uxDeletedTasksWaitingCleanUp
                        0x20001c08    0x4  Data  Lc  tasks.o [1]
uxListRemove            0x080045b3   0x26  Code  Gb  list.o [1]
uxPendedTicks           0x20001c30    0x4  Data  Lc  tasks.o [1]
uxSchedulerSuspended    0x20001c44    0x4  Data  Lc  tasks.o [1]
uxTaskNumber            0x20001c3c    0x4  Data  Lc  tasks.o [1]
uxTaskResetEventItemValue
                        0x0800433d   0x16  Code  Gb  tasks.o [1]
uxTopReadyPriority      0x20001c28    0x4  Data  Lc  tasks.o [1]
vApplicationGetIdleTaskMemory
                        0x08001c91   0x10  Code  Gb  cmsis_os2.o [1]
vApplicationGetTimerTaskMemory
                        0x08001ca1   0x12  Code  Gb  cmsis_os2.o [1]
vEventGroupSetBitsCallback
                        0x080031b7    0x2  Code  Gb  event_groups.o [1]
vListInitialise         0x08004549   0x1a  Code  Gb  list.o [1]
vListInitialiseItem     0x08004563    0x6  Code  Gb  list.o [1]
vListInsert             0x08004581   0x32  Code  Gb  list.o [1]
vListInsertEnd          0x08004569   0x18  Code  Gb  list.o [1]
vPortEnterCritical      0x0800484d   0x32  Code  Gb  port.o [1]
vPortExitCritical       0x0800487f   0x22  Code  Gb  port.o [1]
vPortFree               0x080046eb   0x46  Code  Gb  heap_4.o [1]
vPortStartFirstTask     0x08004d23         Code  Gb  portasm.o [1]
vPortValidateInterruptPriority
                        0x080048cd   0x42  Code  Gb  port.o [1]
vQueueAddToRegistry     0x0800525b   0x20  Code  Gb  queue.o [1]
vQueueWaitForMessageRestricted
                        0x08005285   0x48  Code  Gb  queue.o [1]
vTaskDelay              0x08003de5   0x2e  Code  Gb  tasks.o [1]
vTaskInternalSetTimeOutState
                        0x0800419f    0xe  Code  Gb  tasks.o [1]
vTaskMissedYield        0x0800420b    0xa  Code  Gb  tasks.o [1]
vTaskPlaceOnEventList   0x0800405b   0x1c  Code  Gb  tasks.o [1]
vTaskPlaceOnEventListRestricted
                        0x080040b7   0x26  Code  Gb  tasks.o [1]
vTaskPlaceOnUnorderedEventList
                        0x08004077   0x3c  Code  Gb  tasks.o [1]
vTaskRemoveFromUnorderedEventList
                        0x08004133   0x4a  Code  Gb  tasks.o [1]
vTaskStartScheduler     0x08003e25   0x6e  Code  Gb  tasks.o [1]
vTaskSuspendAll         0x08003e93    0xc  Code  Gb  tasks.o [1]
vTaskSwitchContext      0x0800400b   0x50  Code  Gb  tasks.o [1]
xActiveTimerList1       0x20001abc   0x14  Data  Lc  timers.o [1]
xActiveTimerList2       0x20001ad0   0x14  Data  Lc  timers.o [1]
xBlockAllocatedBit      0x200000a0    0x4  Data  Lc  heap_4.o [1]
xDelayedTaskList1       0x20001c48   0x14  Data  Lc  tasks.o [1]
xDelayedTaskList2       0x20001c5c   0x14  Data  Lc  tasks.o [1]
xEventGroupCreate       0x08003035   0x1e  Code  Gb  event_groups.o [1]
xEventGroupCreateStatic
                        0x08003005   0x30  Code  Gb  event_groups.o [1]
xEventGroupSetBits      0x08003145   0x72  Code  Gb  event_groups.o [1]
xEventGroupSetBitsFromISR
                        0x080031d1    0xc  Code  Gb  event_groups.o [1]
xEventGroupWaitBits     0x08003053   0xd0  Code  Gb  event_groups.o [1]
xFreeBytesRemaining     0x20000098    0x4  Data  Lc  heap_4.o [1]
xMinimumEverFreeBytesRemaining
                        0x2000009c    0x4  Data  Lc  heap_4.o [1]
xNextTaskUnblockTime    0x20001c40    0x4  Data  Lc  tasks.o [1]
xNumOfOverflows         0x20001c38    0x4  Data  Lc  tasks.o [1]
xPendingReadyList       0x20001bd4   0x14  Data  Lc  tasks.o [1]
xPortStartScheduler     0x080047d5   0x78  Code  Gb  port.o [1]
xPortSysTickHandler     0x080048a1   0x1c  Code  Gb  port.o [1]
xQueueGenericCreateStatic
                        0x08004dbd   0x5c  Code  Gb  queue.o [1]
xQueueGenericReset      0x08004d45   0x78  Code  Gb  queue.o [1]
xQueueGenericSend       0x08004e47  0x128  Code  Gb  queue.o [1]
xQueueGenericSendFromISR
                        0x08004f77   0x8a  Code  Gb  queue.o [1]
xQueueReceive           0x08005015   0xfc  Code  Gb  queue.o [1]
xQueueRegistry          0x20001d58   0x40  Data  Gb  queue.o [1]
xSchedulerRunning       0x20001c2c    0x4  Data  Lc  tasks.o [1]
xStart                  0x2000008c    0x8  Data  Lc  heap_4.o [1]
xSuspendedTaskList      0x20001c0c   0x14  Data  Lc  tasks.o [1]
xTaskCheckForTimeOut    0x080041ad   0x5e  Code  Gb  tasks.o [1]
xTaskCreate             0x08003c4d   0x5c  Code  Gb  tasks.o [1]
xTaskCreateStatic       0x08003bf1   0x5c  Code  Gb  tasks.o [1]
xTaskGetSchedulerState  0x080042a9   0x18  Code  Gb  tasks.o [1]
xTaskGetTickCount       0x08003f47    0x8  Code  Gb  tasks.o [1]
xTaskIncrementTick      0x08003f4f   0xbc  Code  Gb  tasks.o [1]
xTaskPriorityDisinherit
                        0x080042c7   0x5e  Code  Gb  tasks.o [1]
xTaskRemoveFromEventList
                        0x080040e9   0x4a  Code  Gb  tasks.o [1]
xTaskResumeAll          0x08003e9f   0x98  Code  Gb  tasks.o [1]
xTasksWaitingTermination
                        0x20001be8   0x14  Data  Lc  tasks.o [1]
xTickCount              0x20001c24    0x4  Data  Lc  tasks.o [1]
xTimerCreateTimerTask   0x08004951   0x4c  Code  Gb  timers.o [1]
xTimerGenericCommand    0x080049ab   0x4e  Code  Gb  timers.o [1]
xTimerPendFunctionCallFromISR
                        0x08004c73   0x22  Code  Gb  timers.o [1]
xTimerQueue             0x20001ab0    0x4  Data  Lc  timers.o [1]
xTimerTaskHandle        0x20001ab4    0x4  Data  Lc  timers.o [1]
xYieldPending           0x20001c34    0x4  Data  Lc  tasks.o [1]


[1] = E:\050_Workspace\010_YTP_SENT\040_Software\41_Cube\Code\GoodProject\EWARM\GoodProject\Obj
[2] = command line
[3] = dl7M_tlf.a
[4] = rt7M_tl.a
[5] = shb_l.a

  21 732 bytes of readonly  code memory
     120 bytes of readonly  data memory
   8 687 bytes of readwrite data memory

Errors: none
Warnings: none
