###############################################################################
#
# IAR ELF Linker V8.22.1.15669/W32 for ARM                23/Apr/2022  22:48:28
# Copyright 2007-2018 IAR Systems AB.
#
#    Output file  =  
#        F:\00_Workspace\00_YTP_GoodProject\040_Software\41_Cube\Code\GoodProject\EWARM\GoodProject\Exe\GoodProject.out
#    Map file     =  
#        F:\00_Workspace\00_YTP_GoodProject\040_Software\41_Cube\Code\GoodProject\EWARM\GoodProject\List\GoodProject.map
#    Command line =  
#        -f C:\Users\ADMINI~1\AppData\Local\Temp\EW8D83.tmp
#        (F:\00_Workspace\00_YTP_GoodProject\040_Software\41_Cube\Code\GoodProject\EWARM\GoodProject\Obj\can.o
#        F:\00_Workspace\00_YTP_GoodProject\040_Software\41_Cube\Code\GoodProject\EWARM\GoodProject\Obj\ccl.o
#        F:\00_Workspace\00_YTP_GoodProject\040_Software\41_Cube\Code\GoodProject\EWARM\GoodProject\Obj\cmsis_os2.o
#        F:\00_Workspace\00_YTP_GoodProject\040_Software\41_Cube\Code\GoodProject\EWARM\GoodProject\Obj\croutine.o
#        F:\00_Workspace\00_YTP_GoodProject\040_Software\41_Cube\Code\GoodProject\EWARM\GoodProject\Obj\diag.o
#        F:\00_Workspace\00_YTP_GoodProject\040_Software\41_Cube\Code\GoodProject\EWARM\GoodProject\Obj\event_groups.o
#        F:\00_Workspace\00_YTP_GoodProject\040_Software\41_Cube\Code\GoodProject\EWARM\GoodProject\Obj\freertos.o
#        F:\00_Workspace\00_YTP_GoodProject\040_Software\41_Cube\Code\GoodProject\EWARM\GoodProject\Obj\gpio.o
#        F:\00_Workspace\00_YTP_GoodProject\040_Software\41_Cube\Code\GoodProject\EWARM\GoodProject\Obj\heap_4.o
#        F:\00_Workspace\00_YTP_GoodProject\040_Software\41_Cube\Code\GoodProject\EWARM\GoodProject\Obj\list.o
#        F:\00_Workspace\00_YTP_GoodProject\040_Software\41_Cube\Code\GoodProject\EWARM\GoodProject\Obj\main.o
#        F:\00_Workspace\00_YTP_GoodProject\040_Software\41_Cube\Code\GoodProject\EWARM\GoodProject\Obj\mode.o
#        F:\00_Workspace\00_YTP_GoodProject\040_Software\41_Cube\Code\GoodProject\EWARM\GoodProject\Obj\port.o
#        F:\00_Workspace\00_YTP_GoodProject\040_Software\41_Cube\Code\GoodProject\EWARM\GoodProject\Obj\portasm.o
#        F:\00_Workspace\00_YTP_GoodProject\040_Software\41_Cube\Code\GoodProject\EWARM\GoodProject\Obj\queue.o
#        F:\00_Workspace\00_YTP_GoodProject\040_Software\41_Cube\Code\GoodProject\EWARM\GoodProject\Obj\rtc.o
#        F:\00_Workspace\00_YTP_GoodProject\040_Software\41_Cube\Code\GoodProject\EWARM\GoodProject\Obj\spi.o
#        F:\00_Workspace\00_YTP_GoodProject\040_Software\41_Cube\Code\GoodProject\EWARM\GoodProject\Obj\startup_stm32f103xb.o
#        F:\00_Workspace\00_YTP_GoodProject\040_Software\41_Cube\Code\GoodProject\EWARM\GoodProject\Obj\stm32f1xx_hal.o
#        F:\00_Workspace\00_YTP_GoodProject\040_Software\41_Cube\Code\GoodProject\EWARM\GoodProject\Obj\stm32f1xx_hal_can.o
#        F:\00_Workspace\00_YTP_GoodProject\040_Software\41_Cube\Code\GoodProject\EWARM\GoodProject\Obj\stm32f1xx_hal_cortex.o
#        F:\00_Workspace\00_YTP_GoodProject\040_Software\41_Cube\Code\GoodProject\EWARM\GoodProject\Obj\stm32f1xx_hal_dma.o
#        F:\00_Workspace\00_YTP_GoodProject\040_Software\41_Cube\Code\GoodProject\EWARM\GoodProject\Obj\stm32f1xx_hal_exti.o
#        F:\00_Workspace\00_YTP_GoodProject\040_Software\41_Cube\Code\GoodProject\EWARM\GoodProject\Obj\stm32f1xx_hal_flash.o
#        F:\00_Workspace\00_YTP_GoodProject\040_Software\41_Cube\Code\GoodProject\EWARM\GoodProject\Obj\stm32f1xx_hal_flash_ex.o
#        F:\00_Workspace\00_YTP_GoodProject\040_Software\41_Cube\Code\GoodProject\EWARM\GoodProject\Obj\stm32f1xx_hal_gpio.o
#        F:\00_Workspace\00_YTP_GoodProject\040_Software\41_Cube\Code\GoodProject\EWARM\GoodProject\Obj\stm32f1xx_hal_gpio_ex.o
#        F:\00_Workspace\00_YTP_GoodProject\040_Software\41_Cube\Code\GoodProject\EWARM\GoodProject\Obj\stm32f1xx_hal_msp.o
#        F:\00_Workspace\00_YTP_GoodProject\040_Software\41_Cube\Code\GoodProject\EWARM\GoodProject\Obj\stm32f1xx_hal_pcd.o
#        F:\00_Workspace\00_YTP_GoodProject\040_Software\41_Cube\Code\GoodProject\EWARM\GoodProject\Obj\stm32f1xx_hal_pcd_ex.o
#        F:\00_Workspace\00_YTP_GoodProject\040_Software\41_Cube\Code\GoodProject\EWARM\GoodProject\Obj\stm32f1xx_hal_pwr.o
#        F:\00_Workspace\00_YTP_GoodProject\040_Software\41_Cube\Code\GoodProject\EWARM\GoodProject\Obj\stm32f1xx_hal_rcc.o
#        F:\00_Workspace\00_YTP_GoodProject\040_Software\41_Cube\Code\GoodProject\EWARM\GoodProject\Obj\stm32f1xx_hal_rcc_ex.o
#        F:\00_Workspace\00_YTP_GoodProject\040_Software\41_Cube\Code\GoodProject\EWARM\GoodProject\Obj\stm32f1xx_hal_rtc.o
#        F:\00_Workspace\00_YTP_GoodProject\040_Software\41_Cube\Code\GoodProject\EWARM\GoodProject\Obj\stm32f1xx_hal_rtc_ex.o
#        F:\00_Workspace\00_YTP_GoodProject\040_Software\41_Cube\Code\GoodProject\EWARM\GoodProject\Obj\stm32f1xx_hal_spi.o
#        F:\00_Workspace\00_YTP_GoodProject\040_Software\41_Cube\Code\GoodProject\EWARM\GoodProject\Obj\stm32f1xx_hal_tim.o
#        F:\00_Workspace\00_YTP_GoodProject\040_Software\41_Cube\Code\GoodProject\EWARM\GoodProject\Obj\stm32f1xx_hal_tim_ex.o
#        F:\00_Workspace\00_YTP_GoodProject\040_Software\41_Cube\Code\GoodProject\EWARM\GoodProject\Obj\stm32f1xx_hal_uart.o
#        F:\00_Workspace\00_YTP_GoodProject\040_Software\41_Cube\Code\GoodProject\EWARM\GoodProject\Obj\stm32f1xx_it.o
#        F:\00_Workspace\00_YTP_GoodProject\040_Software\41_Cube\Code\GoodProject\EWARM\GoodProject\Obj\stm32f1xx_ll_usb.o
#        F:\00_Workspace\00_YTP_GoodProject\040_Software\41_Cube\Code\GoodProject\EWARM\GoodProject\Obj\stream_buffer.o
#        F:\00_Workspace\00_YTP_GoodProject\040_Software\41_Cube\Code\GoodProject\EWARM\GoodProject\Obj\system_stm32f1xx.o
#        F:\00_Workspace\00_YTP_GoodProject\040_Software\41_Cube\Code\GoodProject\EWARM\GoodProject\Obj\tasks.o
#        F:\00_Workspace\00_YTP_GoodProject\040_Software\41_Cube\Code\GoodProject\EWARM\GoodProject\Obj\tim.o
#        F:\00_Workspace\00_YTP_GoodProject\040_Software\41_Cube\Code\GoodProject\EWARM\GoodProject\Obj\timers.o
#        F:\00_Workspace\00_YTP_GoodProject\040_Software\41_Cube\Code\GoodProject\EWARM\GoodProject\Obj\tp.o
#        F:\00_Workspace\00_YTP_GoodProject\040_Software\41_Cube\Code\GoodProject\EWARM\GoodProject\Obj\usart.o
#        F:\00_Workspace\00_YTP_GoodProject\040_Software\41_Cube\Code\GoodProject\EWARM\GoodProject\Obj\usb.o
#        --redirect _Printf=_PrintfFull --redirect _Scanf=_ScanfFull -o
#        F:\00_Workspace\00_YTP_GoodProject\040_Software\41_Cube\Code\GoodProject\EWARM\GoodProject\Exe\GoodProject.out
#        --map
#        F:\00_Workspace\00_YTP_GoodProject\040_Software\41_Cube\Code\GoodProject\EWARM\GoodProject\List\GoodProject.map
#        --config
#        F:\00_Workspace\00_YTP_GoodProject\040_Software\41_Cube\Code\GoodProject\EWARM/stm32f103xb_flash.icf
#        --semihosting --entry __iar_program_start --vfe --text_out locale)
#
###############################################################################

*******************************************************************************
*** RUNTIME MODEL ATTRIBUTES
***

CppFlavor       = *
__SystemLibrary = DLib
__dlib_version  = 6


*******************************************************************************
*** HEAP SELECTION
***

The basic heap was selected because no calls to memory allocation
functions were found in the application outside of system library
functions, and there are calls to deallocation functions in the
application.


*******************************************************************************
*** PLACEMENT SUMMARY
***

"A0":  place at 0x08000000 { ro section .intvec };
"P1":  place in [from 0x08000000 to 0x0801ffff] { ro };
define block CSTACK with size = 1K, alignment = 8 { };
define block HEAP with size = 512, alignment = 8 { };
"P2":  place in [from 0x20000000 to 0x20004fff] {
          rw, block CSTACK, block HEAP };
initialize by copy { rw };

  Section            Kind        Address    Size  Object
  -------            ----        -------    ----  ------
"A0":                                       0xec
  .intvec            ro code  0x08000000    0xec  startup_stm32f103xb.o [1]
                            - 0x080000ec    0xec

"P1":                                     0x7c2e
  .text              ro code  0x080000ec   0xcd8  stm32f1xx_hal_pcd.o [1]
  .text              ro code  0x08000dc4    0x88  usb.o [1]
  .text              ro code  0x08000e4c   0x996  stm32f1xx_ll_usb.o [1]
  .rodata            const    0x080017e2     0x2  stm32f1xx_hal_rcc.o [1]
  .text              ro code  0x080017e4    0xa6  ABImemcpy.o [4]
  .text              ro code  0x0800188a     0x2  stm32f1xx_hal_pcd.o [1]
  .text              ro code  0x0800188c     0x2  stm32f1xx_hal_pcd.o [1]
  .text              ro code  0x0800188e     0x2  stm32f1xx_hal_pcd.o [1]
  .text              ro code  0x08001890     0x2  stm32f1xx_hal_pcd.o [1]
  .text              ro code  0x08001892     0x2  stm32f1xx_hal_pcd.o [1]
  .text              ro code  0x08001894     0x2  stm32f1xx_hal_pcd.o [1]
  .text              ro code  0x08001896     0x2  stm32f1xx_hal_pcd.o [1]
  .text              ro code  0x08001898    0xd2  main.o [1]
  .rodata            const    0x0800196a     0x2  stm32f1xx_hal_rcc_ex.o [1]
  .text              ro code  0x0800196c   0x130  stm32f1xx_hal_cortex.o [1]
  .text              ro code  0x08001a9c    0x28  stm32f1xx_hal.o [1]
  .text              ro code  0x08001ac4   0x118  gpio.o [1]
  .text              ro code  0x08001bdc   0x19c  can.o [1]
  .text              ro code  0x08001d78   0x58c  usart.o [1]
  .text              ro code  0x08002304    0x68  rtc.o [1]
  .text              ro code  0x0800236c    0xd0  spi.o [1]
  .text              ro code  0x0800243c   0x41c  tim.o [1]
  .text              ro code  0x08002858   0x468  cmsis_os2.o [1]
  .text              ro code  0x08002cc0   0x120  freertos.o [1]
  .text              ro code  0x08002de0     0x6  ABImemclr4.o [4]
  .text              ro code  0x08002de8   0x6ec  stm32f1xx_hal_rcc.o [1]
  .text              ro code  0x080034d4   0x210  stm32f1xx_hal_rcc_ex.o [1]
  .text              ro code  0x080036e4    0x4c  stm32f1xx_hal.o [1]
  .text              ro code  0x08003730    0x5c  stm32f1xx_hal_msp.o [1]
  .text              ro code  0x0800378c   0x218  stm32f1xx_hal_gpio.o [1]
  .text              ro code  0x080039a4   0x502  stm32f1xx_hal_can.o [1]
  .text              ro code  0x08003ea8   0x608  stm32f1xx_hal_uart.o [1]
  .text              ro code  0x080044b0   0x278  event_groups.o [1]
  .text              ro code  0x08004728   0x196  stm32f1xx_hal_rtc.o [1]
  .text              ro code  0x080048c0     0xc  stm32f1xx_hal_pwr.o [1]
  .text              ro code  0x080048cc    0xc4  stm32f1xx_hal_spi.o [1]
  .text              ro code  0x08004990   0x97a  stm32f1xx_hal_tim.o [1]
  .text              ro code  0x0800530c    0x7c  stm32f1xx_hal_tim_ex.o [1]
  .text              ro code  0x08005388   0xb44  tasks.o [1]
  .text              ro code  0x08005ecc   0x7fa  queue.o [1]
  .text              ro code  0x080066c8    0x32  ABImemset48.o [4]
  .text              ro code  0x080066fc     0xc  stm32f1xx_hal.o [1]
  .text              ro code  0x08006708     0x2  stm32f1xx_hal_can.o [1]
  .text              ro code  0x0800670a     0x2  stm32f1xx_hal_can.o [1]
  .text              ro code  0x0800670c     0x2  stm32f1xx_hal_can.o [1]
  .text              ro code  0x0800670e     0x2  stm32f1xx_hal_can.o [1]
  .text              ro code  0x08006710     0x2  stm32f1xx_hal_can.o [1]
  .text              ro code  0x08006712     0x2  stm32f1xx_hal_can.o [1]
  .text              ro code  0x08006714     0x2  stm32f1xx_hal_can.o [1]
  .text              ro code  0x08006716     0x2  stm32f1xx_hal_can.o [1]
  .text              ro code  0x08006718     0x2  stm32f1xx_hal_can.o [1]
  .text              ro code  0x0800671a     0x2  stm32f1xx_hal_can.o [1]
  .text              ro code  0x0800671c     0x2  stm32f1xx_hal_can.o [1]
  .text              ro code  0x0800671e     0x2  stm32f1xx_hal_can.o [1]
  .text              ro code  0x08006720     0x2  stm32f1xx_hal_can.o [1]
  .text              ro code  0x08006724   0x118  stm32f1xx_hal_dma.o [1]
  .text              ro code  0x0800683c     0x2  stm32f1xx_hal_uart.o [1]
  .text              ro code  0x0800683e     0x2  stm32f1xx_hal_uart.o [1]
  .text              ro code  0x08006840     0x2  stm32f1xx_hal_uart.o [1]
  .text              ro code  0x08006842    0x98  list.o [1]
  .text              ro code  0x080068dc   0x25c  heap_4.o [1]
  .text              ro code  0x08006b38   0x224  port.o [1]
  .text              ro code  0x08006d5c   0x488  timers.o [1]
  .text              ro code  0x080071e4     0x2  stm32f1xx_hal_tim.o [1]
  .text              ro code  0x080071e6     0x2  stm32f1xx_hal_tim.o [1]
  .text              ro code  0x080071e8     0x2  stm32f1xx_hal_tim.o [1]
  .text              ro code  0x080071ea     0x2  stm32f1xx_hal_tim_ex.o [1]
  .text              ro code  0x080071ec     0x2  stm32f1xx_hal_tim.o [1]
  .text              ro code  0x080071ee     0x2  stm32f1xx_hal_tim_ex.o [1]
  .text              ro code  0x080071f0    0x66  ABImemset.o [4]
  CODE               ro code  0x08007258    0x88  portasm.o [1]
  .text              ro code  0x080072e0   0x588  mode.o [1]
  .text              ro code  0x08007868    0x70  stm32f1xx_it.o [1]
  .text              ro code  0x080078d8    0x18  stm32f1xx_hal.o [1]
  .text              ro code  0x080078f0    0x40  zero_init3.o [4]
  Initializer bytes  const    0x08007930    0x30  <for P2-1>
  .text              ro code  0x08007960    0x2c  copy_init3.o [4]
  .text              ro code  0x0800798c    0x28  data_init.o [4]
  .rodata            const    0x080079b4    0x24  freertos.o [1]
  .rodata            const    0x080079d8    0x24  freertos.o [1]
  .rodata            const    0x080079fc    0x24  freertos.o [1]
  .rodata            const    0x08007a20    0x24  freertos.o [1]
  .rodata            const    0x08007a44    0x24  freertos.o [1]
  .iar.init_table    const    0x08007a68    0x24  - Linker created -
  .rodata            const    0x08007a8c    0x20  freertos.o [1]
  .text              ro code  0x08007aac    0x1e  cmain.o [4]
  .text              ro code  0x08007aca     0x4  low_level_init.o [3]
  .text              ro code  0x08007ace     0x4  exit.o [3]
  .text              ro code  0x08007ad4     0xa  cexit.o [4]
  .text              ro code  0x08007ae0    0x14  exit.o [5]
  .rodata            const    0x08007af4    0x1c  freertos.o [1]
  .rodata            const    0x08007b10    0x1c  freertos.o [1]
  .rodata            const    0x08007b2c    0x18  freertos.o [1]
  .rodata            const    0x08007b44    0x18  freertos.o [1]
  .rodata            const    0x08007b5c    0x18  freertos.o [1]
  .rodata            const    0x08007b74    0x18  freertos.o [1]
  .rodata            const    0x08007b8c    0x14  freertos.o [1]
  .rodata            const    0x08007ba0    0x10  freertos.o [1]
  .rodata            const    0x08007bb0    0x10  freertos.o [1]
  .rodata            const    0x08007bc0    0x10  stm32f1xx_hal_rcc.o [1]
  .rodata            const    0x08007bd0    0x10  stm32f1xx_hal_rcc_ex.o [1]
  .rodata            const    0x08007be0    0x10  system_stm32f1xx.o [1]
  .rodata            const    0x08007bf0    0x10  tim.o [1]
  .text              ro code  0x08007c00    0x10  startup_stm32f103xb.o [1]
  .rodata            const    0x08007c10     0xc  freertos.o [1]
  .text              ro code  0x08007c1c     0xc  cstartup_M.o [4]
  .rodata            const    0x08007c28     0x8  can.o [1]
  .rodata            const    0x08007c30     0x8  freertos.o [1]
  .rodata            const    0x08007c38     0x8  freertos.o [1]
  .rodata            const    0x08007c40     0x8  system_stm32f1xx.o [1]
  .rodata            const    0x08007c48     0x8  tasks.o [1]
  .rodata            const    0x08007c50     0x8  tim.o [1]
  .rodata            const    0x08007c58     0x8  tim.o [1]
  .rodata            const    0x08007c60     0x8  timers.o [1]
  .rodata            const    0x08007c68     0x8  timers.o [1]
  .rodata            const    0x08007c70     0x4  freertos.o [1]
  .rodata            const    0x08007c74     0x4  freertos.o [1]
  .rodata            const    0x08007c78     0x4  heap_4.o [1]
  .rodata            const    0x08007c7c     0x4  port.o [1]
  .text              ro code  0x08007c80     0x4  startup_stm32f103xb.o [1]
  .text              ro code  0x08007c84     0x4  startup_stm32f103xb.o [1]
  .text              ro code  0x08007c88     0x4  startup_stm32f103xb.o [1]
  .text              ro code  0x08007c8c     0x4  startup_stm32f103xb.o [1]
  .text              ro code  0x08007c90     0x4  startup_stm32f103xb.o [1]
  .text              ro code  0x08007c94     0x4  startup_stm32f103xb.o [1]
  .text              ro code  0x08007c98     0x4  startup_stm32f103xb.o [1]
  .text              ro code  0x08007c9c     0x4  startup_stm32f103xb.o [1]
  .text              ro code  0x08007ca0     0x4  startup_stm32f103xb.o [1]
  .text              ro code  0x08007ca4     0x4  startup_stm32f103xb.o [1]
  .text              ro code  0x08007ca8     0x4  startup_stm32f103xb.o [1]
  .text              ro code  0x08007cac     0x4  startup_stm32f103xb.o [1]
  .text              ro code  0x08007cb0     0x4  startup_stm32f103xb.o [1]
  .text              ro code  0x08007cb4     0x4  startup_stm32f103xb.o [1]
  .text              ro code  0x08007cb8     0x4  startup_stm32f103xb.o [1]
  .text              ro code  0x08007cbc     0x4  startup_stm32f103xb.o [1]
  .text              ro code  0x08007cc0     0x4  startup_stm32f103xb.o [1]
  .text              ro code  0x08007cc4     0x4  startup_stm32f103xb.o [1]
  .text              ro code  0x08007cc8     0x4  startup_stm32f103xb.o [1]
  .text              ro code  0x08007ccc     0x4  startup_stm32f103xb.o [1]
  .text              ro code  0x08007cd0     0x4  startup_stm32f103xb.o [1]
  .text              ro code  0x08007cd4     0x4  startup_stm32f103xb.o [1]
  .text              ro code  0x08007cd8     0x4  startup_stm32f103xb.o [1]
  .text              ro code  0x08007cdc     0x4  startup_stm32f103xb.o [1]
  .text              ro code  0x08007ce0     0x4  startup_stm32f103xb.o [1]
  .text              ro code  0x08007ce4     0x4  startup_stm32f103xb.o [1]
  .text              ro code  0x08007ce8     0x4  startup_stm32f103xb.o [1]
  .text              ro code  0x08007cec     0x4  startup_stm32f103xb.o [1]
  .text              ro code  0x08007cf0     0x4  startup_stm32f103xb.o [1]
  .text              ro code  0x08007cf4     0x4  startup_stm32f103xb.o [1]
  .text              ro code  0x08007cf8     0x4  startup_stm32f103xb.o [1]
  .text              ro code  0x08007cfc     0x4  startup_stm32f103xb.o [1]
  .text              ro code  0x08007d00     0x4  startup_stm32f103xb.o [1]
  .text              ro code  0x08007d04     0x4  startup_stm32f103xb.o [1]
  .text              ro code  0x08007d08     0x4  startup_stm32f103xb.o [1]
  .text              ro code  0x08007d0c     0x4  startup_stm32f103xb.o [1]
  .text              ro code  0x08007d10     0x4  startup_stm32f103xb.o [1]
  .text              ro code  0x08007d14     0x4  startup_stm32f103xb.o [1]
  .text              ro code  0x08007d18     0x2  system_stm32f1xx.o [1]
  .rodata            const    0x08007d1a     0x0  zero_init3.o [4]
  .rodata            const    0x08007d1a     0x0  copy_init3.o [4]
                            - 0x08007d1a  0x7c2e

"P2", part 1 of 3:                          0x30
  P2-1                        0x20000000    0x2d  <Init block>
    .data            inited   0x20000000    0x20  mode.o [1]
    .data            inited   0x20000020     0x4  port.o [1]
    .data            inited   0x20000024     0x4  stm32f1xx_hal.o [1]
    .data            inited   0x20000028     0x4  system_stm32f1xx.o [1]
    .data            inited   0x2000002c     0x1  stm32f1xx_hal.o [1]
                            - 0x2000002d    0x2d

"P2", part 2 of 3:                        0x33f4
  .bss               zero     0x20000030  0x2000  heap_4.o [1]
  .bss               zero     0x20002030   0x460  tasks.o [1]
  .bss               zero     0x20002490   0x400  cmsis_os2.o [1]
  .bss               zero     0x20002890   0x2ec  usb.o [1]
  .bss               zero     0x20002b7c   0x200  cmsis_os2.o [1]
  .bss               zero     0x20002d7c    0xa0  timers.o [1]
  .bss               zero     0x20002e1c    0x5c  cmsis_os2.o [1]
  .bss               zero     0x20002e78    0x5c  cmsis_os2.o [1]
  .bss               zero     0x20002ed4    0x58  spi.o [1]
  .bss               zero     0x20002f2c    0x50  freertos.o [1]
  .bss               zero     0x20002f7c    0x50  freertos.o [1]
  .bss               zero     0x20002fcc    0x50  freertos.o [1]
  .bss               zero     0x2000301c    0x50  freertos.o [1]
  .bss               zero     0x2000306c    0x50  timers.o [1]
  .bss               zero     0x200030bc    0x48  tim.o [1]
  .bss               zero     0x20003104    0x48  tim.o [1]
  .bss               zero     0x2000314c    0x44  usart.o [1]
  .bss               zero     0x20003190    0x40  queue.o [1]
  .bss               zero     0x200031d0    0x3c  mode.o [1]
  .bss               zero     0x2000320c    0x28  can.o [1]
  .bss               zero     0x20003234    0x20  tim.o [1]
  .bss               zero     0x20003254    0x1c  usart.o [1]
  .bss               zero     0x20003270    0x14  rtc.o [1]
  .bss               zero     0x20003284    0x14  tasks.o [1]
  .bss               zero     0x20003298    0x14  tasks.o [1]
  .bss               zero     0x200032ac    0x14  tasks.o [1]
  .bss               zero     0x200032c0    0x14  tasks.o [1]
  .bss               zero     0x200032d4    0x14  tasks.o [1]
  .bss               zero     0x200032e8    0x14  timers.o [1]
  .bss               zero     0x200032fc    0x14  timers.o [1]
  .bss               zero     0x20003310     0x8  heap_4.o [1]
  .bss               zero     0x20003318     0x8  mode.o [1]
  .bss               zero     0x20003320     0x8  usart.o [1]
  .bss               zero     0x20003328     0x8  usart.o [1]
  .bss               zero     0x20003330     0x4  cmsis_os2.o [1]
  .bss               zero     0x20003334     0x4  freertos.o [1]
  .bss               zero     0x20003338     0x4  freertos.o [1]
  .bss               zero     0x2000333c     0x4  freertos.o [1]
  .bss               zero     0x20003340     0x4  freertos.o [1]
  .bss               zero     0x20003344     0x4  freertos.o [1]
  .bss               zero     0x20003348     0x4  freertos.o [1]
  .bss               zero     0x2000334c     0x4  freertos.o [1]
  .bss               zero     0x20003350     0x4  freertos.o [1]
  .bss               zero     0x20003354     0x4  freertos.o [1]
  .bss               zero     0x20003358     0x4  freertos.o [1]
  .bss               zero     0x2000335c     0x4  freertos.o [1]
  .bss               zero     0x20003360     0x4  freertos.o [1]
  .bss               zero     0x20003364     0x4  freertos.o [1]
  .bss               zero     0x20003368     0x4  freertos.o [1]
  .bss               zero     0x2000336c     0x4  heap_4.o [1]
  .bss               zero     0x20003370     0x4  heap_4.o [1]
  .bss               zero     0x20003374     0x4  heap_4.o [1]
  .bss               zero     0x20003378     0x4  heap_4.o [1]
  .bss               zero     0x2000337c     0x4  mode.o [1]
  .bss               zero     0x20003380     0x4  mode.o [1]
  .bss               zero     0x20003384     0x4  mode.o [1]
  .bss               zero     0x20003388     0x4  mode.o [1]
  .bss               zero     0x2000338c     0x4  port.o [1]
  .bss               zero     0x20003390     0x4  stm32f1xx_hal.o [1]
  .bss               zero     0x20003394     0x4  tasks.o [1]
  .bss               zero     0x20003398     0x4  tasks.o [1]
  .bss               zero     0x2000339c     0x4  tasks.o [1]
  .bss               zero     0x200033a0     0x4  tasks.o [1]
  .bss               zero     0x200033a4     0x4  tasks.o [1]
  .bss               zero     0x200033a8     0x4  tasks.o [1]
  .bss               zero     0x200033ac     0x4  tasks.o [1]
  .bss               zero     0x200033b0     0x4  tasks.o [1]
  .bss               zero     0x200033b4     0x4  tasks.o [1]
  .bss               zero     0x200033b8     0x4  tasks.o [1]
  .bss               zero     0x200033bc     0x4  tasks.o [1]
  .bss               zero     0x200033c0     0x4  tasks.o [1]
  .bss               zero     0x200033c4     0x4  tasks.o [1]
  .bss               zero     0x200033c8     0x4  tasks.o [1]
  .bss               zero     0x200033cc     0x4  tasks.o [1]
  .bss               zero     0x200033d0     0x4  tim.o [1]
  .bss               zero     0x200033d4     0x4  tim.o [1]
  .bss               zero     0x200033d8     0x4  tim.o [1]
  .bss               zero     0x200033dc     0x4  tim.o [1]
  .bss               zero     0x200033e0     0x4  timers.o [1]
  .bss               zero     0x200033e4     0x4  timers.o [1]
  .bss               zero     0x200033e8     0x4  timers.o [1]
  .bss               zero     0x200033ec     0x4  timers.o [1]
  .bss               zero     0x200033f0     0x4  timers.o [1]
  .bss               zero     0x200033f4     0x4  usart.o [1]
  .bss               zero     0x200033f8     0x4  usart.o [1]
  .bss               zero     0x200033fc     0x2  mode.o [1]
  .bss               zero     0x200033fe     0x2  mode.o [1]
  .bss               zero     0x20003400     0x2  mode.o [1]
  .bss               zero     0x20003402     0x2  mode.o [1]
  .bss               zero     0x20003404     0x2  mode.o [1]
  .bss               zero     0x20003406     0x2  mode.o [1]
  .bss               zero     0x20003408     0x2  mode.o [1]
  .bss               zero     0x2000340a     0x2  mode.o [1]
  .bss               zero     0x2000340c     0x2  mode.o [1]
  .bss               zero     0x2000340e     0x2  tim.o [1]
  .bss               zero     0x20003410     0x2  tim.o [1]
  .bss               zero     0x20003412     0x2  usart.o [1]
  .bss               zero     0x20003414     0x2  usart.o [1]
  .bss               zero     0x20003416     0x2  usart.o [1]
  .bss               zero     0x20003418     0x1  mode.o [1]
  .bss               zero     0x20003419     0x1  mode.o [1]
  .bss               zero     0x2000341a     0x1  mode.o [1]
  .bss               zero     0x2000341b     0x1  mode.o [1]
  .bss               zero     0x2000341c     0x1  mode.o [1]
  .bss               zero     0x2000341d     0x1  mode.o [1]
  .bss               zero     0x2000341e     0x1  mode.o [1]
  .bss               zero     0x2000341f     0x1  mode.o [1]
  .bss               zero     0x20003420     0x1  port.o [1]
  .bss               zero     0x20003421     0x1  tim.o [1]
  .bss               zero     0x20003422     0x1  usart.o [1]
  .bss               zero     0x20003423     0x1  usart.o [1]
                            - 0x20003424  0x33f4

"P2", part 3 of 3:                         0x400
  CSTACK                      0x20003428   0x400  <Block>
    CSTACK           uninit   0x20003428   0x400  <Block tail>
                            - 0x20003828   0x400


*******************************************************************************
*** INIT TABLE
***

          Address     Size
          -------     ----
Zero (__iar_zero_init3)
    1 destination range, total size 0x33f4:
          0x20000030  0x33f4

Copy (__iar_copy_init3)
    1 source range, total size 0x30 (106% of destination):
          0x08007930    0x30
    1 destination range, total size 0x2d:
          0x20000000    0x2d



*******************************************************************************
*** MODULE SUMMARY
***

    Module                  ro code  ro data  rw data
    ------                  -------  -------  -------
F:\00_Workspace\00_YTP_GoodProject\040_Software\41_Cube\Code\GoodProject\EWARM\GoodProject\Obj: [1]
    can.o                       412        8       40
    cmsis_os2.o               1 128             1 724
    event_groups.o              632
    freertos.o                  288      452      376
    gpio.o                      280
    heap_4.o                    604        4    8 216
    list.o                      152
    main.o                      210
    mode.o                    1 416       32      142
    port.o                      548        8        9
    portasm.o                   136
    queue.o                   2 042                64
    rtc.o                       104                20
    spi.o                       208                88
    startup_stm32f103xb.o       404
    stm32f1xx_hal.o             152        5        9
    stm32f1xx_hal_can.o       1 308
    stm32f1xx_hal_cortex.o      304
    stm32f1xx_hal_dma.o         280
    stm32f1xx_hal_gpio.o        536
    stm32f1xx_hal_msp.o          92
    stm32f1xx_hal_pcd.o       3 302
    stm32f1xx_hal_pwr.o          12
    stm32f1xx_hal_rcc.o       1 772       18
    stm32f1xx_hal_rcc_ex.o      528       18
    stm32f1xx_hal_rtc.o         406
    stm32f1xx_hal_spi.o         196
    stm32f1xx_hal_tim.o       2 434
    stm32f1xx_hal_tim_ex.o      128
    stm32f1xx_hal_uart.o      1 550
    stm32f1xx_it.o              112
    stm32f1xx_ll_usb.o        2 454
    system_stm32f1xx.o            2       28        4
    tasks.o                   2 884        8    1 280
    tim.o                     1 052       32      197
    timers.o                  1 160       16      300
    usart.o                   1 420               128
    usb.o                       136               748
    -------------------------------------------------
    Total:                   30 784      629   13 345

command line: [2]
    -------------------------------------------------
    Total:

dl7M_tlf.a: [3]
    exit.o                        4
    low_level_init.o              4
    -------------------------------------------------
    Total:                        8

rt7M_tl.a: [4]
    ABImemclr4.o                  6
    ABImemcpy.o                 166
    ABImemset.o                 102
    ABImemset48.o                50
    cexit.o                      10
    cmain.o                      30
    copy_init3.o                 44
    cstartup_M.o                 12
    data_init.o                  40
    zero_init3.o                 64
    -------------------------------------------------
    Total:                      524

shb_l.a: [5]
    exit.o                       20
    -------------------------------------------------
    Total:                       20

    Gaps                         22
    Linker created                        39    1 024
-----------------------------------------------------
    Grand Total:             31 358      668   14 369


*******************************************************************************
*** ENTRY LIST
***

Entry                      Address    Size  Type      Object
-----                      -------    ----  ----      ------
.iar.init_table$$Base   0x08007a68           --   Gb  - Linker created -
.iar.init_table$$Limit  0x08007a8c           --   Gb  - Linker created -
?main                   0x08007aad          Code  Gb  cmain.o [4]
AHBPrescTable           0x08007be0    0x10  Data  Gb  system_stm32f1xx.o [1]
APBPrescTable           0x08007c40     0x8  Data  Gb  system_stm32f1xx.o [1]
BusFault_Handler        0x0800786f     0x2  Code  Gb  stm32f1xx_it.o [1]
CAN1_RX1_IRQHandler     0x080078a9     0xa  Code  Gb  stm32f1xx_it.o [1]
CANHandle               0x20003338     0x4  Data  Gb  freertos.o [1]
CAN_attributes          0x080079d8    0x24  Data  Gb  freertos.o [1]
CSTACK$$Base            0x20003428           --   Gb  - Linker created -
CSTACK$$Limit           0x20003828           --   Gb  - Linker created -
DebugMon_Handler        0x08007873     0x2  Code  Gb  stm32f1xx_it.o [1]
Error_Handler           0x08001967     0x4  Code  Gb  main.o [1]
HAL_CAN_AddTxMessage    0x08003b6d   0x10a  Code  Gb  stm32f1xx_hal_can.o [1]
HAL_CAN_IRQHandler      0x08003c77   0x230  Code  Gb  stm32f1xx_hal_can.o [1]
HAL_CAN_Init            0x080039a5   0x16c  Code  Gb  stm32f1xx_hal_can.o [1]
HAL_CAN_MspInit         0x08001c3d    0xba  Code  Gb  can.o [1]
HAL_CAN_Start           0x08003b11    0x5c  Code  Gb  stm32f1xx_hal_can.o [1]
HAL_CAN_Task            0x08001cf7    0x60  Code  Gb  can.o [1]
HAL_DMA_Abort           0x08006725    0x4c  Code  Gb  stm32f1xx_hal_dma.o [1]
HAL_DMA_Abort_IT        0x08006771    0xae  Code  Gb  stm32f1xx_hal_dma.o [1]
HAL_GPIO_Init           0x0800378d   0x1c4  Code  Gb  stm32f1xx_hal_gpio.o [1]
HAL_GPIO_WritePin       0x08003951    0x14  Code  Gb  stm32f1xx_hal_gpio.o [1]
HAL_GetTick             0x080066fd     0xc  Code  Wk  stm32f1xx_hal.o [1]
HAL_IncTick             0x080078d9    0x18  Code  Wk  stm32f1xx_hal.o [1]
HAL_Init                0x08001a9d    0x22  Code  Gb  stm32f1xx_hal.o [1]
HAL_InitTick            0x080036e5    0x4c  Code  Wk  stm32f1xx_hal.o [1]
HAL_LIN_Init            0x08003ea9    0x94  Code  Gb  stm32f1xx_hal_uart.o [1]
HAL_MspInit             0x08003731    0x5c  Code  Gb  stm32f1xx_hal_msp.o [1]
HAL_NVIC_EnableIRQ      0x08001a69     0xa  Code  Gb  stm32f1xx_hal_cortex.o [1]
HAL_NVIC_SetPriority    0x08001a47    0x22  Code  Gb  stm32f1xx_hal_cortex.o [1]
HAL_NVIC_SetPriorityGrouping
                        0x08001a3f     0x8  Code  Gb  stm32f1xx_hal_cortex.o [1]
HAL_PCD_EP_DB_Receive   0x08000853   0x13a  Code  Lc  stm32f1xx_hal_pcd.o [1]
HAL_PCD_EP_DB_Transmit  0x0800098d   0x438  Code  Lc  stm32f1xx_hal_pcd.o [1]
HAL_PCD_IRQHandler      0x0800027f   0x1c0  Code  Gb  stm32f1xx_hal_pcd.o [1]
HAL_PCD_Init            0x080000ed   0x192  Code  Gb  stm32f1xx_hal_pcd.o [1]
HAL_PCD_MspInit         0x08000dfb    0x44  Code  Gb  usb.o [1]
HAL_PCD_SetAddress      0x0800043f    0x2c  Code  Gb  stm32f1xx_hal_pcd.o [1]
HAL_PWR_EnableBkUpAccess
                        0x080048c1     0x8  Code  Gb  stm32f1xx_hal_pwr.o [1]
HAL_RCCEx_GetPeriphCLKFreq
                        0x080035db    0xdc  Code  Gb  stm32f1xx_hal_rcc_ex.o [1]
HAL_RCCEx_PeriphCLKConfig
                        0x080034d5   0x106  Code  Gb  stm32f1xx_hal_rcc_ex.o [1]
HAL_RCC_ClockConfig     0x08003263   0x16e  Code  Gb  stm32f1xx_hal_rcc.o [1]
HAL_RCC_GetHCLKFreq     0x08003435     0x6  Code  Gb  stm32f1xx_hal_rcc.o [1]
HAL_RCC_GetPCLK1Freq    0x0800343b    0x16  Code  Gb  stm32f1xx_hal_rcc.o [1]
HAL_RCC_GetPCLK2Freq    0x08003451    0x16  Code  Gb  stm32f1xx_hal_rcc.o [1]
HAL_RCC_GetSysClockFreq
                        0x080033d1    0x64  Code  Gb  stm32f1xx_hal_rcc.o [1]
HAL_RCC_OscConfig       0x08002de9   0x47a  Code  Gb  stm32f1xx_hal_rcc.o [1]
HAL_RTC_Init            0x08004729    0xe2  Code  Gb  stm32f1xx_hal_rtc.o [1]
HAL_RTC_MspInit         0x0800232d    0x2e  Code  Gb  rtc.o [1]
HAL_RTC_WaitForSynchro  0x08004815    0x3e  Code  Gb  stm32f1xx_hal_rtc.o [1]
HAL_SPI_Init            0x080048cd    0xc4  Code  Gb  stm32f1xx_hal_spi.o [1]
HAL_SPI_MspInit         0x080023cd    0x5e  Code  Gb  spi.o [1]
HAL_SYSTICK_Config      0x08001a73     0x8  Code  Gb  stm32f1xx_hal_cortex.o [1]
HAL_TIMEx_BreakCallback
                        0x080071eb     0x2  Code  Wk  stm32f1xx_hal_tim_ex.o [1]
HAL_TIMEx_CommutCallback
                        0x080071ef     0x2  Code  Wk  stm32f1xx_hal_tim_ex.o [1]
HAL_TIMEx_MasterConfigSynchronization
                        0x0800530d    0x6c  Code  Gb  stm32f1xx_hal_tim_ex.o [1]
HAL_TIM_IC_CaptureCallback
                        0x080026bf    0xe4  Code  Gb  tim.o [1]
HAL_TIM_IC_CaptureCallback::counter
                        0x200033d4     0x4  Data  Lc  tim.o [1]
HAL_TIM_IC_CaptureCallback::counterDelta
                        0x200033dc     0x4  Data  Lc  tim.o [1]
HAL_TIM_IC_CaptureCallback::counterOld
                        0x200033d8     0x4  Data  Lc  tim.o [1]
HAL_TIM_IC_ConfigChannel
                        0x08004e27    0xc8  Code  Gb  stm32f1xx_hal_tim.o [1]
HAL_TIM_IC_Init         0x08004ad1    0x6e  Code  Gb  stm32f1xx_hal_tim.o [1]
HAL_TIM_IC_MspInit      0x08002593    0x70  Code  Gb  tim.o [1]
HAL_TIM_IC_Start_IT     0x08004b45   0x15e  Code  Gb  stm32f1xx_hal_tim.o [1]
HAL_TIM_IRQHandler      0x08004cb1   0x176  Code  Gb  stm32f1xx_hal_tim.o [1]
HAL_TIM_MspPostInit     0x08002629    0x5a  Code  Gb  tim.o [1]
HAL_TIM_PWM_ConfigChannel
                        0x08004eef    0xf0  Code  Gb  stm32f1xx_hal_tim.o [1]
HAL_TIM_PWM_Init        0x08004991    0x6e  Code  Gb  stm32f1xx_hal_tim.o [1]
HAL_TIM_PWM_MspInit     0x08002603    0x26  Code  Gb  tim.o [1]
HAL_TIM_PWM_Start       0x080049ff    0xc8  Code  Gb  stm32f1xx_hal_tim.o [1]
HAL_TIM_ReadCapturedValue
                        0x08004fdf    0x30  Code  Gb  stm32f1xx_hal_tim.o [1]
HAL_TIM_Task            0x080027a3    0x52  Code  Gb  tim.o [1]
HAL_UART_IRQHandler     0x08003fcd   0x21e  Code  Gb  stm32f1xx_hal_uart.o [1]
HAL_UART_MspInit        0x08001dcb    0x98  Code  Gb  usart.o [1]
HAL_UART_Receive_IT     0x08003f91    0x3c  Code  Gb  stm32f1xx_hal_uart.o [1]
HAL_UART_RxCpltCallback
                        0x08001e63    0x40  Code  Gb  usart.o [1]
HAL_UART_RxCpltCallback::data
                        0x20003423     0x1  Data  Lc  usart.o [1]
HAL_UART_RxManage       0x08001ee9   0x268  Code  Gb  usart.o [1]
HAL_UART_Task           0x080021ff    0xb6  Code  Gb  usart.o [1]
HAL_UART_Transmit_IT    0x08003f3d    0x54  Code  Gb  stm32f1xx_hal_uart.o [1]
HardFault_Handler       0x0800786b     0x2  Code  Gb  stm32f1xx_it.o [1]
Idle_Stack              0x20002b7c   0x200  Data  Lc  cmsis_os2.o [1]
Idle_TCB                0x20002e1c    0x5c  Data  Lc  cmsis_os2.o [1]
KernelState             0x20003330     0x4  Data  Lc  cmsis_os2.o [1]
LIN_ComputeChecksum     0x08001ea3    0x46  Code  Lc  usart.o [1]
LIN_MasterModeCommandBuffer
                        0x2000335c     0x4  Data  Gb  freertos.o [1]
LIN_MasterModeCommandControlBlock
                        0x20002fcc    0x50  Data  Gb  freertos.o [1]
LIN_MasterModeCommandQueueHandle
                        0x20003358     0x4  Data  Gb  freertos.o [1]
LIN_MasterModeCommandQueue_attributes
                        0x08007b5c    0x18  Data  Gb  freertos.o [1]
LIN_MasterTargetPositionBuffer
                        0x20003354     0x4  Data  Gb  freertos.o [1]
LIN_MasterTargetPositionControlBlock
                        0x20002f7c    0x50  Data  Gb  freertos.o [1]
LIN_MasterTargetPositionQueueHandle
                        0x20003350     0x4  Data  Gb  freertos.o [1]
LIN_MasterTargetPositionQueue_attributes
                        0x08007b44    0x18  Data  Gb  freertos.o [1]
LIN_MessagesReceiveHandel
                        0x08002151    0x62  Code  Lc  usart.o [1]
LIN_MessagesReceiveHandel::linMasterModeCommandValue
                        0x20003414     0x2  Data  Lc  usart.o [1]
LIN_MessagesReceiveHandel::linMasterTargetPositionValue
                        0x20003412     0x2  Data  Lc  usart.o [1]
LIN_MessagesSentHandel  0x080021b3    0x4c  Code  Lc  usart.o [1]
LIN_MessagesSentHandel::linAngleValue
                        0x200033f8     0x4  Data  Lc  usart.o [1]
LIN_MessagesSentHandel::linYtSentCurrentPositionValue
                        0x20003416     0x2  Data  Lc  usart.o [1]
MODEHandle              0x20003344     0x4  Data  Gb  freertos.o [1]
MODE_ControlModeHandel  0x080076e1    0x80  Code  Gb  mode.o [1]
MODE_ControlModeHandel::masterModeCommand
                        0x2000341e     0x1  Data  Lc  mode.o [1]
MODE_ControlModeHandel::masterModeCommandOld
                        0x2000341f     0x1  Data  Lc  mode.o [1]
MODE_ControlModeHandel::masterTargetPos
                        0x20003408     0x2  Data  Lc  mode.o [1]
MODE_ControlModeHandel::masterTargetPosOld
                        0x2000340a     0x2  Data  Lc  mode.o [1]
MODE_Init               0x080072e1    0x3a  Code  Gb  mode.o [1]
MODE_ModeChange         0x0800731b    0xe0  Code  Lc  mode.o [1]
MODE_ModeChange::firstPos
                        0x200033fc     0x2  Data  Lc  mode.o [1]
MODE_ModeChange::modeRunStep
                        0x2000341d     0x1  Data  Lc  mode.o [1]
MODE_ModeChange::secondtPos
                        0x200033fe     0x2  Data  Lc  mode.o [1]
MODE_MotorAction        0x080073fb   0x2e6  Code  Lc  mode.o [1]
MODE_MotorAction::brakeTimer
                        0x20003400     0x2  Data  Lc  mode.o [1]
MODE_MotorAction::modeCurrentPosOld
                        0x20003406     0x2  Data  Lc  mode.o [1]
MODE_MotorAction::motorOutMessageQueue
                        0x20003318     0x8  Data  Lc  mode.o [1]
MODE_MotorAction::positionValueDelta
                        0x20003402     0x2  Data  Lc  mode.o [1]
MODE_MotorAction::positionValueDeltaAverage
                        0x20003404     0x2  Data  Lc  mode.o [1]
MODE_MotorAction::positionValueDeltaList
                        0x200031d0    0x3c  Data  Lc  mode.o [1]
MODE_MotorOutBuffer     0x20003364     0x4  Data  Gb  freertos.o [1]
MODE_MotorOutControlBlock
                        0x2000301c    0x50  Data  Gb  freertos.o [1]
MODE_MotorOutQueueHandle
                        0x20003360     0x4  Data  Gb  freertos.o [1]
MODE_MotorOutQueue_attributes
                        0x08007b74    0x18  Data  Gb  freertos.o [1]
MODE_Task               0x08007761    0x90  Code  Gb  mode.o [1]
MODE_Task::positionValueOld
                        0x2000340c     0x2  Data  Lc  mode.o [1]
MODE_attributes         0x08007a44    0x24  Data  Gb  freertos.o [1]
MX_CAN_Init             0x08001bdd    0x60  Code  Gb  can.o [1]
MX_FREERTOS_Init        0x08002cc1    0x8e  Code  Gb  freertos.o [1]
MX_GPIO_Init            0x08001ac5   0x118  Code  Gb  gpio.o [1]
MX_RTC_Init             0x08002305    0x28  Code  Gb  rtc.o [1]
MX_SPI1_Init            0x0800236d    0x60  Code  Gb  spi.o [1]
MX_TIM1_Init            0x0800243d    0xa6  Code  Gb  tim.o [1]
MX_TIM3_Init            0x080024e3    0xb0  Code  Gb  tim.o [1]
MX_USART1_UART_Init     0x08001d79    0x52  Code  Gb  usart.o [1]
MX_USB_PCD_Init         0x08000dc5    0x36  Code  Gb  usb.o [1]
MemManage_Handler       0x0800786d     0x2  Code  Gb  stm32f1xx_it.o [1]
MotorOutEventHandle     0x20003368     0x4  Data  Gb  freertos.o [1]
MotorOutEvent_attributes
                        0x08007bb0    0x10  Data  Gb  freertos.o [1]
NMI_Handler             0x08007869     0x2  Code  Gb  stm32f1xx_it.o [1]
NVIC_EncodePriority     0x080019d3    0x3e  Code  Lc  stm32f1xx_hal_cortex.o [1]
PCD_EP_ISR_Handler      0x0800046b   0x3e8  Code  Lc  stm32f1xx_hal_pcd.o [1]
PendSV_Handler          0x08007259          Code  Gb  portasm.o [1]
RCC_Delay               0x08003467    0x24  Code  Lc  stm32f1xx_hal_rcc.o [1]
RTC_EnterInitMode       0x08004853    0x36  Code  Lc  stm32f1xx_hal_rtc.o [1]
RTC_ExitInitMode        0x08004889    0x36  Code  Lc  stm32f1xx_hal_rtc.o [1]
Region$$Table$$Base     0x08007a68           --   Gb  - Linker created -
Region$$Table$$Limit    0x08007a8c           --   Gb  - Linker created -
SENT_CurrentPositionBuffer
                        0x2000334c     0x4  Data  Gb  freertos.o [1]
SENT_CurrentPositionControlBlock
                        0x20002f2c    0x50  Data  Gb  freertos.o [1]
SENT_CurrentPositionQueueHandle
                        0x20003348     0x4  Data  Gb  freertos.o [1]
SENT_CurrentPositionQueue_attributes
                        0x08007b2c    0x18  Data  Gb  freertos.o [1]
SVC_Handler             0x0800729f          Code  Gb  portasm.o [1]
StartDefaultTask        0x08002d51    0x2c  Code  Gb  freertos.o [1]
SysTick_Config          0x08001a11    0x2e  Code  Lc  stm32f1xx_hal_cortex.o [1]
SysTick_Handler         0x08007875    0x14  Code  Gb  stm32f1xx_it.o [1]
SystemClock_Config      0x080018d1    0x96  Code  Gb  main.o [1]
SystemCoreClock         0x20000028     0x4  Data  Gb  system_stm32f1xx.o [1]
SystemInit              0x08007d19     0x2  Code  Gb  system_stm32f1xx.o [1]
TIM1_CC_IRQHandler      0x080078b3     0xa  Code  Gb  stm32f1xx_it.o [1]
TIMHandle               0x20003340     0x4  Data  Gb  freertos.o [1]
TIM_Base_SetConfig      0x0800500f    0x64  Code  Gb  stm32f1xx_hal_tim.o [1]
TIM_CCxChannelCmd       0x080052e5    0x26  Code  Gb  stm32f1xx_hal_tim.o [1]
TIM_OC1_SetConfig       0x08005073    0x5a  Code  Lc  stm32f1xx_hal_tim.o [1]
TIM_OC2_SetConfig       0x080050cd    0x64  Code  Gb  stm32f1xx_hal_tim.o [1]
TIM_OC3_SetConfig       0x08005131    0x62  Code  Lc  stm32f1xx_hal_tim.o [1]
TIM_OC4_SetConfig       0x08005193    0x46  Code  Lc  stm32f1xx_hal_tim.o [1]
TIM_TI1_SetConfig       0x080051d9    0x5e  Code  Gb  stm32f1xx_hal_tim.o [1]
TIM_TI2_SetConfig       0x08005245    0x36  Code  Lc  stm32f1xx_hal_tim.o [1]
TIM_TI3_SetConfig       0x0800527b    0x34  Code  Lc  stm32f1xx_hal_tim.o [1]
TIM_TI4_SetConfig       0x080052af    0x36  Code  Lc  stm32f1xx_hal_tim.o [1]
TIM_attributes          0x08007a20    0x24  Data  Gb  freertos.o [1]
Timer_Stack             0x20002490   0x400  Data  Lc  cmsis_os2.o [1]
Timer_TCB               0x20002e78    0x5c  Data  Lc  cmsis_os2.o [1]
UARTHandle              0x2000333c     0x4  Data  Gb  freertos.o [1]
UART_DMAAbortOnError    0x08004261    0x12  Code  Lc  stm32f1xx_hal_uart.o [1]
UART_EndRxTransfer      0x08004229    0x36  Code  Lc  stm32f1xx_hal_uart.o [1]
UART_EndTransmit_IT     0x080042d7    0x1c  Code  Lc  stm32f1xx_hal_uart.o [1]
UART_Receive_IT         0x080042f3    0xdc  Code  Lc  stm32f1xx_hal_uart.o [1]
UART_SetConfig          0x080043cf    0xd8  Code  Lc  stm32f1xx_hal_uart.o [1]
UART_Start_Receive_IT   0x080041eb    0x3e  Code  Gb  stm32f1xx_hal_uart.o [1]
UART_Transmit_IT        0x08004275    0x62  Code  Lc  stm32f1xx_hal_uart.o [1]
UART_attributes         0x080079fc    0x24  Data  Gb  freertos.o [1]
USART1_IRQHandler       0x080078bd     0xa  Code  Gb  stm32f1xx_it.o [1]
USB_CoreInit            0x08000e4d     0x8  Code  Gb  stm32f1xx_ll_usb.o [1]
USB_DevDisconnect       0x08001771     0x4  Code  Gb  stm32f1xx_ll_usb.o [1]
USB_DevInit             0x08000e6d    0x20  Code  Gb  stm32f1xx_ll_usb.o [1]
USB_DisableGlobalInt    0x08000e55    0x14  Code  Gb  stm32f1xx_ll_usb.o [1]
USB_EPStartXfer         0x08000e8d   0x8d4  Code  Gb  stm32f1xx_ll_usb.o [1]
USB_HP_CAN1_TX_IRQHandler
                        0x08007889    0x10  Code  Gb  stm32f1xx_it.o [1]
USB_LP_CAN1_RX0_IRQHandler
                        0x08007899    0x10  Code  Gb  stm32f1xx_it.o [1]
USB_ReadInterrupts      0x08001775     0x6  Code  Gb  stm32f1xx_ll_usb.o [1]
USB_ReadPMA             0x080017ad    0x36  Code  Gb  stm32f1xx_ll_usb.o [1]
USB_SetCurrentMode      0x08000e69     0x4  Code  Gb  stm32f1xx_ll_usb.o [1]
USB_SetDevAddress       0x08001761    0x10  Code  Gb  stm32f1xx_ll_usb.o [1]
USB_WritePMA            0x0800177b    0x32  Code  Gb  stm32f1xx_ll_usb.o [1]
UsageFault_Handler      0x08007871     0x2  Code  Gb  stm32f1xx_it.o [1]
__NVIC_EnableIRQ        0x08001993    0x1c  Code  Lc  stm32f1xx_hal_cortex.o [1]
__NVIC_GetPriorityGrouping
                        0x08001989     0xa  Code  Lc  stm32f1xx_hal_cortex.o [1]
__NVIC_SetPriority      0x080019af    0x24  Code  Lc  stm32f1xx_hal_cortex.o [1]
__NVIC_SetPriorityGrouping
                        0x0800196d    0x1c  Code  Lc  stm32f1xx_hal_cortex.o [1]
__aeabi_memclr4         0x08002de1          Code  Gb  ABImemclr4.o [4]
__aeabi_memcpy          0x080017e5          Code  Gb  ABImemcpy.o [4]
__aeabi_memcpy4         0x08001805          Code  Gb  ABImemcpy.o [4]
__aeabi_memcpy8         0x08001805          Code  Gb  ABImemcpy.o [4]
__aeabi_memset          0x080071f1          Code  Gb  ABImemset.o [4]
__cmain                 0x08007aad          Code  Gb  cmain.o [4]
__exit                  0x08007ae1    0x14  Code  Gb  exit.o [5]
__iar_Memset            0x080071f1          Code  Gb  ABImemset.o [4]
__iar_Memset4_word      0x080066c9          Code  Gb  ABImemset48.o [4]
__iar_Memset8_word      0x080066c9          Code  Gb  ABImemset48.o [4]
__iar_Memset_word       0x080071f9          Code  Gb  ABImemset.o [4]
__iar_copy_init3        0x08007961    0x2c  Code  Gb  copy_init3.o [4]
__iar_data_init3        0x0800798d    0x28  Code  Gb  data_init.o [4]
__iar_program_start     0x08007c1d          Code  Gb  cstartup_M.o [4]
__iar_systems$$module {Abs}
                        0x00000001          Data  Gb  command line/config [2]
__iar_zero_init3        0x080078f1    0x40  Code  Gb  zero_init3.o [4]
__low_level_init        0x08007acb     0x4  Code  Gb  low_level_init.o [3]
__vector_table          0x08000000          Data  Gb  startup_stm32f103xb.o [1]
_call_main              0x08007ab9          Code  Gb  cmain.o [4]
_exit                   0x08007ad5          Code  Gb  cexit.o [4]
_main                   0x08007ac7          Code  Gb  cmain.o [4]
controlMode             0x2000341a     0x1  Data  Lc  mode.o [1]
crc4_cal                0x08002683    0x3c  Code  Gb  tim.o [1]
dataList                0x20003234    0x20  Data  Lc  tim.o [1]
defaultTaskHandle       0x20003334     0x4  Data  Gb  freertos.o [1]
defaultTask_attributes  0x080079b4    0x24  Data  Gb  freertos.o [1]
exit                    0x08007acf     0x4  Code  Gb  exit.o [3]
hcan                    0x2000320c    0x28  Data  Gb  can.o [1]
hpcd_USB_FS             0x20002890   0x2ec  Data  Gb  usb.o [1]
hrtc                    0x20003270    0x14  Data  Gb  rtc.o [1]
hspi1                   0x20002ed4    0x58  Data  Gb  spi.o [1]
htim1                   0x200030bc    0x48  Data  Gb  tim.o [1]
htim3                   0x20003104    0x48  Data  Gb  tim.o [1]
huart1                  0x2000314c    0x44  Data  Gb  usart.o [1]
index                   0x20003421     0x1  Data  Lc  tim.o [1]
linMasterMessage        0x20003320     0x8  Data  Lc  usart.o [1]
linState                0x20003422     0x1  Data  Lc  usart.o [1]
linTransferData         0x20003254    0x1c  Data  Lc  usart.o [1]
linYtSentMessage        0x20003328     0x8  Data  Lc  usart.o [1]
main                    0x08001899    0x38  Code  Gb  main.o [1]
modeCommand             0x20003418     0x1  Data  Lc  mode.o [1]
modeCurrentPos          0x2000337c     0x4  Data  Lc  mode.o [1]
modeMotorOut            0x20003384     0x4  Data  Lc  mode.o [1]
modeMotorOutOld         0x20003388     0x4  Data  Lc  mode.o [1]
modeMotorRunStep        0x2000341b     0x1  Data  Lc  mode.o [1]
modeMotorStatus         0x2000341c     0x1  Data  Lc  mode.o [1]
modePosition            0x20000000    0x20  Data  Lc  mode.o [1]
modeTargetPos           0x20003380     0x4  Data  Lc  mode.o [1]
osDelay                 0x08002a09    0x38  Code  Gb  cmsis_os2.o [1]
osEventFlagsNew         0x08002a45    0x6c  Code  Gb  cmsis_os2.o [1]
osKernelInitialize      0x08002859    0x44  Code  Gb  cmsis_os2.o [1]
osKernelStart           0x0800289d    0x4a  Code  Gb  cmsis_os2.o [1]
osMessageQueueGet       0x08002bf9    0x8e  Code  Gb  cmsis_os2.o [1]
osMessageQueueNew       0x08002ab9    0xae  Code  Gb  cmsis_os2.o [1]
osMessageQueuePut       0x08002b67    0x92  Code  Gb  cmsis_os2.o [1]
osThreadNew             0x080028e7    0xe4  Code  Gb  cmsis_os2.o [1]
osThreadYield           0x080029cb    0x3e  Code  Gb  cmsis_os2.o [1]
pcInterruptPriorityRegisters
                        0x08007c7c     0x4  Data  Lc  port.o [1]
positionValue           0x2000340e     0x2  Data  Gb  tim.o [1]
prvAddCurrentTaskToDelayedList
                        0x08005e29    0x64  Code  Lc  tasks.o [1]
prvAddNewTaskToReadyList
                        0x08005535    0xc2  Code  Lc  tasks.o [1]
prvCheckForValidListAndQueue
                        0x0800713f    0x52  Code  Lc  timers.o [1]
prvCheckForValidListAndQueue{1}{2}{3}{4}::ucStaticTimerQueueStorage
                        0x20002d7c    0xa0  Data  Lc  timers.o [1]
prvCheckForValidListAndQueue{1}{2}{3}{4}::xStaticTimerQueue
                        0x2000306c    0x50  Data  Lc  timers.o [1]
prvCheckTasksWaitingTermination
                        0x08005c87    0x48  Code  Lc  tasks.o [1]
prvCopyDataFromQueue    0x0800657f    0x2a  Code  Lc  queue.o [1]
prvCopyDataToQueue      0x080064f9    0x86  Code  Lc  queue.o [1]
prvDeleteTCB            0x08005ccf    0x42  Code  Lc  tasks.o [1]
prvGetNextExpireTime    0x08006f27    0x2c  Code  Lc  timers.o [1]
prvHeapInit             0x08006a61    0x62  Code  Lc  heap_4.o [1]
prvIdleTask             0x08005c01    0x24  Code  Lc  tasks.o [1]
prvInitialiseNewQueue   0x08006059    0x22  Code  Lc  queue.o [1]
prvInitialiseNewTask    0x0800547f    0xb6  Code  Lc  tasks.o [1]
prvInitialiseTaskLists  0x08005c2d    0x5a  Code  Lc  tasks.o [1]
prvInsertBlockIntoFreeList
                        0x08006ac3    0x58  Code  Lc  heap_4.o [1]
prvInsertTimerInActiveList
                        0x08006f7f    0x3e  Code  Lc  timers.o [1]
prvIsQueueEmpty         0x0800661b    0x1c  Code  Lc  queue.o [1]
prvIsQueueFull          0x08006637    0x1e  Code  Lc  queue.o [1]
prvProcessExpiredTimer  0x08006e43    0x5a  Code  Lc  timers.o [1]
prvProcessReceivedCommands
                        0x08006fbd   0x104  Code  Lc  timers.o [1]
prvProcessTimerOrBlockTask
                        0x08006eb1    0x76  Code  Lc  timers.o [1]
prvResetNextTaskUnblockTime
                        0x08005d11    0x28  Code  Lc  tasks.o [1]
prvSampleTimeNow        0x08006f53    0x2c  Code  Lc  timers.o [1]
prvSampleTimeNow::xLastTime
                        0x200033f0     0x4  Data  Lc  timers.o [1]
prvSwitchTimerLists     0x080070c1    0x7e  Code  Lc  timers.o [1]
prvTaskExitError        0x08006b59    0x2a  Code  Lc  port.o [1]
prvTestWaitCondition    0x080046f5    0x1a  Code  Lc  event_groups.o [1]
prvTimerTask            0x08006e9d    0x14  Code  Lc  timers.o [1]
prvUnlockQueue          0x080065a9    0x72  Code  Lc  queue.o [1]
pvPortMalloc            0x080068dd   0x10e  Code  Gb  heap_4.o [1]
pwmMotorOut             0x200033d0     0x4  Data  Lc  tim.o [1]
pxCurrentTCB            0x20003394     0x4  Data  Gb  tasks.o [1]
pxCurrentTimerList      0x200033e0     0x4  Data  Lc  timers.o [1]
pxDelayedTaskList       0x20003398     0x4  Data  Lc  tasks.o [1]
pxEnd                   0x2000336c     0x4  Data  Lc  heap_4.o [1]
pxOverflowDelayedTaskList
                        0x2000339c     0x4  Data  Lc  tasks.o [1]
pxOverflowTimerList     0x200033e4     0x4  Data  Lc  timers.o [1]
pxPortInitialiseStack   0x08006b39    0x20  Code  Gb  port.o [1]
pxReadyTasksLists       0x20002030   0x460  Data  Lc  tasks.o [1]
runCycle                0x20003419     0x1  Data  Lc  mode.o [1]
timerValue              0x20003410     0x2  Data  Gb  tim.o [1]
uartEventHandle         0x200033f4     0x4  Data  Lc  usart.o [1]
ucHeap                  0x20000030  0x2000  Data  Lc  heap_4.o [1]
ucMaxSysCallPriority    0x20003420     0x1  Data  Lc  port.o [1]
ulMaxPRIGROUPValue      0x2000338c     0x4  Data  Lc  port.o [1]
uwTick                  0x20003390     0x4  Data  Gb  stm32f1xx_hal.o [1]
uwTickFreq              0x2000002c     0x1  Data  Gb  stm32f1xx_hal.o [1]
uwTickPrio              0x20000024     0x4  Data  Gb  stm32f1xx_hal.o [1]
uxCriticalNesting       0x20000020     0x4  Data  Lc  port.o [1]
uxCurrentNumberOfTasks  0x200033a4     0x4  Data  Lc  tasks.o [1]
uxDeletedTasksWaitingCleanUp
                        0x200033a0     0x4  Data  Lc  tasks.o [1]
uxListRemove            0x080068b5    0x26  Code  Gb  list.o [1]
uxPendedTicks           0x200033b4     0x4  Data  Lc  tasks.o [1]
uxSchedulerSuspended    0x200033cc     0x4  Data  Lc  tasks.o [1]
uxTaskNumber            0x200033c0     0x4  Data  Lc  tasks.o [1]
uxTaskResetEventItemValue
                        0x08005df9    0x1e  Code  Gb  tasks.o [1]
uxTopReadyPriority      0x200033ac     0x4  Data  Lc  tasks.o [1]
vApplicationGetIdleTaskMemory
                        0x08002c89     0xe  Code  Gb  cmsis_os2.o [1]
vApplicationGetTimerTaskMemory
                        0x08002c97    0x10  Code  Gb  cmsis_os2.o [1]
vEventGroupSetBitsCallback
                        0x080046ed     0x8  Code  Gb  event_groups.o [1]
vListInitialise         0x08006843    0x1e  Code  Gb  list.o [1]
vListInitialiseItem     0x08006861     0x6  Code  Gb  list.o [1]
vListInsert             0x0800687f    0x36  Code  Gb  list.o [1]
vListInsertEnd          0x08006867    0x18  Code  Gb  list.o [1]
vPortEnterCritical      0x08006c25    0x3a  Code  Gb  port.o [1]
vPortExitCritical       0x08006c5f    0x32  Code  Gb  port.o [1]
vPortFree               0x080069eb    0x76  Code  Gb  heap_4.o [1]
vPortStartFirstTask     0x080072bf          Code  Gb  portasm.o [1]
vPortValidateInterruptPriority
                        0x08006cb9    0x4a  Code  Gb  port.o [1]
vQueueAddToRegistry     0x08006655    0x24  Code  Gb  queue.o [1]
vQueueWaitForMessageRestricted
                        0x0800667d    0x4a  Code  Gb  queue.o [1]
vTaskDelay              0x080055f7    0x4c  Code  Gb  tasks.o [1]
vTaskInternalSetTimeOutState
                        0x08005b57    0x12  Code  Gb  tasks.o [1]
vTaskMissedYield        0x08005bf7     0xa  Code  Gb  tasks.o [1]
vTaskPlaceOnEventList   0x08005979    0x2e  Code  Gb  tasks.o [1]
vTaskPlaceOnEventListRestricted
                        0x08005a09    0x38  Code  Gb  tasks.o [1]
vTaskPlaceOnUnorderedEventList
                        0x080059ad    0x52  Code  Gb  tasks.o [1]
vTaskRemoveFromUnorderedEventList
                        0x08005ad5    0x82  Code  Gb  tasks.o [1]
vTaskStartScheduler     0x08005643    0x9a  Code  Gb  tasks.o [1]
vTaskSuspendAll         0x080056dd    0x10  Code  Gb  tasks.o [1]
vTaskSwitchContext      0x08005907    0x72  Code  Gb  tasks.o [1]
xActiveTimerList1       0x200032e8    0x14  Data  Lc  timers.o [1]
xActiveTimerList2       0x200032fc    0x14  Data  Lc  timers.o [1]
xBlockAllocatedBit      0x20003378     0x4  Data  Lc  heap_4.o [1]
xDelayedTaskList1       0x20003284    0x14  Data  Lc  tasks.o [1]
xDelayedTaskList2       0x20003298    0x14  Data  Lc  tasks.o [1]
xEventGroupCreate       0x080044f9    0x20  Code  Gb  event_groups.o [1]
xEventGroupCreateStatic
                        0x080044b1    0x48  Code  Gb  event_groups.o [1]
xEventGroupSetBits      0x08004641    0xac  Code  Gb  event_groups.o [1]
xEventGroupSetBitsFromISR
                        0x0800470f    0x10  Code  Gb  event_groups.o [1]
xEventGroupWaitBits     0x08004519   0x128  Code  Gb  event_groups.o [1]
xFreeBytesRemaining     0x20003370     0x4  Data  Lc  heap_4.o [1]
xHeapStructSize         0x08007c78     0x4  Data  Lc  heap_4.o [1]
xIdleTaskHandle         0x200033c8     0x4  Data  Lc  tasks.o [1]
xMinimumEverFreeBytesRemaining
                        0x20003374     0x4  Data  Lc  heap_4.o [1]
xNextTaskUnblockTime    0x200033c4     0x4  Data  Lc  tasks.o [1]
xNumOfOverflows         0x200033bc     0x4  Data  Lc  tasks.o [1]
xPendingReadyList       0x200032ac    0x14  Data  Lc  tasks.o [1]
xPortStartScheduler     0x08006b83    0xa2  Code  Gb  port.o [1]
xPortSysTickHandler     0x08006c91    0x28  Code  Gb  port.o [1]
xQueueGenericCreate     0x08006009    0x50  Code  Gb  queue.o [1]
xQueueGenericCreateStatic
                        0x08005f63    0xa6  Code  Gb  queue.o [1]
xQueueGenericReset      0x08005ecd    0x96  Code  Gb  queue.o [1]
xQueueGenericSend       0x0800607b   0x196  Code  Gb  queue.o [1]
xQueueGenericSendFromISR
                        0x08006211    0xdc  Code  Gb  queue.o [1]
xQueueReceive           0x080062ed   0x15a  Code  Gb  queue.o [1]
xQueueReceiveFromISR    0x0800644d    0xac  Code  Gb  queue.o [1]
xQueueRegistry          0x20003190    0x40  Data  Gb  queue.o [1]
xSchedulerRunning       0x200033b0     0x4  Data  Lc  tasks.o [1]
xStart                  0x20003310     0x8  Data  Lc  heap_4.o [1]
xSuspendedTaskList      0x200032d4    0x14  Data  Lc  tasks.o [1]
xTaskCheckForTimeOut    0x08005b75    0x82  Code  Gb  tasks.o [1]
xTaskCreate             0x0800540b    0x74  Code  Gb  tasks.o [1]
xTaskCreateStatic       0x08005389    0x82  Code  Gb  tasks.o [1]
xTaskGetSchedulerState  0x08005d39    0x20  Code  Gb  tasks.o [1]
xTaskGetTickCount       0x080057e9     0x8  Code  Gb  tasks.o [1]
xTaskIncrementTick      0x080057f1   0x116  Code  Gb  tasks.o [1]
xTaskPriorityDisinherit
                        0x08005d59    0x8e  Code  Gb  tasks.o [1]
xTaskRemoveFromEventList
                        0x08005a4d    0x84  Code  Gb  tasks.o [1]
xTaskResumeAll          0x080056ed    0xfc  Code  Gb  tasks.o [1]
xTasksWaitingTermination
                        0x200032c0    0x14  Data  Lc  tasks.o [1]
xTickCount              0x200033a8     0x4  Data  Lc  tasks.o [1]
xTimerCreateTimerTask   0x08006d5d    0x6e  Code  Gb  timers.o [1]
xTimerGenericCommand    0x08006dcb    0x78  Code  Gb  timers.o [1]
xTimerPendFunctionCallFromISR
                        0x08007191    0x22  Code  Gb  timers.o [1]
xTimerQueue             0x200033e8     0x4  Data  Lc  timers.o [1]
xTimerTaskHandle        0x200033ec     0x4  Data  Lc  timers.o [1]
xYieldPending           0x200033b8     0x4  Data  Lc  tasks.o [1]


[1] = F:\00_Workspace\00_YTP_GoodProject\040_Software\41_Cube\Code\GoodProject\EWARM\GoodProject\Obj
[2] = command line
[3] = dl7M_tlf.a
[4] = rt7M_tl.a
[5] = shb_l.a

  31 358 bytes of readonly  code memory
     668 bytes of readonly  data memory
  14 369 bytes of readwrite data memory

Errors: none
Warnings: none
