###############################################################################
#
# IAR ELF Linker V8.22.1.15669/W32 for ARM                15/May/2022  14:47:06
# Copyright 2007-2018 IAR Systems AB.
#
#    Output file  =  
#        F:\00_Workspace\00_YTP_GoodProject\040_Software\41_Cube\Code\GoodProject\EWARM\GoodProject\Exe\GoodProject.out
#    Map file     =  
#        F:\00_Workspace\00_YTP_GoodProject\040_Software\41_Cube\Code\GoodProject\EWARM\GoodProject\List\GoodProject.map
#    Command line =  
#        -f C:\Users\ADMINI~1\AppData\Local\Temp\EW2AC4.tmp
#        (F:\00_Workspace\00_YTP_GoodProject\040_Software\41_Cube\Code\GoodProject\EWARM\GoodProject\Obj\can.o
#        F:\00_Workspace\00_YTP_GoodProject\040_Software\41_Cube\Code\GoodProject\EWARM\GoodProject\Obj\ccl.o
#        F:\00_Workspace\00_YTP_GoodProject\040_Software\41_Cube\Code\GoodProject\EWARM\GoodProject\Obj\cmsis_os2.o
#        F:\00_Workspace\00_YTP_GoodProject\040_Software\41_Cube\Code\GoodProject\EWARM\GoodProject\Obj\croutine.o
#        F:\00_Workspace\00_YTP_GoodProject\040_Software\41_Cube\Code\GoodProject\EWARM\GoodProject\Obj\diag.o
#        F:\00_Workspace\00_YTP_GoodProject\040_Software\41_Cube\Code\GoodProject\EWARM\GoodProject\Obj\event_groups.o
#        F:\00_Workspace\00_YTP_GoodProject\040_Software\41_Cube\Code\GoodProject\EWARM\GoodProject\Obj\freertos.o
#        F:\00_Workspace\00_YTP_GoodProject\040_Software\41_Cube\Code\GoodProject\EWARM\GoodProject\Obj\gpio.o
#        F:\00_Workspace\00_YTP_GoodProject\040_Software\41_Cube\Code\GoodProject\EWARM\GoodProject\Obj\heap_4.o
#        F:\00_Workspace\00_YTP_GoodProject\040_Software\41_Cube\Code\GoodProject\EWARM\GoodProject\Obj\i2c.o
#        F:\00_Workspace\00_YTP_GoodProject\040_Software\41_Cube\Code\GoodProject\EWARM\GoodProject\Obj\list.o
#        F:\00_Workspace\00_YTP_GoodProject\040_Software\41_Cube\Code\GoodProject\EWARM\GoodProject\Obj\main.o
#        F:\00_Workspace\00_YTP_GoodProject\040_Software\41_Cube\Code\GoodProject\EWARM\GoodProject\Obj\mode.o
#        F:\00_Workspace\00_YTP_GoodProject\040_Software\41_Cube\Code\GoodProject\EWARM\GoodProject\Obj\port.o
#        F:\00_Workspace\00_YTP_GoodProject\040_Software\41_Cube\Code\GoodProject\EWARM\GoodProject\Obj\portasm.o
#        F:\00_Workspace\00_YTP_GoodProject\040_Software\41_Cube\Code\GoodProject\EWARM\GoodProject\Obj\queue.o
#        F:\00_Workspace\00_YTP_GoodProject\040_Software\41_Cube\Code\GoodProject\EWARM\GoodProject\Obj\rtc.o
#        F:\00_Workspace\00_YTP_GoodProject\040_Software\41_Cube\Code\GoodProject\EWARM\GoodProject\Obj\spi.o
#        F:\00_Workspace\00_YTP_GoodProject\040_Software\41_Cube\Code\GoodProject\EWARM\GoodProject\Obj\startup_stm32f103xb.o
#        F:\00_Workspace\00_YTP_GoodProject\040_Software\41_Cube\Code\GoodProject\EWARM\GoodProject\Obj\stm32f1xx_hal.o
#        F:\00_Workspace\00_YTP_GoodProject\040_Software\41_Cube\Code\GoodProject\EWARM\GoodProject\Obj\stm32f1xx_hal_can.o
#        F:\00_Workspace\00_YTP_GoodProject\040_Software\41_Cube\Code\GoodProject\EWARM\GoodProject\Obj\stm32f1xx_hal_cortex.o
#        F:\00_Workspace\00_YTP_GoodProject\040_Software\41_Cube\Code\GoodProject\EWARM\GoodProject\Obj\stm32f1xx_hal_dma.o
#        F:\00_Workspace\00_YTP_GoodProject\040_Software\41_Cube\Code\GoodProject\EWARM\GoodProject\Obj\stm32f1xx_hal_exti.o
#        F:\00_Workspace\00_YTP_GoodProject\040_Software\41_Cube\Code\GoodProject\EWARM\GoodProject\Obj\stm32f1xx_hal_flash.o
#        F:\00_Workspace\00_YTP_GoodProject\040_Software\41_Cube\Code\GoodProject\EWARM\GoodProject\Obj\stm32f1xx_hal_flash_ex.o
#        F:\00_Workspace\00_YTP_GoodProject\040_Software\41_Cube\Code\GoodProject\EWARM\GoodProject\Obj\stm32f1xx_hal_gpio.o
#        F:\00_Workspace\00_YTP_GoodProject\040_Software\41_Cube\Code\GoodProject\EWARM\GoodProject\Obj\stm32f1xx_hal_gpio_ex.o
#        F:\00_Workspace\00_YTP_GoodProject\040_Software\41_Cube\Code\GoodProject\EWARM\GoodProject\Obj\stm32f1xx_hal_i2c.o
#        F:\00_Workspace\00_YTP_GoodProject\040_Software\41_Cube\Code\GoodProject\EWARM\GoodProject\Obj\stm32f1xx_hal_msp.o
#        F:\00_Workspace\00_YTP_GoodProject\040_Software\41_Cube\Code\GoodProject\EWARM\GoodProject\Obj\stm32f1xx_hal_pcd.o
#        F:\00_Workspace\00_YTP_GoodProject\040_Software\41_Cube\Code\GoodProject\EWARM\GoodProject\Obj\stm32f1xx_hal_pcd_ex.o
#        F:\00_Workspace\00_YTP_GoodProject\040_Software\41_Cube\Code\GoodProject\EWARM\GoodProject\Obj\stm32f1xx_hal_pwr.o
#        F:\00_Workspace\00_YTP_GoodProject\040_Software\41_Cube\Code\GoodProject\EWARM\GoodProject\Obj\stm32f1xx_hal_rcc.o
#        F:\00_Workspace\00_YTP_GoodProject\040_Software\41_Cube\Code\GoodProject\EWARM\GoodProject\Obj\stm32f1xx_hal_rcc_ex.o
#        F:\00_Workspace\00_YTP_GoodProject\040_Software\41_Cube\Code\GoodProject\EWARM\GoodProject\Obj\stm32f1xx_hal_rtc.o
#        F:\00_Workspace\00_YTP_GoodProject\040_Software\41_Cube\Code\GoodProject\EWARM\GoodProject\Obj\stm32f1xx_hal_rtc_ex.o
#        F:\00_Workspace\00_YTP_GoodProject\040_Software\41_Cube\Code\GoodProject\EWARM\GoodProject\Obj\stm32f1xx_hal_spi.o
#        F:\00_Workspace\00_YTP_GoodProject\040_Software\41_Cube\Code\GoodProject\EWARM\GoodProject\Obj\stm32f1xx_hal_tim.o
#        F:\00_Workspace\00_YTP_GoodProject\040_Software\41_Cube\Code\GoodProject\EWARM\GoodProject\Obj\stm32f1xx_hal_tim_ex.o
#        F:\00_Workspace\00_YTP_GoodProject\040_Software\41_Cube\Code\GoodProject\EWARM\GoodProject\Obj\stm32f1xx_hal_uart.o
#        F:\00_Workspace\00_YTP_GoodProject\040_Software\41_Cube\Code\GoodProject\EWARM\GoodProject\Obj\stm32f1xx_it.o
#        F:\00_Workspace\00_YTP_GoodProject\040_Software\41_Cube\Code\GoodProject\EWARM\GoodProject\Obj\stm32f1xx_ll_usb.o
#        F:\00_Workspace\00_YTP_GoodProject\040_Software\41_Cube\Code\GoodProject\EWARM\GoodProject\Obj\stream_buffer.o
#        F:\00_Workspace\00_YTP_GoodProject\040_Software\41_Cube\Code\GoodProject\EWARM\GoodProject\Obj\system_stm32f1xx.o
#        F:\00_Workspace\00_YTP_GoodProject\040_Software\41_Cube\Code\GoodProject\EWARM\GoodProject\Obj\tasks.o
#        F:\00_Workspace\00_YTP_GoodProject\040_Software\41_Cube\Code\GoodProject\EWARM\GoodProject\Obj\tim.o
#        F:\00_Workspace\00_YTP_GoodProject\040_Software\41_Cube\Code\GoodProject\EWARM\GoodProject\Obj\timers.o
#        F:\00_Workspace\00_YTP_GoodProject\040_Software\41_Cube\Code\GoodProject\EWARM\GoodProject\Obj\tp.o
#        F:\00_Workspace\00_YTP_GoodProject\040_Software\41_Cube\Code\GoodProject\EWARM\GoodProject\Obj\usart.o
#        F:\00_Workspace\00_YTP_GoodProject\040_Software\41_Cube\Code\GoodProject\EWARM\GoodProject\Obj\usb.o
#        --redirect _Printf=_PrintfFull --redirect _Scanf=_ScanfFull -o
#        F:\00_Workspace\00_YTP_GoodProject\040_Software\41_Cube\Code\GoodProject\EWARM\GoodProject\Exe\GoodProject.out
#        --map
#        F:\00_Workspace\00_YTP_GoodProject\040_Software\41_Cube\Code\GoodProject\EWARM\GoodProject\List\GoodProject.map
#        --config
#        F:\00_Workspace\00_YTP_GoodProject\040_Software\41_Cube\Code\GoodProject\EWARM/stm32f103xb_flash.icf
#        --semihosting --entry __iar_program_start --vfe --text_out locale)
#
###############################################################################

*******************************************************************************
*** RUNTIME MODEL ATTRIBUTES
***

CppFlavor       = *
__SystemLibrary = DLib
__dlib_version  = 6


*******************************************************************************
*** HEAP SELECTION
***

The basic heap was selected because no calls to memory allocation
functions were found in the application outside of system library
functions, and there are calls to deallocation functions in the
application.


*******************************************************************************
*** PLACEMENT SUMMARY
***

"A0":  place at 0x08000000 { ro section .intvec };
"P1":  place in [from 0x08000000 to 0x0801ffff] { ro };
define block CSTACK with size = 1K, alignment = 8 { };
define block HEAP with size = 512, alignment = 8 { };
"P2":  place in [from 0x20000000 to 0x20004fff] {
          rw, block CSTACK, block HEAP };
initialize by copy { rw };

  Section            Kind        Address    Size  Object
  -------            ----        -------    ----  ------
"A0":                                       0xec
  .intvec            ro code  0x08000000    0xec  startup_stm32f103xb.o [1]
                            - 0x080000ec    0xec

"P1":                                     0x95fa
  .text              ro code  0x080000ec   0xcd8  stm32f1xx_hal_pcd.o [1]
  .text              ro code  0x08000dc4    0x88  usb.o [1]
  .text              ro code  0x08000e4c   0x996  stm32f1xx_ll_usb.o [1]
  .rodata            const    0x080017e2     0x2  stm32f1xx_hal_rcc.o [1]
  .text              ro code  0x080017e4    0xa6  ABImemcpy.o [4]
  .text              ro code  0x0800188a     0x2  stm32f1xx_hal_pcd.o [1]
  .text              ro code  0x0800188c     0x2  stm32f1xx_hal_pcd.o [1]
  .text              ro code  0x0800188e     0x2  stm32f1xx_hal_pcd.o [1]
  .text              ro code  0x08001890     0x2  stm32f1xx_hal_pcd.o [1]
  .text              ro code  0x08001892     0x2  stm32f1xx_hal_pcd.o [1]
  .text              ro code  0x08001894     0x2  stm32f1xx_hal_pcd.o [1]
  .text              ro code  0x08001896     0x2  stm32f1xx_hal_pcd.o [1]
  .text              ro code  0x08001898    0xd6  main.o [1]
  .rodata            const    0x0800196e     0x2  stm32f1xx_hal_rcc_ex.o [1]
  .text              ro code  0x08001970   0x158  stm32f1xx_hal_cortex.o [1]
  .text              ro code  0x08001ac8    0x28  stm32f1xx_hal.o [1]
  .text              ro code  0x08001af0   0x118  gpio.o [1]
  .text              ro code  0x08001c08   0x238  can.o [1]
  .text              ro code  0x08001e40   0xbc0  usart.o [1]
  .text              ro code  0x08002a00    0x68  rtc.o [1]
  .text              ro code  0x08002a68    0xd0  spi.o [1]
  .text              ro code  0x08002b38   0x4c8  tim.o [1]
  .text              ro code  0x08003000   0x35a  i2c.o [1]
  .text              ro code  0x0800335c   0x468  cmsis_os2.o [1]
  .text              ro code  0x080037c4   0x138  freertos.o [1]
  .text              ro code  0x080038fc     0x6  ABImemclr4.o [4]
  .text              ro code  0x08003904   0x6ec  stm32f1xx_hal_rcc.o [1]
  .text              ro code  0x08003ff0   0x210  stm32f1xx_hal_rcc_ex.o [1]
  .text              ro code  0x08004200    0x4c  stm32f1xx_hal.o [1]
  .text              ro code  0x0800424c    0x5c  stm32f1xx_hal_msp.o [1]
  .text              ro code  0x080042a8   0x218  stm32f1xx_hal_gpio.o [1]
  .text              ro code  0x080044c0   0x502  stm32f1xx_hal_can.o [1]
  .text              ro code  0x080049c4   0x608  stm32f1xx_hal_uart.o [1]
  .text              ro code  0x08004fcc   0x278  event_groups.o [1]
  .text              ro code  0x08005244   0x784  mode.o [1]
  .text              ro code  0x080059c8   0x196  stm32f1xx_hal_rtc.o [1]
  .text              ro code  0x08005b60     0xc  stm32f1xx_hal_pwr.o [1]
  .text              ro code  0x08005b6c    0xc4  stm32f1xx_hal_spi.o [1]
  .text              ro code  0x08005c30   0x97a  stm32f1xx_hal_tim.o [1]
  .text              ro code  0x080065ac    0x7c  stm32f1xx_hal_tim_ex.o [1]
  .text              ro code  0x08006628   0xbac  stm32f1xx_hal_i2c.o [1]
  .text              ro code  0x080071d4   0xb44  tasks.o [1]
  .text              ro code  0x08007d18   0x7fa  queue.o [1]
  .text              ro code  0x08008514    0x32  ABImemset48.o [4]
  .text              ro code  0x08008548     0xc  stm32f1xx_hal.o [1]
  .text              ro code  0x08008554     0x2  stm32f1xx_hal_can.o [1]
  .text              ro code  0x08008556     0x2  stm32f1xx_hal_can.o [1]
  .text              ro code  0x08008558     0x2  stm32f1xx_hal_can.o [1]
  .text              ro code  0x0800855a     0x2  stm32f1xx_hal_can.o [1]
  .text              ro code  0x0800855c     0x2  stm32f1xx_hal_can.o [1]
  .text              ro code  0x0800855e     0x2  stm32f1xx_hal_can.o [1]
  .text              ro code  0x08008560     0x2  stm32f1xx_hal_can.o [1]
  .text              ro code  0x08008562     0x2  stm32f1xx_hal_can.o [1]
  .text              ro code  0x08008564     0x2  stm32f1xx_hal_can.o [1]
  .text              ro code  0x08008566     0x2  stm32f1xx_hal_can.o [1]
  .text              ro code  0x08008568     0x2  stm32f1xx_hal_can.o [1]
  .text              ro code  0x0800856a     0x2  stm32f1xx_hal_can.o [1]
  .text              ro code  0x0800856c     0x2  stm32f1xx_hal_can.o [1]
  .text              ro code  0x08008570   0x118  stm32f1xx_hal_dma.o [1]
  .text              ro code  0x08008688     0x2  stm32f1xx_hal_uart.o [1]
  .text              ro code  0x0800868a     0x2  stm32f1xx_hal_uart.o [1]
  .text              ro code  0x0800868c     0x2  stm32f1xx_hal_uart.o [1]
  .text              ro code  0x0800868e    0x98  list.o [1]
  .text              ro code  0x08008728   0x25c  heap_4.o [1]
  .text              ro code  0x08008984   0x224  port.o [1]
  .text              ro code  0x08008ba8   0x488  timers.o [1]
  .text              ro code  0x08009030     0x2  stm32f1xx_hal_tim.o [1]
  .text              ro code  0x08009032     0x2  stm32f1xx_hal_tim.o [1]
  .text              ro code  0x08009034     0x2  stm32f1xx_hal_tim.o [1]
  .text              ro code  0x08009036     0x2  stm32f1xx_hal_tim_ex.o [1]
  .text              ro code  0x08009038     0x2  stm32f1xx_hal_tim.o [1]
  .text              ro code  0x0800903a     0x2  stm32f1xx_hal_tim_ex.o [1]
  .text              ro code  0x0800903c    0x66  ABImemset.o [4]
  CODE               ro code  0x080090a4    0x88  portasm.o [1]
  Initializer bytes  const    0x0800912c   0x104  <for P2-1>
  .text              ro code  0x08009230    0x70  stm32f1xx_it.o [1]
  .text              ro code  0x080092a0    0x18  stm32f1xx_hal.o [1]
  .text              ro code  0x080092b8    0x40  zero_init3.o [4]
  .text              ro code  0x080092f8    0x2c  copy_init3.o [4]
  .text              ro code  0x08009324    0x28  data_init.o [4]
  .rodata            const    0x0800934c    0x24  freertos.o [1]
  .rodata            const    0x08009370    0x24  freertos.o [1]
  .rodata            const    0x08009394    0x24  freertos.o [1]
  .rodata            const    0x080093b8    0x24  freertos.o [1]
  .rodata            const    0x080093dc    0x24  freertos.o [1]
  .rodata            const    0x08009400    0x24  freertos.o [1]
  .iar.init_table    const    0x08009424    0x24  - Linker created -
  .rodata            const    0x08009448    0x20  freertos.o [1]
  .text              ro code  0x08009468    0x1e  cmain.o [4]
  .text              ro code  0x08009486     0x4  low_level_init.o [3]
  .text              ro code  0x0800948a     0x4  exit.o [3]
  .text              ro code  0x08009490     0xa  cexit.o [4]
  .text              ro code  0x0800949c    0x14  exit.o [5]
  .rodata            const    0x080094b0    0x1c  freertos.o [1]
  .rodata            const    0x080094cc    0x1c  freertos.o [1]
  .rodata            const    0x080094e8    0x18  freertos.o [1]
  .rodata            const    0x08009500    0x18  freertos.o [1]
  .rodata            const    0x08009518    0x18  freertos.o [1]
  .rodata            const    0x08009530    0x18  freertos.o [1]
  .rodata            const    0x08009548    0x14  freertos.o [1]
  .rodata            const    0x0800955c    0x10  freertos.o [1]
  .rodata            const    0x0800956c    0x10  freertos.o [1]
  .rodata            const    0x0800957c    0x10  stm32f1xx_hal_rcc.o [1]
  .rodata            const    0x0800958c    0x10  stm32f1xx_hal_rcc_ex.o [1]
  .rodata            const    0x0800959c    0x10  system_stm32f1xx.o [1]
  .rodata            const    0x080095ac    0x10  tim.o [1]
  .text              ro code  0x080095bc    0x10  startup_stm32f103xb.o [1]
  .rodata            const    0x080095cc     0xc  freertos.o [1]
  .text              ro code  0x080095d8     0xc  cstartup_M.o [4]
  .rodata            const    0x080095e4     0x8  can.o [1]
  .rodata            const    0x080095ec     0x8  can.o [1]
  .rodata            const    0x080095f4     0x8  freertos.o [1]
  .rodata            const    0x080095fc     0x8  freertos.o [1]
  .rodata            const    0x08009604     0x8  freertos.o [1]
  .rodata            const    0x0800960c     0x8  system_stm32f1xx.o [1]
  .rodata            const    0x08009614     0x8  tasks.o [1]
  .rodata            const    0x0800961c     0x8  tim.o [1]
  .rodata            const    0x08009624     0x8  tim.o [1]
  .rodata            const    0x0800962c     0x8  timers.o [1]
  .rodata            const    0x08009634     0x8  timers.o [1]
  .rodata            const    0x0800963c     0x4  freertos.o [1]
  .rodata            const    0x08009640     0x4  freertos.o [1]
  .rodata            const    0x08009644     0x4  heap_4.o [1]
  .rodata            const    0x08009648     0x4  port.o [1]
  .text              ro code  0x0800964c     0x4  startup_stm32f103xb.o [1]
  .text              ro code  0x08009650     0x4  startup_stm32f103xb.o [1]
  .text              ro code  0x08009654     0x4  startup_stm32f103xb.o [1]
  .text              ro code  0x08009658     0x4  startup_stm32f103xb.o [1]
  .text              ro code  0x0800965c     0x4  startup_stm32f103xb.o [1]
  .text              ro code  0x08009660     0x4  startup_stm32f103xb.o [1]
  .text              ro code  0x08009664     0x4  startup_stm32f103xb.o [1]
  .text              ro code  0x08009668     0x4  startup_stm32f103xb.o [1]
  .text              ro code  0x0800966c     0x4  startup_stm32f103xb.o [1]
  .text              ro code  0x08009670     0x4  startup_stm32f103xb.o [1]
  .text              ro code  0x08009674     0x4  startup_stm32f103xb.o [1]
  .text              ro code  0x08009678     0x4  startup_stm32f103xb.o [1]
  .text              ro code  0x0800967c     0x4  startup_stm32f103xb.o [1]
  .text              ro code  0x08009680     0x4  startup_stm32f103xb.o [1]
  .text              ro code  0x08009684     0x4  startup_stm32f103xb.o [1]
  .text              ro code  0x08009688     0x4  startup_stm32f103xb.o [1]
  .text              ro code  0x0800968c     0x4  startup_stm32f103xb.o [1]
  .text              ro code  0x08009690     0x4  startup_stm32f103xb.o [1]
  .text              ro code  0x08009694     0x4  startup_stm32f103xb.o [1]
  .text              ro code  0x08009698     0x4  startup_stm32f103xb.o [1]
  .text              ro code  0x0800969c     0x4  startup_stm32f103xb.o [1]
  .text              ro code  0x080096a0     0x4  startup_stm32f103xb.o [1]
  .text              ro code  0x080096a4     0x4  startup_stm32f103xb.o [1]
  .text              ro code  0x080096a8     0x4  startup_stm32f103xb.o [1]
  .text              ro code  0x080096ac     0x4  startup_stm32f103xb.o [1]
  .text              ro code  0x080096b0     0x4  startup_stm32f103xb.o [1]
  .text              ro code  0x080096b4     0x4  startup_stm32f103xb.o [1]
  .text              ro code  0x080096b8     0x4  startup_stm32f103xb.o [1]
  .text              ro code  0x080096bc     0x4  startup_stm32f103xb.o [1]
  .text              ro code  0x080096c0     0x4  startup_stm32f103xb.o [1]
  .text              ro code  0x080096c4     0x4  startup_stm32f103xb.o [1]
  .text              ro code  0x080096c8     0x4  startup_stm32f103xb.o [1]
  .text              ro code  0x080096cc     0x4  startup_stm32f103xb.o [1]
  .text              ro code  0x080096d0     0x4  startup_stm32f103xb.o [1]
  .text              ro code  0x080096d4     0x4  startup_stm32f103xb.o [1]
  .text              ro code  0x080096d8     0x4  startup_stm32f103xb.o [1]
  .text              ro code  0x080096dc     0x4  startup_stm32f103xb.o [1]
  .text              ro code  0x080096e0     0x4  startup_stm32f103xb.o [1]
  .text              ro code  0x080096e4     0x2  system_stm32f1xx.o [1]
  .rodata            const    0x080096e6     0x0  zero_init3.o [4]
  .rodata            const    0x080096e6     0x0  copy_init3.o [4]
                            - 0x080096e6  0x95fa

"P2", part 1 of 3:                         0x104
  P2-1                        0x20000000   0x103  <Init block>
    .data            inited   0x20000000    0x2c  i2c.o [1]
    .data            inited   0x2000002c    0xc0  i2c.o [1]
    .data            inited   0x200000ec     0x4  i2c.o [1]
    .data            inited   0x200000f0     0x4  i2c.o [1]
    .data            inited   0x200000f4     0x4  port.o [1]
    .data            inited   0x200000f8     0x4  stm32f1xx_hal.o [1]
    .data            inited   0x200000fc     0x4  system_stm32f1xx.o [1]
    .data            inited   0x20000100     0x2  mode.o [1]
    .data            inited   0x20000102     0x1  stm32f1xx_hal.o [1]
                            - 0x20000103   0x103

"P2", part 2 of 3:                        0x34a0
  .bss               zero     0x20000104  0x2000  heap_4.o [1]
  .bss               zero     0x20002104   0x460  tasks.o [1]
  .bss               zero     0x20002564   0x400  cmsis_os2.o [1]
  .bss               zero     0x20002964   0x2ec  usb.o [1]
  .bss               zero     0x20002c50   0x200  cmsis_os2.o [1]
  .bss               zero     0x20002e50    0xa0  timers.o [1]
  .bss               zero     0x20002ef0    0x5c  cmsis_os2.o [1]
  .bss               zero     0x20002f4c    0x5c  cmsis_os2.o [1]
  .bss               zero     0x20002fa8    0x58  spi.o [1]
  .bss               zero     0x20003000    0x54  i2c.o [1]
  .bss               zero     0x20003054    0x50  freertos.o [1]
  .bss               zero     0x200030a4    0x50  freertos.o [1]
  .bss               zero     0x200030f4    0x50  freertos.o [1]
  .bss               zero     0x20003144    0x50  freertos.o [1]
  .bss               zero     0x20003194    0x50  timers.o [1]
  .bss               zero     0x200031e4    0x48  tim.o [1]
  .bss               zero     0x2000322c    0x48  tim.o [1]
  .bss               zero     0x20003274    0x44  usart.o [1]
  .bss               zero     0x200032b8    0x40  queue.o [1]
  .bss               zero     0x200032f8    0x3c  mode.o [1]
  .bss               zero     0x20003334    0x2c  i2c.o [1]
  .bss               zero     0x20003360    0x28  can.o [1]
  .bss               zero     0x20003388    0x1c  usart.o [1]
  .bss               zero     0x200033a4    0x14  rtc.o [1]
  .bss               zero     0x200033b8    0x14  tasks.o [1]
  .bss               zero     0x200033cc    0x14  tasks.o [1]
  .bss               zero     0x200033e0    0x14  tasks.o [1]
  .bss               zero     0x200033f4    0x14  tasks.o [1]
  .bss               zero     0x20003408    0x14  tasks.o [1]
  .bss               zero     0x2000341c    0x14  timers.o [1]
  .bss               zero     0x20003430    0x14  timers.o [1]
  .bss               zero     0x20003444     0xc  can.o [1]
  .bss               zero     0x20003450     0xc  i2c.o [1]
  .bss               zero     0x2000345c     0xc  tim.o [1]
  .bss               zero     0x20003468     0x8  heap_4.o [1]
  .bss               zero     0x20003470     0x8  mode.o [1]
  .bss               zero     0x20003478     0x8  usart.o [1]
  .bss               zero     0x20003480     0x8  usart.o [1]
  .bss               zero     0x20003488     0x8  usart.o [1]
  .bss               zero     0x20003490     0x8  usart.o [1]
  .bss               zero     0x20003498     0x8  usart.o [1]
  .bss               zero     0x200034a0     0x8  usart.o [1]
  .bss               zero     0x200034a8     0x4  cmsis_os2.o [1]
  .bss               zero     0x200034ac     0x4  freertos.o [1]
  .bss               zero     0x200034b0     0x4  freertos.o [1]
  .bss               zero     0x200034b4     0x4  freertos.o [1]
  .bss               zero     0x200034b8     0x4  freertos.o [1]
  .bss               zero     0x200034bc     0x4  freertos.o [1]
  .bss               zero     0x200034c0     0x4  freertos.o [1]
  .bss               zero     0x200034c4     0x4  freertos.o [1]
  .bss               zero     0x200034c8     0x4  freertos.o [1]
  .bss               zero     0x200034cc     0x4  freertos.o [1]
  .bss               zero     0x200034d0     0x4  freertos.o [1]
  .bss               zero     0x200034d4     0x4  freertos.o [1]
  .bss               zero     0x200034d8     0x4  freertos.o [1]
  .bss               zero     0x200034dc     0x4  heap_4.o [1]
  .bss               zero     0x200034e0     0x4  heap_4.o [1]
  .bss               zero     0x200034e4     0x4  heap_4.o [1]
  .bss               zero     0x200034e8     0x4  heap_4.o [1]
  .bss               zero     0x200034ec     0x4  mode.o [1]
  .bss               zero     0x200034f0     0x4  mode.o [1]
  .bss               zero     0x200034f4     0x4  mode.o [1]
  .bss               zero     0x200034f8     0x4  mode.o [1]
  .bss               zero     0x200034fc     0x4  port.o [1]
  .bss               zero     0x20003500     0x4  stm32f1xx_hal.o [1]
  .bss               zero     0x20003504     0x4  tasks.o [1]
  .bss               zero     0x20003508     0x4  tasks.o [1]
  .bss               zero     0x2000350c     0x4  tasks.o [1]
  .bss               zero     0x20003510     0x4  tasks.o [1]
  .bss               zero     0x20003514     0x4  tasks.o [1]
  .bss               zero     0x20003518     0x4  tasks.o [1]
  .bss               zero     0x2000351c     0x4  tasks.o [1]
  .bss               zero     0x20003520     0x4  tasks.o [1]
  .bss               zero     0x20003524     0x4  tasks.o [1]
  .bss               zero     0x20003528     0x4  tasks.o [1]
  .bss               zero     0x2000352c     0x4  tasks.o [1]
  .bss               zero     0x20003530     0x4  tasks.o [1]
  .bss               zero     0x20003534     0x4  tasks.o [1]
  .bss               zero     0x20003538     0x4  tasks.o [1]
  .bss               zero     0x2000353c     0x4  tasks.o [1]
  .bss               zero     0x20003540     0x4  tim.o [1]
  .bss               zero     0x20003544     0x4  tim.o [1]
  .bss               zero     0x20003548     0x4  tim.o [1]
  .bss               zero     0x2000354c     0x4  tim.o [1]
  .bss               zero     0x20003550     0x4  timers.o [1]
  .bss               zero     0x20003554     0x4  timers.o [1]
  .bss               zero     0x20003558     0x4  timers.o [1]
  .bss               zero     0x2000355c     0x4  timers.o [1]
  .bss               zero     0x20003560     0x4  timers.o [1]
  .bss               zero     0x20003564     0x4  usart.o [1]
  .bss               zero     0x20003568     0x4  usart.o [1]
  .bss               zero     0x2000356c     0x2  freertos.o [1]
  .bss               zero     0x2000356e     0x2  freertos.o [1]
  .bss               zero     0x20003570     0x2  mode.o [1]
  .bss               zero     0x20003572     0x2  mode.o [1]
  .bss               zero     0x20003574     0x2  mode.o [1]
  .bss               zero     0x20003576     0x2  mode.o [1]
  .bss               zero     0x20003578     0x2  mode.o [1]
  .bss               zero     0x2000357a     0x2  mode.o [1]
  .bss               zero     0x2000357c     0x2  mode.o [1]
  .bss               zero     0x2000357e     0x2  mode.o [1]
  .bss               zero     0x20003580     0x2  mode.o [1]
  .bss               zero     0x20003582     0x2  tim.o [1]
  .bss               zero     0x20003584     0x2  tim.o [1]
  .bss               zero     0x20003586     0x2  tim.o [1]
  .bss               zero     0x20003588     0x2  tim.o [1]
  .bss               zero     0x2000358a     0x2  tim.o [1]
  .bss               zero     0x2000358c     0x2  usart.o [1]
  .bss               zero     0x2000358e     0x1  freertos.o [1]
  .bss               zero     0x2000358f     0x1  i2c.o [1]
  .bss               zero     0x20003590     0x1  mode.o [1]
  .bss               zero     0x20003591     0x1  mode.o [1]
  .bss               zero     0x20003592     0x1  mode.o [1]
  .bss               zero     0x20003593     0x1  mode.o [1]
  .bss               zero     0x20003594     0x1  mode.o [1]
  .bss               zero     0x20003595     0x1  mode.o [1]
  .bss               zero     0x20003596     0x1  mode.o [1]
  .bss               zero     0x20003597     0x1  mode.o [1]
  .bss               zero     0x20003598     0x1  mode.o [1]
  .bss               zero     0x20003599     0x1  mode.o [1]
  .bss               zero     0x2000359a     0x1  mode.o [1]
  .bss               zero     0x2000359b     0x1  mode.o [1]
  .bss               zero     0x2000359c     0x1  port.o [1]
  .bss               zero     0x2000359d     0x1  tim.o [1]
  .bss               zero     0x2000359e     0x1  tim.o [1]
  .bss               zero     0x2000359f     0x1  usart.o [1]
  .bss               zero     0x200035a0     0x1  usart.o [1]
  .bss               zero     0x200035a1     0x1  usart.o [1]
  .bss               zero     0x200035a2     0x1  usart.o [1]
                            - 0x200035a3  0x349f

"P2", part 3 of 3:                         0x400
  CSTACK                      0x200035a8   0x400  <Block>
    CSTACK           uninit   0x200035a8   0x400  <Block tail>
                            - 0x200039a8   0x400


*******************************************************************************
*** INIT TABLE
***

          Address     Size
          -------     ----
Zero (__iar_zero_init3)
    1 destination range, total size 0x349f:
          0x20000104  0x349f

Copy (__iar_copy_init3)
    1 source range, total size 0x104 (100% of destination):
          0x0800912c   0x104
    1 destination range, total size 0x103:
          0x20000000   0x103



*******************************************************************************
*** MODULE SUMMARY
***

    Module                  ro code  ro data  rw data
    ------                  -------  -------  -------
F:\00_Workspace\00_YTP_GoodProject\040_Software\41_Cube\Code\GoodProject\EWARM\GoodProject\Obj: [1]
    can.o                       568       16       52
    cmsis_os2.o               1 128             1 724
    event_groups.o              632
    freertos.o                  312      496      373
    gpio.o                      280
    heap_4.o                    604        4    8 216
    i2c.o                       858      244      385
    list.o                      152
    main.o                      214
    mode.o                    1 924        2      116
    port.o                      548        8        9
    portasm.o                   136
    queue.o                   2 042                64
    rtc.o                       104                20
    spi.o                       208                88
    startup_stm32f103xb.o       404
    stm32f1xx_hal.o             152        5        9
    stm32f1xx_hal_can.o       1 308
    stm32f1xx_hal_cortex.o      344
    stm32f1xx_hal_dma.o         280
    stm32f1xx_hal_gpio.o        536
    stm32f1xx_hal_i2c.o       2 988
    stm32f1xx_hal_msp.o          92
    stm32f1xx_hal_pcd.o       3 302
    stm32f1xx_hal_pwr.o          12
    stm32f1xx_hal_rcc.o       1 772       18
    stm32f1xx_hal_rcc_ex.o      528       18
    stm32f1xx_hal_rtc.o         406
    stm32f1xx_hal_spi.o         196
    stm32f1xx_hal_tim.o       2 434
    stm32f1xx_hal_tim_ex.o      128
    stm32f1xx_hal_uart.o      1 550
    stm32f1xx_it.o              112
    stm32f1xx_ll_usb.o        2 454
    system_stm32f1xx.o            2       28        4
    tasks.o                   2 884        8    1 280
    tim.o                     1 224       32      184
    timers.o                  1 160       16      300
    usart.o                   3 008               158
    usb.o                       136               748
    -------------------------------------------------
    Total:                   37 122      895   13 730

command line: [2]
    -------------------------------------------------
    Total:

dl7M_tlf.a: [3]
    exit.o                        4
    low_level_init.o              4
    -------------------------------------------------
    Total:                        8

rt7M_tl.a: [4]
    ABImemclr4.o                  6
    ABImemcpy.o                 166
    ABImemset.o                 102
    ABImemset48.o                50
    cexit.o                      10
    cmain.o                      30
    copy_init3.o                 44
    cstartup_M.o                 12
    data_init.o                  40
    zero_init3.o                 64
    -------------------------------------------------
    Total:                      524

shb_l.a: [5]
    exit.o                       20
    -------------------------------------------------
    Total:                       20

    Gaps                         24
    Linker created                        37    1 024
-----------------------------------------------------
    Grand Total:             37 698      932   14 754


*******************************************************************************
*** ENTRY LIST
***

Entry                      Address    Size  Type      Object
-----                      -------    ----  ----      ------
.iar.init_table$$Base   0x08009424           --   Gb  - Linker created -
.iar.init_table$$Limit  0x08009448           --   Gb  - Linker created -
?main                   0x08009469          Code  Gb  cmain.o [4]
AHBPrescTable           0x0800959c    0x10  Data  Gb  system_stm32f1xx.o [1]
APBPrescTable           0x0800960c     0x8  Data  Gb  system_stm32f1xx.o [1]
BusFault_Handler        0x08009237     0x2  Code  Gb  stm32f1xx_it.o [1]
CAN1_RX1_IRQHandler     0x08009271     0xa  Code  Gb  stm32f1xx_it.o [1]
CANHandle               0x200034b0     0x4  Data  Gb  freertos.o [1]
CAN_attributes          0x08009370    0x24  Data  Gb  freertos.o [1]
CSTACK$$Base            0x200035a8           --   Gb  - Linker created -
CSTACK$$Limit           0x200039a8           --   Gb  - Linker created -
DebugMon_Handler        0x0800923b     0x2  Code  Gb  stm32f1xx_it.o [1]
EEPROMHandle            0x200034c0     0x4  Data  Gb  freertos.o [1]
EEPROM_CheckSum         0x080031c1    0x30  Code  Lc  i2c.o [1]
EEPROM_DataInitRead     0x080031f1    0xb2  Code  Lc  i2c.o [1]
EEPROM_DataInitRead::checkSumReadArray
                        0x20003450     0xc  Data  Lc  i2c.o [1]
EEPROM_DataInitRead::itemPtr
                        0x200000ec     0x4  Data  Lc  i2c.o [1]
EEPROM_GetPosition      0x080030b7    0x1e  Code  Gb  i2c.o [1]
EEPROM_Handel           0x080032a3    0x7a  Code  Lc  i2c.o [1]
EEPROM_Handel::index    0x2000358f     0x1  Data  Lc  i2c.o [1]
EEPROM_Handel::itemPtr  0x200000f0     0x4  Data  Lc  i2c.o [1]
EEPROM_Read             0x08003163    0x2e  Code  Lc  i2c.o [1]
EEPROM_ReadRequest      0x08003135    0x2e  Code  Gb  i2c.o [1]
EEPROM_Task             0x08003349    0x12  Code  Gb  i2c.o [1]
EEPROM_Write            0x08003191    0x30  Code  Lc  i2c.o [1]
EEPROM_WriteRequest     0x080030d5    0x60  Code  Gb  i2c.o [1]
EEPROM_attributes       0x08009400    0x24  Data  Gb  freertos.o [1]
Error_Handler           0x0800196b     0x4  Code  Gb  main.o [1]
HAL_CAN_AddTxMessage    0x08004689   0x10a  Code  Gb  stm32f1xx_hal_can.o [1]
HAL_CAN_IRQHandler      0x08004793   0x230  Code  Gb  stm32f1xx_hal_can.o [1]
HAL_CAN_Init            0x080044c1   0x16c  Code  Gb  stm32f1xx_hal_can.o [1]
HAL_CAN_MspInit         0x08001c69    0xba  Code  Gb  can.o [1]
HAL_CAN_Start           0x0800462d    0x5c  Code  Gb  stm32f1xx_hal_can.o [1]
HAL_CAN_Task            0x08001d23    0xf0  Code  Gb  can.o [1]
HAL_DMA_Abort           0x08008571    0x4c  Code  Gb  stm32f1xx_hal_dma.o [1]
HAL_DMA_Abort_IT        0x080085bd    0xae  Code  Gb  stm32f1xx_hal_dma.o [1]
HAL_GPIO_Init           0x080042a9   0x1c4  Code  Gb  stm32f1xx_hal_gpio.o [1]
HAL_GPIO_WritePin       0x0800446d    0x14  Code  Gb  stm32f1xx_hal_gpio.o [1]
HAL_GetTick             0x08008549     0xc  Code  Wk  stm32f1xx_hal.o [1]
HAL_I2C_Init            0x08006629   0x1d8  Code  Gb  stm32f1xx_hal_i2c.o [1]
HAL_I2C_Mem_Read        0x08006981   0x350  Code  Gb  stm32f1xx_hal_i2c.o [1]
HAL_I2C_Mem_Write       0x08006819   0x168  Code  Gb  stm32f1xx_hal_i2c.o [1]
HAL_I2C_MspInit         0x08003057    0x60  Code  Gb  i2c.o [1]
HAL_IncTick             0x080092a1    0x18  Code  Wk  stm32f1xx_hal.o [1]
HAL_Init                0x08001ac9    0x22  Code  Gb  stm32f1xx_hal.o [1]
HAL_InitTick            0x08004201    0x4c  Code  Wk  stm32f1xx_hal.o [1]
HAL_LIN_Init            0x080049c5    0x94  Code  Gb  stm32f1xx_hal_uart.o [1]
HAL_MspInit             0x0800424d    0x5c  Code  Gb  stm32f1xx_hal_msp.o [1]
HAL_NVIC_EnableIRQ      0x08001a89     0xa  Code  Gb  stm32f1xx_hal_cortex.o [1]
HAL_NVIC_SetPriority    0x08001a67    0x22  Code  Gb  stm32f1xx_hal_cortex.o [1]
HAL_NVIC_SetPriorityGrouping
                        0x08001a5f     0x8  Code  Gb  stm32f1xx_hal_cortex.o [1]
HAL_NVIC_SystemReset    0x08001a93     0x8  Code  Gb  stm32f1xx_hal_cortex.o [1]
HAL_PCD_EP_DB_Receive   0x08000853   0x13a  Code  Lc  stm32f1xx_hal_pcd.o [1]
HAL_PCD_EP_DB_Transmit  0x0800098d   0x438  Code  Lc  stm32f1xx_hal_pcd.o [1]
HAL_PCD_IRQHandler      0x0800027f   0x1c0  Code  Gb  stm32f1xx_hal_pcd.o [1]
HAL_PCD_Init            0x080000ed   0x192  Code  Gb  stm32f1xx_hal_pcd.o [1]
HAL_PCD_MspInit         0x08000dfb    0x44  Code  Gb  usb.o [1]
HAL_PCD_SetAddress      0x0800043f    0x2c  Code  Gb  stm32f1xx_hal_pcd.o [1]
HAL_PWR_EnableBkUpAccess
                        0x08005b61     0x8  Code  Gb  stm32f1xx_hal_pwr.o [1]
HAL_RCCEx_GetPeriphCLKFreq
                        0x080040f7    0xdc  Code  Gb  stm32f1xx_hal_rcc_ex.o [1]
HAL_RCCEx_PeriphCLKConfig
                        0x08003ff1   0x106  Code  Gb  stm32f1xx_hal_rcc_ex.o [1]
HAL_RCC_ClockConfig     0x08003d7f   0x16e  Code  Gb  stm32f1xx_hal_rcc.o [1]
HAL_RCC_GetHCLKFreq     0x08003f51     0x6  Code  Gb  stm32f1xx_hal_rcc.o [1]
HAL_RCC_GetPCLK1Freq    0x08003f57    0x16  Code  Gb  stm32f1xx_hal_rcc.o [1]
HAL_RCC_GetPCLK2Freq    0x08003f6d    0x16  Code  Gb  stm32f1xx_hal_rcc.o [1]
HAL_RCC_GetSysClockFreq
                        0x08003eed    0x64  Code  Gb  stm32f1xx_hal_rcc.o [1]
HAL_RCC_OscConfig       0x08003905   0x47a  Code  Gb  stm32f1xx_hal_rcc.o [1]
HAL_RTC_Init            0x080059c9    0xe2  Code  Gb  stm32f1xx_hal_rtc.o [1]
HAL_RTC_MspInit         0x08002a29    0x2e  Code  Gb  rtc.o [1]
HAL_RTC_WaitForSynchro  0x08005ab5    0x3e  Code  Gb  stm32f1xx_hal_rtc.o [1]
HAL_SPI_Init            0x08005b6d    0xc4  Code  Gb  stm32f1xx_hal_spi.o [1]
HAL_SPI_MspInit         0x08002ac9    0x5e  Code  Gb  spi.o [1]
HAL_SYSTICK_Config      0x08001a9b     0x8  Code  Gb  stm32f1xx_hal_cortex.o [1]
HAL_TIMEx_BreakCallback
                        0x08009037     0x2  Code  Wk  stm32f1xx_hal_tim_ex.o [1]
HAL_TIMEx_CommutCallback
                        0x0800903b     0x2  Code  Wk  stm32f1xx_hal_tim_ex.o [1]
HAL_TIMEx_MasterConfigSynchronization
                        0x080065ad    0x6c  Code  Gb  stm32f1xx_hal_tim_ex.o [1]
HAL_TIM_IC_CaptureCallback
                        0x08002dd1   0x16a  Code  Gb  tim.o [1]
HAL_TIM_IC_CaptureCallback::counter
                        0x20003544     0x4  Data  Lc  tim.o [1]
HAL_TIM_IC_CaptureCallback::counterDelta
                        0x2000354c     0x4  Data  Lc  tim.o [1]
HAL_TIM_IC_CaptureCallback::counterOld
                        0x20003548     0x4  Data  Lc  tim.o [1]
HAL_TIM_IC_CaptureCallback::crcValue
                        0x2000359e     0x1  Data  Lc  tim.o [1]
HAL_TIM_IC_CaptureCallback::dataList
                        0x2000345c     0xc  Data  Lc  tim.o [1]
HAL_TIM_IC_CaptureCallback::index
                        0x2000359d     0x1  Data  Lc  tim.o [1]
HAL_TIM_IC_CaptureCallback::positionValueTemp
                        0x20003586     0x2  Data  Lc  tim.o [1]
HAL_TIM_IC_CaptureCallback::positionValueTempDelta
                        0x2000358a     0x2  Data  Lc  tim.o [1]
HAL_TIM_IC_CaptureCallback::positionValueTempOld
                        0x20003588     0x2  Data  Lc  tim.o [1]
HAL_TIM_IC_ConfigChannel
                        0x080060c7    0xc8  Code  Gb  stm32f1xx_hal_tim.o [1]
HAL_TIM_IC_Init         0x08005d71    0x6e  Code  Gb  stm32f1xx_hal_tim.o [1]
HAL_TIM_IC_MspInit      0x08002c97    0x7e  Code  Gb  tim.o [1]
HAL_TIM_IC_Start_IT     0x08005de5   0x15e  Code  Gb  stm32f1xx_hal_tim.o [1]
HAL_TIM_IRQHandler      0x08005f51   0x176  Code  Gb  stm32f1xx_hal_tim.o [1]
HAL_TIM_MspPostInit     0x08002d3b    0x5a  Code  Gb  tim.o [1]
HAL_TIM_PWM_ConfigChannel
                        0x0800618f    0xf0  Code  Gb  stm32f1xx_hal_tim.o [1]
HAL_TIM_PWM_Init        0x08005c31    0x6e  Code  Gb  stm32f1xx_hal_tim.o [1]
HAL_TIM_PWM_MspInit     0x08002d15    0x26  Code  Gb  tim.o [1]
HAL_TIM_PWM_Start       0x08005c9f    0xc8  Code  Gb  stm32f1xx_hal_tim.o [1]
HAL_TIM_ReadCapturedValue
                        0x0800627f    0x30  Code  Gb  stm32f1xx_hal_tim.o [1]
HAL_TIM_Task            0x08002f3b    0x52  Code  Gb  tim.o [1]
HAL_UART_IRQHandler     0x08004ae9   0x21e  Code  Gb  stm32f1xx_hal_uart.o [1]
HAL_UART_MspInit        0x08001e93    0x98  Code  Gb  usart.o [1]
HAL_UART_Receive_IT     0x08004aad    0x3c  Code  Gb  stm32f1xx_hal_uart.o [1]
HAL_UART_RxCpltCallback
                        0x08001f2b    0x40  Code  Gb  usart.o [1]
HAL_UART_RxCpltCallback::data
                        0x200035a0     0x1  Data  Lc  usart.o [1]
HAL_UART_RxManage       0x08001fb1   0x608  Code  Gb  usart.o [1]
HAL_UART_Task           0x08002825   0x17a  Code  Gb  usart.o [1]
HAL_UART_Transmit_IT    0x08004a59    0x54  Code  Gb  stm32f1xx_hal_uart.o [1]
HardFault_Handler       0x08009233     0x2  Code  Gb  stm32f1xx_it.o [1]
I2C_IsAcknowledgeFailed
                        0x0800719f    0x36  Code  Lc  stm32f1xx_hal_i2c.o [1]
I2C_RequestMemoryRead   0x08006dc7   0x16c  Code  Lc  stm32f1xx_hal_i2c.o [1]
I2C_RequestMemoryWrite  0x08006ce1    0xe6  Code  Lc  stm32f1xx_hal_i2c.o [1]
I2C_WaitOnBTFFlagUntilTimeout
                        0x080070cf    0x58  Code  Lc  stm32f1xx_hal_i2c.o [1]
I2C_WaitOnFlagUntilTimeout
                        0x08006f33    0x8a  Code  Lc  stm32f1xx_hal_i2c.o [1]
I2C_WaitOnMasterAddressFlagUntilTimeout
                        0x08006fbd    0xba  Code  Lc  stm32f1xx_hal_i2c.o [1]
I2C_WaitOnRXNEFlagUntilTimeout
                        0x0800712d    0x72  Code  Lc  stm32f1xx_hal_i2c.o [1]
I2C_WaitOnTXEFlagUntilTimeout
                        0x08007077    0x58  Code  Lc  stm32f1xx_hal_i2c.o [1]
Idle_Stack              0x20002c50   0x200  Data  Lc  cmsis_os2.o [1]
Idle_TCB                0x20002ef0    0x5c  Data  Lc  cmsis_os2.o [1]
KernelState             0x200034a8     0x4  Data  Lc  cmsis_os2.o [1]
LIN_ComputeChecksum     0x08001f6b    0x46  Code  Lc  usart.o [1]
LIN_MasterModeCommandBuffer
                        0x2000358e     0x1  Data  Gb  freertos.o [1]
LIN_MasterModeCommandControlBlock
                        0x200030f4    0x50  Data  Gb  freertos.o [1]
LIN_MasterModeCommandQueueHandle
                        0x200034cc     0x4  Data  Gb  freertos.o [1]
LIN_MasterModeCommandQueue_attributes
                        0x08009518    0x18  Data  Gb  freertos.o [1]
LIN_MasterTargetPositionBuffer
                        0x2000356e     0x2  Data  Gb  freertos.o [1]
LIN_MasterTargetPositionControlBlock
                        0x200030a4    0x50  Data  Gb  freertos.o [1]
LIN_MasterTargetPositionQueueHandle
                        0x200034c8     0x4  Data  Gb  freertos.o [1]
LIN_MasterTargetPositionQueue_attributes
                        0x08009500    0x18  Data  Gb  freertos.o [1]
LIN_MessagesRxHandel    0x080025b9    0x10  Code  Lc  usart.o [1]
LIN_RX_MASTERCAL_MessagesUpdate
                        0x080026d9    0x72  Code  Lc  usart.o [1]
LIN_RX_MASTERMCV_MessagesUpdate
                        0x0800266f    0x6a  Code  Lc  usart.o [1]
LIN_RX_MASTERMCV_MessagesUpdate::linMasterModeCommandValue
                        0x200035a1     0x1  Data  Lc  usart.o [1]
LIN_RX_MASTER_MessagesUpdate
                        0x080025c9    0xa6  Code  Lc  usart.o [1]
LIN_TX_YTCAL_MessagesUpdate
                        0x080027c9    0x5c  Code  Lc  usart.o [1]
LIN_TX_YTCAL_MessagesUpdate::modeName
                        0x200035a2     0x1  Data  Lc  usart.o [1]
LIN_TX_YTSENT_MessagesUpdate
                        0x0800274b    0x4c  Code  Lc  usart.o [1]
LIN_TX_YTSENT_MessagesUpdate::linAngleValue
                        0x20003568     0x4  Data  Lc  usart.o [1]
LIN_TX_YTSENT_MessagesUpdate::linYtSentCurrentPositionValue
                        0x2000358c     0x2  Data  Lc  usart.o [1]
LIN_TX_YTSTATUS_MessagesUpdate
                        0x08002797    0x32  Code  Lc  usart.o [1]
MODEHandle              0x200034bc     0x4  Data  Gb  freertos.o [1]
MODE_ControlModeHandel  0x0800576d    0xec  Code  Gb  mode.o [1]
MODE_ControlModeHandel::masterModeCommand
                        0x2000359a     0x1  Data  Lc  mode.o [1]
MODE_ControlModeHandel::masterModeCommandOld
                        0x2000359b     0x1  Data  Lc  mode.o [1]
MODE_ControlModeHandel::masterTargetPosOld
                        0x20000100     0x2  Data  Lc  mode.o [1]
MODE_ControlModeHandel::timer
                        0x2000357e     0x2  Data  Lc  mode.o [1]
MODE_GetMode            0x08005865     0x6  Code  Gb  mode.o [1]
MODE_GetModeErrorStatus
                        0x0800585f     0x6  Code  Gb  mode.o [1]
MODE_GetModeStatus      0x08005859     0x6  Code  Gb  mode.o [1]
MODE_Init               0x08005245    0x52  Code  Gb  mode.o [1]
MODE_ModeCommandChange  0x080052fb   0x13c  Code  Lc  mode.o [1]
MODE_ModeCommandChange::firstPos
                        0x20003572     0x2  Data  Lc  mode.o [1]
MODE_ModeCommandChange::secondtPos
                        0x20003574     0x2  Data  Lc  mode.o [1]
MODE_ModePositionChange
                        0x08005297    0x64  Code  Lc  mode.o [1]
MODE_ModePositionChange::posRunStep
                        0x20003599     0x1  Data  Lc  mode.o [1]
MODE_MotorAction        0x08005437   0x336  Code  Lc  mode.o [1]
MODE_MotorAction::brakeTimer
                        0x20003576     0x2  Data  Lc  mode.o [1]
MODE_MotorAction::modeCurrentPosOld
                        0x2000357c     0x2  Data  Lc  mode.o [1]
MODE_MotorAction::motorOutMessageQueue
                        0x20003470     0x8  Data  Lc  mode.o [1]
MODE_MotorAction::positionValueDelta
                        0x20003578     0x2  Data  Lc  mode.o [1]
MODE_MotorAction::positionValueDeltaAverage
                        0x2000357a     0x2  Data  Lc  mode.o [1]
MODE_MotorAction::positionValueDeltaList
                        0x200032f8    0x3c  Data  Lc  mode.o [1]
MODE_MotorOutBuffer     0x200034d4     0x4  Data  Gb  freertos.o [1]
MODE_MotorOutControlBlock
                        0x20003144    0x50  Data  Gb  freertos.o [1]
MODE_MotorOutQueueHandle
                        0x200034d0     0x4  Data  Gb  freertos.o [1]
MODE_MotorOutQueue_attributes
                        0x08009530    0x18  Data  Gb  freertos.o [1]
MODE_Task               0x0800586b    0xd2  Code  Gb  mode.o [1]
MODE_Task::positionValueOld
                        0x20003580     0x2  Data  Lc  mode.o [1]
MODE_attributes         0x080093dc    0x24  Data  Gb  freertos.o [1]
MX_CAN_Init             0x08001c09    0x60  Code  Gb  can.o [1]
MX_FREERTOS_Init        0x080037c5    0x9c  Code  Gb  freertos.o [1]
MX_GPIO_Init            0x08001af1   0x118  Code  Gb  gpio.o [1]
MX_I2C2_Init            0x08003001    0x56  Code  Gb  i2c.o [1]
MX_RTC_Init             0x08002a01    0x28  Code  Gb  rtc.o [1]
MX_SPI1_Init            0x08002a69    0x60  Code  Gb  spi.o [1]
MX_TIM1_Init            0x08002b39    0xa6  Code  Gb  tim.o [1]
MX_TIM3_Init            0x08002bdf    0xb8  Code  Gb  tim.o [1]
MX_USART1_UART_Init     0x08001e41    0x52  Code  Gb  usart.o [1]
MX_USB_PCD_Init         0x08000dc5    0x36  Code  Gb  usb.o [1]
MemManage_Handler       0x08009235     0x2  Code  Gb  stm32f1xx_it.o [1]
MotorOutEventHandle     0x200034d8     0x4  Data  Gb  freertos.o [1]
MotorOutEvent_attributes
                        0x0800956c    0x10  Data  Gb  freertos.o [1]
NMI_Handler             0x08009231     0x2  Code  Gb  stm32f1xx_it.o [1]
NVIC_EncodePriority     0x080019d7    0x3e  Code  Lc  stm32f1xx_hal_cortex.o [1]
PCD_EP_ISR_Handler      0x0800046b   0x3e8  Code  Lc  stm32f1xx_hal_pcd.o [1]
PendSV_Handler          0x080090a5          Code  Gb  portasm.o [1]
RCC_Delay               0x08003f83    0x24  Code  Lc  stm32f1xx_hal_rcc.o [1]
RTC_EnterInitMode       0x08005af3    0x36  Code  Lc  stm32f1xx_hal_rtc.o [1]
RTC_ExitInitMode        0x08005b29    0x36  Code  Lc  stm32f1xx_hal_rtc.o [1]
Region$$Table$$Base     0x08009424           --   Gb  - Linker created -
Region$$Table$$Limit    0x08009448           --   Gb  - Linker created -
SENT_CurrentPositionBuffer
                        0x2000356c     0x2  Data  Gb  freertos.o [1]
SENT_CurrentPositionControlBlock
                        0x20003054    0x50  Data  Gb  freertos.o [1]
SENT_CurrentPositionQueueHandle
                        0x200034c4     0x4  Data  Gb  freertos.o [1]
SENT_CurrentPositionQueue_attributes
                        0x080094e8    0x18  Data  Gb  freertos.o [1]
SVC_Handler             0x080090eb          Code  Gb  portasm.o [1]
StartDefaultTask        0x08003861    0x2c  Code  Gb  freertos.o [1]
SysTick_Config          0x08001a31    0x2e  Code  Lc  stm32f1xx_hal_cortex.o [1]
SysTick_Handler         0x0800923d    0x14  Code  Gb  stm32f1xx_it.o [1]
SystemClock_Config      0x080018d5    0x96  Code  Gb  main.o [1]
SystemCoreClock         0x200000fc     0x4  Data  Gb  system_stm32f1xx.o [1]
SystemInit              0x080096e5     0x2  Code  Gb  system_stm32f1xx.o [1]
TIM1_CC_IRQHandler      0x0800927b     0xa  Code  Gb  stm32f1xx_it.o [1]
TIMHandle               0x200034b8     0x4  Data  Gb  freertos.o [1]
TIM_Base_SetConfig      0x080062af    0x64  Code  Gb  stm32f1xx_hal_tim.o [1]
TIM_CCxChannelCmd       0x08006585    0x26  Code  Gb  stm32f1xx_hal_tim.o [1]
TIM_OC1_SetConfig       0x08006313    0x5a  Code  Lc  stm32f1xx_hal_tim.o [1]
TIM_OC2_SetConfig       0x0800636d    0x64  Code  Gb  stm32f1xx_hal_tim.o [1]
TIM_OC3_SetConfig       0x080063d1    0x62  Code  Lc  stm32f1xx_hal_tim.o [1]
TIM_OC4_SetConfig       0x08006433    0x46  Code  Lc  stm32f1xx_hal_tim.o [1]
TIM_TI1_SetConfig       0x08006479    0x5e  Code  Gb  stm32f1xx_hal_tim.o [1]
TIM_TI2_SetConfig       0x080064e5    0x36  Code  Lc  stm32f1xx_hal_tim.o [1]
TIM_TI3_SetConfig       0x0800651b    0x34  Code  Lc  stm32f1xx_hal_tim.o [1]
TIM_TI4_SetConfig       0x0800654f    0x36  Code  Lc  stm32f1xx_hal_tim.o [1]
TIM_attributes          0x080093b8    0x24  Data  Gb  freertos.o [1]
Timer_Stack             0x20002564   0x400  Data  Lc  cmsis_os2.o [1]
Timer_TCB               0x20002f4c    0x5c  Data  Lc  cmsis_os2.o [1]
UARTHandle              0x200034b4     0x4  Data  Gb  freertos.o [1]
UART_DMAAbortOnError    0x08004d7d    0x12  Code  Lc  stm32f1xx_hal_uart.o [1]
UART_EndRxTransfer      0x08004d45    0x36  Code  Lc  stm32f1xx_hal_uart.o [1]
UART_EndTransmit_IT     0x08004df3    0x1c  Code  Lc  stm32f1xx_hal_uart.o [1]
UART_Receive_IT         0x08004e0f    0xdc  Code  Lc  stm32f1xx_hal_uart.o [1]
UART_SetConfig          0x08004eeb    0xd8  Code  Lc  stm32f1xx_hal_uart.o [1]
UART_Start_Receive_IT   0x08004d07    0x3e  Code  Gb  stm32f1xx_hal_uart.o [1]
UART_Transmit_IT        0x08004d91    0x62  Code  Lc  stm32f1xx_hal_uart.o [1]
UART_attributes         0x08009394    0x24  Data  Gb  freertos.o [1]
USART1_IRQHandler       0x08009285     0xa  Code  Gb  stm32f1xx_it.o [1]
USB_CoreInit            0x08000e4d     0x8  Code  Gb  stm32f1xx_ll_usb.o [1]
USB_DevDisconnect       0x08001771     0x4  Code  Gb  stm32f1xx_ll_usb.o [1]
USB_DevInit             0x08000e6d    0x20  Code  Gb  stm32f1xx_ll_usb.o [1]
USB_DisableGlobalInt    0x08000e55    0x14  Code  Gb  stm32f1xx_ll_usb.o [1]
USB_EPStartXfer         0x08000e8d   0x8d4  Code  Gb  stm32f1xx_ll_usb.o [1]
USB_HP_CAN1_TX_IRQHandler
                        0x08009251    0x10  Code  Gb  stm32f1xx_it.o [1]
USB_LP_CAN1_RX0_IRQHandler
                        0x08009261    0x10  Code  Gb  stm32f1xx_it.o [1]
USB_ReadInterrupts      0x08001775     0x6  Code  Gb  stm32f1xx_ll_usb.o [1]
USB_ReadPMA             0x080017ad    0x36  Code  Gb  stm32f1xx_ll_usb.o [1]
USB_SetCurrentMode      0x08000e69     0x4  Code  Gb  stm32f1xx_ll_usb.o [1]
USB_SetDevAddress       0x08001761    0x10  Code  Gb  stm32f1xx_ll_usb.o [1]
USB_WritePMA            0x0800177b    0x32  Code  Gb  stm32f1xx_ll_usb.o [1]
UsageFault_Handler      0x08009239     0x2  Code  Gb  stm32f1xx_it.o [1]
__NVIC_EnableIRQ        0x08001997    0x1c  Code  Lc  stm32f1xx_hal_cortex.o [1]
__NVIC_GetPriorityGrouping
                        0x0800198d     0xa  Code  Lc  stm32f1xx_hal_cortex.o [1]
__NVIC_SetPriority      0x080019b3    0x24  Code  Lc  stm32f1xx_hal_cortex.o [1]
__NVIC_SetPriorityGrouping
                        0x08001971    0x1c  Code  Lc  stm32f1xx_hal_cortex.o [1]
__NVIC_SystemReset      0x08001a15    0x1c  Code  Lc  stm32f1xx_hal_cortex.o [1]
__aeabi_memclr4         0x080038fd          Code  Gb  ABImemclr4.o [4]
__aeabi_memcpy          0x080017e5          Code  Gb  ABImemcpy.o [4]
__aeabi_memcpy4         0x08001805          Code  Gb  ABImemcpy.o [4]
__aeabi_memcpy8         0x08001805          Code  Gb  ABImemcpy.o [4]
__aeabi_memset          0x0800903d          Code  Gb  ABImemset.o [4]
__cmain                 0x08009469          Code  Gb  cmain.o [4]
__exit                  0x0800949d    0x14  Code  Gb  exit.o [5]
__iar_Memset            0x0800903d          Code  Gb  ABImemset.o [4]
__iar_Memset4_word      0x08008515          Code  Gb  ABImemset48.o [4]
__iar_Memset8_word      0x08008515          Code  Gb  ABImemset48.o [4]
__iar_Memset_word       0x08009045          Code  Gb  ABImemset.o [4]
__iar_copy_init3        0x080092f9    0x2c  Code  Gb  copy_init3.o [4]
__iar_data_init3        0x08009325    0x28  Code  Gb  data_init.o [4]
__iar_program_start     0x080095d9          Code  Gb  cstartup_M.o [4]
__iar_systems$$module {Abs}
                        0x00000001          Data  Gb  command line/config [2]
__iar_zero_init3        0x080092b9    0x40  Code  Gb  zero_init3.o [4]
__low_level_init        0x08009487     0x4  Code  Gb  low_level_init.o [3]
__vector_table          0x08000000          Data  Gb  startup_stm32f103xb.o [1]
_call_main              0x08009475          Code  Gb  cmain.o [4]
_exit                   0x08009491          Code  Gb  cexit.o [4]
_main                   0x08009483          Code  Gb  cmain.o [4]
canData                 0x20003444     0xc  Data  Gb  can.o [1]
controlMode             0x20003594     0x1  Data  Lc  mode.o [1]
crc4_cal                0x08002d95    0x3c  Code  Gb  tim.o [1]
currentMode             0x20003592     0x1  Data  Lc  mode.o [1]
defaultTaskHandle       0x200034ac     0x4  Data  Gb  freertos.o [1]
defaultTask_attributes  0x0800934c    0x24  Data  Gb  freertos.o [1]
eeData                  0x2000002c    0xc0  Data  Lc  i2c.o [1]
eeDefaultData           0x20000000    0x2c  Data  Lc  i2c.o [1]
eeMirrorData            0x20003334    0x2c  Data  Lc  i2c.o [1]
errorStatus             0x20003598     0x1  Data  Lc  mode.o [1]
exit                    0x0800948b     0x4  Code  Gb  exit.o [3]
hcan                    0x20003360    0x28  Data  Gb  can.o [1]
hi2c2                   0x20003000    0x54  Data  Gb  i2c.o [1]
hpcd_USB_FS             0x20002964   0x2ec  Data  Gb  usb.o [1]
hrtc                    0x200033a4    0x14  Data  Gb  rtc.o [1]
hspi1                   0x20002fa8    0x58  Data  Gb  spi.o [1]
htim1                   0x200031e4    0x48  Data  Gb  tim.o [1]
htim3                   0x2000322c    0x48  Data  Gb  tim.o [1]
huart1                  0x20003274    0x44  Data  Gb  usart.o [1]
linMasterCalMessage     0x200034a0     0x8  Data  Lc  usart.o [1]
linMasterMcvMessage     0x20003488     0x8  Data  Lc  usart.o [1]
linMasterMessage        0x20003478     0x8  Data  Lc  usart.o [1]
linState                0x2000359f     0x1  Data  Lc  usart.o [1]
linTransferData         0x20003388    0x1c  Data  Lc  usart.o [1]
linYtCalMessage         0x20003498     0x8  Data  Lc  usart.o [1]
linYtSentMessage        0x20003480     0x8  Data  Lc  usart.o [1]
linYtStatusMessage      0x20003490     0x8  Data  Lc  usart.o [1]
main                    0x08001899    0x3c  Code  Gb  main.o [1]
masterTargetPos         0x20003570     0x2  Data  Lc  mode.o [1]
modeCommand             0x20003591     0x1  Data  Lc  mode.o [1]
modeCurrentPos          0x200034ec     0x4  Data  Lc  mode.o [1]
modeCurrentStatus       0x20003597     0x1  Data  Lc  mode.o [1]
modeMotorOut            0x200034f4     0x4  Data  Lc  mode.o [1]
modeMotorOutOld         0x200034f8     0x4  Data  Lc  mode.o [1]
modeMotorRunStep        0x20003595     0x1  Data  Lc  mode.o [1]
modeMotorStatus         0x20003596     0x1  Data  Lc  mode.o [1]
modeRunStep             0x20003590     0x1  Data  Lc  mode.o [1]
modeTargetPos           0x200034f0     0x4  Data  Lc  mode.o [1]
osDelay                 0x0800350d    0x38  Code  Gb  cmsis_os2.o [1]
osEventFlagsNew         0x08003549    0x6c  Code  Gb  cmsis_os2.o [1]
osKernelInitialize      0x0800335d    0x44  Code  Gb  cmsis_os2.o [1]
osKernelStart           0x080033a1    0x4a  Code  Gb  cmsis_os2.o [1]
osMessageQueueGet       0x080036fd    0x8e  Code  Gb  cmsis_os2.o [1]
osMessageQueueNew       0x080035bd    0xae  Code  Gb  cmsis_os2.o [1]
osMessageQueuePut       0x0800366b    0x92  Code  Gb  cmsis_os2.o [1]
osThreadNew             0x080033eb    0xe4  Code  Gb  cmsis_os2.o [1]
osThreadYield           0x080034cf    0x3e  Code  Gb  cmsis_os2.o [1]
pcInterruptPriorityRegisters
                        0x08009648     0x4  Data  Lc  port.o [1]
positionValue           0x20003582     0x2  Data  Gb  tim.o [1]
prvAddCurrentTaskToDelayedList
                        0x08007c75    0x64  Code  Lc  tasks.o [1]
prvAddNewTaskToReadyList
                        0x08007381    0xc2  Code  Lc  tasks.o [1]
prvCheckForValidListAndQueue
                        0x08008f8b    0x52  Code  Lc  timers.o [1]
prvCheckForValidListAndQueue{1}{2}{3}{4}::ucStaticTimerQueueStorage
                        0x20002e50    0xa0  Data  Lc  timers.o [1]
prvCheckForValidListAndQueue{1}{2}{3}{4}::xStaticTimerQueue
                        0x20003194    0x50  Data  Lc  timers.o [1]
prvCheckTasksWaitingTermination
                        0x08007ad3    0x48  Code  Lc  tasks.o [1]
prvCopyDataFromQueue    0x080083cb    0x2a  Code  Lc  queue.o [1]
prvCopyDataToQueue      0x08008345    0x86  Code  Lc  queue.o [1]
prvDeleteTCB            0x08007b1b    0x42  Code  Lc  tasks.o [1]
prvGetNextExpireTime    0x08008d73    0x2c  Code  Lc  timers.o [1]
prvHeapInit             0x080088ad    0x62  Code  Lc  heap_4.o [1]
prvIdleTask             0x08007a4d    0x24  Code  Lc  tasks.o [1]
prvInitialiseNewQueue   0x08007ea5    0x22  Code  Lc  queue.o [1]
prvInitialiseNewTask    0x080072cb    0xb6  Code  Lc  tasks.o [1]
prvInitialiseTaskLists  0x08007a79    0x5a  Code  Lc  tasks.o [1]
prvInsertBlockIntoFreeList
                        0x0800890f    0x58  Code  Lc  heap_4.o [1]
prvInsertTimerInActiveList
                        0x08008dcb    0x3e  Code  Lc  timers.o [1]
prvIsQueueEmpty         0x08008467    0x1c  Code  Lc  queue.o [1]
prvIsQueueFull          0x08008483    0x1e  Code  Lc  queue.o [1]
prvProcessExpiredTimer  0x08008c8f    0x5a  Code  Lc  timers.o [1]
prvProcessReceivedCommands
                        0x08008e09   0x104  Code  Lc  timers.o [1]
prvProcessTimerOrBlockTask
                        0x08008cfd    0x76  Code  Lc  timers.o [1]
prvResetNextTaskUnblockTime
                        0x08007b5d    0x28  Code  Lc  tasks.o [1]
prvSampleTimeNow        0x08008d9f    0x2c  Code  Lc  timers.o [1]
prvSampleTimeNow::xLastTime
                        0x20003560     0x4  Data  Lc  timers.o [1]
prvSwitchTimerLists     0x08008f0d    0x7e  Code  Lc  timers.o [1]
prvTaskExitError        0x080089a5    0x2a  Code  Lc  port.o [1]
prvTestWaitCondition    0x08005211    0x1a  Code  Lc  event_groups.o [1]
prvTimerTask            0x08008ce9    0x14  Code  Lc  timers.o [1]
prvUnlockQueue          0x080083f5    0x72  Code  Lc  queue.o [1]
pvPortMalloc            0x08008729   0x10e  Code  Gb  heap_4.o [1]
pwmMotorOut             0x20003540     0x4  Data  Lc  tim.o [1]
pxCurrentTCB            0x20003504     0x4  Data  Gb  tasks.o [1]
pxCurrentTimerList      0x20003550     0x4  Data  Lc  timers.o [1]
pxDelayedTaskList       0x20003508     0x4  Data  Lc  tasks.o [1]
pxEnd                   0x200034dc     0x4  Data  Lc  heap_4.o [1]
pxOverflowDelayedTaskList
                        0x2000350c     0x4  Data  Lc  tasks.o [1]
pxOverflowTimerList     0x20003554     0x4  Data  Lc  timers.o [1]
pxPortInitialiseStack   0x08008985    0x20  Code  Gb  port.o [1]
pxReadyTasksLists       0x20002104   0x460  Data  Lc  tasks.o [1]
runCycle                0x20003593     0x1  Data  Lc  mode.o [1]
timerValue              0x20003584     0x2  Data  Gb  tim.o [1]
uartEventHandle         0x20003564     0x4  Data  Lc  usart.o [1]
ucHeap                  0x20000104  0x2000  Data  Lc  heap_4.o [1]
ucMaxSysCallPriority    0x2000359c     0x1  Data  Lc  port.o [1]
ulMaxPRIGROUPValue      0x200034fc     0x4  Data  Lc  port.o [1]
uwTick                  0x20003500     0x4  Data  Gb  stm32f1xx_hal.o [1]
uwTickFreq              0x20000102     0x1  Data  Gb  stm32f1xx_hal.o [1]
uwTickPrio              0x200000f8     0x4  Data  Gb  stm32f1xx_hal.o [1]
uxCriticalNesting       0x200000f4     0x4  Data  Lc  port.o [1]
uxCurrentNumberOfTasks  0x20003514     0x4  Data  Lc  tasks.o [1]
uxDeletedTasksWaitingCleanUp
                        0x20003510     0x4  Data  Lc  tasks.o [1]
uxListRemove            0x08008701    0x26  Code  Gb  list.o [1]
uxPendedTicks           0x20003524     0x4  Data  Lc  tasks.o [1]
uxSchedulerSuspended    0x2000353c     0x4  Data  Lc  tasks.o [1]
uxTaskNumber            0x20003530     0x4  Data  Lc  tasks.o [1]
uxTaskResetEventItemValue
                        0x08007c45    0x1e  Code  Gb  tasks.o [1]
uxTopReadyPriority      0x2000351c     0x4  Data  Lc  tasks.o [1]
vApplicationGetIdleTaskMemory
                        0x0800378d     0xe  Code  Gb  cmsis_os2.o [1]
vApplicationGetTimerTaskMemory
                        0x0800379b    0x10  Code  Gb  cmsis_os2.o [1]
vEventGroupSetBitsCallback
                        0x08005209     0x8  Code  Gb  event_groups.o [1]
vListInitialise         0x0800868f    0x1e  Code  Gb  list.o [1]
vListInitialiseItem     0x080086ad     0x6  Code  Gb  list.o [1]
vListInsert             0x080086cb    0x36  Code  Gb  list.o [1]
vListInsertEnd          0x080086b3    0x18  Code  Gb  list.o [1]
vPortEnterCritical      0x08008a71    0x3a  Code  Gb  port.o [1]
vPortExitCritical       0x08008aab    0x32  Code  Gb  port.o [1]
vPortFree               0x08008837    0x76  Code  Gb  heap_4.o [1]
vPortStartFirstTask     0x0800910b          Code  Gb  portasm.o [1]
vPortValidateInterruptPriority
                        0x08008b05    0x4a  Code  Gb  port.o [1]
vQueueAddToRegistry     0x080084a1    0x24  Code  Gb  queue.o [1]
vQueueWaitForMessageRestricted
                        0x080084c9    0x4a  Code  Gb  queue.o [1]
vTaskDelay              0x08007443    0x4c  Code  Gb  tasks.o [1]
vTaskInternalSetTimeOutState
                        0x080079a3    0x12  Code  Gb  tasks.o [1]
vTaskMissedYield        0x08007a43     0xa  Code  Gb  tasks.o [1]
vTaskPlaceOnEventList   0x080077c5    0x2e  Code  Gb  tasks.o [1]
vTaskPlaceOnEventListRestricted
                        0x08007855    0x38  Code  Gb  tasks.o [1]
vTaskPlaceOnUnorderedEventList
                        0x080077f9    0x52  Code  Gb  tasks.o [1]
vTaskRemoveFromUnorderedEventList
                        0x08007921    0x82  Code  Gb  tasks.o [1]
vTaskStartScheduler     0x0800748f    0x9a  Code  Gb  tasks.o [1]
vTaskSuspendAll         0x08007529    0x10  Code  Gb  tasks.o [1]
vTaskSwitchContext      0x08007753    0x72  Code  Gb  tasks.o [1]
xActiveTimerList1       0x2000341c    0x14  Data  Lc  timers.o [1]
xActiveTimerList2       0x20003430    0x14  Data  Lc  timers.o [1]
xBlockAllocatedBit      0x200034e8     0x4  Data  Lc  heap_4.o [1]
xDelayedTaskList1       0x200033b8    0x14  Data  Lc  tasks.o [1]
xDelayedTaskList2       0x200033cc    0x14  Data  Lc  tasks.o [1]
xEventGroupCreate       0x08005015    0x20  Code  Gb  event_groups.o [1]
xEventGroupCreateStatic
                        0x08004fcd    0x48  Code  Gb  event_groups.o [1]
xEventGroupSetBits      0x0800515d    0xac  Code  Gb  event_groups.o [1]
xEventGroupSetBitsFromISR
                        0x0800522b    0x10  Code  Gb  event_groups.o [1]
xEventGroupWaitBits     0x08005035   0x128  Code  Gb  event_groups.o [1]
xFreeBytesRemaining     0x200034e0     0x4  Data  Lc  heap_4.o [1]
xHeapStructSize         0x08009644     0x4  Data  Lc  heap_4.o [1]
xIdleTaskHandle         0x20003538     0x4  Data  Lc  tasks.o [1]
xMinimumEverFreeBytesRemaining
                        0x200034e4     0x4  Data  Lc  heap_4.o [1]
xNextTaskUnblockTime    0x20003534     0x4  Data  Lc  tasks.o [1]
xNumOfOverflows         0x2000352c     0x4  Data  Lc  tasks.o [1]
xPendingReadyList       0x200033e0    0x14  Data  Lc  tasks.o [1]
xPortStartScheduler     0x080089cf    0xa2  Code  Gb  port.o [1]
xPortSysTickHandler     0x08008add    0x28  Code  Gb  port.o [1]
xQueueGenericCreate     0x08007e55    0x50  Code  Gb  queue.o [1]
xQueueGenericCreateStatic
                        0x08007daf    0xa6  Code  Gb  queue.o [1]
xQueueGenericReset      0x08007d19    0x96  Code  Gb  queue.o [1]
xQueueGenericSend       0x08007ec7   0x196  Code  Gb  queue.o [1]
xQueueGenericSendFromISR
                        0x0800805d    0xdc  Code  Gb  queue.o [1]
xQueueReceive           0x08008139   0x15a  Code  Gb  queue.o [1]
xQueueReceiveFromISR    0x08008299    0xac  Code  Gb  queue.o [1]
xQueueRegistry          0x200032b8    0x40  Data  Gb  queue.o [1]
xSchedulerRunning       0x20003520     0x4  Data  Lc  tasks.o [1]
xStart                  0x20003468     0x8  Data  Lc  heap_4.o [1]
xSuspendedTaskList      0x20003408    0x14  Data  Lc  tasks.o [1]
xTaskCheckForTimeOut    0x080079c1    0x82  Code  Gb  tasks.o [1]
xTaskCreate             0x08007257    0x74  Code  Gb  tasks.o [1]
xTaskCreateStatic       0x080071d5    0x82  Code  Gb  tasks.o [1]
xTaskGetSchedulerState  0x08007b85    0x20  Code  Gb  tasks.o [1]
xTaskGetTickCount       0x08007635     0x8  Code  Gb  tasks.o [1]
xTaskIncrementTick      0x0800763d   0x116  Code  Gb  tasks.o [1]
xTaskPriorityDisinherit
                        0x08007ba5    0x8e  Code  Gb  tasks.o [1]
xTaskRemoveFromEventList
                        0x08007899    0x84  Code  Gb  tasks.o [1]
xTaskResumeAll          0x08007539    0xfc  Code  Gb  tasks.o [1]
xTasksWaitingTermination
                        0x200033f4    0x14  Data  Lc  tasks.o [1]
xTickCount              0x20003518     0x4  Data  Lc  tasks.o [1]
xTimerCreateTimerTask   0x08008ba9    0x6e  Code  Gb  timers.o [1]
xTimerGenericCommand    0x08008c17    0x78  Code  Gb  timers.o [1]
xTimerPendFunctionCallFromISR
                        0x08008fdd    0x22  Code  Gb  timers.o [1]
xTimerQueue             0x20003558     0x4  Data  Lc  timers.o [1]
xTimerTaskHandle        0x2000355c     0x4  Data  Lc  timers.o [1]
xYieldPending           0x20003528     0x4  Data  Lc  tasks.o [1]


[1] = F:\00_Workspace\00_YTP_GoodProject\040_Software\41_Cube\Code\GoodProject\EWARM\GoodProject\Obj
[2] = command line
[3] = dl7M_tlf.a
[4] = rt7M_tl.a
[5] = shb_l.a

  37 698 bytes of readonly  code memory
     932 bytes of readonly  data memory
  14 754 bytes of readwrite data memory

Errors: none
Warnings: none
