###############################################################################
#
# IAR ELF Linker V8.22.1.15669/W32 for ARM                03/May/2022  23:31:46
# Copyright 2007-2018 IAR Systems AB.
#
#    Output file  =  
#        F:\00_Workspace\00_YTP_GoodProject\040_Software\41_Cube\Code\GoodProject\EWARM\GoodProject\Exe\GoodProject.out
#    Map file     =  
#        F:\00_Workspace\00_YTP_GoodProject\040_Software\41_Cube\Code\GoodProject\EWARM\GoodProject\List\GoodProject.map
#    Command line =  
#        -f C:\Users\ADMINI~1\AppData\Local\Temp\EW99F1.tmp
#        (F:\00_Workspace\00_YTP_GoodProject\040_Software\41_Cube\Code\GoodProject\EWARM\GoodProject\Obj\can.o
#        F:\00_Workspace\00_YTP_GoodProject\040_Software\41_Cube\Code\GoodProject\EWARM\GoodProject\Obj\ccl.o
#        F:\00_Workspace\00_YTP_GoodProject\040_Software\41_Cube\Code\GoodProject\EWARM\GoodProject\Obj\cmsis_os2.o
#        F:\00_Workspace\00_YTP_GoodProject\040_Software\41_Cube\Code\GoodProject\EWARM\GoodProject\Obj\croutine.o
#        F:\00_Workspace\00_YTP_GoodProject\040_Software\41_Cube\Code\GoodProject\EWARM\GoodProject\Obj\diag.o
#        F:\00_Workspace\00_YTP_GoodProject\040_Software\41_Cube\Code\GoodProject\EWARM\GoodProject\Obj\event_groups.o
#        F:\00_Workspace\00_YTP_GoodProject\040_Software\41_Cube\Code\GoodProject\EWARM\GoodProject\Obj\freertos.o
#        F:\00_Workspace\00_YTP_GoodProject\040_Software\41_Cube\Code\GoodProject\EWARM\GoodProject\Obj\gpio.o
#        F:\00_Workspace\00_YTP_GoodProject\040_Software\41_Cube\Code\GoodProject\EWARM\GoodProject\Obj\heap_4.o
#        F:\00_Workspace\00_YTP_GoodProject\040_Software\41_Cube\Code\GoodProject\EWARM\GoodProject\Obj\i2c.o
#        F:\00_Workspace\00_YTP_GoodProject\040_Software\41_Cube\Code\GoodProject\EWARM\GoodProject\Obj\list.o
#        F:\00_Workspace\00_YTP_GoodProject\040_Software\41_Cube\Code\GoodProject\EWARM\GoodProject\Obj\main.o
#        F:\00_Workspace\00_YTP_GoodProject\040_Software\41_Cube\Code\GoodProject\EWARM\GoodProject\Obj\mode.o
#        F:\00_Workspace\00_YTP_GoodProject\040_Software\41_Cube\Code\GoodProject\EWARM\GoodProject\Obj\port.o
#        F:\00_Workspace\00_YTP_GoodProject\040_Software\41_Cube\Code\GoodProject\EWARM\GoodProject\Obj\portasm.o
#        F:\00_Workspace\00_YTP_GoodProject\040_Software\41_Cube\Code\GoodProject\EWARM\GoodProject\Obj\queue.o
#        F:\00_Workspace\00_YTP_GoodProject\040_Software\41_Cube\Code\GoodProject\EWARM\GoodProject\Obj\rtc.o
#        F:\00_Workspace\00_YTP_GoodProject\040_Software\41_Cube\Code\GoodProject\EWARM\GoodProject\Obj\spi.o
#        F:\00_Workspace\00_YTP_GoodProject\040_Software\41_Cube\Code\GoodProject\EWARM\GoodProject\Obj\startup_stm32f103xb.o
#        F:\00_Workspace\00_YTP_GoodProject\040_Software\41_Cube\Code\GoodProject\EWARM\GoodProject\Obj\stm32f1xx_hal.o
#        F:\00_Workspace\00_YTP_GoodProject\040_Software\41_Cube\Code\GoodProject\EWARM\GoodProject\Obj\stm32f1xx_hal_can.o
#        F:\00_Workspace\00_YTP_GoodProject\040_Software\41_Cube\Code\GoodProject\EWARM\GoodProject\Obj\stm32f1xx_hal_cortex.o
#        F:\00_Workspace\00_YTP_GoodProject\040_Software\41_Cube\Code\GoodProject\EWARM\GoodProject\Obj\stm32f1xx_hal_dma.o
#        F:\00_Workspace\00_YTP_GoodProject\040_Software\41_Cube\Code\GoodProject\EWARM\GoodProject\Obj\stm32f1xx_hal_exti.o
#        F:\00_Workspace\00_YTP_GoodProject\040_Software\41_Cube\Code\GoodProject\EWARM\GoodProject\Obj\stm32f1xx_hal_flash.o
#        F:\00_Workspace\00_YTP_GoodProject\040_Software\41_Cube\Code\GoodProject\EWARM\GoodProject\Obj\stm32f1xx_hal_flash_ex.o
#        F:\00_Workspace\00_YTP_GoodProject\040_Software\41_Cube\Code\GoodProject\EWARM\GoodProject\Obj\stm32f1xx_hal_gpio.o
#        F:\00_Workspace\00_YTP_GoodProject\040_Software\41_Cube\Code\GoodProject\EWARM\GoodProject\Obj\stm32f1xx_hal_gpio_ex.o
#        F:\00_Workspace\00_YTP_GoodProject\040_Software\41_Cube\Code\GoodProject\EWARM\GoodProject\Obj\stm32f1xx_hal_i2c.o
#        F:\00_Workspace\00_YTP_GoodProject\040_Software\41_Cube\Code\GoodProject\EWARM\GoodProject\Obj\stm32f1xx_hal_msp.o
#        F:\00_Workspace\00_YTP_GoodProject\040_Software\41_Cube\Code\GoodProject\EWARM\GoodProject\Obj\stm32f1xx_hal_pcd.o
#        F:\00_Workspace\00_YTP_GoodProject\040_Software\41_Cube\Code\GoodProject\EWARM\GoodProject\Obj\stm32f1xx_hal_pcd_ex.o
#        F:\00_Workspace\00_YTP_GoodProject\040_Software\41_Cube\Code\GoodProject\EWARM\GoodProject\Obj\stm32f1xx_hal_pwr.o
#        F:\00_Workspace\00_YTP_GoodProject\040_Software\41_Cube\Code\GoodProject\EWARM\GoodProject\Obj\stm32f1xx_hal_rcc.o
#        F:\00_Workspace\00_YTP_GoodProject\040_Software\41_Cube\Code\GoodProject\EWARM\GoodProject\Obj\stm32f1xx_hal_rcc_ex.o
#        F:\00_Workspace\00_YTP_GoodProject\040_Software\41_Cube\Code\GoodProject\EWARM\GoodProject\Obj\stm32f1xx_hal_rtc.o
#        F:\00_Workspace\00_YTP_GoodProject\040_Software\41_Cube\Code\GoodProject\EWARM\GoodProject\Obj\stm32f1xx_hal_rtc_ex.o
#        F:\00_Workspace\00_YTP_GoodProject\040_Software\41_Cube\Code\GoodProject\EWARM\GoodProject\Obj\stm32f1xx_hal_spi.o
#        F:\00_Workspace\00_YTP_GoodProject\040_Software\41_Cube\Code\GoodProject\EWARM\GoodProject\Obj\stm32f1xx_hal_tim.o
#        F:\00_Workspace\00_YTP_GoodProject\040_Software\41_Cube\Code\GoodProject\EWARM\GoodProject\Obj\stm32f1xx_hal_tim_ex.o
#        F:\00_Workspace\00_YTP_GoodProject\040_Software\41_Cube\Code\GoodProject\EWARM\GoodProject\Obj\stm32f1xx_hal_uart.o
#        F:\00_Workspace\00_YTP_GoodProject\040_Software\41_Cube\Code\GoodProject\EWARM\GoodProject\Obj\stm32f1xx_it.o
#        F:\00_Workspace\00_YTP_GoodProject\040_Software\41_Cube\Code\GoodProject\EWARM\GoodProject\Obj\stm32f1xx_ll_usb.o
#        F:\00_Workspace\00_YTP_GoodProject\040_Software\41_Cube\Code\GoodProject\EWARM\GoodProject\Obj\stream_buffer.o
#        F:\00_Workspace\00_YTP_GoodProject\040_Software\41_Cube\Code\GoodProject\EWARM\GoodProject\Obj\system_stm32f1xx.o
#        F:\00_Workspace\00_YTP_GoodProject\040_Software\41_Cube\Code\GoodProject\EWARM\GoodProject\Obj\tasks.o
#        F:\00_Workspace\00_YTP_GoodProject\040_Software\41_Cube\Code\GoodProject\EWARM\GoodProject\Obj\tim.o
#        F:\00_Workspace\00_YTP_GoodProject\040_Software\41_Cube\Code\GoodProject\EWARM\GoodProject\Obj\timers.o
#        F:\00_Workspace\00_YTP_GoodProject\040_Software\41_Cube\Code\GoodProject\EWARM\GoodProject\Obj\tp.o
#        F:\00_Workspace\00_YTP_GoodProject\040_Software\41_Cube\Code\GoodProject\EWARM\GoodProject\Obj\usart.o
#        F:\00_Workspace\00_YTP_GoodProject\040_Software\41_Cube\Code\GoodProject\EWARM\GoodProject\Obj\usb.o
#        --redirect _Printf=_PrintfFull --redirect _Scanf=_ScanfFull -o
#        F:\00_Workspace\00_YTP_GoodProject\040_Software\41_Cube\Code\GoodProject\EWARM\GoodProject\Exe\GoodProject.out
#        --map
#        F:\00_Workspace\00_YTP_GoodProject\040_Software\41_Cube\Code\GoodProject\EWARM\GoodProject\List\GoodProject.map
#        --config
#        F:\00_Workspace\00_YTP_GoodProject\040_Software\41_Cube\Code\GoodProject\EWARM/stm32f103xb_flash.icf
#        --semihosting --entry __iar_program_start --vfe --text_out locale)
#
###############################################################################

*******************************************************************************
*** RUNTIME MODEL ATTRIBUTES
***

CppFlavor       = *
__SystemLibrary = DLib
__dlib_version  = 6


*******************************************************************************
*** HEAP SELECTION
***

The basic heap was selected because no calls to memory allocation
functions were found in the application outside of system library
functions, and there are calls to deallocation functions in the
application.


*******************************************************************************
*** PLACEMENT SUMMARY
***

"A0":  place at 0x08000000 { ro section .intvec };
"P1":  place in [from 0x08000000 to 0x0801ffff] { ro };
define block CSTACK with size = 1K, alignment = 8 { };
define block HEAP with size = 512, alignment = 8 { };
"P2":  place in [from 0x20000000 to 0x20004fff] {
          rw, block CSTACK, block HEAP };
initialize by copy { rw };

  Section            Kind        Address    Size  Object
  -------            ----        -------    ----  ------
"A0":                                       0xec
  .intvec            ro code  0x08000000    0xec  startup_stm32f103xb.o [1]
                            - 0x080000ec    0xec

"P1":                                     0x8fd2
  .text              ro code  0x080000ec   0xcd8  stm32f1xx_hal_pcd.o [1]
  .text              ro code  0x08000dc4    0x88  usb.o [1]
  .text              ro code  0x08000e4c   0x996  stm32f1xx_ll_usb.o [1]
  .rodata            const    0x080017e2     0x2  stm32f1xx_hal_rcc.o [1]
  .text              ro code  0x080017e4    0xa6  ABImemcpy.o [4]
  .text              ro code  0x0800188a     0x2  stm32f1xx_hal_pcd.o [1]
  .text              ro code  0x0800188c     0x2  stm32f1xx_hal_pcd.o [1]
  .text              ro code  0x0800188e     0x2  stm32f1xx_hal_pcd.o [1]
  .text              ro code  0x08001890     0x2  stm32f1xx_hal_pcd.o [1]
  .text              ro code  0x08001892     0x2  stm32f1xx_hal_pcd.o [1]
  .text              ro code  0x08001894     0x2  stm32f1xx_hal_pcd.o [1]
  .text              ro code  0x08001896     0x2  stm32f1xx_hal_pcd.o [1]
  .text              ro code  0x08001898    0xd6  main.o [1]
  .rodata            const    0x0800196e     0x2  stm32f1xx_hal_rcc_ex.o [1]
  .text              ro code  0x08001970   0x130  stm32f1xx_hal_cortex.o [1]
  .text              ro code  0x08001aa0    0x28  stm32f1xx_hal.o [1]
  .text              ro code  0x08001ac8   0x118  gpio.o [1]
  .text              ro code  0x08001be0   0x19c  can.o [1]
  .text              ro code  0x08001d7c   0x8a8  usart.o [1]
  .text              ro code  0x08002624    0x68  rtc.o [1]
  .text              ro code  0x0800268c    0xd0  spi.o [1]
  .text              ro code  0x0800275c   0x414  tim.o [1]
  .text              ro code  0x08002b70   0x332  i2c.o [1]
  .text              ro code  0x08002ea4   0x468  cmsis_os2.o [1]
  .text              ro code  0x0800330c   0x138  freertos.o [1]
  .text              ro code  0x08003444     0x6  ABImemclr4.o [4]
  .text              ro code  0x0800344c   0x6ec  stm32f1xx_hal_rcc.o [1]
  .text              ro code  0x08003b38   0x210  stm32f1xx_hal_rcc_ex.o [1]
  .text              ro code  0x08003d48    0x4c  stm32f1xx_hal.o [1]
  .text              ro code  0x08003d94    0x5c  stm32f1xx_hal_msp.o [1]
  .text              ro code  0x08003df0   0x218  stm32f1xx_hal_gpio.o [1]
  .text              ro code  0x08004008   0x502  stm32f1xx_hal_can.o [1]
  .text              ro code  0x0800450c   0x608  stm32f1xx_hal_uart.o [1]
  .text              ro code  0x08004b14   0x278  event_groups.o [1]
  .text              ro code  0x08004d8c   0x196  stm32f1xx_hal_rtc.o [1]
  .text              ro code  0x08004f24     0xc  stm32f1xx_hal_pwr.o [1]
  .text              ro code  0x08004f30    0xc4  stm32f1xx_hal_spi.o [1]
  .text              ro code  0x08004ff4   0x97a  stm32f1xx_hal_tim.o [1]
  .text              ro code  0x08005970    0x7c  stm32f1xx_hal_tim_ex.o [1]
  .text              ro code  0x080059ec   0xbac  stm32f1xx_hal_i2c.o [1]
  .text              ro code  0x08006598   0xb44  tasks.o [1]
  .text              ro code  0x080070dc   0x7fa  queue.o [1]
  .text              ro code  0x080078d8    0x32  ABImemset48.o [4]
  .text              ro code  0x0800790c     0xc  stm32f1xx_hal.o [1]
  .text              ro code  0x08007918     0x2  stm32f1xx_hal_can.o [1]
  .text              ro code  0x0800791a     0x2  stm32f1xx_hal_can.o [1]
  .text              ro code  0x0800791c     0x2  stm32f1xx_hal_can.o [1]
  .text              ro code  0x0800791e     0x2  stm32f1xx_hal_can.o [1]
  .text              ro code  0x08007920     0x2  stm32f1xx_hal_can.o [1]
  .text              ro code  0x08007922     0x2  stm32f1xx_hal_can.o [1]
  .text              ro code  0x08007924     0x2  stm32f1xx_hal_can.o [1]
  .text              ro code  0x08007926     0x2  stm32f1xx_hal_can.o [1]
  .text              ro code  0x08007928     0x2  stm32f1xx_hal_can.o [1]
  .text              ro code  0x0800792a     0x2  stm32f1xx_hal_can.o [1]
  .text              ro code  0x0800792c     0x2  stm32f1xx_hal_can.o [1]
  .text              ro code  0x0800792e     0x2  stm32f1xx_hal_can.o [1]
  .text              ro code  0x08007930     0x2  stm32f1xx_hal_can.o [1]
  .text              ro code  0x08007934   0x118  stm32f1xx_hal_dma.o [1]
  .text              ro code  0x08007a4c     0x2  stm32f1xx_hal_uart.o [1]
  .text              ro code  0x08007a4e     0x2  stm32f1xx_hal_uart.o [1]
  .text              ro code  0x08007a50     0x2  stm32f1xx_hal_uart.o [1]
  .text              ro code  0x08007a52    0x98  list.o [1]
  .text              ro code  0x08007aec   0x25c  heap_4.o [1]
  .text              ro code  0x08007d48   0x224  port.o [1]
  .text              ro code  0x08007f6c   0x488  timers.o [1]
  .text              ro code  0x080083f4     0x2  stm32f1xx_hal_tim.o [1]
  .text              ro code  0x080083f6     0x2  stm32f1xx_hal_tim.o [1]
  .text              ro code  0x080083f8     0x2  stm32f1xx_hal_tim.o [1]
  .text              ro code  0x080083fa     0x2  stm32f1xx_hal_tim_ex.o [1]
  .text              ro code  0x080083fc     0x2  stm32f1xx_hal_tim.o [1]
  .text              ro code  0x080083fe     0x2  stm32f1xx_hal_tim_ex.o [1]
  .text              ro code  0x08008400    0x66  ABImemset.o [4]
  CODE               ro code  0x08008468    0x88  portasm.o [1]
  .text              ro code  0x080084f0   0x610  mode.o [1]
  Initializer bytes  const    0x08008b00   0x110  <for P2-1>
  .text              ro code  0x08008c10    0x70  stm32f1xx_it.o [1]
  .text              ro code  0x08008c80    0x18  stm32f1xx_hal.o [1]
  .text              ro code  0x08008c98    0x40  zero_init3.o [4]
  .text              ro code  0x08008cd8    0x2c  copy_init3.o [4]
  .text              ro code  0x08008d04    0x28  data_init.o [4]
  .rodata            const    0x08008d2c    0x24  freertos.o [1]
  .rodata            const    0x08008d50    0x24  freertos.o [1]
  .rodata            const    0x08008d74    0x24  freertos.o [1]
  .rodata            const    0x08008d98    0x24  freertos.o [1]
  .rodata            const    0x08008dbc    0x24  freertos.o [1]
  .rodata            const    0x08008de0    0x24  freertos.o [1]
  .iar.init_table    const    0x08008e04    0x24  - Linker created -
  .rodata            const    0x08008e28    0x20  freertos.o [1]
  .text              ro code  0x08008e48    0x1e  cmain.o [4]
  .text              ro code  0x08008e66     0x4  low_level_init.o [3]
  .text              ro code  0x08008e6a     0x4  exit.o [3]
  .text              ro code  0x08008e70     0xa  cexit.o [4]
  .text              ro code  0x08008e7c    0x14  exit.o [5]
  .rodata            const    0x08008e90    0x1c  freertos.o [1]
  .rodata            const    0x08008eac    0x1c  freertos.o [1]
  .rodata            const    0x08008ec8    0x18  freertos.o [1]
  .rodata            const    0x08008ee0    0x18  freertos.o [1]
  .rodata            const    0x08008ef8    0x18  freertos.o [1]
  .rodata            const    0x08008f10    0x18  freertos.o [1]
  .rodata            const    0x08008f28    0x14  freertos.o [1]
  .rodata            const    0x08008f3c    0x10  freertos.o [1]
  .rodata            const    0x08008f4c    0x10  freertos.o [1]
  .rodata            const    0x08008f5c    0x10  stm32f1xx_hal_rcc.o [1]
  .rodata            const    0x08008f6c    0x10  stm32f1xx_hal_rcc_ex.o [1]
  .rodata            const    0x08008f7c    0x10  system_stm32f1xx.o [1]
  .rodata            const    0x08008f8c    0x10  tim.o [1]
  .text              ro code  0x08008f9c    0x10  startup_stm32f103xb.o [1]
  .rodata            const    0x08008fac     0xc  freertos.o [1]
  .text              ro code  0x08008fb8     0xc  cstartup_M.o [4]
  .rodata            const    0x08008fc4     0x8  can.o [1]
  .rodata            const    0x08008fcc     0x8  freertos.o [1]
  .rodata            const    0x08008fd4     0x8  freertos.o [1]
  .rodata            const    0x08008fdc     0x8  freertos.o [1]
  .rodata            const    0x08008fe4     0x8  system_stm32f1xx.o [1]
  .rodata            const    0x08008fec     0x8  tasks.o [1]
  .rodata            const    0x08008ff4     0x8  tim.o [1]
  .rodata            const    0x08008ffc     0x8  tim.o [1]
  .rodata            const    0x08009004     0x8  timers.o [1]
  .rodata            const    0x0800900c     0x8  timers.o [1]
  .rodata            const    0x08009014     0x4  freertos.o [1]
  .rodata            const    0x08009018     0x4  freertos.o [1]
  .rodata            const    0x0800901c     0x4  heap_4.o [1]
  .rodata            const    0x08009020     0x4  port.o [1]
  .text              ro code  0x08009024     0x4  startup_stm32f103xb.o [1]
  .text              ro code  0x08009028     0x4  startup_stm32f103xb.o [1]
  .text              ro code  0x0800902c     0x4  startup_stm32f103xb.o [1]
  .text              ro code  0x08009030     0x4  startup_stm32f103xb.o [1]
  .text              ro code  0x08009034     0x4  startup_stm32f103xb.o [1]
  .text              ro code  0x08009038     0x4  startup_stm32f103xb.o [1]
  .text              ro code  0x0800903c     0x4  startup_stm32f103xb.o [1]
  .text              ro code  0x08009040     0x4  startup_stm32f103xb.o [1]
  .text              ro code  0x08009044     0x4  startup_stm32f103xb.o [1]
  .text              ro code  0x08009048     0x4  startup_stm32f103xb.o [1]
  .text              ro code  0x0800904c     0x4  startup_stm32f103xb.o [1]
  .text              ro code  0x08009050     0x4  startup_stm32f103xb.o [1]
  .text              ro code  0x08009054     0x4  startup_stm32f103xb.o [1]
  .text              ro code  0x08009058     0x4  startup_stm32f103xb.o [1]
  .text              ro code  0x0800905c     0x4  startup_stm32f103xb.o [1]
  .text              ro code  0x08009060     0x4  startup_stm32f103xb.o [1]
  .text              ro code  0x08009064     0x4  startup_stm32f103xb.o [1]
  .text              ro code  0x08009068     0x4  startup_stm32f103xb.o [1]
  .text              ro code  0x0800906c     0x4  startup_stm32f103xb.o [1]
  .text              ro code  0x08009070     0x4  startup_stm32f103xb.o [1]
  .text              ro code  0x08009074     0x4  startup_stm32f103xb.o [1]
  .text              ro code  0x08009078     0x4  startup_stm32f103xb.o [1]
  .text              ro code  0x0800907c     0x4  startup_stm32f103xb.o [1]
  .text              ro code  0x08009080     0x4  startup_stm32f103xb.o [1]
  .text              ro code  0x08009084     0x4  startup_stm32f103xb.o [1]
  .text              ro code  0x08009088     0x4  startup_stm32f103xb.o [1]
  .text              ro code  0x0800908c     0x4  startup_stm32f103xb.o [1]
  .text              ro code  0x08009090     0x4  startup_stm32f103xb.o [1]
  .text              ro code  0x08009094     0x4  startup_stm32f103xb.o [1]
  .text              ro code  0x08009098     0x4  startup_stm32f103xb.o [1]
  .text              ro code  0x0800909c     0x4  startup_stm32f103xb.o [1]
  .text              ro code  0x080090a0     0x4  startup_stm32f103xb.o [1]
  .text              ro code  0x080090a4     0x4  startup_stm32f103xb.o [1]
  .text              ro code  0x080090a8     0x4  startup_stm32f103xb.o [1]
  .text              ro code  0x080090ac     0x4  startup_stm32f103xb.o [1]
  .text              ro code  0x080090b0     0x4  startup_stm32f103xb.o [1]
  .text              ro code  0x080090b4     0x4  startup_stm32f103xb.o [1]
  .text              ro code  0x080090b8     0x4  startup_stm32f103xb.o [1]
  .text              ro code  0x080090bc     0x2  system_stm32f1xx.o [1]
  .rodata            const    0x080090be     0x0  zero_init3.o [4]
  .rodata            const    0x080090be     0x0  copy_init3.o [4]
                            - 0x080090be  0x8fd2

"P2", part 1 of 3:                         0x110
  P2-1                        0x20000000   0x10d  <Init block>
    .data            inited   0x20000000    0x28  i2c.o [1]
    .data            inited   0x20000028    0xb0  i2c.o [1]
    .data            inited   0x200000d8     0x4  i2c.o [1]
    .data            inited   0x200000dc     0x4  i2c.o [1]
    .data            inited   0x200000e0    0x20  mode.o [1]
    .data            inited   0x20000100     0x4  port.o [1]
    .data            inited   0x20000104     0x4  stm32f1xx_hal.o [1]
    .data            inited   0x20000108     0x4  system_stm32f1xx.o [1]
    .data            inited   0x2000010c     0x1  stm32f1xx_hal.o [1]
                            - 0x2000010d   0x10d

"P2", part 2 of 3:                        0x3478
  .bss               zero     0x20000110  0x2000  heap_4.o [1]
  .bss               zero     0x20002110   0x460  tasks.o [1]
  .bss               zero     0x20002570   0x400  cmsis_os2.o [1]
  .bss               zero     0x20002970   0x2ec  usb.o [1]
  .bss               zero     0x20002c5c   0x200  cmsis_os2.o [1]
  .bss               zero     0x20002e5c    0xa0  timers.o [1]
  .bss               zero     0x20002efc    0x5c  cmsis_os2.o [1]
  .bss               zero     0x20002f58    0x5c  cmsis_os2.o [1]
  .bss               zero     0x20002fb4    0x58  spi.o [1]
  .bss               zero     0x2000300c    0x54  i2c.o [1]
  .bss               zero     0x20003060    0x50  freertos.o [1]
  .bss               zero     0x200030b0    0x50  freertos.o [1]
  .bss               zero     0x20003100    0x50  freertos.o [1]
  .bss               zero     0x20003150    0x50  freertos.o [1]
  .bss               zero     0x200031a0    0x50  timers.o [1]
  .bss               zero     0x200031f0    0x48  tim.o [1]
  .bss               zero     0x20003238    0x48  tim.o [1]
  .bss               zero     0x20003280    0x44  usart.o [1]
  .bss               zero     0x200032c4    0x40  queue.o [1]
  .bss               zero     0x20003304    0x3c  mode.o [1]
  .bss               zero     0x20003340    0x28  can.o [1]
  .bss               zero     0x20003368    0x28  i2c.o [1]
  .bss               zero     0x20003390    0x1c  usart.o [1]
  .bss               zero     0x200033ac    0x14  rtc.o [1]
  .bss               zero     0x200033c0    0x14  tasks.o [1]
  .bss               zero     0x200033d4    0x14  tasks.o [1]
  .bss               zero     0x200033e8    0x14  tasks.o [1]
  .bss               zero     0x200033fc    0x14  tasks.o [1]
  .bss               zero     0x20003410    0x14  tasks.o [1]
  .bss               zero     0x20003424    0x14  timers.o [1]
  .bss               zero     0x20003438    0x14  timers.o [1]
  .bss               zero     0x2000344c     0xc  i2c.o [1]
  .bss               zero     0x20003458     0xc  tim.o [1]
  .bss               zero     0x20003464     0x8  heap_4.o [1]
  .bss               zero     0x2000346c     0x8  mode.o [1]
  .bss               zero     0x20003474     0x8  usart.o [1]
  .bss               zero     0x2000347c     0x8  usart.o [1]
  .bss               zero     0x20003484     0x8  usart.o [1]
  .bss               zero     0x2000348c     0x8  usart.o [1]
  .bss               zero     0x20003494     0x4  cmsis_os2.o [1]
  .bss               zero     0x20003498     0x4  freertos.o [1]
  .bss               zero     0x2000349c     0x4  freertos.o [1]
  .bss               zero     0x200034a0     0x4  freertos.o [1]
  .bss               zero     0x200034a4     0x4  freertos.o [1]
  .bss               zero     0x200034a8     0x4  freertos.o [1]
  .bss               zero     0x200034ac     0x4  freertos.o [1]
  .bss               zero     0x200034b0     0x4  freertos.o [1]
  .bss               zero     0x200034b4     0x4  freertos.o [1]
  .bss               zero     0x200034b8     0x4  freertos.o [1]
  .bss               zero     0x200034bc     0x4  freertos.o [1]
  .bss               zero     0x200034c0     0x4  freertos.o [1]
  .bss               zero     0x200034c4     0x4  freertos.o [1]
  .bss               zero     0x200034c8     0x4  heap_4.o [1]
  .bss               zero     0x200034cc     0x4  heap_4.o [1]
  .bss               zero     0x200034d0     0x4  heap_4.o [1]
  .bss               zero     0x200034d4     0x4  heap_4.o [1]
  .bss               zero     0x200034d8     0x4  mode.o [1]
  .bss               zero     0x200034dc     0x4  mode.o [1]
  .bss               zero     0x200034e0     0x4  mode.o [1]
  .bss               zero     0x200034e4     0x4  mode.o [1]
  .bss               zero     0x200034e8     0x4  port.o [1]
  .bss               zero     0x200034ec     0x4  stm32f1xx_hal.o [1]
  .bss               zero     0x200034f0     0x4  tasks.o [1]
  .bss               zero     0x200034f4     0x4  tasks.o [1]
  .bss               zero     0x200034f8     0x4  tasks.o [1]
  .bss               zero     0x200034fc     0x4  tasks.o [1]
  .bss               zero     0x20003500     0x4  tasks.o [1]
  .bss               zero     0x20003504     0x4  tasks.o [1]
  .bss               zero     0x20003508     0x4  tasks.o [1]
  .bss               zero     0x2000350c     0x4  tasks.o [1]
  .bss               zero     0x20003510     0x4  tasks.o [1]
  .bss               zero     0x20003514     0x4  tasks.o [1]
  .bss               zero     0x20003518     0x4  tasks.o [1]
  .bss               zero     0x2000351c     0x4  tasks.o [1]
  .bss               zero     0x20003520     0x4  tasks.o [1]
  .bss               zero     0x20003524     0x4  tasks.o [1]
  .bss               zero     0x20003528     0x4  tasks.o [1]
  .bss               zero     0x2000352c     0x4  tim.o [1]
  .bss               zero     0x20003530     0x4  tim.o [1]
  .bss               zero     0x20003534     0x4  tim.o [1]
  .bss               zero     0x20003538     0x4  tim.o [1]
  .bss               zero     0x2000353c     0x4  timers.o [1]
  .bss               zero     0x20003540     0x4  timers.o [1]
  .bss               zero     0x20003544     0x4  timers.o [1]
  .bss               zero     0x20003548     0x4  timers.o [1]
  .bss               zero     0x2000354c     0x4  timers.o [1]
  .bss               zero     0x20003550     0x4  usart.o [1]
  .bss               zero     0x20003554     0x4  usart.o [1]
  .bss               zero     0x20003558     0x2  freertos.o [1]
  .bss               zero     0x2000355a     0x2  freertos.o [1]
  .bss               zero     0x2000355c     0x2  mode.o [1]
  .bss               zero     0x2000355e     0x2  mode.o [1]
  .bss               zero     0x20003560     0x2  mode.o [1]
  .bss               zero     0x20003562     0x2  mode.o [1]
  .bss               zero     0x20003564     0x2  mode.o [1]
  .bss               zero     0x20003566     0x2  mode.o [1]
  .bss               zero     0x20003568     0x2  mode.o [1]
  .bss               zero     0x2000356a     0x2  mode.o [1]
  .bss               zero     0x2000356c     0x2  mode.o [1]
  .bss               zero     0x2000356e     0x2  tim.o [1]
  .bss               zero     0x20003570     0x2  tim.o [1]
  .bss               zero     0x20003572     0x2  usart.o [1]
  .bss               zero     0x20003574     0x2  usart.o [1]
  .bss               zero     0x20003576     0x1  freertos.o [1]
  .bss               zero     0x20003577     0x1  i2c.o [1]
  .bss               zero     0x20003578     0x1  mode.o [1]
  .bss               zero     0x20003579     0x1  mode.o [1]
  .bss               zero     0x2000357a     0x1  mode.o [1]
  .bss               zero     0x2000357b     0x1  mode.o [1]
  .bss               zero     0x2000357c     0x1  mode.o [1]
  .bss               zero     0x2000357d     0x1  mode.o [1]
  .bss               zero     0x2000357e     0x1  mode.o [1]
  .bss               zero     0x2000357f     0x1  mode.o [1]
  .bss               zero     0x20003580     0x1  mode.o [1]
  .bss               zero     0x20003581     0x1  port.o [1]
  .bss               zero     0x20003582     0x1  tim.o [1]
  .bss               zero     0x20003583     0x1  usart.o [1]
  .bss               zero     0x20003584     0x1  usart.o [1]
  .bss               zero     0x20003585     0x1  usart.o [1]
  .bss               zero     0x20003586     0x1  usart.o [1]
                            - 0x20003587  0x3477

"P2", part 3 of 3:                         0x400
  CSTACK                      0x20003588   0x400  <Block>
    CSTACK           uninit   0x20003588   0x400  <Block tail>
                            - 0x20003988   0x400


*******************************************************************************
*** INIT TABLE
***

          Address     Size
          -------     ----
Zero (__iar_zero_init3)
    1 destination range, total size 0x3477:
          0x20000110  0x3477

Copy (__iar_copy_init3)
    1 source range, total size 0x110 (101% of destination):
          0x08008b00   0x110
    1 destination range, total size 0x10d:
          0x20000000   0x10d



*******************************************************************************
*** MODULE SUMMARY
***

    Module                  ro code  ro data  rw data
    ------                  -------  -------  -------
F:\00_Workspace\00_YTP_GoodProject\040_Software\41_Cube\Code\GoodProject\EWARM\GoodProject\Obj: [1]
    can.o                       412        8       40
    cmsis_os2.o               1 128             1 724
    event_groups.o              632
    freertos.o                  312      496      373
    gpio.o                      280
    heap_4.o                    604        4    8 216
    i2c.o                       818      224      361
    list.o                      152
    main.o                      214
    mode.o                    1 552       32      143
    port.o                      548        8        9
    portasm.o                   136
    queue.o                   2 042                64
    rtc.o                       104                20
    spi.o                       208                88
    startup_stm32f103xb.o       404
    stm32f1xx_hal.o             152        5        9
    stm32f1xx_hal_can.o       1 308
    stm32f1xx_hal_cortex.o      304
    stm32f1xx_hal_dma.o         280
    stm32f1xx_hal_gpio.o        536
    stm32f1xx_hal_i2c.o       2 988
    stm32f1xx_hal_msp.o          92
    stm32f1xx_hal_pcd.o       3 302
    stm32f1xx_hal_pwr.o          12
    stm32f1xx_hal_rcc.o       1 772       18
    stm32f1xx_hal_rcc_ex.o      528       18
    stm32f1xx_hal_rtc.o         406
    stm32f1xx_hal_spi.o         196
    stm32f1xx_hal_tim.o       2 434
    stm32f1xx_hal_tim_ex.o      128
    stm32f1xx_hal_uart.o      1 550
    stm32f1xx_it.o              112
    stm32f1xx_ll_usb.o        2 454
    system_stm32f1xx.o            2       28        4
    tasks.o                   2 884        8    1 280
    tim.o                     1 044       32      177
    timers.o                  1 160       16      300
    usart.o                   2 216               144
    usb.o                       136               748
    -------------------------------------------------
    Total:                   35 542      897   13 700

command line: [2]
    -------------------------------------------------
    Total:

dl7M_tlf.a: [3]
    exit.o                        4
    low_level_init.o              4
    -------------------------------------------------
    Total:                        8

rt7M_tl.a: [4]
    ABImemclr4.o                  6
    ABImemcpy.o                 166
    ABImemset.o                 102
    ABImemset48.o                50
    cexit.o                      10
    cmain.o                      30
    copy_init3.o                 44
    cstartup_M.o                 12
    data_init.o                  40
    zero_init3.o                 64
    -------------------------------------------------
    Total:                      524

shb_l.a: [5]
    exit.o                       20
    -------------------------------------------------
    Total:                       20

    Gaps                         24
    Linker created                        39    1 024
-----------------------------------------------------
    Grand Total:             36 118      936   14 724


*******************************************************************************
*** ENTRY LIST
***

Entry                      Address    Size  Type      Object
-----                      -------    ----  ----      ------
.iar.init_table$$Base   0x08008e04           --   Gb  - Linker created -
.iar.init_table$$Limit  0x08008e28           --   Gb  - Linker created -
?main                   0x08008e49          Code  Gb  cmain.o [4]
AHBPrescTable           0x08008f7c    0x10  Data  Gb  system_stm32f1xx.o [1]
APBPrescTable           0x08008fe4     0x8  Data  Gb  system_stm32f1xx.o [1]
BusFault_Handler        0x08008c17     0x2  Code  Gb  stm32f1xx_it.o [1]
CAN1_RX1_IRQHandler     0x08008c51     0xa  Code  Gb  stm32f1xx_it.o [1]
CANHandle               0x2000349c     0x4  Data  Gb  freertos.o [1]
CAN_attributes          0x08008d50    0x24  Data  Gb  freertos.o [1]
CSTACK$$Base            0x20003588           --   Gb  - Linker created -
CSTACK$$Limit           0x20003988           --   Gb  - Linker created -
DebugMon_Handler        0x08008c1b     0x2  Code  Gb  stm32f1xx_it.o [1]
EEPROMHandle            0x200034ac     0x4  Data  Gb  freertos.o [1]
EEPROM_CheckSum         0x08002d0b    0x30  Code  Lc  i2c.o [1]
EEPROM_DataInitRead     0x08002d3b    0xb2  Code  Lc  i2c.o [1]
EEPROM_DataInitRead::checkSumReadArray
                        0x2000344c     0xc  Data  Lc  i2c.o [1]
EEPROM_DataInitRead::itemPtr
                        0x200000d8     0x4  Data  Lc  i2c.o [1]
EEPROM_Handel           0x08002ded    0x7a  Code  Lc  i2c.o [1]
EEPROM_Handel::index    0x20003577     0x1  Data  Lc  i2c.o [1]
EEPROM_Handel::itemPtr  0x200000dc     0x4  Data  Lc  i2c.o [1]
EEPROM_Read             0x08002cad    0x2e  Code  Lc  i2c.o [1]
EEPROM_ReadRequest      0x08002c7f    0x2e  Code  Gb  i2c.o [1]
EEPROM_Task             0x08002e91    0x12  Code  Gb  i2c.o [1]
EEPROM_Write            0x08002cdb    0x30  Code  Lc  i2c.o [1]
EEPROM_WriteRequest     0x08002c1f    0x60  Code  Gb  i2c.o [1]
EEPROM_attributes       0x08008de0    0x24  Data  Gb  freertos.o [1]
Error_Handler           0x0800196b     0x4  Code  Gb  main.o [1]
HAL_CAN_AddTxMessage    0x080041d1   0x10a  Code  Gb  stm32f1xx_hal_can.o [1]
HAL_CAN_IRQHandler      0x080042db   0x230  Code  Gb  stm32f1xx_hal_can.o [1]
HAL_CAN_Init            0x08004009   0x16c  Code  Gb  stm32f1xx_hal_can.o [1]
HAL_CAN_MspInit         0x08001c41    0xba  Code  Gb  can.o [1]
HAL_CAN_Start           0x08004175    0x5c  Code  Gb  stm32f1xx_hal_can.o [1]
HAL_CAN_Task            0x08001cfb    0x60  Code  Gb  can.o [1]
HAL_DMA_Abort           0x08007935    0x4c  Code  Gb  stm32f1xx_hal_dma.o [1]
HAL_DMA_Abort_IT        0x08007981    0xae  Code  Gb  stm32f1xx_hal_dma.o [1]
HAL_GPIO_Init           0x08003df1   0x1c4  Code  Gb  stm32f1xx_hal_gpio.o [1]
HAL_GPIO_WritePin       0x08003fb5    0x14  Code  Gb  stm32f1xx_hal_gpio.o [1]
HAL_GetTick             0x0800790d     0xc  Code  Wk  stm32f1xx_hal.o [1]
HAL_I2C_Init            0x080059ed   0x1d8  Code  Gb  stm32f1xx_hal_i2c.o [1]
HAL_I2C_Mem_Read        0x08005d45   0x350  Code  Gb  stm32f1xx_hal_i2c.o [1]
HAL_I2C_Mem_Write       0x08005bdd   0x168  Code  Gb  stm32f1xx_hal_i2c.o [1]
HAL_I2C_MspInit         0x08002bbf    0x60  Code  Gb  i2c.o [1]
HAL_IncTick             0x08008c81    0x18  Code  Wk  stm32f1xx_hal.o [1]
HAL_Init                0x08001aa1    0x22  Code  Gb  stm32f1xx_hal.o [1]
HAL_InitTick            0x08003d49    0x4c  Code  Wk  stm32f1xx_hal.o [1]
HAL_LIN_Init            0x0800450d    0x94  Code  Gb  stm32f1xx_hal_uart.o [1]
HAL_MspInit             0x08003d95    0x5c  Code  Gb  stm32f1xx_hal_msp.o [1]
HAL_NVIC_EnableIRQ      0x08001a6d     0xa  Code  Gb  stm32f1xx_hal_cortex.o [1]
HAL_NVIC_SetPriority    0x08001a4b    0x22  Code  Gb  stm32f1xx_hal_cortex.o [1]
HAL_NVIC_SetPriorityGrouping
                        0x08001a43     0x8  Code  Gb  stm32f1xx_hal_cortex.o [1]
HAL_PCD_EP_DB_Receive   0x08000853   0x13a  Code  Lc  stm32f1xx_hal_pcd.o [1]
HAL_PCD_EP_DB_Transmit  0x0800098d   0x438  Code  Lc  stm32f1xx_hal_pcd.o [1]
HAL_PCD_IRQHandler      0x0800027f   0x1c0  Code  Gb  stm32f1xx_hal_pcd.o [1]
HAL_PCD_Init            0x080000ed   0x192  Code  Gb  stm32f1xx_hal_pcd.o [1]
HAL_PCD_MspInit         0x08000dfb    0x44  Code  Gb  usb.o [1]
HAL_PCD_SetAddress      0x0800043f    0x2c  Code  Gb  stm32f1xx_hal_pcd.o [1]
HAL_PWR_EnableBkUpAccess
                        0x08004f25     0x8  Code  Gb  stm32f1xx_hal_pwr.o [1]
HAL_RCCEx_GetPeriphCLKFreq
                        0x08003c3f    0xdc  Code  Gb  stm32f1xx_hal_rcc_ex.o [1]
HAL_RCCEx_PeriphCLKConfig
                        0x08003b39   0x106  Code  Gb  stm32f1xx_hal_rcc_ex.o [1]
HAL_RCC_ClockConfig     0x080038c7   0x16e  Code  Gb  stm32f1xx_hal_rcc.o [1]
HAL_RCC_GetHCLKFreq     0x08003a99     0x6  Code  Gb  stm32f1xx_hal_rcc.o [1]
HAL_RCC_GetPCLK1Freq    0x08003a9f    0x16  Code  Gb  stm32f1xx_hal_rcc.o [1]
HAL_RCC_GetPCLK2Freq    0x08003ab5    0x16  Code  Gb  stm32f1xx_hal_rcc.o [1]
HAL_RCC_GetSysClockFreq
                        0x08003a35    0x64  Code  Gb  stm32f1xx_hal_rcc.o [1]
HAL_RCC_OscConfig       0x0800344d   0x47a  Code  Gb  stm32f1xx_hal_rcc.o [1]
HAL_RTC_Init            0x08004d8d    0xe2  Code  Gb  stm32f1xx_hal_rtc.o [1]
HAL_RTC_MspInit         0x0800264d    0x2e  Code  Gb  rtc.o [1]
HAL_RTC_WaitForSynchro  0x08004e79    0x3e  Code  Gb  stm32f1xx_hal_rtc.o [1]
HAL_SPI_Init            0x08004f31    0xc4  Code  Gb  stm32f1xx_hal_spi.o [1]
HAL_SPI_MspInit         0x080026ed    0x5e  Code  Gb  spi.o [1]
HAL_SYSTICK_Config      0x08001a77     0x8  Code  Gb  stm32f1xx_hal_cortex.o [1]
HAL_TIMEx_BreakCallback
                        0x080083fb     0x2  Code  Wk  stm32f1xx_hal_tim_ex.o [1]
HAL_TIMEx_CommutCallback
                        0x080083ff     0x2  Code  Wk  stm32f1xx_hal_tim_ex.o [1]
HAL_TIMEx_MasterConfigSynchronization
                        0x08005971    0x6c  Code  Gb  stm32f1xx_hal_tim_ex.o [1]
HAL_TIM_IC_CaptureCallback
                        0x080029df    0xde  Code  Gb  tim.o [1]
HAL_TIM_IC_CaptureCallback::counter
                        0x20003530     0x4  Data  Lc  tim.o [1]
HAL_TIM_IC_CaptureCallback::counterDelta
                        0x20003538     0x4  Data  Lc  tim.o [1]
HAL_TIM_IC_CaptureCallback::counterOld
                        0x20003534     0x4  Data  Lc  tim.o [1]
HAL_TIM_IC_CaptureCallback::dataList
                        0x20003458     0xc  Data  Lc  tim.o [1]
HAL_TIM_IC_CaptureCallback::index
                        0x20003582     0x1  Data  Lc  tim.o [1]
HAL_TIM_IC_ConfigChannel
                        0x0800548b    0xc8  Code  Gb  stm32f1xx_hal_tim.o [1]
HAL_TIM_IC_Init         0x08005135    0x6e  Code  Gb  stm32f1xx_hal_tim.o [1]
HAL_TIM_IC_MspInit      0x080028b3    0x70  Code  Gb  tim.o [1]
HAL_TIM_IC_Start_IT     0x080051a9   0x15e  Code  Gb  stm32f1xx_hal_tim.o [1]
HAL_TIM_IRQHandler      0x08005315   0x176  Code  Gb  stm32f1xx_hal_tim.o [1]
HAL_TIM_MspPostInit     0x08002949    0x5a  Code  Gb  tim.o [1]
HAL_TIM_PWM_ConfigChannel
                        0x08005553    0xf0  Code  Gb  stm32f1xx_hal_tim.o [1]
HAL_TIM_PWM_Init        0x08004ff5    0x6e  Code  Gb  stm32f1xx_hal_tim.o [1]
HAL_TIM_PWM_MspInit     0x08002923    0x26  Code  Gb  tim.o [1]
HAL_TIM_PWM_Start       0x08005063    0xc8  Code  Gb  stm32f1xx_hal_tim.o [1]
HAL_TIM_ReadCapturedValue
                        0x08005643    0x30  Code  Gb  stm32f1xx_hal_tim.o [1]
HAL_TIM_Task            0x08002abd    0x52  Code  Gb  tim.o [1]
HAL_UART_IRQHandler     0x08004631   0x21e  Code  Gb  stm32f1xx_hal_uart.o [1]
HAL_UART_MspInit        0x08001dcf    0x98  Code  Gb  usart.o [1]
HAL_UART_Receive_IT     0x080045f5    0x3c  Code  Gb  stm32f1xx_hal_uart.o [1]
HAL_UART_RxCpltCallback
                        0x08001e67    0x40  Code  Gb  usart.o [1]
HAL_UART_RxCpltCallback::data
                        0x20003584     0x1  Data  Lc  usart.o [1]
HAL_UART_RxManage       0x08001eed   0x44a  Code  Gb  usart.o [1]
HAL_UART_Task           0x080024b3   0x114  Code  Gb  usart.o [1]
HAL_UART_Transmit_IT    0x080045a1    0x54  Code  Gb  stm32f1xx_hal_uart.o [1]
HardFault_Handler       0x08008c13     0x2  Code  Gb  stm32f1xx_it.o [1]
I2C_IsAcknowledgeFailed
                        0x08006563    0x36  Code  Lc  stm32f1xx_hal_i2c.o [1]
I2C_RequestMemoryRead   0x0800618b   0x16c  Code  Lc  stm32f1xx_hal_i2c.o [1]
I2C_RequestMemoryWrite  0x080060a5    0xe6  Code  Lc  stm32f1xx_hal_i2c.o [1]
I2C_WaitOnBTFFlagUntilTimeout
                        0x08006493    0x58  Code  Lc  stm32f1xx_hal_i2c.o [1]
I2C_WaitOnFlagUntilTimeout
                        0x080062f7    0x8a  Code  Lc  stm32f1xx_hal_i2c.o [1]
I2C_WaitOnMasterAddressFlagUntilTimeout
                        0x08006381    0xba  Code  Lc  stm32f1xx_hal_i2c.o [1]
I2C_WaitOnRXNEFlagUntilTimeout
                        0x080064f1    0x72  Code  Lc  stm32f1xx_hal_i2c.o [1]
I2C_WaitOnTXEFlagUntilTimeout
                        0x0800643b    0x58  Code  Lc  stm32f1xx_hal_i2c.o [1]
Idle_Stack              0x20002c5c   0x200  Data  Lc  cmsis_os2.o [1]
Idle_TCB                0x20002efc    0x5c  Data  Lc  cmsis_os2.o [1]
KernelState             0x20003494     0x4  Data  Lc  cmsis_os2.o [1]
LIN_ComputeChecksum     0x08001ea7    0x46  Code  Lc  usart.o [1]
LIN_MasterModeCommandBuffer
                        0x20003576     0x1  Data  Gb  freertos.o [1]
LIN_MasterModeCommandControlBlock
                        0x20003100    0x50  Data  Gb  freertos.o [1]
LIN_MasterModeCommandQueueHandle
                        0x200034b8     0x4  Data  Gb  freertos.o [1]
LIN_MasterModeCommandQueue_attributes
                        0x08008ef8    0x18  Data  Gb  freertos.o [1]
LIN_MasterTargetPositionBuffer
                        0x2000355a     0x2  Data  Gb  freertos.o [1]
LIN_MasterTargetPositionControlBlock
                        0x200030b0    0x50  Data  Gb  freertos.o [1]
LIN_MasterTargetPositionQueueHandle
                        0x200034b4     0x4  Data  Gb  freertos.o [1]
LIN_MasterTargetPositionQueue_attributes
                        0x08008ee0    0x18  Data  Gb  freertos.o [1]
LIN_MessagesRxHandel    0x08002337    0x62  Code  Lc  usart.o [1]
LIN_MessagesRxHandel::linMasterModeCommandValue
                        0x20003585     0x1  Data  Lc  usart.o [1]
LIN_MessagesRxHandel::linMasterTargetPositionValue
                        0x20003572     0x2  Data  Lc  usart.o [1]
LIN_RX_MASTERCAL_MessagesUpdate
                        0x08002399    0x72  Code  Lc  usart.o [1]
LIN_TX_YTCAL_MessagesUpdate
                        0x08002457    0x5c  Code  Lc  usart.o [1]
LIN_TX_YTCAL_MessagesUpdate::modeName
                        0x20003586     0x1  Data  Lc  usart.o [1]
LIN_TX_YTSENT_MessagesUpdate
                        0x0800240b    0x4c  Code  Lc  usart.o [1]
LIN_TX_YTSENT_MessagesUpdate::linAngleValue
                        0x20003554     0x4  Data  Lc  usart.o [1]
LIN_TX_YTSENT_MessagesUpdate::linYtSentCurrentPositionValue
                        0x20003574     0x2  Data  Lc  usart.o [1]
MODEHandle              0x200034a8     0x4  Data  Gb  freertos.o [1]
MODE_ControlModeHandel  0x0800896b    0xa8  Code  Gb  mode.o [1]
MODE_ControlModeHandel::masterModeCommand
                        0x2000357f     0x1  Data  Lc  mode.o [1]
MODE_ControlModeHandel::masterModeCommandOld
                        0x20003580     0x1  Data  Lc  mode.o [1]
MODE_ControlModeHandel::masterTargetPosOld
                        0x2000356a     0x2  Data  Lc  mode.o [1]
MODE_Init               0x080084f1    0x3a  Code  Gb  mode.o [1]
MODE_ModeCommandChange  0x0800857d   0x108  Code  Lc  mode.o [1]
MODE_ModeCommandChange::firstPos
                        0x2000355e     0x2  Data  Lc  mode.o [1]
MODE_ModeCommandChange::modeRunStep
                        0x2000357e     0x1  Data  Lc  mode.o [1]
MODE_ModeCommandChange::secondtPos
                        0x20003560     0x2  Data  Lc  mode.o [1]
MODE_ModePositionChange
                        0x0800852b    0x52  Code  Lc  mode.o [1]
MODE_ModePositionChange::posRunStep
                        0x2000357d     0x1  Data  Lc  mode.o [1]
MODE_MotorAction        0x08008685   0x2e6  Code  Lc  mode.o [1]
MODE_MotorAction::brakeTimer
                        0x20003562     0x2  Data  Lc  mode.o [1]
MODE_MotorAction::modeCurrentPosOld
                        0x20003568     0x2  Data  Lc  mode.o [1]
MODE_MotorAction::motorOutMessageQueue
                        0x2000346c     0x8  Data  Lc  mode.o [1]
MODE_MotorAction::positionValueDelta
                        0x20003564     0x2  Data  Lc  mode.o [1]
MODE_MotorAction::positionValueDeltaAverage
                        0x20003566     0x2  Data  Lc  mode.o [1]
MODE_MotorAction::positionValueDeltaList
                        0x20003304    0x3c  Data  Lc  mode.o [1]
MODE_MotorOutBuffer     0x200034c0     0x4  Data  Gb  freertos.o [1]
MODE_MotorOutControlBlock
                        0x20003150    0x50  Data  Gb  freertos.o [1]
MODE_MotorOutQueueHandle
                        0x200034bc     0x4  Data  Gb  freertos.o [1]
MODE_MotorOutQueue_attributes
                        0x08008f10    0x18  Data  Gb  freertos.o [1]
MODE_Task               0x08008a13    0x72  Code  Gb  mode.o [1]
MODE_Task::positionValueOld
                        0x2000356c     0x2  Data  Lc  mode.o [1]
MODE_attributes         0x08008dbc    0x24  Data  Gb  freertos.o [1]
MX_CAN_Init             0x08001be1    0x60  Code  Gb  can.o [1]
MX_FREERTOS_Init        0x0800330d    0x9c  Code  Gb  freertos.o [1]
MX_GPIO_Init            0x08001ac9   0x118  Code  Gb  gpio.o [1]
MX_I2C2_Init            0x08002b71    0x4e  Code  Gb  i2c.o [1]
MX_RTC_Init             0x08002625    0x28  Code  Gb  rtc.o [1]
MX_SPI1_Init            0x0800268d    0x60  Code  Gb  spi.o [1]
MX_TIM1_Init            0x0800275d    0xa6  Code  Gb  tim.o [1]
MX_TIM3_Init            0x08002803    0xb0  Code  Gb  tim.o [1]
MX_USART1_UART_Init     0x08001d7d    0x52  Code  Gb  usart.o [1]
MX_USB_PCD_Init         0x08000dc5    0x36  Code  Gb  usb.o [1]
MemManage_Handler       0x08008c15     0x2  Code  Gb  stm32f1xx_it.o [1]
MotorOutEventHandle     0x200034c4     0x4  Data  Gb  freertos.o [1]
MotorOutEvent_attributes
                        0x08008f4c    0x10  Data  Gb  freertos.o [1]
NMI_Handler             0x08008c11     0x2  Code  Gb  stm32f1xx_it.o [1]
NVIC_EncodePriority     0x080019d7    0x3e  Code  Lc  stm32f1xx_hal_cortex.o [1]
PCD_EP_ISR_Handler      0x0800046b   0x3e8  Code  Lc  stm32f1xx_hal_pcd.o [1]
PendSV_Handler          0x08008469          Code  Gb  portasm.o [1]
RCC_Delay               0x08003acb    0x24  Code  Lc  stm32f1xx_hal_rcc.o [1]
RTC_EnterInitMode       0x08004eb7    0x36  Code  Lc  stm32f1xx_hal_rtc.o [1]
RTC_ExitInitMode        0x08004eed    0x36  Code  Lc  stm32f1xx_hal_rtc.o [1]
Region$$Table$$Base     0x08008e04           --   Gb  - Linker created -
Region$$Table$$Limit    0x08008e28           --   Gb  - Linker created -
SENT_CurrentPositionBuffer
                        0x20003558     0x2  Data  Gb  freertos.o [1]
SENT_CurrentPositionControlBlock
                        0x20003060    0x50  Data  Gb  freertos.o [1]
SENT_CurrentPositionQueueHandle
                        0x200034b0     0x4  Data  Gb  freertos.o [1]
SENT_CurrentPositionQueue_attributes
                        0x08008ec8    0x18  Data  Gb  freertos.o [1]
SVC_Handler             0x080084af          Code  Gb  portasm.o [1]
StartDefaultTask        0x080033a9    0x2c  Code  Gb  freertos.o [1]
SysTick_Config          0x08001a15    0x2e  Code  Lc  stm32f1xx_hal_cortex.o [1]
SysTick_Handler         0x08008c1d    0x14  Code  Gb  stm32f1xx_it.o [1]
SystemClock_Config      0x080018d5    0x96  Code  Gb  main.o [1]
SystemCoreClock         0x20000108     0x4  Data  Gb  system_stm32f1xx.o [1]
SystemInit              0x080090bd     0x2  Code  Gb  system_stm32f1xx.o [1]
TIM1_CC_IRQHandler      0x08008c5b     0xa  Code  Gb  stm32f1xx_it.o [1]
TIMHandle               0x200034a4     0x4  Data  Gb  freertos.o [1]
TIM_Base_SetConfig      0x08005673    0x64  Code  Gb  stm32f1xx_hal_tim.o [1]
TIM_CCxChannelCmd       0x08005949    0x26  Code  Gb  stm32f1xx_hal_tim.o [1]
TIM_OC1_SetConfig       0x080056d7    0x5a  Code  Lc  stm32f1xx_hal_tim.o [1]
TIM_OC2_SetConfig       0x08005731    0x64  Code  Gb  stm32f1xx_hal_tim.o [1]
TIM_OC3_SetConfig       0x08005795    0x62  Code  Lc  stm32f1xx_hal_tim.o [1]
TIM_OC4_SetConfig       0x080057f7    0x46  Code  Lc  stm32f1xx_hal_tim.o [1]
TIM_TI1_SetConfig       0x0800583d    0x5e  Code  Gb  stm32f1xx_hal_tim.o [1]
TIM_TI2_SetConfig       0x080058a9    0x36  Code  Lc  stm32f1xx_hal_tim.o [1]
TIM_TI3_SetConfig       0x080058df    0x34  Code  Lc  stm32f1xx_hal_tim.o [1]
TIM_TI4_SetConfig       0x08005913    0x36  Code  Lc  stm32f1xx_hal_tim.o [1]
TIM_attributes          0x08008d98    0x24  Data  Gb  freertos.o [1]
Timer_Stack             0x20002570   0x400  Data  Lc  cmsis_os2.o [1]
Timer_TCB               0x20002f58    0x5c  Data  Lc  cmsis_os2.o [1]
UARTHandle              0x200034a0     0x4  Data  Gb  freertos.o [1]
UART_DMAAbortOnError    0x080048c5    0x12  Code  Lc  stm32f1xx_hal_uart.o [1]
UART_EndRxTransfer      0x0800488d    0x36  Code  Lc  stm32f1xx_hal_uart.o [1]
UART_EndTransmit_IT     0x0800493b    0x1c  Code  Lc  stm32f1xx_hal_uart.o [1]
UART_Receive_IT         0x08004957    0xdc  Code  Lc  stm32f1xx_hal_uart.o [1]
UART_SetConfig          0x08004a33    0xd8  Code  Lc  stm32f1xx_hal_uart.o [1]
UART_Start_Receive_IT   0x0800484f    0x3e  Code  Gb  stm32f1xx_hal_uart.o [1]
UART_Transmit_IT        0x080048d9    0x62  Code  Lc  stm32f1xx_hal_uart.o [1]
UART_attributes         0x08008d74    0x24  Data  Gb  freertos.o [1]
USART1_IRQHandler       0x08008c65     0xa  Code  Gb  stm32f1xx_it.o [1]
USB_CoreInit            0x08000e4d     0x8  Code  Gb  stm32f1xx_ll_usb.o [1]
USB_DevDisconnect       0x08001771     0x4  Code  Gb  stm32f1xx_ll_usb.o [1]
USB_DevInit             0x08000e6d    0x20  Code  Gb  stm32f1xx_ll_usb.o [1]
USB_DisableGlobalInt    0x08000e55    0x14  Code  Gb  stm32f1xx_ll_usb.o [1]
USB_EPStartXfer         0x08000e8d   0x8d4  Code  Gb  stm32f1xx_ll_usb.o [1]
USB_HP_CAN1_TX_IRQHandler
                        0x08008c31    0x10  Code  Gb  stm32f1xx_it.o [1]
USB_LP_CAN1_RX0_IRQHandler
                        0x08008c41    0x10  Code  Gb  stm32f1xx_it.o [1]
USB_ReadInterrupts      0x08001775     0x6  Code  Gb  stm32f1xx_ll_usb.o [1]
USB_ReadPMA             0x080017ad    0x36  Code  Gb  stm32f1xx_ll_usb.o [1]
USB_SetCurrentMode      0x08000e69     0x4  Code  Gb  stm32f1xx_ll_usb.o [1]
USB_SetDevAddress       0x08001761    0x10  Code  Gb  stm32f1xx_ll_usb.o [1]
USB_WritePMA            0x0800177b    0x32  Code  Gb  stm32f1xx_ll_usb.o [1]
UsageFault_Handler      0x08008c19     0x2  Code  Gb  stm32f1xx_it.o [1]
__NVIC_EnableIRQ        0x08001997    0x1c  Code  Lc  stm32f1xx_hal_cortex.o [1]
__NVIC_GetPriorityGrouping
                        0x0800198d     0xa  Code  Lc  stm32f1xx_hal_cortex.o [1]
__NVIC_SetPriority      0x080019b3    0x24  Code  Lc  stm32f1xx_hal_cortex.o [1]
__NVIC_SetPriorityGrouping
                        0x08001971    0x1c  Code  Lc  stm32f1xx_hal_cortex.o [1]
__aeabi_memclr4         0x08003445          Code  Gb  ABImemclr4.o [4]
__aeabi_memcpy          0x080017e5          Code  Gb  ABImemcpy.o [4]
__aeabi_memcpy4         0x08001805          Code  Gb  ABImemcpy.o [4]
__aeabi_memcpy8         0x08001805          Code  Gb  ABImemcpy.o [4]
__aeabi_memset          0x08008401          Code  Gb  ABImemset.o [4]
__cmain                 0x08008e49          Code  Gb  cmain.o [4]
__exit                  0x08008e7d    0x14  Code  Gb  exit.o [5]
__iar_Memset            0x08008401          Code  Gb  ABImemset.o [4]
__iar_Memset4_word      0x080078d9          Code  Gb  ABImemset48.o [4]
__iar_Memset8_word      0x080078d9          Code  Gb  ABImemset48.o [4]
__iar_Memset_word       0x08008409          Code  Gb  ABImemset.o [4]
__iar_copy_init3        0x08008cd9    0x2c  Code  Gb  copy_init3.o [4]
__iar_data_init3        0x08008d05    0x28  Code  Gb  data_init.o [4]
__iar_program_start     0x08008fb9          Code  Gb  cstartup_M.o [4]
__iar_systems$$module {Abs}
                        0x00000001          Data  Gb  command line/config [2]
__iar_zero_init3        0x08008c99    0x40  Code  Gb  zero_init3.o [4]
__low_level_init        0x08008e67     0x4  Code  Gb  low_level_init.o [3]
__vector_table          0x08000000          Data  Gb  startup_stm32f103xb.o [1]
_call_main              0x08008e55          Code  Gb  cmain.o [4]
_exit                   0x08008e71          Code  Gb  cexit.o [4]
_main                   0x08008e63          Code  Gb  cmain.o [4]
controlMode             0x2000357a     0x1  Data  Lc  mode.o [1]
crc4_cal                0x080029a3    0x3c  Code  Gb  tim.o [1]
defaultTaskHandle       0x20003498     0x4  Data  Gb  freertos.o [1]
defaultTask_attributes  0x08008d2c    0x24  Data  Gb  freertos.o [1]
eeData                  0x20000028    0xb0  Data  Lc  i2c.o [1]
eeDefaultData           0x20000000    0x28  Data  Lc  i2c.o [1]
eeMirrorData            0x20003368    0x28  Data  Lc  i2c.o [1]
exit                    0x08008e6b     0x4  Code  Gb  exit.o [3]
hcan                    0x20003340    0x28  Data  Gb  can.o [1]
hi2c2                   0x2000300c    0x54  Data  Gb  i2c.o [1]
hpcd_USB_FS             0x20002970   0x2ec  Data  Gb  usb.o [1]
hrtc                    0x200033ac    0x14  Data  Gb  rtc.o [1]
hspi1                   0x20002fb4    0x58  Data  Gb  spi.o [1]
htim1                   0x200031f0    0x48  Data  Gb  tim.o [1]
htim3                   0x20003238    0x48  Data  Gb  tim.o [1]
huart1                  0x20003280    0x44  Data  Gb  usart.o [1]
linMasterCalMessage     0x2000348c     0x8  Data  Lc  usart.o [1]
linMasterMessage        0x20003474     0x8  Data  Lc  usart.o [1]
linState                0x20003583     0x1  Data  Lc  usart.o [1]
linTransferData         0x20003390    0x1c  Data  Lc  usart.o [1]
linYtCalMessage         0x20003484     0x8  Data  Lc  usart.o [1]
linYtSentMessage        0x2000347c     0x8  Data  Lc  usart.o [1]
main                    0x08001899    0x3c  Code  Gb  main.o [1]
masterTargetPos         0x2000355c     0x2  Data  Lc  mode.o [1]
modeCommand             0x20003578     0x1  Data  Lc  mode.o [1]
modeCurrentPos          0x200034d8     0x4  Data  Lc  mode.o [1]
modeMotorOut            0x200034e0     0x4  Data  Lc  mode.o [1]
modeMotorOutOld         0x200034e4     0x4  Data  Lc  mode.o [1]
modeMotorRunStep        0x2000357b     0x1  Data  Lc  mode.o [1]
modeMotorStatus         0x2000357c     0x1  Data  Lc  mode.o [1]
modePosition            0x200000e0    0x20  Data  Lc  mode.o [1]
modeTargetPos           0x200034dc     0x4  Data  Lc  mode.o [1]
osDelay                 0x08003055    0x38  Code  Gb  cmsis_os2.o [1]
osEventFlagsNew         0x08003091    0x6c  Code  Gb  cmsis_os2.o [1]
osKernelInitialize      0x08002ea5    0x44  Code  Gb  cmsis_os2.o [1]
osKernelStart           0x08002ee9    0x4a  Code  Gb  cmsis_os2.o [1]
osMessageQueueGet       0x08003245    0x8e  Code  Gb  cmsis_os2.o [1]
osMessageQueueNew       0x08003105    0xae  Code  Gb  cmsis_os2.o [1]
osMessageQueuePut       0x080031b3    0x92  Code  Gb  cmsis_os2.o [1]
osThreadNew             0x08002f33    0xe4  Code  Gb  cmsis_os2.o [1]
osThreadYield           0x08003017    0x3e  Code  Gb  cmsis_os2.o [1]
pcInterruptPriorityRegisters
                        0x08009020     0x4  Data  Lc  port.o [1]
positionValue           0x2000356e     0x2  Data  Gb  tim.o [1]
prvAddCurrentTaskToDelayedList
                        0x08007039    0x64  Code  Lc  tasks.o [1]
prvAddNewTaskToReadyList
                        0x08006745    0xc2  Code  Lc  tasks.o [1]
prvCheckForValidListAndQueue
                        0x0800834f    0x52  Code  Lc  timers.o [1]
prvCheckForValidListAndQueue{1}{2}{3}{4}::ucStaticTimerQueueStorage
                        0x20002e5c    0xa0  Data  Lc  timers.o [1]
prvCheckForValidListAndQueue{1}{2}{3}{4}::xStaticTimerQueue
                        0x200031a0    0x50  Data  Lc  timers.o [1]
prvCheckTasksWaitingTermination
                        0x08006e97    0x48  Code  Lc  tasks.o [1]
prvCopyDataFromQueue    0x0800778f    0x2a  Code  Lc  queue.o [1]
prvCopyDataToQueue      0x08007709    0x86  Code  Lc  queue.o [1]
prvDeleteTCB            0x08006edf    0x42  Code  Lc  tasks.o [1]
prvGetNextExpireTime    0x08008137    0x2c  Code  Lc  timers.o [1]
prvHeapInit             0x08007c71    0x62  Code  Lc  heap_4.o [1]
prvIdleTask             0x08006e11    0x24  Code  Lc  tasks.o [1]
prvInitialiseNewQueue   0x08007269    0x22  Code  Lc  queue.o [1]
prvInitialiseNewTask    0x0800668f    0xb6  Code  Lc  tasks.o [1]
prvInitialiseTaskLists  0x08006e3d    0x5a  Code  Lc  tasks.o [1]
prvInsertBlockIntoFreeList
                        0x08007cd3    0x58  Code  Lc  heap_4.o [1]
prvInsertTimerInActiveList
                        0x0800818f    0x3e  Code  Lc  timers.o [1]
prvIsQueueEmpty         0x0800782b    0x1c  Code  Lc  queue.o [1]
prvIsQueueFull          0x08007847    0x1e  Code  Lc  queue.o [1]
prvProcessExpiredTimer  0x08008053    0x5a  Code  Lc  timers.o [1]
prvProcessReceivedCommands
                        0x080081cd   0x104  Code  Lc  timers.o [1]
prvProcessTimerOrBlockTask
                        0x080080c1    0x76  Code  Lc  timers.o [1]
prvResetNextTaskUnblockTime
                        0x08006f21    0x28  Code  Lc  tasks.o [1]
prvSampleTimeNow        0x08008163    0x2c  Code  Lc  timers.o [1]
prvSampleTimeNow::xLastTime
                        0x2000354c     0x4  Data  Lc  timers.o [1]
prvSwitchTimerLists     0x080082d1    0x7e  Code  Lc  timers.o [1]
prvTaskExitError        0x08007d69    0x2a  Code  Lc  port.o [1]
prvTestWaitCondition    0x08004d59    0x1a  Code  Lc  event_groups.o [1]
prvTimerTask            0x080080ad    0x14  Code  Lc  timers.o [1]
prvUnlockQueue          0x080077b9    0x72  Code  Lc  queue.o [1]
pvPortMalloc            0x08007aed   0x10e  Code  Gb  heap_4.o [1]
pwmMotorOut             0x2000352c     0x4  Data  Lc  tim.o [1]
pxCurrentTCB            0x200034f0     0x4  Data  Gb  tasks.o [1]
pxCurrentTimerList      0x2000353c     0x4  Data  Lc  timers.o [1]
pxDelayedTaskList       0x200034f4     0x4  Data  Lc  tasks.o [1]
pxEnd                   0x200034c8     0x4  Data  Lc  heap_4.o [1]
pxOverflowDelayedTaskList
                        0x200034f8     0x4  Data  Lc  tasks.o [1]
pxOverflowTimerList     0x20003540     0x4  Data  Lc  timers.o [1]
pxPortInitialiseStack   0x08007d49    0x20  Code  Gb  port.o [1]
pxReadyTasksLists       0x20002110   0x460  Data  Lc  tasks.o [1]
runCycle                0x20003579     0x1  Data  Lc  mode.o [1]
timerValue              0x20003570     0x2  Data  Gb  tim.o [1]
uartEventHandle         0x20003550     0x4  Data  Lc  usart.o [1]
ucHeap                  0x20000110  0x2000  Data  Lc  heap_4.o [1]
ucMaxSysCallPriority    0x20003581     0x1  Data  Lc  port.o [1]
ulMaxPRIGROUPValue      0x200034e8     0x4  Data  Lc  port.o [1]
uwTick                  0x200034ec     0x4  Data  Gb  stm32f1xx_hal.o [1]
uwTickFreq              0x2000010c     0x1  Data  Gb  stm32f1xx_hal.o [1]
uwTickPrio              0x20000104     0x4  Data  Gb  stm32f1xx_hal.o [1]
uxCriticalNesting       0x20000100     0x4  Data  Lc  port.o [1]
uxCurrentNumberOfTasks  0x20003500     0x4  Data  Lc  tasks.o [1]
uxDeletedTasksWaitingCleanUp
                        0x200034fc     0x4  Data  Lc  tasks.o [1]
uxListRemove            0x08007ac5    0x26  Code  Gb  list.o [1]
uxPendedTicks           0x20003510     0x4  Data  Lc  tasks.o [1]
uxSchedulerSuspended    0x20003528     0x4  Data  Lc  tasks.o [1]
uxTaskNumber            0x2000351c     0x4  Data  Lc  tasks.o [1]
uxTaskResetEventItemValue
                        0x08007009    0x1e  Code  Gb  tasks.o [1]
uxTopReadyPriority      0x20003508     0x4  Data  Lc  tasks.o [1]
vApplicationGetIdleTaskMemory
                        0x080032d5     0xe  Code  Gb  cmsis_os2.o [1]
vApplicationGetTimerTaskMemory
                        0x080032e3    0x10  Code  Gb  cmsis_os2.o [1]
vEventGroupSetBitsCallback
                        0x08004d51     0x8  Code  Gb  event_groups.o [1]
vListInitialise         0x08007a53    0x1e  Code  Gb  list.o [1]
vListInitialiseItem     0x08007a71     0x6  Code  Gb  list.o [1]
vListInsert             0x08007a8f    0x36  Code  Gb  list.o [1]
vListInsertEnd          0x08007a77    0x18  Code  Gb  list.o [1]
vPortEnterCritical      0x08007e35    0x3a  Code  Gb  port.o [1]
vPortExitCritical       0x08007e6f    0x32  Code  Gb  port.o [1]
vPortFree               0x08007bfb    0x76  Code  Gb  heap_4.o [1]
vPortStartFirstTask     0x080084cf          Code  Gb  portasm.o [1]
vPortValidateInterruptPriority
                        0x08007ec9    0x4a  Code  Gb  port.o [1]
vQueueAddToRegistry     0x08007865    0x24  Code  Gb  queue.o [1]
vQueueWaitForMessageRestricted
                        0x0800788d    0x4a  Code  Gb  queue.o [1]
vTaskDelay              0x08006807    0x4c  Code  Gb  tasks.o [1]
vTaskInternalSetTimeOutState
                        0x08006d67    0x12  Code  Gb  tasks.o [1]
vTaskMissedYield        0x08006e07     0xa  Code  Gb  tasks.o [1]
vTaskPlaceOnEventList   0x08006b89    0x2e  Code  Gb  tasks.o [1]
vTaskPlaceOnEventListRestricted
                        0x08006c19    0x38  Code  Gb  tasks.o [1]
vTaskPlaceOnUnorderedEventList
                        0x08006bbd    0x52  Code  Gb  tasks.o [1]
vTaskRemoveFromUnorderedEventList
                        0x08006ce5    0x82  Code  Gb  tasks.o [1]
vTaskStartScheduler     0x08006853    0x9a  Code  Gb  tasks.o [1]
vTaskSuspendAll         0x080068ed    0x10  Code  Gb  tasks.o [1]
vTaskSwitchContext      0x08006b17    0x72  Code  Gb  tasks.o [1]
xActiveTimerList1       0x20003424    0x14  Data  Lc  timers.o [1]
xActiveTimerList2       0x20003438    0x14  Data  Lc  timers.o [1]
xBlockAllocatedBit      0x200034d4     0x4  Data  Lc  heap_4.o [1]
xDelayedTaskList1       0x200033c0    0x14  Data  Lc  tasks.o [1]
xDelayedTaskList2       0x200033d4    0x14  Data  Lc  tasks.o [1]
xEventGroupCreate       0x08004b5d    0x20  Code  Gb  event_groups.o [1]
xEventGroupCreateStatic
                        0x08004b15    0x48  Code  Gb  event_groups.o [1]
xEventGroupSetBits      0x08004ca5    0xac  Code  Gb  event_groups.o [1]
xEventGroupSetBitsFromISR
                        0x08004d73    0x10  Code  Gb  event_groups.o [1]
xEventGroupWaitBits     0x08004b7d   0x128  Code  Gb  event_groups.o [1]
xFreeBytesRemaining     0x200034cc     0x4  Data  Lc  heap_4.o [1]
xHeapStructSize         0x0800901c     0x4  Data  Lc  heap_4.o [1]
xIdleTaskHandle         0x20003524     0x4  Data  Lc  tasks.o [1]
xMinimumEverFreeBytesRemaining
                        0x200034d0     0x4  Data  Lc  heap_4.o [1]
xNextTaskUnblockTime    0x20003520     0x4  Data  Lc  tasks.o [1]
xNumOfOverflows         0x20003518     0x4  Data  Lc  tasks.o [1]
xPendingReadyList       0x200033e8    0x14  Data  Lc  tasks.o [1]
xPortStartScheduler     0x08007d93    0xa2  Code  Gb  port.o [1]
xPortSysTickHandler     0x08007ea1    0x28  Code  Gb  port.o [1]
xQueueGenericCreate     0x08007219    0x50  Code  Gb  queue.o [1]
xQueueGenericCreateStatic
                        0x08007173    0xa6  Code  Gb  queue.o [1]
xQueueGenericReset      0x080070dd    0x96  Code  Gb  queue.o [1]
xQueueGenericSend       0x0800728b   0x196  Code  Gb  queue.o [1]
xQueueGenericSendFromISR
                        0x08007421    0xdc  Code  Gb  queue.o [1]
xQueueReceive           0x080074fd   0x15a  Code  Gb  queue.o [1]
xQueueReceiveFromISR    0x0800765d    0xac  Code  Gb  queue.o [1]
xQueueRegistry          0x200032c4    0x40  Data  Gb  queue.o [1]
xSchedulerRunning       0x2000350c     0x4  Data  Lc  tasks.o [1]
xStart                  0x20003464     0x8  Data  Lc  heap_4.o [1]
xSuspendedTaskList      0x20003410    0x14  Data  Lc  tasks.o [1]
xTaskCheckForTimeOut    0x08006d85    0x82  Code  Gb  tasks.o [1]
xTaskCreate             0x0800661b    0x74  Code  Gb  tasks.o [1]
xTaskCreateStatic       0x08006599    0x82  Code  Gb  tasks.o [1]
xTaskGetSchedulerState  0x08006f49    0x20  Code  Gb  tasks.o [1]
xTaskGetTickCount       0x080069f9     0x8  Code  Gb  tasks.o [1]
xTaskIncrementTick      0x08006a01   0x116  Code  Gb  tasks.o [1]
xTaskPriorityDisinherit
                        0x08006f69    0x8e  Code  Gb  tasks.o [1]
xTaskRemoveFromEventList
                        0x08006c5d    0x84  Code  Gb  tasks.o [1]
xTaskResumeAll          0x080068fd    0xfc  Code  Gb  tasks.o [1]
xTasksWaitingTermination
                        0x200033fc    0x14  Data  Lc  tasks.o [1]
xTickCount              0x20003504     0x4  Data  Lc  tasks.o [1]
xTimerCreateTimerTask   0x08007f6d    0x6e  Code  Gb  timers.o [1]
xTimerGenericCommand    0x08007fdb    0x78  Code  Gb  timers.o [1]
xTimerPendFunctionCallFromISR
                        0x080083a1    0x22  Code  Gb  timers.o [1]
xTimerQueue             0x20003544     0x4  Data  Lc  timers.o [1]
xTimerTaskHandle        0x20003548     0x4  Data  Lc  timers.o [1]
xYieldPending           0x20003514     0x4  Data  Lc  tasks.o [1]


[1] = F:\00_Workspace\00_YTP_GoodProject\040_Software\41_Cube\Code\GoodProject\EWARM\GoodProject\Obj
[2] = command line
[3] = dl7M_tlf.a
[4] = rt7M_tl.a
[5] = shb_l.a

  36 118 bytes of readonly  code memory
     936 bytes of readonly  data memory
  14 724 bytes of readwrite data memory

Errors: none
Warnings: none
