###############################################################################
#
# IAR ELF Linker V8.22.1.15669/W32 for ARM                02/May/2022  23:49:48
# Copyright 2007-2018 IAR Systems AB.
#
#    Output file  =  
#        F:\00_Workspace\00_YTP_GoodProject\040_Software\41_Cube\Code\GoodProject\EWARM\GoodProject\Exe\GoodProject.out
#    Map file     =  
#        F:\00_Workspace\00_YTP_GoodProject\040_Software\41_Cube\Code\GoodProject\EWARM\GoodProject\List\GoodProject.map
#    Command line =  
#        -f C:\Users\ADMINI~1\AppData\Local\Temp\EWC45E.tmp
#        (F:\00_Workspace\00_YTP_GoodProject\040_Software\41_Cube\Code\GoodProject\EWARM\GoodProject\Obj\can.o
#        F:\00_Workspace\00_YTP_GoodProject\040_Software\41_Cube\Code\GoodProject\EWARM\GoodProject\Obj\ccl.o
#        F:\00_Workspace\00_YTP_GoodProject\040_Software\41_Cube\Code\GoodProject\EWARM\GoodProject\Obj\cmsis_os2.o
#        F:\00_Workspace\00_YTP_GoodProject\040_Software\41_Cube\Code\GoodProject\EWARM\GoodProject\Obj\croutine.o
#        F:\00_Workspace\00_YTP_GoodProject\040_Software\41_Cube\Code\GoodProject\EWARM\GoodProject\Obj\diag.o
#        F:\00_Workspace\00_YTP_GoodProject\040_Software\41_Cube\Code\GoodProject\EWARM\GoodProject\Obj\event_groups.o
#        F:\00_Workspace\00_YTP_GoodProject\040_Software\41_Cube\Code\GoodProject\EWARM\GoodProject\Obj\freertos.o
#        F:\00_Workspace\00_YTP_GoodProject\040_Software\41_Cube\Code\GoodProject\EWARM\GoodProject\Obj\gpio.o
#        F:\00_Workspace\00_YTP_GoodProject\040_Software\41_Cube\Code\GoodProject\EWARM\GoodProject\Obj\heap_4.o
#        F:\00_Workspace\00_YTP_GoodProject\040_Software\41_Cube\Code\GoodProject\EWARM\GoodProject\Obj\i2c.o
#        F:\00_Workspace\00_YTP_GoodProject\040_Software\41_Cube\Code\GoodProject\EWARM\GoodProject\Obj\list.o
#        F:\00_Workspace\00_YTP_GoodProject\040_Software\41_Cube\Code\GoodProject\EWARM\GoodProject\Obj\main.o
#        F:\00_Workspace\00_YTP_GoodProject\040_Software\41_Cube\Code\GoodProject\EWARM\GoodProject\Obj\mode.o
#        F:\00_Workspace\00_YTP_GoodProject\040_Software\41_Cube\Code\GoodProject\EWARM\GoodProject\Obj\port.o
#        F:\00_Workspace\00_YTP_GoodProject\040_Software\41_Cube\Code\GoodProject\EWARM\GoodProject\Obj\portasm.o
#        F:\00_Workspace\00_YTP_GoodProject\040_Software\41_Cube\Code\GoodProject\EWARM\GoodProject\Obj\queue.o
#        F:\00_Workspace\00_YTP_GoodProject\040_Software\41_Cube\Code\GoodProject\EWARM\GoodProject\Obj\rtc.o
#        F:\00_Workspace\00_YTP_GoodProject\040_Software\41_Cube\Code\GoodProject\EWARM\GoodProject\Obj\spi.o
#        F:\00_Workspace\00_YTP_GoodProject\040_Software\41_Cube\Code\GoodProject\EWARM\GoodProject\Obj\startup_stm32f103xb.o
#        F:\00_Workspace\00_YTP_GoodProject\040_Software\41_Cube\Code\GoodProject\EWARM\GoodProject\Obj\stm32f1xx_hal.o
#        F:\00_Workspace\00_YTP_GoodProject\040_Software\41_Cube\Code\GoodProject\EWARM\GoodProject\Obj\stm32f1xx_hal_can.o
#        F:\00_Workspace\00_YTP_GoodProject\040_Software\41_Cube\Code\GoodProject\EWARM\GoodProject\Obj\stm32f1xx_hal_cortex.o
#        F:\00_Workspace\00_YTP_GoodProject\040_Software\41_Cube\Code\GoodProject\EWARM\GoodProject\Obj\stm32f1xx_hal_dma.o
#        F:\00_Workspace\00_YTP_GoodProject\040_Software\41_Cube\Code\GoodProject\EWARM\GoodProject\Obj\stm32f1xx_hal_exti.o
#        F:\00_Workspace\00_YTP_GoodProject\040_Software\41_Cube\Code\GoodProject\EWARM\GoodProject\Obj\stm32f1xx_hal_flash.o
#        F:\00_Workspace\00_YTP_GoodProject\040_Software\41_Cube\Code\GoodProject\EWARM\GoodProject\Obj\stm32f1xx_hal_flash_ex.o
#        F:\00_Workspace\00_YTP_GoodProject\040_Software\41_Cube\Code\GoodProject\EWARM\GoodProject\Obj\stm32f1xx_hal_gpio.o
#        F:\00_Workspace\00_YTP_GoodProject\040_Software\41_Cube\Code\GoodProject\EWARM\GoodProject\Obj\stm32f1xx_hal_gpio_ex.o
#        F:\00_Workspace\00_YTP_GoodProject\040_Software\41_Cube\Code\GoodProject\EWARM\GoodProject\Obj\stm32f1xx_hal_i2c.o
#        F:\00_Workspace\00_YTP_GoodProject\040_Software\41_Cube\Code\GoodProject\EWARM\GoodProject\Obj\stm32f1xx_hal_msp.o
#        F:\00_Workspace\00_YTP_GoodProject\040_Software\41_Cube\Code\GoodProject\EWARM\GoodProject\Obj\stm32f1xx_hal_pcd.o
#        F:\00_Workspace\00_YTP_GoodProject\040_Software\41_Cube\Code\GoodProject\EWARM\GoodProject\Obj\stm32f1xx_hal_pcd_ex.o
#        F:\00_Workspace\00_YTP_GoodProject\040_Software\41_Cube\Code\GoodProject\EWARM\GoodProject\Obj\stm32f1xx_hal_pwr.o
#        F:\00_Workspace\00_YTP_GoodProject\040_Software\41_Cube\Code\GoodProject\EWARM\GoodProject\Obj\stm32f1xx_hal_rcc.o
#        F:\00_Workspace\00_YTP_GoodProject\040_Software\41_Cube\Code\GoodProject\EWARM\GoodProject\Obj\stm32f1xx_hal_rcc_ex.o
#        F:\00_Workspace\00_YTP_GoodProject\040_Software\41_Cube\Code\GoodProject\EWARM\GoodProject\Obj\stm32f1xx_hal_rtc.o
#        F:\00_Workspace\00_YTP_GoodProject\040_Software\41_Cube\Code\GoodProject\EWARM\GoodProject\Obj\stm32f1xx_hal_rtc_ex.o
#        F:\00_Workspace\00_YTP_GoodProject\040_Software\41_Cube\Code\GoodProject\EWARM\GoodProject\Obj\stm32f1xx_hal_spi.o
#        F:\00_Workspace\00_YTP_GoodProject\040_Software\41_Cube\Code\GoodProject\EWARM\GoodProject\Obj\stm32f1xx_hal_tim.o
#        F:\00_Workspace\00_YTP_GoodProject\040_Software\41_Cube\Code\GoodProject\EWARM\GoodProject\Obj\stm32f1xx_hal_tim_ex.o
#        F:\00_Workspace\00_YTP_GoodProject\040_Software\41_Cube\Code\GoodProject\EWARM\GoodProject\Obj\stm32f1xx_hal_uart.o
#        F:\00_Workspace\00_YTP_GoodProject\040_Software\41_Cube\Code\GoodProject\EWARM\GoodProject\Obj\stm32f1xx_it.o
#        F:\00_Workspace\00_YTP_GoodProject\040_Software\41_Cube\Code\GoodProject\EWARM\GoodProject\Obj\stm32f1xx_ll_usb.o
#        F:\00_Workspace\00_YTP_GoodProject\040_Software\41_Cube\Code\GoodProject\EWARM\GoodProject\Obj\stream_buffer.o
#        F:\00_Workspace\00_YTP_GoodProject\040_Software\41_Cube\Code\GoodProject\EWARM\GoodProject\Obj\system_stm32f1xx.o
#        F:\00_Workspace\00_YTP_GoodProject\040_Software\41_Cube\Code\GoodProject\EWARM\GoodProject\Obj\tasks.o
#        F:\00_Workspace\00_YTP_GoodProject\040_Software\41_Cube\Code\GoodProject\EWARM\GoodProject\Obj\tim.o
#        F:\00_Workspace\00_YTP_GoodProject\040_Software\41_Cube\Code\GoodProject\EWARM\GoodProject\Obj\timers.o
#        F:\00_Workspace\00_YTP_GoodProject\040_Software\41_Cube\Code\GoodProject\EWARM\GoodProject\Obj\tp.o
#        F:\00_Workspace\00_YTP_GoodProject\040_Software\41_Cube\Code\GoodProject\EWARM\GoodProject\Obj\usart.o
#        F:\00_Workspace\00_YTP_GoodProject\040_Software\41_Cube\Code\GoodProject\EWARM\GoodProject\Obj\usb.o
#        --redirect _Printf=_PrintfFull --redirect _Scanf=_ScanfFull -o
#        F:\00_Workspace\00_YTP_GoodProject\040_Software\41_Cube\Code\GoodProject\EWARM\GoodProject\Exe\GoodProject.out
#        --map
#        F:\00_Workspace\00_YTP_GoodProject\040_Software\41_Cube\Code\GoodProject\EWARM\GoodProject\List\GoodProject.map
#        --config
#        F:\00_Workspace\00_YTP_GoodProject\040_Software\41_Cube\Code\GoodProject\EWARM/stm32f103xb_flash.icf
#        --semihosting --entry __iar_program_start --vfe --text_out locale)
#
###############################################################################

*******************************************************************************
*** RUNTIME MODEL ATTRIBUTES
***

CppFlavor       = *
__SystemLibrary = DLib
__dlib_version  = 6


*******************************************************************************
*** HEAP SELECTION
***

The basic heap was selected because no calls to memory allocation
functions were found in the application outside of system library
functions, and there are calls to deallocation functions in the
application.


*******************************************************************************
*** PLACEMENT SUMMARY
***

"A0":  place at 0x08000000 { ro section .intvec };
"P1":  place in [from 0x08000000 to 0x0801ffff] { ro };
define block CSTACK with size = 1K, alignment = 8 { };
define block HEAP with size = 512, alignment = 8 { };
"P2":  place in [from 0x20000000 to 0x20004fff] {
          rw, block CSTACK, block HEAP };
initialize by copy { rw };

  Section            Kind        Address    Size  Object
  -------            ----        -------    ----  ------
"A0":                                       0xec
  .intvec            ro code  0x08000000    0xec  startup_stm32f103xb.o [1]
                            - 0x080000ec    0xec

"P1":                                     0x8be2
  .text              ro code  0x080000ec   0xcd8  stm32f1xx_hal_pcd.o [1]
  .text              ro code  0x08000dc4    0x88  usb.o [1]
  .text              ro code  0x08000e4c   0x996  stm32f1xx_ll_usb.o [1]
  .rodata            const    0x080017e2     0x2  stm32f1xx_hal_rcc.o [1]
  .text              ro code  0x080017e4    0xa6  ABImemcpy.o [4]
  .text              ro code  0x0800188a     0x2  stm32f1xx_hal_pcd.o [1]
  .text              ro code  0x0800188c     0x2  stm32f1xx_hal_pcd.o [1]
  .text              ro code  0x0800188e     0x2  stm32f1xx_hal_pcd.o [1]
  .text              ro code  0x08001890     0x2  stm32f1xx_hal_pcd.o [1]
  .text              ro code  0x08001892     0x2  stm32f1xx_hal_pcd.o [1]
  .text              ro code  0x08001894     0x2  stm32f1xx_hal_pcd.o [1]
  .text              ro code  0x08001896     0x2  stm32f1xx_hal_pcd.o [1]
  .text              ro code  0x08001898    0xd6  main.o [1]
  .rodata            const    0x0800196e     0x2  stm32f1xx_hal_rcc_ex.o [1]
  .text              ro code  0x08001970   0x130  stm32f1xx_hal_cortex.o [1]
  .text              ro code  0x08001aa0    0x28  stm32f1xx_hal.o [1]
  .text              ro code  0x08001ac8   0x118  gpio.o [1]
  .text              ro code  0x08001be0   0x19c  can.o [1]
  .text              ro code  0x08001d7c   0x588  usart.o [1]
  .text              ro code  0x08002304    0x68  rtc.o [1]
  .text              ro code  0x0800236c    0xd0  spi.o [1]
  .text              ro code  0x0800243c   0x414  tim.o [1]
  .text              ro code  0x08002850   0x268  i2c.o [1]
  .text              ro code  0x08002ab8   0x468  cmsis_os2.o [1]
  .text              ro code  0x08002f20   0x138  freertos.o [1]
  .text              ro code  0x08003058     0x6  ABImemclr4.o [4]
  .text              ro code  0x08003060   0x6ec  stm32f1xx_hal_rcc.o [1]
  .text              ro code  0x0800374c   0x210  stm32f1xx_hal_rcc_ex.o [1]
  .text              ro code  0x0800395c    0x4c  stm32f1xx_hal.o [1]
  .text              ro code  0x080039a8    0x5c  stm32f1xx_hal_msp.o [1]
  .text              ro code  0x08003a04   0x218  stm32f1xx_hal_gpio.o [1]
  .text              ro code  0x08003c1c   0x502  stm32f1xx_hal_can.o [1]
  .text              ro code  0x08004120   0x608  stm32f1xx_hal_uart.o [1]
  .text              ro code  0x08004728   0x278  event_groups.o [1]
  .text              ro code  0x080049a0   0x196  stm32f1xx_hal_rtc.o [1]
  .text              ro code  0x08004b38     0xc  stm32f1xx_hal_pwr.o [1]
  .text              ro code  0x08004b44    0xc4  stm32f1xx_hal_spi.o [1]
  .text              ro code  0x08004c08   0x97a  stm32f1xx_hal_tim.o [1]
  .text              ro code  0x08005584    0x7c  stm32f1xx_hal_tim_ex.o [1]
  .text              ro code  0x08005600   0xbac  stm32f1xx_hal_i2c.o [1]
  .text              ro code  0x080061ac   0xb44  tasks.o [1]
  .text              ro code  0x08006cf0   0x7fa  queue.o [1]
  .text              ro code  0x080074ec    0x32  ABImemset48.o [4]
  .text              ro code  0x08007520     0xc  stm32f1xx_hal.o [1]
  .text              ro code  0x0800752c     0x2  stm32f1xx_hal_can.o [1]
  .text              ro code  0x0800752e     0x2  stm32f1xx_hal_can.o [1]
  .text              ro code  0x08007530     0x2  stm32f1xx_hal_can.o [1]
  .text              ro code  0x08007532     0x2  stm32f1xx_hal_can.o [1]
  .text              ro code  0x08007534     0x2  stm32f1xx_hal_can.o [1]
  .text              ro code  0x08007536     0x2  stm32f1xx_hal_can.o [1]
  .text              ro code  0x08007538     0x2  stm32f1xx_hal_can.o [1]
  .text              ro code  0x0800753a     0x2  stm32f1xx_hal_can.o [1]
  .text              ro code  0x0800753c     0x2  stm32f1xx_hal_can.o [1]
  .text              ro code  0x0800753e     0x2  stm32f1xx_hal_can.o [1]
  .text              ro code  0x08007540     0x2  stm32f1xx_hal_can.o [1]
  .text              ro code  0x08007542     0x2  stm32f1xx_hal_can.o [1]
  .text              ro code  0x08007544     0x2  stm32f1xx_hal_can.o [1]
  .text              ro code  0x08007548   0x118  stm32f1xx_hal_dma.o [1]
  .text              ro code  0x08007660     0x2  stm32f1xx_hal_uart.o [1]
  .text              ro code  0x08007662     0x2  stm32f1xx_hal_uart.o [1]
  .text              ro code  0x08007664     0x2  stm32f1xx_hal_uart.o [1]
  .text              ro code  0x08007666    0x98  list.o [1]
  .text              ro code  0x08007700   0x25c  heap_4.o [1]
  .text              ro code  0x0800795c   0x224  port.o [1]
  .text              ro code  0x08007b80   0x488  timers.o [1]
  .text              ro code  0x08008008     0x2  stm32f1xx_hal_tim.o [1]
  .text              ro code  0x0800800a     0x2  stm32f1xx_hal_tim.o [1]
  .text              ro code  0x0800800c     0x2  stm32f1xx_hal_tim.o [1]
  .text              ro code  0x0800800e     0x2  stm32f1xx_hal_tim_ex.o [1]
  .text              ro code  0x08008010     0x2  stm32f1xx_hal_tim.o [1]
  .text              ro code  0x08008012     0x2  stm32f1xx_hal_tim_ex.o [1]
  .text              ro code  0x08008014    0x66  ABImemset.o [4]
  CODE               ro code  0x0800807c    0x88  portasm.o [1]
  .text              ro code  0x08008104   0x610  mode.o [1]
  Initializer bytes  const    0x08008714   0x10c  <for P2-1>
  .text              ro code  0x08008820    0x70  stm32f1xx_it.o [1]
  .text              ro code  0x08008890    0x18  stm32f1xx_hal.o [1]
  .text              ro code  0x080088a8    0x40  zero_init3.o [4]
  .text              ro code  0x080088e8    0x2c  copy_init3.o [4]
  .text              ro code  0x08008914    0x28  data_init.o [4]
  .rodata            const    0x0800893c    0x24  freertos.o [1]
  .rodata            const    0x08008960    0x24  freertos.o [1]
  .rodata            const    0x08008984    0x24  freertos.o [1]
  .rodata            const    0x080089a8    0x24  freertos.o [1]
  .rodata            const    0x080089cc    0x24  freertos.o [1]
  .rodata            const    0x080089f0    0x24  freertos.o [1]
  .iar.init_table    const    0x08008a14    0x24  - Linker created -
  .rodata            const    0x08008a38    0x20  freertos.o [1]
  .text              ro code  0x08008a58    0x1e  cmain.o [4]
  .text              ro code  0x08008a76     0x4  low_level_init.o [3]
  .text              ro code  0x08008a7a     0x4  exit.o [3]
  .text              ro code  0x08008a80     0xa  cexit.o [4]
  .text              ro code  0x08008a8c    0x14  exit.o [5]
  .rodata            const    0x08008aa0    0x1c  freertos.o [1]
  .rodata            const    0x08008abc    0x1c  freertos.o [1]
  .rodata            const    0x08008ad8    0x18  freertos.o [1]
  .rodata            const    0x08008af0    0x18  freertos.o [1]
  .rodata            const    0x08008b08    0x18  freertos.o [1]
  .rodata            const    0x08008b20    0x18  freertos.o [1]
  .rodata            const    0x08008b38    0x14  freertos.o [1]
  .rodata            const    0x08008b4c    0x10  freertos.o [1]
  .rodata            const    0x08008b5c    0x10  freertos.o [1]
  .rodata            const    0x08008b6c    0x10  stm32f1xx_hal_rcc.o [1]
  .rodata            const    0x08008b7c    0x10  stm32f1xx_hal_rcc_ex.o [1]
  .rodata            const    0x08008b8c    0x10  system_stm32f1xx.o [1]
  .rodata            const    0x08008b9c    0x10  tim.o [1]
  .text              ro code  0x08008bac    0x10  startup_stm32f103xb.o [1]
  .rodata            const    0x08008bbc     0xc  freertos.o [1]
  .text              ro code  0x08008bc8     0xc  cstartup_M.o [4]
  .rodata            const    0x08008bd4     0x8  can.o [1]
  .rodata            const    0x08008bdc     0x8  freertos.o [1]
  .rodata            const    0x08008be4     0x8  freertos.o [1]
  .rodata            const    0x08008bec     0x8  freertos.o [1]
  .rodata            const    0x08008bf4     0x8  system_stm32f1xx.o [1]
  .rodata            const    0x08008bfc     0x8  tasks.o [1]
  .rodata            const    0x08008c04     0x8  tim.o [1]
  .rodata            const    0x08008c0c     0x8  tim.o [1]
  .rodata            const    0x08008c14     0x8  timers.o [1]
  .rodata            const    0x08008c1c     0x8  timers.o [1]
  .rodata            const    0x08008c24     0x4  freertos.o [1]
  .rodata            const    0x08008c28     0x4  freertos.o [1]
  .rodata            const    0x08008c2c     0x4  heap_4.o [1]
  .rodata            const    0x08008c30     0x4  port.o [1]
  .text              ro code  0x08008c34     0x4  startup_stm32f103xb.o [1]
  .text              ro code  0x08008c38     0x4  startup_stm32f103xb.o [1]
  .text              ro code  0x08008c3c     0x4  startup_stm32f103xb.o [1]
  .text              ro code  0x08008c40     0x4  startup_stm32f103xb.o [1]
  .text              ro code  0x08008c44     0x4  startup_stm32f103xb.o [1]
  .text              ro code  0x08008c48     0x4  startup_stm32f103xb.o [1]
  .text              ro code  0x08008c4c     0x4  startup_stm32f103xb.o [1]
  .text              ro code  0x08008c50     0x4  startup_stm32f103xb.o [1]
  .text              ro code  0x08008c54     0x4  startup_stm32f103xb.o [1]
  .text              ro code  0x08008c58     0x4  startup_stm32f103xb.o [1]
  .text              ro code  0x08008c5c     0x4  startup_stm32f103xb.o [1]
  .text              ro code  0x08008c60     0x4  startup_stm32f103xb.o [1]
  .text              ro code  0x08008c64     0x4  startup_stm32f103xb.o [1]
  .text              ro code  0x08008c68     0x4  startup_stm32f103xb.o [1]
  .text              ro code  0x08008c6c     0x4  startup_stm32f103xb.o [1]
  .text              ro code  0x08008c70     0x4  startup_stm32f103xb.o [1]
  .text              ro code  0x08008c74     0x4  startup_stm32f103xb.o [1]
  .text              ro code  0x08008c78     0x4  startup_stm32f103xb.o [1]
  .text              ro code  0x08008c7c     0x4  startup_stm32f103xb.o [1]
  .text              ro code  0x08008c80     0x4  startup_stm32f103xb.o [1]
  .text              ro code  0x08008c84     0x4  startup_stm32f103xb.o [1]
  .text              ro code  0x08008c88     0x4  startup_stm32f103xb.o [1]
  .text              ro code  0x08008c8c     0x4  startup_stm32f103xb.o [1]
  .text              ro code  0x08008c90     0x4  startup_stm32f103xb.o [1]
  .text              ro code  0x08008c94     0x4  startup_stm32f103xb.o [1]
  .text              ro code  0x08008c98     0x4  startup_stm32f103xb.o [1]
  .text              ro code  0x08008c9c     0x4  startup_stm32f103xb.o [1]
  .text              ro code  0x08008ca0     0x4  startup_stm32f103xb.o [1]
  .text              ro code  0x08008ca4     0x4  startup_stm32f103xb.o [1]
  .text              ro code  0x08008ca8     0x4  startup_stm32f103xb.o [1]
  .text              ro code  0x08008cac     0x4  startup_stm32f103xb.o [1]
  .text              ro code  0x08008cb0     0x4  startup_stm32f103xb.o [1]
  .text              ro code  0x08008cb4     0x4  startup_stm32f103xb.o [1]
  .text              ro code  0x08008cb8     0x4  startup_stm32f103xb.o [1]
  .text              ro code  0x08008cbc     0x4  startup_stm32f103xb.o [1]
  .text              ro code  0x08008cc0     0x4  startup_stm32f103xb.o [1]
  .text              ro code  0x08008cc4     0x4  startup_stm32f103xb.o [1]
  .text              ro code  0x08008cc8     0x4  startup_stm32f103xb.o [1]
  .text              ro code  0x08008ccc     0x2  system_stm32f1xx.o [1]
  .rodata            const    0x08008cce     0x0  zero_init3.o [4]
  .rodata            const    0x08008cce     0x0  copy_init3.o [4]
                            - 0x08008cce  0x8be2

"P2", part 1 of 3:                         0x10c
  P2-1                        0x20000000   0x109  <Init block>
    .data            inited   0x20000000    0x28  i2c.o [1]
    .data            inited   0x20000028    0xb0  i2c.o [1]
    .data            inited   0x200000d8     0x4  i2c.o [1]
    .data            inited   0x200000dc    0x20  mode.o [1]
    .data            inited   0x200000fc     0x4  port.o [1]
    .data            inited   0x20000100     0x4  stm32f1xx_hal.o [1]
    .data            inited   0x20000104     0x4  system_stm32f1xx.o [1]
    .data            inited   0x20000108     0x1  stm32f1xx_hal.o [1]
                            - 0x20000109   0x109

"P2", part 2 of 3:                        0x3478
  .bss               zero     0x2000010c  0x2000  heap_4.o [1]
  .bss               zero     0x2000210c   0x460  tasks.o [1]
  .bss               zero     0x2000256c   0x400  cmsis_os2.o [1]
  .bss               zero     0x2000296c   0x2ec  usb.o [1]
  .bss               zero     0x20002c58   0x200  cmsis_os2.o [1]
  .bss               zero     0x20002e58    0xa0  timers.o [1]
  .bss               zero     0x20002ef8    0x5c  cmsis_os2.o [1]
  .bss               zero     0x20002f54    0x5c  cmsis_os2.o [1]
  .bss               zero     0x20002fb0    0x58  spi.o [1]
  .bss               zero     0x20003008    0x54  i2c.o [1]
  .bss               zero     0x2000305c    0x50  freertos.o [1]
  .bss               zero     0x200030ac    0x50  freertos.o [1]
  .bss               zero     0x200030fc    0x50  freertos.o [1]
  .bss               zero     0x2000314c    0x50  freertos.o [1]
  .bss               zero     0x2000319c    0x50  timers.o [1]
  .bss               zero     0x200031ec    0x48  tim.o [1]
  .bss               zero     0x20003234    0x48  tim.o [1]
  .bss               zero     0x2000327c    0x44  usart.o [1]
  .bss               zero     0x200032c0    0x40  queue.o [1]
  .bss               zero     0x20003300    0x3c  mode.o [1]
  .bss               zero     0x2000333c    0x28  can.o [1]
  .bss               zero     0x20003364    0x28  i2c.o [1]
  .bss               zero     0x2000338c    0x1c  usart.o [1]
  .bss               zero     0x200033a8    0x14  rtc.o [1]
  .bss               zero     0x200033bc    0x14  tasks.o [1]
  .bss               zero     0x200033d0    0x14  tasks.o [1]
  .bss               zero     0x200033e4    0x14  tasks.o [1]
  .bss               zero     0x200033f8    0x14  tasks.o [1]
  .bss               zero     0x2000340c    0x14  tasks.o [1]
  .bss               zero     0x20003420    0x14  timers.o [1]
  .bss               zero     0x20003434    0x14  timers.o [1]
  .bss               zero     0x20003448     0xc  i2c.o [1]
  .bss               zero     0x20003454     0xc  i2c.o [1]
  .bss               zero     0x20003460     0xc  tim.o [1]
  .bss               zero     0x2000346c     0x8  heap_4.o [1]
  .bss               zero     0x20003474     0x8  mode.o [1]
  .bss               zero     0x2000347c     0x8  usart.o [1]
  .bss               zero     0x20003484     0x8  usart.o [1]
  .bss               zero     0x2000348c     0x4  cmsis_os2.o [1]
  .bss               zero     0x20003490     0x4  freertos.o [1]
  .bss               zero     0x20003494     0x4  freertos.o [1]
  .bss               zero     0x20003498     0x4  freertos.o [1]
  .bss               zero     0x2000349c     0x4  freertos.o [1]
  .bss               zero     0x200034a0     0x4  freertos.o [1]
  .bss               zero     0x200034a4     0x4  freertos.o [1]
  .bss               zero     0x200034a8     0x4  freertos.o [1]
  .bss               zero     0x200034ac     0x4  freertos.o [1]
  .bss               zero     0x200034b0     0x4  freertos.o [1]
  .bss               zero     0x200034b4     0x4  freertos.o [1]
  .bss               zero     0x200034b8     0x4  freertos.o [1]
  .bss               zero     0x200034bc     0x4  freertos.o [1]
  .bss               zero     0x200034c0     0x4  heap_4.o [1]
  .bss               zero     0x200034c4     0x4  heap_4.o [1]
  .bss               zero     0x200034c8     0x4  heap_4.o [1]
  .bss               zero     0x200034cc     0x4  heap_4.o [1]
  .bss               zero     0x200034d0     0x4  i2c.o [1]
  .bss               zero     0x200034d4     0x4  mode.o [1]
  .bss               zero     0x200034d8     0x4  mode.o [1]
  .bss               zero     0x200034dc     0x4  mode.o [1]
  .bss               zero     0x200034e0     0x4  mode.o [1]
  .bss               zero     0x200034e4     0x4  port.o [1]
  .bss               zero     0x200034e8     0x4  stm32f1xx_hal.o [1]
  .bss               zero     0x200034ec     0x4  tasks.o [1]
  .bss               zero     0x200034f0     0x4  tasks.o [1]
  .bss               zero     0x200034f4     0x4  tasks.o [1]
  .bss               zero     0x200034f8     0x4  tasks.o [1]
  .bss               zero     0x200034fc     0x4  tasks.o [1]
  .bss               zero     0x20003500     0x4  tasks.o [1]
  .bss               zero     0x20003504     0x4  tasks.o [1]
  .bss               zero     0x20003508     0x4  tasks.o [1]
  .bss               zero     0x2000350c     0x4  tasks.o [1]
  .bss               zero     0x20003510     0x4  tasks.o [1]
  .bss               zero     0x20003514     0x4  tasks.o [1]
  .bss               zero     0x20003518     0x4  tasks.o [1]
  .bss               zero     0x2000351c     0x4  tasks.o [1]
  .bss               zero     0x20003520     0x4  tasks.o [1]
  .bss               zero     0x20003524     0x4  tasks.o [1]
  .bss               zero     0x20003528     0x4  tim.o [1]
  .bss               zero     0x2000352c     0x4  tim.o [1]
  .bss               zero     0x20003530     0x4  tim.o [1]
  .bss               zero     0x20003534     0x4  tim.o [1]
  .bss               zero     0x20003538     0x4  timers.o [1]
  .bss               zero     0x2000353c     0x4  timers.o [1]
  .bss               zero     0x20003540     0x4  timers.o [1]
  .bss               zero     0x20003544     0x4  timers.o [1]
  .bss               zero     0x20003548     0x4  timers.o [1]
  .bss               zero     0x2000354c     0x4  usart.o [1]
  .bss               zero     0x20003550     0x4  usart.o [1]
  .bss               zero     0x20003554     0x2  freertos.o [1]
  .bss               zero     0x20003556     0x2  freertos.o [1]
  .bss               zero     0x20003558     0x2  mode.o [1]
  .bss               zero     0x2000355a     0x2  mode.o [1]
  .bss               zero     0x2000355c     0x2  mode.o [1]
  .bss               zero     0x2000355e     0x2  mode.o [1]
  .bss               zero     0x20003560     0x2  mode.o [1]
  .bss               zero     0x20003562     0x2  mode.o [1]
  .bss               zero     0x20003564     0x2  mode.o [1]
  .bss               zero     0x20003566     0x2  mode.o [1]
  .bss               zero     0x20003568     0x2  mode.o [1]
  .bss               zero     0x2000356a     0x2  tim.o [1]
  .bss               zero     0x2000356c     0x2  tim.o [1]
  .bss               zero     0x2000356e     0x2  usart.o [1]
  .bss               zero     0x20003570     0x2  usart.o [1]
  .bss               zero     0x20003572     0x1  freertos.o [1]
  .bss               zero     0x20003573     0x1  i2c.o [1]
  .bss               zero     0x20003574     0x1  mode.o [1]
  .bss               zero     0x20003575     0x1  mode.o [1]
  .bss               zero     0x20003576     0x1  mode.o [1]
  .bss               zero     0x20003577     0x1  mode.o [1]
  .bss               zero     0x20003578     0x1  mode.o [1]
  .bss               zero     0x20003579     0x1  mode.o [1]
  .bss               zero     0x2000357a     0x1  mode.o [1]
  .bss               zero     0x2000357b     0x1  mode.o [1]
  .bss               zero     0x2000357c     0x1  mode.o [1]
  .bss               zero     0x2000357d     0x1  port.o [1]
  .bss               zero     0x2000357e     0x1  tim.o [1]
  .bss               zero     0x2000357f     0x1  usart.o [1]
  .bss               zero     0x20003580     0x1  usart.o [1]
  .bss               zero     0x20003581     0x1  usart.o [1]
                            - 0x20003582  0x3476

"P2", part 3 of 3:                         0x400
  CSTACK                      0x20003588   0x400  <Block>
    CSTACK           uninit   0x20003588   0x400  <Block tail>
                            - 0x20003988   0x400


*******************************************************************************
*** INIT TABLE
***

          Address     Size
          -------     ----
Zero (__iar_zero_init3)
    1 destination range, total size 0x3476:
          0x2000010c  0x3476

Copy (__iar_copy_init3)
    1 source range, total size 0x10c (101% of destination):
          0x08008714   0x10c
    1 destination range, total size 0x109:
          0x20000000   0x109



*******************************************************************************
*** MODULE SUMMARY
***

    Module                  ro code  ro data  rw data
    ------                  -------  -------  -------
F:\00_Workspace\00_YTP_GoodProject\040_Software\41_Cube\Code\GoodProject\EWARM\GoodProject\Obj: [1]
    can.o                       412        8       40
    cmsis_os2.o               1 128             1 724
    event_groups.o              632
    freertos.o                  312      496      373
    gpio.o                      280
    heap_4.o                    604        4    8 216
    i2c.o                       616      220      373
    list.o                      152
    main.o                      214
    mode.o                    1 552       32      143
    port.o                      548        8        9
    portasm.o                   136
    queue.o                   2 042                64
    rtc.o                       104                20
    spi.o                       208                88
    startup_stm32f103xb.o       404
    stm32f1xx_hal.o             152        5        9
    stm32f1xx_hal_can.o       1 308
    stm32f1xx_hal_cortex.o      304
    stm32f1xx_hal_dma.o         280
    stm32f1xx_hal_gpio.o        536
    stm32f1xx_hal_i2c.o       2 988
    stm32f1xx_hal_msp.o          92
    stm32f1xx_hal_pcd.o       3 302
    stm32f1xx_hal_pwr.o          12
    stm32f1xx_hal_rcc.o       1 772       18
    stm32f1xx_hal_rcc_ex.o      528       18
    stm32f1xx_hal_rtc.o         406
    stm32f1xx_hal_spi.o         196
    stm32f1xx_hal_tim.o       2 434
    stm32f1xx_hal_tim_ex.o      128
    stm32f1xx_hal_uart.o      1 550
    stm32f1xx_it.o              112
    stm32f1xx_ll_usb.o        2 454
    system_stm32f1xx.o            2       28        4
    tasks.o                   2 884        8    1 280
    tim.o                     1 044       32      177
    timers.o                  1 160       16      300
    usart.o                   1 416               127
    usb.o                       136               748
    -------------------------------------------------
    Total:                   34 540      893   13 695

command line: [2]
    -------------------------------------------------
    Total:

dl7M_tlf.a: [3]
    exit.o                        4
    low_level_init.o              4
    -------------------------------------------------
    Total:                        8

rt7M_tl.a: [4]
    ABImemclr4.o                  6
    ABImemcpy.o                 166
    ABImemset.o                 102
    ABImemset48.o                50
    cexit.o                      10
    cmain.o                      30
    copy_init3.o                 44
    cstartup_M.o                 12
    data_init.o                  40
    zero_init3.o                 64
    -------------------------------------------------
    Total:                      524

shb_l.a: [5]
    exit.o                       20
    -------------------------------------------------
    Total:                       20

    Gaps                         22
    Linker created                        39    1 024
-----------------------------------------------------
    Grand Total:             35 114      932   14 719


*******************************************************************************
*** ENTRY LIST
***

Entry                      Address    Size  Type      Object
-----                      -------    ----  ----      ------
.iar.init_table$$Base   0x08008a14           --   Gb  - Linker created -
.iar.init_table$$Limit  0x08008a38           --   Gb  - Linker created -
?main                   0x08008a59          Code  Gb  cmain.o [4]
AHBPrescTable           0x08008b8c    0x10  Data  Gb  system_stm32f1xx.o [1]
APBPrescTable           0x08008bf4     0x8  Data  Gb  system_stm32f1xx.o [1]
BusFault_Handler        0x08008827     0x2  Code  Gb  stm32f1xx_it.o [1]
CAN1_RX1_IRQHandler     0x08008861     0xa  Code  Gb  stm32f1xx_it.o [1]
CANHandle               0x20003494     0x4  Data  Gb  freertos.o [1]
CAN_attributes          0x08008960    0x24  Data  Gb  freertos.o [1]
CSTACK$$Base            0x20003588           --   Gb  - Linker created -
CSTACK$$Limit           0x20003988           --   Gb  - Linker created -
DebugMon_Handler        0x0800882b     0x2  Code  Gb  stm32f1xx_it.o [1]
EEPROMHandle            0x200034a4     0x4  Data  Gb  freertos.o [1]
EEPROM_CheckSum         0x08002959    0x2a  Code  Lc  i2c.o [1]
EEPROM_DataInitRead     0x08002983    0x82  Code  Lc  i2c.o [1]
EEPROM_DataInitRead::checkSumReadArray
                        0x20003448     0xc  Data  Lc  i2c.o [1]
EEPROM_DataInitRead::checkSumValue
                        0x20003573     0x1  Data  Lc  i2c.o [1]
EEPROM_DataInitRead::dataPtrAffay
                        0x20003454     0xc  Data  Lc  i2c.o [1]
EEPROM_DataInitRead::itemPtrTemp
                        0x200000d8     0x4  Data  Lc  i2c.o [1]
EEPROM_Handel           0x08002a05    0x74  Code  Lc  i2c.o [1]
EEPROM_Handel::itemPtr  0x200034d0     0x4  Data  Lc  i2c.o [1]
EEPROM_Read             0x080028fb    0x2e  Code  Lc  i2c.o [1]
EEPROM_Task             0x08002aa5    0x14  Code  Gb  i2c.o [1]
EEPROM_Write            0x08002929    0x30  Code  Lc  i2c.o [1]
EEPROM_attributes       0x080089f0    0x24  Data  Gb  freertos.o [1]
Error_Handler           0x0800196b     0x4  Code  Gb  main.o [1]
HAL_CAN_AddTxMessage    0x08003de5   0x10a  Code  Gb  stm32f1xx_hal_can.o [1]
HAL_CAN_IRQHandler      0x08003eef   0x230  Code  Gb  stm32f1xx_hal_can.o [1]
HAL_CAN_Init            0x08003c1d   0x16c  Code  Gb  stm32f1xx_hal_can.o [1]
HAL_CAN_MspInit         0x08001c41    0xba  Code  Gb  can.o [1]
HAL_CAN_Start           0x08003d89    0x5c  Code  Gb  stm32f1xx_hal_can.o [1]
HAL_CAN_Task            0x08001cfb    0x60  Code  Gb  can.o [1]
HAL_DMA_Abort           0x08007549    0x4c  Code  Gb  stm32f1xx_hal_dma.o [1]
HAL_DMA_Abort_IT        0x08007595    0xae  Code  Gb  stm32f1xx_hal_dma.o [1]
HAL_GPIO_Init           0x08003a05   0x1c4  Code  Gb  stm32f1xx_hal_gpio.o [1]
HAL_GPIO_WritePin       0x08003bc9    0x14  Code  Gb  stm32f1xx_hal_gpio.o [1]
HAL_GetTick             0x08007521     0xc  Code  Wk  stm32f1xx_hal.o [1]
HAL_I2C_Init            0x08005601   0x1d8  Code  Gb  stm32f1xx_hal_i2c.o [1]
HAL_I2C_Mem_Read        0x08005959   0x350  Code  Gb  stm32f1xx_hal_i2c.o [1]
HAL_I2C_Mem_Write       0x080057f1   0x168  Code  Gb  stm32f1xx_hal_i2c.o [1]
HAL_I2C_MspInit         0x0800289b    0x60  Code  Gb  i2c.o [1]
HAL_IncTick             0x08008891    0x18  Code  Wk  stm32f1xx_hal.o [1]
HAL_Init                0x08001aa1    0x22  Code  Gb  stm32f1xx_hal.o [1]
HAL_InitTick            0x0800395d    0x4c  Code  Wk  stm32f1xx_hal.o [1]
HAL_LIN_Init            0x08004121    0x94  Code  Gb  stm32f1xx_hal_uart.o [1]
HAL_MspInit             0x080039a9    0x5c  Code  Gb  stm32f1xx_hal_msp.o [1]
HAL_NVIC_EnableIRQ      0x08001a6d     0xa  Code  Gb  stm32f1xx_hal_cortex.o [1]
HAL_NVIC_SetPriority    0x08001a4b    0x22  Code  Gb  stm32f1xx_hal_cortex.o [1]
HAL_NVIC_SetPriorityGrouping
                        0x08001a43     0x8  Code  Gb  stm32f1xx_hal_cortex.o [1]
HAL_PCD_EP_DB_Receive   0x08000853   0x13a  Code  Lc  stm32f1xx_hal_pcd.o [1]
HAL_PCD_EP_DB_Transmit  0x0800098d   0x438  Code  Lc  stm32f1xx_hal_pcd.o [1]
HAL_PCD_IRQHandler      0x0800027f   0x1c0  Code  Gb  stm32f1xx_hal_pcd.o [1]
HAL_PCD_Init            0x080000ed   0x192  Code  Gb  stm32f1xx_hal_pcd.o [1]
HAL_PCD_MspInit         0x08000dfb    0x44  Code  Gb  usb.o [1]
HAL_PCD_SetAddress      0x0800043f    0x2c  Code  Gb  stm32f1xx_hal_pcd.o [1]
HAL_PWR_EnableBkUpAccess
                        0x08004b39     0x8  Code  Gb  stm32f1xx_hal_pwr.o [1]
HAL_RCCEx_GetPeriphCLKFreq
                        0x08003853    0xdc  Code  Gb  stm32f1xx_hal_rcc_ex.o [1]
HAL_RCCEx_PeriphCLKConfig
                        0x0800374d   0x106  Code  Gb  stm32f1xx_hal_rcc_ex.o [1]
HAL_RCC_ClockConfig     0x080034db   0x16e  Code  Gb  stm32f1xx_hal_rcc.o [1]
HAL_RCC_GetHCLKFreq     0x080036ad     0x6  Code  Gb  stm32f1xx_hal_rcc.o [1]
HAL_RCC_GetPCLK1Freq    0x080036b3    0x16  Code  Gb  stm32f1xx_hal_rcc.o [1]
HAL_RCC_GetPCLK2Freq    0x080036c9    0x16  Code  Gb  stm32f1xx_hal_rcc.o [1]
HAL_RCC_GetSysClockFreq
                        0x08003649    0x64  Code  Gb  stm32f1xx_hal_rcc.o [1]
HAL_RCC_OscConfig       0x08003061   0x47a  Code  Gb  stm32f1xx_hal_rcc.o [1]
HAL_RTC_Init            0x080049a1    0xe2  Code  Gb  stm32f1xx_hal_rtc.o [1]
HAL_RTC_MspInit         0x0800232d    0x2e  Code  Gb  rtc.o [1]
HAL_RTC_WaitForSynchro  0x08004a8d    0x3e  Code  Gb  stm32f1xx_hal_rtc.o [1]
HAL_SPI_Init            0x08004b45    0xc4  Code  Gb  stm32f1xx_hal_spi.o [1]
HAL_SPI_MspInit         0x080023cd    0x5e  Code  Gb  spi.o [1]
HAL_SYSTICK_Config      0x08001a77     0x8  Code  Gb  stm32f1xx_hal_cortex.o [1]
HAL_TIMEx_BreakCallback
                        0x0800800f     0x2  Code  Wk  stm32f1xx_hal_tim_ex.o [1]
HAL_TIMEx_CommutCallback
                        0x08008013     0x2  Code  Wk  stm32f1xx_hal_tim_ex.o [1]
HAL_TIMEx_MasterConfigSynchronization
                        0x08005585    0x6c  Code  Gb  stm32f1xx_hal_tim_ex.o [1]
HAL_TIM_IC_CaptureCallback
                        0x080026bf    0xde  Code  Gb  tim.o [1]
HAL_TIM_IC_CaptureCallback::counter
                        0x2000352c     0x4  Data  Lc  tim.o [1]
HAL_TIM_IC_CaptureCallback::counterDelta
                        0x20003534     0x4  Data  Lc  tim.o [1]
HAL_TIM_IC_CaptureCallback::counterOld
                        0x20003530     0x4  Data  Lc  tim.o [1]
HAL_TIM_IC_CaptureCallback::dataList
                        0x20003460     0xc  Data  Lc  tim.o [1]
HAL_TIM_IC_CaptureCallback::index
                        0x2000357e     0x1  Data  Lc  tim.o [1]
HAL_TIM_IC_ConfigChannel
                        0x0800509f    0xc8  Code  Gb  stm32f1xx_hal_tim.o [1]
HAL_TIM_IC_Init         0x08004d49    0x6e  Code  Gb  stm32f1xx_hal_tim.o [1]
HAL_TIM_IC_MspInit      0x08002593    0x70  Code  Gb  tim.o [1]
HAL_TIM_IC_Start_IT     0x08004dbd   0x15e  Code  Gb  stm32f1xx_hal_tim.o [1]
HAL_TIM_IRQHandler      0x08004f29   0x176  Code  Gb  stm32f1xx_hal_tim.o [1]
HAL_TIM_MspPostInit     0x08002629    0x5a  Code  Gb  tim.o [1]
HAL_TIM_PWM_ConfigChannel
                        0x08005167    0xf0  Code  Gb  stm32f1xx_hal_tim.o [1]
HAL_TIM_PWM_Init        0x08004c09    0x6e  Code  Gb  stm32f1xx_hal_tim.o [1]
HAL_TIM_PWM_MspInit     0x08002603    0x26  Code  Gb  tim.o [1]
HAL_TIM_PWM_Start       0x08004c77    0xc8  Code  Gb  stm32f1xx_hal_tim.o [1]
HAL_TIM_ReadCapturedValue
                        0x08005257    0x30  Code  Gb  stm32f1xx_hal_tim.o [1]
HAL_TIM_Task            0x0800279d    0x52  Code  Gb  tim.o [1]
HAL_UART_IRQHandler     0x08004245   0x21e  Code  Gb  stm32f1xx_hal_uart.o [1]
HAL_UART_MspInit        0x08001dcf    0x98  Code  Gb  usart.o [1]
HAL_UART_Receive_IT     0x08004209    0x3c  Code  Gb  stm32f1xx_hal_uart.o [1]
HAL_UART_RxCpltCallback
                        0x08001e67    0x40  Code  Gb  usart.o [1]
HAL_UART_RxCpltCallback::data
                        0x20003580     0x1  Data  Lc  usart.o [1]
HAL_UART_RxManage       0x08001eed   0x268  Code  Gb  usart.o [1]
HAL_UART_Task           0x080021ff    0xb6  Code  Gb  usart.o [1]
HAL_UART_Transmit_IT    0x080041b5    0x54  Code  Gb  stm32f1xx_hal_uart.o [1]
HardFault_Handler       0x08008823     0x2  Code  Gb  stm32f1xx_it.o [1]
I2C_IsAcknowledgeFailed
                        0x08006177    0x36  Code  Lc  stm32f1xx_hal_i2c.o [1]
I2C_RequestMemoryRead   0x08005d9f   0x16c  Code  Lc  stm32f1xx_hal_i2c.o [1]
I2C_RequestMemoryWrite  0x08005cb9    0xe6  Code  Lc  stm32f1xx_hal_i2c.o [1]
I2C_WaitOnBTFFlagUntilTimeout
                        0x080060a7    0x58  Code  Lc  stm32f1xx_hal_i2c.o [1]
I2C_WaitOnFlagUntilTimeout
                        0x08005f0b    0x8a  Code  Lc  stm32f1xx_hal_i2c.o [1]
I2C_WaitOnMasterAddressFlagUntilTimeout
                        0x08005f95    0xba  Code  Lc  stm32f1xx_hal_i2c.o [1]
I2C_WaitOnRXNEFlagUntilTimeout
                        0x08006105    0x72  Code  Lc  stm32f1xx_hal_i2c.o [1]
I2C_WaitOnTXEFlagUntilTimeout
                        0x0800604f    0x58  Code  Lc  stm32f1xx_hal_i2c.o [1]
Idle_Stack              0x20002c58   0x200  Data  Lc  cmsis_os2.o [1]
Idle_TCB                0x20002ef8    0x5c  Data  Lc  cmsis_os2.o [1]
KernelState             0x2000348c     0x4  Data  Lc  cmsis_os2.o [1]
LIN_ComputeChecksum     0x08001ea7    0x46  Code  Lc  usart.o [1]
LIN_MasterModeCommandBuffer
                        0x20003572     0x1  Data  Gb  freertos.o [1]
LIN_MasterModeCommandControlBlock
                        0x200030fc    0x50  Data  Gb  freertos.o [1]
LIN_MasterModeCommandQueueHandle
                        0x200034b0     0x4  Data  Gb  freertos.o [1]
LIN_MasterModeCommandQueue_attributes
                        0x08008b08    0x18  Data  Gb  freertos.o [1]
LIN_MasterTargetPositionBuffer
                        0x20003556     0x2  Data  Gb  freertos.o [1]
LIN_MasterTargetPositionControlBlock
                        0x200030ac    0x50  Data  Gb  freertos.o [1]
LIN_MasterTargetPositionQueueHandle
                        0x200034ac     0x4  Data  Gb  freertos.o [1]
LIN_MasterTargetPositionQueue_attributes
                        0x08008af0    0x18  Data  Gb  freertos.o [1]
LIN_MessagesReceiveHandel
                        0x08002155    0x5e  Code  Lc  usart.o [1]
LIN_MessagesReceiveHandel::linMasterModeCommandValue
                        0x20003581     0x1  Data  Lc  usart.o [1]
LIN_MessagesReceiveHandel::linMasterTargetPositionValue
                        0x2000356e     0x2  Data  Lc  usart.o [1]
LIN_MessagesSentHandel  0x080021b3    0x4c  Code  Lc  usart.o [1]
LIN_MessagesSentHandel::linAngleValue
                        0x20003550     0x4  Data  Lc  usart.o [1]
LIN_MessagesSentHandel::linYtSentCurrentPositionValue
                        0x20003570     0x2  Data  Lc  usart.o [1]
MODEHandle              0x200034a0     0x4  Data  Gb  freertos.o [1]
MODE_ControlModeHandel  0x0800857f    0xa8  Code  Gb  mode.o [1]
MODE_ControlModeHandel::masterModeCommand
                        0x2000357b     0x1  Data  Lc  mode.o [1]
MODE_ControlModeHandel::masterModeCommandOld
                        0x2000357c     0x1  Data  Lc  mode.o [1]
MODE_ControlModeHandel::masterTargetPosOld
                        0x20003566     0x2  Data  Lc  mode.o [1]
MODE_Init               0x08008105    0x3a  Code  Gb  mode.o [1]
MODE_ModeCommandChange  0x08008191   0x108  Code  Lc  mode.o [1]
MODE_ModeCommandChange::firstPos
                        0x2000355a     0x2  Data  Lc  mode.o [1]
MODE_ModeCommandChange::modeRunStep
                        0x2000357a     0x1  Data  Lc  mode.o [1]
MODE_ModeCommandChange::secondtPos
                        0x2000355c     0x2  Data  Lc  mode.o [1]
MODE_ModePositionChange
                        0x0800813f    0x52  Code  Lc  mode.o [1]
MODE_ModePositionChange::posRunStep
                        0x20003579     0x1  Data  Lc  mode.o [1]
MODE_MotorAction        0x08008299   0x2e6  Code  Lc  mode.o [1]
MODE_MotorAction::brakeTimer
                        0x2000355e     0x2  Data  Lc  mode.o [1]
MODE_MotorAction::modeCurrentPosOld
                        0x20003564     0x2  Data  Lc  mode.o [1]
MODE_MotorAction::motorOutMessageQueue
                        0x20003474     0x8  Data  Lc  mode.o [1]
MODE_MotorAction::positionValueDelta
                        0x20003560     0x2  Data  Lc  mode.o [1]
MODE_MotorAction::positionValueDeltaAverage
                        0x20003562     0x2  Data  Lc  mode.o [1]
MODE_MotorAction::positionValueDeltaList
                        0x20003300    0x3c  Data  Lc  mode.o [1]
MODE_MotorOutBuffer     0x200034b8     0x4  Data  Gb  freertos.o [1]
MODE_MotorOutControlBlock
                        0x2000314c    0x50  Data  Gb  freertos.o [1]
MODE_MotorOutQueueHandle
                        0x200034b4     0x4  Data  Gb  freertos.o [1]
MODE_MotorOutQueue_attributes
                        0x08008b20    0x18  Data  Gb  freertos.o [1]
MODE_Task               0x08008627    0x72  Code  Gb  mode.o [1]
MODE_Task::positionValueOld
                        0x20003568     0x2  Data  Lc  mode.o [1]
MODE_attributes         0x080089cc    0x24  Data  Gb  freertos.o [1]
MX_CAN_Init             0x08001be1    0x60  Code  Gb  can.o [1]
MX_FREERTOS_Init        0x08002f21    0x9c  Code  Gb  freertos.o [1]
MX_GPIO_Init            0x08001ac9   0x118  Code  Gb  gpio.o [1]
MX_I2C2_Init            0x08002851    0x4a  Code  Gb  i2c.o [1]
MX_RTC_Init             0x08002305    0x28  Code  Gb  rtc.o [1]
MX_SPI1_Init            0x0800236d    0x60  Code  Gb  spi.o [1]
MX_TIM1_Init            0x0800243d    0xa6  Code  Gb  tim.o [1]
MX_TIM3_Init            0x080024e3    0xb0  Code  Gb  tim.o [1]
MX_USART1_UART_Init     0x08001d7d    0x52  Code  Gb  usart.o [1]
MX_USB_PCD_Init         0x08000dc5    0x36  Code  Gb  usb.o [1]
MemManage_Handler       0x08008825     0x2  Code  Gb  stm32f1xx_it.o [1]
MotorOutEventHandle     0x200034bc     0x4  Data  Gb  freertos.o [1]
MotorOutEvent_attributes
                        0x08008b5c    0x10  Data  Gb  freertos.o [1]
NMI_Handler             0x08008821     0x2  Code  Gb  stm32f1xx_it.o [1]
NVIC_EncodePriority     0x080019d7    0x3e  Code  Lc  stm32f1xx_hal_cortex.o [1]
PCD_EP_ISR_Handler      0x0800046b   0x3e8  Code  Lc  stm32f1xx_hal_pcd.o [1]
PendSV_Handler          0x0800807d          Code  Gb  portasm.o [1]
RCC_Delay               0x080036df    0x24  Code  Lc  stm32f1xx_hal_rcc.o [1]
RTC_EnterInitMode       0x08004acb    0x36  Code  Lc  stm32f1xx_hal_rtc.o [1]
RTC_ExitInitMode        0x08004b01    0x36  Code  Lc  stm32f1xx_hal_rtc.o [1]
Region$$Table$$Base     0x08008a14           --   Gb  - Linker created -
Region$$Table$$Limit    0x08008a38           --   Gb  - Linker created -
SENT_CurrentPositionBuffer
                        0x20003554     0x2  Data  Gb  freertos.o [1]
SENT_CurrentPositionControlBlock
                        0x2000305c    0x50  Data  Gb  freertos.o [1]
SENT_CurrentPositionQueueHandle
                        0x200034a8     0x4  Data  Gb  freertos.o [1]
SENT_CurrentPositionQueue_attributes
                        0x08008ad8    0x18  Data  Gb  freertos.o [1]
SVC_Handler             0x080080c3          Code  Gb  portasm.o [1]
StartDefaultTask        0x08002fbd    0x2c  Code  Gb  freertos.o [1]
SysTick_Config          0x08001a15    0x2e  Code  Lc  stm32f1xx_hal_cortex.o [1]
SysTick_Handler         0x0800882d    0x14  Code  Gb  stm32f1xx_it.o [1]
SystemClock_Config      0x080018d5    0x96  Code  Gb  main.o [1]
SystemCoreClock         0x20000104     0x4  Data  Gb  system_stm32f1xx.o [1]
SystemInit              0x08008ccd     0x2  Code  Gb  system_stm32f1xx.o [1]
TIM1_CC_IRQHandler      0x0800886b     0xa  Code  Gb  stm32f1xx_it.o [1]
TIMHandle               0x2000349c     0x4  Data  Gb  freertos.o [1]
TIM_Base_SetConfig      0x08005287    0x64  Code  Gb  stm32f1xx_hal_tim.o [1]
TIM_CCxChannelCmd       0x0800555d    0x26  Code  Gb  stm32f1xx_hal_tim.o [1]
TIM_OC1_SetConfig       0x080052eb    0x5a  Code  Lc  stm32f1xx_hal_tim.o [1]
TIM_OC2_SetConfig       0x08005345    0x64  Code  Gb  stm32f1xx_hal_tim.o [1]
TIM_OC3_SetConfig       0x080053a9    0x62  Code  Lc  stm32f1xx_hal_tim.o [1]
TIM_OC4_SetConfig       0x0800540b    0x46  Code  Lc  stm32f1xx_hal_tim.o [1]
TIM_TI1_SetConfig       0x08005451    0x5e  Code  Gb  stm32f1xx_hal_tim.o [1]
TIM_TI2_SetConfig       0x080054bd    0x36  Code  Lc  stm32f1xx_hal_tim.o [1]
TIM_TI3_SetConfig       0x080054f3    0x34  Code  Lc  stm32f1xx_hal_tim.o [1]
TIM_TI4_SetConfig       0x08005527    0x36  Code  Lc  stm32f1xx_hal_tim.o [1]
TIM_attributes          0x080089a8    0x24  Data  Gb  freertos.o [1]
Timer_Stack             0x2000256c   0x400  Data  Lc  cmsis_os2.o [1]
Timer_TCB               0x20002f54    0x5c  Data  Lc  cmsis_os2.o [1]
UARTHandle              0x20003498     0x4  Data  Gb  freertos.o [1]
UART_DMAAbortOnError    0x080044d9    0x12  Code  Lc  stm32f1xx_hal_uart.o [1]
UART_EndRxTransfer      0x080044a1    0x36  Code  Lc  stm32f1xx_hal_uart.o [1]
UART_EndTransmit_IT     0x0800454f    0x1c  Code  Lc  stm32f1xx_hal_uart.o [1]
UART_Receive_IT         0x0800456b    0xdc  Code  Lc  stm32f1xx_hal_uart.o [1]
UART_SetConfig          0x08004647    0xd8  Code  Lc  stm32f1xx_hal_uart.o [1]
UART_Start_Receive_IT   0x08004463    0x3e  Code  Gb  stm32f1xx_hal_uart.o [1]
UART_Transmit_IT        0x080044ed    0x62  Code  Lc  stm32f1xx_hal_uart.o [1]
UART_attributes         0x08008984    0x24  Data  Gb  freertos.o [1]
USART1_IRQHandler       0x08008875     0xa  Code  Gb  stm32f1xx_it.o [1]
USB_CoreInit            0x08000e4d     0x8  Code  Gb  stm32f1xx_ll_usb.o [1]
USB_DevDisconnect       0x08001771     0x4  Code  Gb  stm32f1xx_ll_usb.o [1]
USB_DevInit             0x08000e6d    0x20  Code  Gb  stm32f1xx_ll_usb.o [1]
USB_DisableGlobalInt    0x08000e55    0x14  Code  Gb  stm32f1xx_ll_usb.o [1]
USB_EPStartXfer         0x08000e8d   0x8d4  Code  Gb  stm32f1xx_ll_usb.o [1]
USB_HP_CAN1_TX_IRQHandler
                        0x08008841    0x10  Code  Gb  stm32f1xx_it.o [1]
USB_LP_CAN1_RX0_IRQHandler
                        0x08008851    0x10  Code  Gb  stm32f1xx_it.o [1]
USB_ReadInterrupts      0x08001775     0x6  Code  Gb  stm32f1xx_ll_usb.o [1]
USB_ReadPMA             0x080017ad    0x36  Code  Gb  stm32f1xx_ll_usb.o [1]
USB_SetCurrentMode      0x08000e69     0x4  Code  Gb  stm32f1xx_ll_usb.o [1]
USB_SetDevAddress       0x08001761    0x10  Code  Gb  stm32f1xx_ll_usb.o [1]
USB_WritePMA            0x0800177b    0x32  Code  Gb  stm32f1xx_ll_usb.o [1]
UsageFault_Handler      0x08008829     0x2  Code  Gb  stm32f1xx_it.o [1]
__NVIC_EnableIRQ        0x08001997    0x1c  Code  Lc  stm32f1xx_hal_cortex.o [1]
__NVIC_GetPriorityGrouping
                        0x0800198d     0xa  Code  Lc  stm32f1xx_hal_cortex.o [1]
__NVIC_SetPriority      0x080019b3    0x24  Code  Lc  stm32f1xx_hal_cortex.o [1]
__NVIC_SetPriorityGrouping
                        0x08001971    0x1c  Code  Lc  stm32f1xx_hal_cortex.o [1]
__aeabi_memclr4         0x08003059          Code  Gb  ABImemclr4.o [4]
__aeabi_memcpy          0x080017e5          Code  Gb  ABImemcpy.o [4]
__aeabi_memcpy4         0x08001805          Code  Gb  ABImemcpy.o [4]
__aeabi_memcpy8         0x08001805          Code  Gb  ABImemcpy.o [4]
__aeabi_memset          0x08008015          Code  Gb  ABImemset.o [4]
__cmain                 0x08008a59          Code  Gb  cmain.o [4]
__exit                  0x08008a8d    0x14  Code  Gb  exit.o [5]
__iar_Memset            0x08008015          Code  Gb  ABImemset.o [4]
__iar_Memset4_word      0x080074ed          Code  Gb  ABImemset48.o [4]
__iar_Memset8_word      0x080074ed          Code  Gb  ABImemset48.o [4]
__iar_Memset_word       0x0800801d          Code  Gb  ABImemset.o [4]
__iar_copy_init3        0x080088e9    0x2c  Code  Gb  copy_init3.o [4]
__iar_data_init3        0x08008915    0x28  Code  Gb  data_init.o [4]
__iar_program_start     0x08008bc9          Code  Gb  cstartup_M.o [4]
__iar_systems$$module {Abs}
                        0x00000001          Data  Gb  command line/config [2]
__iar_zero_init3        0x080088a9    0x40  Code  Gb  zero_init3.o [4]
__low_level_init        0x08008a77     0x4  Code  Gb  low_level_init.o [3]
__vector_table          0x08000000          Data  Gb  startup_stm32f103xb.o [1]
_call_main              0x08008a65          Code  Gb  cmain.o [4]
_exit                   0x08008a81          Code  Gb  cexit.o [4]
_main                   0x08008a73          Code  Gb  cmain.o [4]
controlMode             0x20003576     0x1  Data  Lc  mode.o [1]
crc4_cal                0x08002683    0x3c  Code  Gb  tim.o [1]
defaultTaskHandle       0x20003490     0x4  Data  Gb  freertos.o [1]
defaultTask_attributes  0x0800893c    0x24  Data  Gb  freertos.o [1]
eeData                  0x20000028    0xb0  Data  Lc  i2c.o [1]
eeDefaultData           0x20000000    0x28  Data  Lc  i2c.o [1]
eeMirrorData            0x20003364    0x28  Data  Lc  i2c.o [1]
exit                    0x08008a7b     0x4  Code  Gb  exit.o [3]
hcan                    0x2000333c    0x28  Data  Gb  can.o [1]
hi2c2                   0x20003008    0x54  Data  Gb  i2c.o [1]
hpcd_USB_FS             0x2000296c   0x2ec  Data  Gb  usb.o [1]
hrtc                    0x200033a8    0x14  Data  Gb  rtc.o [1]
hspi1                   0x20002fb0    0x58  Data  Gb  spi.o [1]
htim1                   0x200031ec    0x48  Data  Gb  tim.o [1]
htim3                   0x20003234    0x48  Data  Gb  tim.o [1]
huart1                  0x2000327c    0x44  Data  Gb  usart.o [1]
linMasterMessage        0x2000347c     0x8  Data  Lc  usart.o [1]
linState                0x2000357f     0x1  Data  Lc  usart.o [1]
linTransferData         0x2000338c    0x1c  Data  Lc  usart.o [1]
linYtSentMessage        0x20003484     0x8  Data  Lc  usart.o [1]
main                    0x08001899    0x3c  Code  Gb  main.o [1]
masterTargetPos         0x20003558     0x2  Data  Lc  mode.o [1]
modeCommand             0x20003574     0x1  Data  Lc  mode.o [1]
modeCurrentPos          0x200034d4     0x4  Data  Lc  mode.o [1]
modeMotorOut            0x200034dc     0x4  Data  Lc  mode.o [1]
modeMotorOutOld         0x200034e0     0x4  Data  Lc  mode.o [1]
modeMotorRunStep        0x20003577     0x1  Data  Lc  mode.o [1]
modeMotorStatus         0x20003578     0x1  Data  Lc  mode.o [1]
modePosition            0x200000dc    0x20  Data  Lc  mode.o [1]
modeTargetPos           0x200034d8     0x4  Data  Lc  mode.o [1]
osDelay                 0x08002c69    0x38  Code  Gb  cmsis_os2.o [1]
osEventFlagsNew         0x08002ca5    0x6c  Code  Gb  cmsis_os2.o [1]
osKernelInitialize      0x08002ab9    0x44  Code  Gb  cmsis_os2.o [1]
osKernelStart           0x08002afd    0x4a  Code  Gb  cmsis_os2.o [1]
osMessageQueueGet       0x08002e59    0x8e  Code  Gb  cmsis_os2.o [1]
osMessageQueueNew       0x08002d19    0xae  Code  Gb  cmsis_os2.o [1]
osMessageQueuePut       0x08002dc7    0x92  Code  Gb  cmsis_os2.o [1]
osThreadNew             0x08002b47    0xe4  Code  Gb  cmsis_os2.o [1]
osThreadYield           0x08002c2b    0x3e  Code  Gb  cmsis_os2.o [1]
pcInterruptPriorityRegisters
                        0x08008c30     0x4  Data  Lc  port.o [1]
positionValue           0x2000356a     0x2  Data  Gb  tim.o [1]
prvAddCurrentTaskToDelayedList
                        0x08006c4d    0x64  Code  Lc  tasks.o [1]
prvAddNewTaskToReadyList
                        0x08006359    0xc2  Code  Lc  tasks.o [1]
prvCheckForValidListAndQueue
                        0x08007f63    0x52  Code  Lc  timers.o [1]
prvCheckForValidListAndQueue{1}{2}{3}{4}::ucStaticTimerQueueStorage
                        0x20002e58    0xa0  Data  Lc  timers.o [1]
prvCheckForValidListAndQueue{1}{2}{3}{4}::xStaticTimerQueue
                        0x2000319c    0x50  Data  Lc  timers.o [1]
prvCheckTasksWaitingTermination
                        0x08006aab    0x48  Code  Lc  tasks.o [1]
prvCopyDataFromQueue    0x080073a3    0x2a  Code  Lc  queue.o [1]
prvCopyDataToQueue      0x0800731d    0x86  Code  Lc  queue.o [1]
prvDeleteTCB            0x08006af3    0x42  Code  Lc  tasks.o [1]
prvGetNextExpireTime    0x08007d4b    0x2c  Code  Lc  timers.o [1]
prvHeapInit             0x08007885    0x62  Code  Lc  heap_4.o [1]
prvIdleTask             0x08006a25    0x24  Code  Lc  tasks.o [1]
prvInitialiseNewQueue   0x08006e7d    0x22  Code  Lc  queue.o [1]
prvInitialiseNewTask    0x080062a3    0xb6  Code  Lc  tasks.o [1]
prvInitialiseTaskLists  0x08006a51    0x5a  Code  Lc  tasks.o [1]
prvInsertBlockIntoFreeList
                        0x080078e7    0x58  Code  Lc  heap_4.o [1]
prvInsertTimerInActiveList
                        0x08007da3    0x3e  Code  Lc  timers.o [1]
prvIsQueueEmpty         0x0800743f    0x1c  Code  Lc  queue.o [1]
prvIsQueueFull          0x0800745b    0x1e  Code  Lc  queue.o [1]
prvProcessExpiredTimer  0x08007c67    0x5a  Code  Lc  timers.o [1]
prvProcessReceivedCommands
                        0x08007de1   0x104  Code  Lc  timers.o [1]
prvProcessTimerOrBlockTask
                        0x08007cd5    0x76  Code  Lc  timers.o [1]
prvResetNextTaskUnblockTime
                        0x08006b35    0x28  Code  Lc  tasks.o [1]
prvSampleTimeNow        0x08007d77    0x2c  Code  Lc  timers.o [1]
prvSampleTimeNow::xLastTime
                        0x20003548     0x4  Data  Lc  timers.o [1]
prvSwitchTimerLists     0x08007ee5    0x7e  Code  Lc  timers.o [1]
prvTaskExitError        0x0800797d    0x2a  Code  Lc  port.o [1]
prvTestWaitCondition    0x0800496d    0x1a  Code  Lc  event_groups.o [1]
prvTimerTask            0x08007cc1    0x14  Code  Lc  timers.o [1]
prvUnlockQueue          0x080073cd    0x72  Code  Lc  queue.o [1]
pvPortMalloc            0x08007701   0x10e  Code  Gb  heap_4.o [1]
pwmMotorOut             0x20003528     0x4  Data  Lc  tim.o [1]
pxCurrentTCB            0x200034ec     0x4  Data  Gb  tasks.o [1]
pxCurrentTimerList      0x20003538     0x4  Data  Lc  timers.o [1]
pxDelayedTaskList       0x200034f0     0x4  Data  Lc  tasks.o [1]
pxEnd                   0x200034c0     0x4  Data  Lc  heap_4.o [1]
pxOverflowDelayedTaskList
                        0x200034f4     0x4  Data  Lc  tasks.o [1]
pxOverflowTimerList     0x2000353c     0x4  Data  Lc  timers.o [1]
pxPortInitialiseStack   0x0800795d    0x20  Code  Gb  port.o [1]
pxReadyTasksLists       0x2000210c   0x460  Data  Lc  tasks.o [1]
runCycle                0x20003575     0x1  Data  Lc  mode.o [1]
timerValue              0x2000356c     0x2  Data  Gb  tim.o [1]
uartEventHandle         0x2000354c     0x4  Data  Lc  usart.o [1]
ucHeap                  0x2000010c  0x2000  Data  Lc  heap_4.o [1]
ucMaxSysCallPriority    0x2000357d     0x1  Data  Lc  port.o [1]
ulMaxPRIGROUPValue      0x200034e4     0x4  Data  Lc  port.o [1]
uwTick                  0x200034e8     0x4  Data  Gb  stm32f1xx_hal.o [1]
uwTickFreq              0x20000108     0x1  Data  Gb  stm32f1xx_hal.o [1]
uwTickPrio              0x20000100     0x4  Data  Gb  stm32f1xx_hal.o [1]
uxCriticalNesting       0x200000fc     0x4  Data  Lc  port.o [1]
uxCurrentNumberOfTasks  0x200034fc     0x4  Data  Lc  tasks.o [1]
uxDeletedTasksWaitingCleanUp
                        0x200034f8     0x4  Data  Lc  tasks.o [1]
uxListRemove            0x080076d9    0x26  Code  Gb  list.o [1]
uxPendedTicks           0x2000350c     0x4  Data  Lc  tasks.o [1]
uxSchedulerSuspended    0x20003524     0x4  Data  Lc  tasks.o [1]
uxTaskNumber            0x20003518     0x4  Data  Lc  tasks.o [1]
uxTaskResetEventItemValue
                        0x08006c1d    0x1e  Code  Gb  tasks.o [1]
uxTopReadyPriority      0x20003504     0x4  Data  Lc  tasks.o [1]
vApplicationGetIdleTaskMemory
                        0x08002ee9     0xe  Code  Gb  cmsis_os2.o [1]
vApplicationGetTimerTaskMemory
                        0x08002ef7    0x10  Code  Gb  cmsis_os2.o [1]
vEventGroupSetBitsCallback
                        0x08004965     0x8  Code  Gb  event_groups.o [1]
vListInitialise         0x08007667    0x1e  Code  Gb  list.o [1]
vListInitialiseItem     0x08007685     0x6  Code  Gb  list.o [1]
vListInsert             0x080076a3    0x36  Code  Gb  list.o [1]
vListInsertEnd          0x0800768b    0x18  Code  Gb  list.o [1]
vPortEnterCritical      0x08007a49    0x3a  Code  Gb  port.o [1]
vPortExitCritical       0x08007a83    0x32  Code  Gb  port.o [1]
vPortFree               0x0800780f    0x76  Code  Gb  heap_4.o [1]
vPortStartFirstTask     0x080080e3          Code  Gb  portasm.o [1]
vPortValidateInterruptPriority
                        0x08007add    0x4a  Code  Gb  port.o [1]
vQueueAddToRegistry     0x08007479    0x24  Code  Gb  queue.o [1]
vQueueWaitForMessageRestricted
                        0x080074a1    0x4a  Code  Gb  queue.o [1]
vTaskDelay              0x0800641b    0x4c  Code  Gb  tasks.o [1]
vTaskInternalSetTimeOutState
                        0x0800697b    0x12  Code  Gb  tasks.o [1]
vTaskMissedYield        0x08006a1b     0xa  Code  Gb  tasks.o [1]
vTaskPlaceOnEventList   0x0800679d    0x2e  Code  Gb  tasks.o [1]
vTaskPlaceOnEventListRestricted
                        0x0800682d    0x38  Code  Gb  tasks.o [1]
vTaskPlaceOnUnorderedEventList
                        0x080067d1    0x52  Code  Gb  tasks.o [1]
vTaskRemoveFromUnorderedEventList
                        0x080068f9    0x82  Code  Gb  tasks.o [1]
vTaskStartScheduler     0x08006467    0x9a  Code  Gb  tasks.o [1]
vTaskSuspendAll         0x08006501    0x10  Code  Gb  tasks.o [1]
vTaskSwitchContext      0x0800672b    0x72  Code  Gb  tasks.o [1]
xActiveTimerList1       0x20003420    0x14  Data  Lc  timers.o [1]
xActiveTimerList2       0x20003434    0x14  Data  Lc  timers.o [1]
xBlockAllocatedBit      0x200034cc     0x4  Data  Lc  heap_4.o [1]
xDelayedTaskList1       0x200033bc    0x14  Data  Lc  tasks.o [1]
xDelayedTaskList2       0x200033d0    0x14  Data  Lc  tasks.o [1]
xEventGroupCreate       0x08004771    0x20  Code  Gb  event_groups.o [1]
xEventGroupCreateStatic
                        0x08004729    0x48  Code  Gb  event_groups.o [1]
xEventGroupSetBits      0x080048b9    0xac  Code  Gb  event_groups.o [1]
xEventGroupSetBitsFromISR
                        0x08004987    0x10  Code  Gb  event_groups.o [1]
xEventGroupWaitBits     0x08004791   0x128  Code  Gb  event_groups.o [1]
xFreeBytesRemaining     0x200034c4     0x4  Data  Lc  heap_4.o [1]
xHeapStructSize         0x08008c2c     0x4  Data  Lc  heap_4.o [1]
xIdleTaskHandle         0x20003520     0x4  Data  Lc  tasks.o [1]
xMinimumEverFreeBytesRemaining
                        0x200034c8     0x4  Data  Lc  heap_4.o [1]
xNextTaskUnblockTime    0x2000351c     0x4  Data  Lc  tasks.o [1]
xNumOfOverflows         0x20003514     0x4  Data  Lc  tasks.o [1]
xPendingReadyList       0x200033e4    0x14  Data  Lc  tasks.o [1]
xPortStartScheduler     0x080079a7    0xa2  Code  Gb  port.o [1]
xPortSysTickHandler     0x08007ab5    0x28  Code  Gb  port.o [1]
xQueueGenericCreate     0x08006e2d    0x50  Code  Gb  queue.o [1]
xQueueGenericCreateStatic
                        0x08006d87    0xa6  Code  Gb  queue.o [1]
xQueueGenericReset      0x08006cf1    0x96  Code  Gb  queue.o [1]
xQueueGenericSend       0x08006e9f   0x196  Code  Gb  queue.o [1]
xQueueGenericSendFromISR
                        0x08007035    0xdc  Code  Gb  queue.o [1]
xQueueReceive           0x08007111   0x15a  Code  Gb  queue.o [1]
xQueueReceiveFromISR    0x08007271    0xac  Code  Gb  queue.o [1]
xQueueRegistry          0x200032c0    0x40  Data  Gb  queue.o [1]
xSchedulerRunning       0x20003508     0x4  Data  Lc  tasks.o [1]
xStart                  0x2000346c     0x8  Data  Lc  heap_4.o [1]
xSuspendedTaskList      0x2000340c    0x14  Data  Lc  tasks.o [1]
xTaskCheckForTimeOut    0x08006999    0x82  Code  Gb  tasks.o [1]
xTaskCreate             0x0800622f    0x74  Code  Gb  tasks.o [1]
xTaskCreateStatic       0x080061ad    0x82  Code  Gb  tasks.o [1]
xTaskGetSchedulerState  0x08006b5d    0x20  Code  Gb  tasks.o [1]
xTaskGetTickCount       0x0800660d     0x8  Code  Gb  tasks.o [1]
xTaskIncrementTick      0x08006615   0x116  Code  Gb  tasks.o [1]
xTaskPriorityDisinherit
                        0x08006b7d    0x8e  Code  Gb  tasks.o [1]
xTaskRemoveFromEventList
                        0x08006871    0x84  Code  Gb  tasks.o [1]
xTaskResumeAll          0x08006511    0xfc  Code  Gb  tasks.o [1]
xTasksWaitingTermination
                        0x200033f8    0x14  Data  Lc  tasks.o [1]
xTickCount              0x20003500     0x4  Data  Lc  tasks.o [1]
xTimerCreateTimerTask   0x08007b81    0x6e  Code  Gb  timers.o [1]
xTimerGenericCommand    0x08007bef    0x78  Code  Gb  timers.o [1]
xTimerPendFunctionCallFromISR
                        0x08007fb5    0x22  Code  Gb  timers.o [1]
xTimerQueue             0x20003540     0x4  Data  Lc  timers.o [1]
xTimerTaskHandle        0x20003544     0x4  Data  Lc  timers.o [1]
xYieldPending           0x20003510     0x4  Data  Lc  tasks.o [1]


[1] = F:\00_Workspace\00_YTP_GoodProject\040_Software\41_Cube\Code\GoodProject\EWARM\GoodProject\Obj
[2] = command line
[3] = dl7M_tlf.a
[4] = rt7M_tl.a
[5] = shb_l.a

  35 114 bytes of readonly  code memory
     932 bytes of readonly  data memory
  14 719 bytes of readwrite data memory

Errors: none
Warnings: none
