###############################################################################
#
# IAR ELF Linker V8.22.1.15669/W32 for ARM                04/May/2022  22:42:51
# Copyright 2007-2018 IAR Systems AB.
#
#    Output file  =  
#        F:\00_Workspace\00_YTP_GoodProject\040_Software\41_Cube\Code\GoodProject\EWARM\GoodProject\Exe\GoodProject.out
#    Map file     =  
#        F:\00_Workspace\00_YTP_GoodProject\040_Software\41_Cube\Code\GoodProject\EWARM\GoodProject\List\GoodProject.map
#    Command line =  
#        -f C:\Users\ADMINI~1\AppData\Local\Temp\EWDC99.tmp
#        (F:\00_Workspace\00_YTP_GoodProject\040_Software\41_Cube\Code\GoodProject\EWARM\GoodProject\Obj\can.o
#        F:\00_Workspace\00_YTP_GoodProject\040_Software\41_Cube\Code\GoodProject\EWARM\GoodProject\Obj\ccl.o
#        F:\00_Workspace\00_YTP_GoodProject\040_Software\41_Cube\Code\GoodProject\EWARM\GoodProject\Obj\cmsis_os2.o
#        F:\00_Workspace\00_YTP_GoodProject\040_Software\41_Cube\Code\GoodProject\EWARM\GoodProject\Obj\croutine.o
#        F:\00_Workspace\00_YTP_GoodProject\040_Software\41_Cube\Code\GoodProject\EWARM\GoodProject\Obj\diag.o
#        F:\00_Workspace\00_YTP_GoodProject\040_Software\41_Cube\Code\GoodProject\EWARM\GoodProject\Obj\event_groups.o
#        F:\00_Workspace\00_YTP_GoodProject\040_Software\41_Cube\Code\GoodProject\EWARM\GoodProject\Obj\freertos.o
#        F:\00_Workspace\00_YTP_GoodProject\040_Software\41_Cube\Code\GoodProject\EWARM\GoodProject\Obj\gpio.o
#        F:\00_Workspace\00_YTP_GoodProject\040_Software\41_Cube\Code\GoodProject\EWARM\GoodProject\Obj\heap_4.o
#        F:\00_Workspace\00_YTP_GoodProject\040_Software\41_Cube\Code\GoodProject\EWARM\GoodProject\Obj\i2c.o
#        F:\00_Workspace\00_YTP_GoodProject\040_Software\41_Cube\Code\GoodProject\EWARM\GoodProject\Obj\list.o
#        F:\00_Workspace\00_YTP_GoodProject\040_Software\41_Cube\Code\GoodProject\EWARM\GoodProject\Obj\main.o
#        F:\00_Workspace\00_YTP_GoodProject\040_Software\41_Cube\Code\GoodProject\EWARM\GoodProject\Obj\mode.o
#        F:\00_Workspace\00_YTP_GoodProject\040_Software\41_Cube\Code\GoodProject\EWARM\GoodProject\Obj\port.o
#        F:\00_Workspace\00_YTP_GoodProject\040_Software\41_Cube\Code\GoodProject\EWARM\GoodProject\Obj\portasm.o
#        F:\00_Workspace\00_YTP_GoodProject\040_Software\41_Cube\Code\GoodProject\EWARM\GoodProject\Obj\queue.o
#        F:\00_Workspace\00_YTP_GoodProject\040_Software\41_Cube\Code\GoodProject\EWARM\GoodProject\Obj\rtc.o
#        F:\00_Workspace\00_YTP_GoodProject\040_Software\41_Cube\Code\GoodProject\EWARM\GoodProject\Obj\spi.o
#        F:\00_Workspace\00_YTP_GoodProject\040_Software\41_Cube\Code\GoodProject\EWARM\GoodProject\Obj\startup_stm32f103xb.o
#        F:\00_Workspace\00_YTP_GoodProject\040_Software\41_Cube\Code\GoodProject\EWARM\GoodProject\Obj\stm32f1xx_hal.o
#        F:\00_Workspace\00_YTP_GoodProject\040_Software\41_Cube\Code\GoodProject\EWARM\GoodProject\Obj\stm32f1xx_hal_can.o
#        F:\00_Workspace\00_YTP_GoodProject\040_Software\41_Cube\Code\GoodProject\EWARM\GoodProject\Obj\stm32f1xx_hal_cortex.o
#        F:\00_Workspace\00_YTP_GoodProject\040_Software\41_Cube\Code\GoodProject\EWARM\GoodProject\Obj\stm32f1xx_hal_dma.o
#        F:\00_Workspace\00_YTP_GoodProject\040_Software\41_Cube\Code\GoodProject\EWARM\GoodProject\Obj\stm32f1xx_hal_exti.o
#        F:\00_Workspace\00_YTP_GoodProject\040_Software\41_Cube\Code\GoodProject\EWARM\GoodProject\Obj\stm32f1xx_hal_flash.o
#        F:\00_Workspace\00_YTP_GoodProject\040_Software\41_Cube\Code\GoodProject\EWARM\GoodProject\Obj\stm32f1xx_hal_flash_ex.o
#        F:\00_Workspace\00_YTP_GoodProject\040_Software\41_Cube\Code\GoodProject\EWARM\GoodProject\Obj\stm32f1xx_hal_gpio.o
#        F:\00_Workspace\00_YTP_GoodProject\040_Software\41_Cube\Code\GoodProject\EWARM\GoodProject\Obj\stm32f1xx_hal_gpio_ex.o
#        F:\00_Workspace\00_YTP_GoodProject\040_Software\41_Cube\Code\GoodProject\EWARM\GoodProject\Obj\stm32f1xx_hal_i2c.o
#        F:\00_Workspace\00_YTP_GoodProject\040_Software\41_Cube\Code\GoodProject\EWARM\GoodProject\Obj\stm32f1xx_hal_msp.o
#        F:\00_Workspace\00_YTP_GoodProject\040_Software\41_Cube\Code\GoodProject\EWARM\GoodProject\Obj\stm32f1xx_hal_pcd.o
#        F:\00_Workspace\00_YTP_GoodProject\040_Software\41_Cube\Code\GoodProject\EWARM\GoodProject\Obj\stm32f1xx_hal_pcd_ex.o
#        F:\00_Workspace\00_YTP_GoodProject\040_Software\41_Cube\Code\GoodProject\EWARM\GoodProject\Obj\stm32f1xx_hal_pwr.o
#        F:\00_Workspace\00_YTP_GoodProject\040_Software\41_Cube\Code\GoodProject\EWARM\GoodProject\Obj\stm32f1xx_hal_rcc.o
#        F:\00_Workspace\00_YTP_GoodProject\040_Software\41_Cube\Code\GoodProject\EWARM\GoodProject\Obj\stm32f1xx_hal_rcc_ex.o
#        F:\00_Workspace\00_YTP_GoodProject\040_Software\41_Cube\Code\GoodProject\EWARM\GoodProject\Obj\stm32f1xx_hal_rtc.o
#        F:\00_Workspace\00_YTP_GoodProject\040_Software\41_Cube\Code\GoodProject\EWARM\GoodProject\Obj\stm32f1xx_hal_rtc_ex.o
#        F:\00_Workspace\00_YTP_GoodProject\040_Software\41_Cube\Code\GoodProject\EWARM\GoodProject\Obj\stm32f1xx_hal_spi.o
#        F:\00_Workspace\00_YTP_GoodProject\040_Software\41_Cube\Code\GoodProject\EWARM\GoodProject\Obj\stm32f1xx_hal_tim.o
#        F:\00_Workspace\00_YTP_GoodProject\040_Software\41_Cube\Code\GoodProject\EWARM\GoodProject\Obj\stm32f1xx_hal_tim_ex.o
#        F:\00_Workspace\00_YTP_GoodProject\040_Software\41_Cube\Code\GoodProject\EWARM\GoodProject\Obj\stm32f1xx_hal_uart.o
#        F:\00_Workspace\00_YTP_GoodProject\040_Software\41_Cube\Code\GoodProject\EWARM\GoodProject\Obj\stm32f1xx_it.o
#        F:\00_Workspace\00_YTP_GoodProject\040_Software\41_Cube\Code\GoodProject\EWARM\GoodProject\Obj\stm32f1xx_ll_usb.o
#        F:\00_Workspace\00_YTP_GoodProject\040_Software\41_Cube\Code\GoodProject\EWARM\GoodProject\Obj\stream_buffer.o
#        F:\00_Workspace\00_YTP_GoodProject\040_Software\41_Cube\Code\GoodProject\EWARM\GoodProject\Obj\system_stm32f1xx.o
#        F:\00_Workspace\00_YTP_GoodProject\040_Software\41_Cube\Code\GoodProject\EWARM\GoodProject\Obj\tasks.o
#        F:\00_Workspace\00_YTP_GoodProject\040_Software\41_Cube\Code\GoodProject\EWARM\GoodProject\Obj\tim.o
#        F:\00_Workspace\00_YTP_GoodProject\040_Software\41_Cube\Code\GoodProject\EWARM\GoodProject\Obj\timers.o
#        F:\00_Workspace\00_YTP_GoodProject\040_Software\41_Cube\Code\GoodProject\EWARM\GoodProject\Obj\tp.o
#        F:\00_Workspace\00_YTP_GoodProject\040_Software\41_Cube\Code\GoodProject\EWARM\GoodProject\Obj\usart.o
#        F:\00_Workspace\00_YTP_GoodProject\040_Software\41_Cube\Code\GoodProject\EWARM\GoodProject\Obj\usb.o
#        --redirect _Printf=_PrintfFull --redirect _Scanf=_ScanfFull -o
#        F:\00_Workspace\00_YTP_GoodProject\040_Software\41_Cube\Code\GoodProject\EWARM\GoodProject\Exe\GoodProject.out
#        --map
#        F:\00_Workspace\00_YTP_GoodProject\040_Software\41_Cube\Code\GoodProject\EWARM\GoodProject\List\GoodProject.map
#        --config
#        F:\00_Workspace\00_YTP_GoodProject\040_Software\41_Cube\Code\GoodProject\EWARM/stm32f103xb_flash.icf
#        --semihosting --entry __iar_program_start --vfe --text_out locale)
#
###############################################################################

*******************************************************************************
*** RUNTIME MODEL ATTRIBUTES
***

CppFlavor       = *
__SystemLibrary = DLib
__dlib_version  = 6


*******************************************************************************
*** HEAP SELECTION
***

The basic heap was selected because no calls to memory allocation
functions were found in the application outside of system library
functions, and there are calls to deallocation functions in the
application.


*******************************************************************************
*** PLACEMENT SUMMARY
***

"A0":  place at 0x08000000 { ro section .intvec };
"P1":  place in [from 0x08000000 to 0x0801ffff] { ro };
define block CSTACK with size = 1K, alignment = 8 { };
define block HEAP with size = 512, alignment = 8 { };
"P2":  place in [from 0x20000000 to 0x20004fff] {
          rw, block CSTACK, block HEAP };
initialize by copy { rw };

  Section            Kind        Address    Size  Object
  -------            ----        -------    ----  ------
"A0":                                       0xec
  .intvec            ro code  0x08000000    0xec  startup_stm32f103xb.o [1]
                            - 0x080000ec    0xec

"P1":                                     0x901e
  .text              ro code  0x080000ec   0xcd8  stm32f1xx_hal_pcd.o [1]
  .text              ro code  0x08000dc4    0x88  usb.o [1]
  .text              ro code  0x08000e4c   0x996  stm32f1xx_ll_usb.o [1]
  .rodata            const    0x080017e2     0x2  stm32f1xx_hal_rcc.o [1]
  .text              ro code  0x080017e4    0xa6  ABImemcpy.o [4]
  .text              ro code  0x0800188a     0x2  stm32f1xx_hal_pcd.o [1]
  .text              ro code  0x0800188c     0x2  stm32f1xx_hal_pcd.o [1]
  .text              ro code  0x0800188e     0x2  stm32f1xx_hal_pcd.o [1]
  .text              ro code  0x08001890     0x2  stm32f1xx_hal_pcd.o [1]
  .text              ro code  0x08001892     0x2  stm32f1xx_hal_pcd.o [1]
  .text              ro code  0x08001894     0x2  stm32f1xx_hal_pcd.o [1]
  .text              ro code  0x08001896     0x2  stm32f1xx_hal_pcd.o [1]
  .text              ro code  0x08001898    0xd6  main.o [1]
  .rodata            const    0x0800196e     0x2  stm32f1xx_hal_rcc_ex.o [1]
  .text              ro code  0x08001970   0x130  stm32f1xx_hal_cortex.o [1]
  .text              ro code  0x08001aa0    0x28  stm32f1xx_hal.o [1]
  .text              ro code  0x08001ac8   0x118  gpio.o [1]
  .text              ro code  0x08001be0   0x19c  can.o [1]
  .text              ro code  0x08001d7c   0x8a8  usart.o [1]
  .text              ro code  0x08002624    0x68  rtc.o [1]
  .text              ro code  0x0800268c    0xd0  spi.o [1]
  .text              ro code  0x0800275c   0x468  tim.o [1]
  .text              ro code  0x08002bc4   0x35a  i2c.o [1]
  .text              ro code  0x08002f20   0x468  cmsis_os2.o [1]
  .text              ro code  0x08003388   0x138  freertos.o [1]
  .text              ro code  0x080034c0     0x6  ABImemclr4.o [4]
  .text              ro code  0x080034c8   0x6ec  stm32f1xx_hal_rcc.o [1]
  .text              ro code  0x08003bb4   0x210  stm32f1xx_hal_rcc_ex.o [1]
  .text              ro code  0x08003dc4    0x4c  stm32f1xx_hal.o [1]
  .text              ro code  0x08003e10    0x5c  stm32f1xx_hal_msp.o [1]
  .text              ro code  0x08003e6c   0x218  stm32f1xx_hal_gpio.o [1]
  .text              ro code  0x08004084   0x502  stm32f1xx_hal_can.o [1]
  .text              ro code  0x08004588   0x608  stm32f1xx_hal_uart.o [1]
  .text              ro code  0x08004b90   0x278  event_groups.o [1]
  .text              ro code  0x08004e08   0x196  stm32f1xx_hal_rtc.o [1]
  .text              ro code  0x08004fa0     0xc  stm32f1xx_hal_pwr.o [1]
  .text              ro code  0x08004fac    0xc4  stm32f1xx_hal_spi.o [1]
  .text              ro code  0x08005070   0x97a  stm32f1xx_hal_tim.o [1]
  .text              ro code  0x080059ec    0x7c  stm32f1xx_hal_tim_ex.o [1]
  .text              ro code  0x08005a68   0xbac  stm32f1xx_hal_i2c.o [1]
  .text              ro code  0x08006614   0xb44  tasks.o [1]
  .text              ro code  0x08007158   0x7fa  queue.o [1]
  .text              ro code  0x08007954    0x32  ABImemset48.o [4]
  .text              ro code  0x08007988     0xc  stm32f1xx_hal.o [1]
  .text              ro code  0x08007994     0x2  stm32f1xx_hal_can.o [1]
  .text              ro code  0x08007996     0x2  stm32f1xx_hal_can.o [1]
  .text              ro code  0x08007998     0x2  stm32f1xx_hal_can.o [1]
  .text              ro code  0x0800799a     0x2  stm32f1xx_hal_can.o [1]
  .text              ro code  0x0800799c     0x2  stm32f1xx_hal_can.o [1]
  .text              ro code  0x0800799e     0x2  stm32f1xx_hal_can.o [1]
  .text              ro code  0x080079a0     0x2  stm32f1xx_hal_can.o [1]
  .text              ro code  0x080079a2     0x2  stm32f1xx_hal_can.o [1]
  .text              ro code  0x080079a4     0x2  stm32f1xx_hal_can.o [1]
  .text              ro code  0x080079a6     0x2  stm32f1xx_hal_can.o [1]
  .text              ro code  0x080079a8     0x2  stm32f1xx_hal_can.o [1]
  .text              ro code  0x080079aa     0x2  stm32f1xx_hal_can.o [1]
  .text              ro code  0x080079ac     0x2  stm32f1xx_hal_can.o [1]
  .text              ro code  0x080079b0   0x118  stm32f1xx_hal_dma.o [1]
  .text              ro code  0x08007ac8     0x2  stm32f1xx_hal_uart.o [1]
  .text              ro code  0x08007aca     0x2  stm32f1xx_hal_uart.o [1]
  .text              ro code  0x08007acc     0x2  stm32f1xx_hal_uart.o [1]
  .text              ro code  0x08007ace    0x98  list.o [1]
  .text              ro code  0x08007b68   0x25c  heap_4.o [1]
  .text              ro code  0x08007dc4   0x224  port.o [1]
  .text              ro code  0x08007fe8   0x488  timers.o [1]
  .text              ro code  0x08008470     0x2  stm32f1xx_hal_tim.o [1]
  .text              ro code  0x08008472     0x2  stm32f1xx_hal_tim.o [1]
  .text              ro code  0x08008474     0x2  stm32f1xx_hal_tim.o [1]
  .text              ro code  0x08008476     0x2  stm32f1xx_hal_tim_ex.o [1]
  .text              ro code  0x08008478     0x2  stm32f1xx_hal_tim.o [1]
  .text              ro code  0x0800847a     0x2  stm32f1xx_hal_tim_ex.o [1]
  .text              ro code  0x0800847c    0x66  ABImemset.o [4]
  CODE               ro code  0x080084e4    0x88  portasm.o [1]
  .text              ro code  0x0800856c   0x600  mode.o [1]
  Initializer bytes  const    0x08008b6c    0xf0  <for P2-1>
  .text              ro code  0x08008c5c    0x70  stm32f1xx_it.o [1]
  .text              ro code  0x08008ccc    0x18  stm32f1xx_hal.o [1]
  .text              ro code  0x08008ce4    0x40  zero_init3.o [4]
  .text              ro code  0x08008d24    0x2c  copy_init3.o [4]
  .text              ro code  0x08008d50    0x28  data_init.o [4]
  .rodata            const    0x08008d78    0x24  freertos.o [1]
  .rodata            const    0x08008d9c    0x24  freertos.o [1]
  .rodata            const    0x08008dc0    0x24  freertos.o [1]
  .rodata            const    0x08008de4    0x24  freertos.o [1]
  .rodata            const    0x08008e08    0x24  freertos.o [1]
  .rodata            const    0x08008e2c    0x24  freertos.o [1]
  .iar.init_table    const    0x08008e50    0x24  - Linker created -
  .rodata            const    0x08008e74    0x20  freertos.o [1]
  .text              ro code  0x08008e94    0x1e  cmain.o [4]
  .text              ro code  0x08008eb2     0x4  low_level_init.o [3]
  .text              ro code  0x08008eb6     0x4  exit.o [3]
  .text              ro code  0x08008ebc     0xa  cexit.o [4]
  .text              ro code  0x08008ec8    0x14  exit.o [5]
  .rodata            const    0x08008edc    0x1c  freertos.o [1]
  .rodata            const    0x08008ef8    0x1c  freertos.o [1]
  .rodata            const    0x08008f14    0x18  freertos.o [1]
  .rodata            const    0x08008f2c    0x18  freertos.o [1]
  .rodata            const    0x08008f44    0x18  freertos.o [1]
  .rodata            const    0x08008f5c    0x18  freertos.o [1]
  .rodata            const    0x08008f74    0x14  freertos.o [1]
  .rodata            const    0x08008f88    0x10  freertos.o [1]
  .rodata            const    0x08008f98    0x10  freertos.o [1]
  .rodata            const    0x08008fa8    0x10  stm32f1xx_hal_rcc.o [1]
  .rodata            const    0x08008fb8    0x10  stm32f1xx_hal_rcc_ex.o [1]
  .rodata            const    0x08008fc8    0x10  system_stm32f1xx.o [1]
  .rodata            const    0x08008fd8    0x10  tim.o [1]
  .text              ro code  0x08008fe8    0x10  startup_stm32f103xb.o [1]
  .rodata            const    0x08008ff8     0xc  freertos.o [1]
  .text              ro code  0x08009004     0xc  cstartup_M.o [4]
  .rodata            const    0x08009010     0x8  can.o [1]
  .rodata            const    0x08009018     0x8  freertos.o [1]
  .rodata            const    0x08009020     0x8  freertos.o [1]
  .rodata            const    0x08009028     0x8  freertos.o [1]
  .rodata            const    0x08009030     0x8  system_stm32f1xx.o [1]
  .rodata            const    0x08009038     0x8  tasks.o [1]
  .rodata            const    0x08009040     0x8  tim.o [1]
  .rodata            const    0x08009048     0x8  tim.o [1]
  .rodata            const    0x08009050     0x8  timers.o [1]
  .rodata            const    0x08009058     0x8  timers.o [1]
  .rodata            const    0x08009060     0x4  freertos.o [1]
  .rodata            const    0x08009064     0x4  freertos.o [1]
  .rodata            const    0x08009068     0x4  heap_4.o [1]
  .rodata            const    0x0800906c     0x4  port.o [1]
  .text              ro code  0x08009070     0x4  startup_stm32f103xb.o [1]
  .text              ro code  0x08009074     0x4  startup_stm32f103xb.o [1]
  .text              ro code  0x08009078     0x4  startup_stm32f103xb.o [1]
  .text              ro code  0x0800907c     0x4  startup_stm32f103xb.o [1]
  .text              ro code  0x08009080     0x4  startup_stm32f103xb.o [1]
  .text              ro code  0x08009084     0x4  startup_stm32f103xb.o [1]
  .text              ro code  0x08009088     0x4  startup_stm32f103xb.o [1]
  .text              ro code  0x0800908c     0x4  startup_stm32f103xb.o [1]
  .text              ro code  0x08009090     0x4  startup_stm32f103xb.o [1]
  .text              ro code  0x08009094     0x4  startup_stm32f103xb.o [1]
  .text              ro code  0x08009098     0x4  startup_stm32f103xb.o [1]
  .text              ro code  0x0800909c     0x4  startup_stm32f103xb.o [1]
  .text              ro code  0x080090a0     0x4  startup_stm32f103xb.o [1]
  .text              ro code  0x080090a4     0x4  startup_stm32f103xb.o [1]
  .text              ro code  0x080090a8     0x4  startup_stm32f103xb.o [1]
  .text              ro code  0x080090ac     0x4  startup_stm32f103xb.o [1]
  .text              ro code  0x080090b0     0x4  startup_stm32f103xb.o [1]
  .text              ro code  0x080090b4     0x4  startup_stm32f103xb.o [1]
  .text              ro code  0x080090b8     0x4  startup_stm32f103xb.o [1]
  .text              ro code  0x080090bc     0x4  startup_stm32f103xb.o [1]
  .text              ro code  0x080090c0     0x4  startup_stm32f103xb.o [1]
  .text              ro code  0x080090c4     0x4  startup_stm32f103xb.o [1]
  .text              ro code  0x080090c8     0x4  startup_stm32f103xb.o [1]
  .text              ro code  0x080090cc     0x4  startup_stm32f103xb.o [1]
  .text              ro code  0x080090d0     0x4  startup_stm32f103xb.o [1]
  .text              ro code  0x080090d4     0x4  startup_stm32f103xb.o [1]
  .text              ro code  0x080090d8     0x4  startup_stm32f103xb.o [1]
  .text              ro code  0x080090dc     0x4  startup_stm32f103xb.o [1]
  .text              ro code  0x080090e0     0x4  startup_stm32f103xb.o [1]
  .text              ro code  0x080090e4     0x4  startup_stm32f103xb.o [1]
  .text              ro code  0x080090e8     0x4  startup_stm32f103xb.o [1]
  .text              ro code  0x080090ec     0x4  startup_stm32f103xb.o [1]
  .text              ro code  0x080090f0     0x4  startup_stm32f103xb.o [1]
  .text              ro code  0x080090f4     0x4  startup_stm32f103xb.o [1]
  .text              ro code  0x080090f8     0x4  startup_stm32f103xb.o [1]
  .text              ro code  0x080090fc     0x4  startup_stm32f103xb.o [1]
  .text              ro code  0x08009100     0x4  startup_stm32f103xb.o [1]
  .text              ro code  0x08009104     0x4  startup_stm32f103xb.o [1]
  .text              ro code  0x08009108     0x2  system_stm32f1xx.o [1]
  .rodata            const    0x0800910a     0x0  zero_init3.o [4]
  .rodata            const    0x0800910a     0x0  copy_init3.o [4]
                            - 0x0800910a  0x901e

"P2", part 1 of 3:                          0xf0
  P2-1                        0x20000000    0xed  <Init block>
    .data            inited   0x20000000    0x28  i2c.o [1]
    .data            inited   0x20000028    0xb0  i2c.o [1]
    .data            inited   0x200000d8     0x4  i2c.o [1]
    .data            inited   0x200000dc     0x4  i2c.o [1]
    .data            inited   0x200000e0     0x4  port.o [1]
    .data            inited   0x200000e4     0x4  stm32f1xx_hal.o [1]
    .data            inited   0x200000e8     0x4  system_stm32f1xx.o [1]
    .data            inited   0x200000ec     0x1  stm32f1xx_hal.o [1]
                            - 0x200000ed    0xed

"P2", part 2 of 3:                        0x3478
  .bss               zero     0x200000f0  0x2000  heap_4.o [1]
  .bss               zero     0x200020f0   0x460  tasks.o [1]
  .bss               zero     0x20002550   0x400  cmsis_os2.o [1]
  .bss               zero     0x20002950   0x2ec  usb.o [1]
  .bss               zero     0x20002c3c   0x200  cmsis_os2.o [1]
  .bss               zero     0x20002e3c    0xa0  timers.o [1]
  .bss               zero     0x20002edc    0x5c  cmsis_os2.o [1]
  .bss               zero     0x20002f38    0x5c  cmsis_os2.o [1]
  .bss               zero     0x20002f94    0x58  spi.o [1]
  .bss               zero     0x20002fec    0x54  i2c.o [1]
  .bss               zero     0x20003040    0x50  freertos.o [1]
  .bss               zero     0x20003090    0x50  freertos.o [1]
  .bss               zero     0x200030e0    0x50  freertos.o [1]
  .bss               zero     0x20003130    0x50  freertos.o [1]
  .bss               zero     0x20003180    0x50  timers.o [1]
  .bss               zero     0x200031d0    0x48  tim.o [1]
  .bss               zero     0x20003218    0x48  tim.o [1]
  .bss               zero     0x20003260    0x44  usart.o [1]
  .bss               zero     0x200032a4    0x40  queue.o [1]
  .bss               zero     0x200032e4    0x3c  mode.o [1]
  .bss               zero     0x20003320    0x28  can.o [1]
  .bss               zero     0x20003348    0x28  i2c.o [1]
  .bss               zero     0x20003370    0x1c  usart.o [1]
  .bss               zero     0x2000338c    0x14  rtc.o [1]
  .bss               zero     0x200033a0    0x14  tasks.o [1]
  .bss               zero     0x200033b4    0x14  tasks.o [1]
  .bss               zero     0x200033c8    0x14  tasks.o [1]
  .bss               zero     0x200033dc    0x14  tasks.o [1]
  .bss               zero     0x200033f0    0x14  tasks.o [1]
  .bss               zero     0x20003404    0x14  timers.o [1]
  .bss               zero     0x20003418    0x14  timers.o [1]
  .bss               zero     0x2000342c     0xc  i2c.o [1]
  .bss               zero     0x20003438     0xc  tim.o [1]
  .bss               zero     0x20003444     0x8  heap_4.o [1]
  .bss               zero     0x2000344c     0x8  mode.o [1]
  .bss               zero     0x20003454     0x8  usart.o [1]
  .bss               zero     0x2000345c     0x8  usart.o [1]
  .bss               zero     0x20003464     0x8  usart.o [1]
  .bss               zero     0x2000346c     0x8  usart.o [1]
  .bss               zero     0x20003474     0x4  cmsis_os2.o [1]
  .bss               zero     0x20003478     0x4  freertos.o [1]
  .bss               zero     0x2000347c     0x4  freertos.o [1]
  .bss               zero     0x20003480     0x4  freertos.o [1]
  .bss               zero     0x20003484     0x4  freertos.o [1]
  .bss               zero     0x20003488     0x4  freertos.o [1]
  .bss               zero     0x2000348c     0x4  freertos.o [1]
  .bss               zero     0x20003490     0x4  freertos.o [1]
  .bss               zero     0x20003494     0x4  freertos.o [1]
  .bss               zero     0x20003498     0x4  freertos.o [1]
  .bss               zero     0x2000349c     0x4  freertos.o [1]
  .bss               zero     0x200034a0     0x4  freertos.o [1]
  .bss               zero     0x200034a4     0x4  freertos.o [1]
  .bss               zero     0x200034a8     0x4  heap_4.o [1]
  .bss               zero     0x200034ac     0x4  heap_4.o [1]
  .bss               zero     0x200034b0     0x4  heap_4.o [1]
  .bss               zero     0x200034b4     0x4  heap_4.o [1]
  .bss               zero     0x200034b8     0x4  mode.o [1]
  .bss               zero     0x200034bc     0x4  mode.o [1]
  .bss               zero     0x200034c0     0x4  mode.o [1]
  .bss               zero     0x200034c4     0x4  mode.o [1]
  .bss               zero     0x200034c8     0x4  port.o [1]
  .bss               zero     0x200034cc     0x4  stm32f1xx_hal.o [1]
  .bss               zero     0x200034d0     0x4  tasks.o [1]
  .bss               zero     0x200034d4     0x4  tasks.o [1]
  .bss               zero     0x200034d8     0x4  tasks.o [1]
  .bss               zero     0x200034dc     0x4  tasks.o [1]
  .bss               zero     0x200034e0     0x4  tasks.o [1]
  .bss               zero     0x200034e4     0x4  tasks.o [1]
  .bss               zero     0x200034e8     0x4  tasks.o [1]
  .bss               zero     0x200034ec     0x4  tasks.o [1]
  .bss               zero     0x200034f0     0x4  tasks.o [1]
  .bss               zero     0x200034f4     0x4  tasks.o [1]
  .bss               zero     0x200034f8     0x4  tasks.o [1]
  .bss               zero     0x200034fc     0x4  tasks.o [1]
  .bss               zero     0x20003500     0x4  tasks.o [1]
  .bss               zero     0x20003504     0x4  tasks.o [1]
  .bss               zero     0x20003508     0x4  tasks.o [1]
  .bss               zero     0x2000350c     0x4  tim.o [1]
  .bss               zero     0x20003510     0x4  tim.o [1]
  .bss               zero     0x20003514     0x4  tim.o [1]
  .bss               zero     0x20003518     0x4  tim.o [1]
  .bss               zero     0x2000351c     0x4  timers.o [1]
  .bss               zero     0x20003520     0x4  timers.o [1]
  .bss               zero     0x20003524     0x4  timers.o [1]
  .bss               zero     0x20003528     0x4  timers.o [1]
  .bss               zero     0x2000352c     0x4  timers.o [1]
  .bss               zero     0x20003530     0x4  usart.o [1]
  .bss               zero     0x20003534     0x4  usart.o [1]
  .bss               zero     0x20003538     0x2  freertos.o [1]
  .bss               zero     0x2000353a     0x2  freertos.o [1]
  .bss               zero     0x2000353c     0x2  mode.o [1]
  .bss               zero     0x2000353e     0x2  mode.o [1]
  .bss               zero     0x20003540     0x2  mode.o [1]
  .bss               zero     0x20003542     0x2  mode.o [1]
  .bss               zero     0x20003544     0x2  mode.o [1]
  .bss               zero     0x20003546     0x2  mode.o [1]
  .bss               zero     0x20003548     0x2  mode.o [1]
  .bss               zero     0x2000354a     0x2  mode.o [1]
  .bss               zero     0x2000354c     0x2  mode.o [1]
  .bss               zero     0x2000354e     0x2  tim.o [1]
  .bss               zero     0x20003550     0x2  tim.o [1]
  .bss               zero     0x20003552     0x2  usart.o [1]
  .bss               zero     0x20003554     0x2  usart.o [1]
  .bss               zero     0x20003556     0x1  freertos.o [1]
  .bss               zero     0x20003557     0x1  i2c.o [1]
  .bss               zero     0x20003558     0x1  mode.o [1]
  .bss               zero     0x20003559     0x1  mode.o [1]
  .bss               zero     0x2000355a     0x1  mode.o [1]
  .bss               zero     0x2000355b     0x1  mode.o [1]
  .bss               zero     0x2000355c     0x1  mode.o [1]
  .bss               zero     0x2000355d     0x1  mode.o [1]
  .bss               zero     0x2000355e     0x1  mode.o [1]
  .bss               zero     0x2000355f     0x1  mode.o [1]
  .bss               zero     0x20003560     0x1  mode.o [1]
  .bss               zero     0x20003561     0x1  port.o [1]
  .bss               zero     0x20003562     0x1  tim.o [1]
  .bss               zero     0x20003563     0x1  tim.o [1]
  .bss               zero     0x20003564     0x1  usart.o [1]
  .bss               zero     0x20003565     0x1  usart.o [1]
  .bss               zero     0x20003566     0x1  usart.o [1]
  .bss               zero     0x20003567     0x1  usart.o [1]
                            - 0x20003568  0x3478

"P2", part 3 of 3:                         0x400
  CSTACK                      0x20003568   0x400  <Block>
    CSTACK           uninit   0x20003568   0x400  <Block tail>
                            - 0x20003968   0x400


*******************************************************************************
*** INIT TABLE
***

          Address     Size
          -------     ----
Zero (__iar_zero_init3)
    1 destination range, total size 0x3478:
          0x200000f0  0x3478

Copy (__iar_copy_init3)
    1 source range, total size 0xf0 (101% of destination):
          0x08008b6c    0xf0
    1 destination range, total size 0xed:
          0x20000000    0xed



*******************************************************************************
*** MODULE SUMMARY
***

    Module                  ro code  ro data  rw data
    ------                  -------  -------  -------
F:\00_Workspace\00_YTP_GoodProject\040_Software\41_Cube\Code\GoodProject\EWARM\GoodProject\Obj: [1]
    can.o                       412        8       40
    cmsis_os2.o               1 128             1 724
    event_groups.o              632
    freertos.o                  312      496      373
    gpio.o                      280
    heap_4.o                    604        4    8 216
    i2c.o                       858      224      361
    list.o                      152
    main.o                      214
    mode.o                    1 536               111
    port.o                      548        8        9
    portasm.o                   136
    queue.o                   2 042                64
    rtc.o                       104                20
    spi.o                       208                88
    startup_stm32f103xb.o       404
    stm32f1xx_hal.o             152        5        9
    stm32f1xx_hal_can.o       1 308
    stm32f1xx_hal_cortex.o      304
    stm32f1xx_hal_dma.o         280
    stm32f1xx_hal_gpio.o        536
    stm32f1xx_hal_i2c.o       2 988
    stm32f1xx_hal_msp.o          92
    stm32f1xx_hal_pcd.o       3 302
    stm32f1xx_hal_pwr.o          12
    stm32f1xx_hal_rcc.o       1 772       18
    stm32f1xx_hal_rcc_ex.o      528       18
    stm32f1xx_hal_rtc.o         406
    stm32f1xx_hal_spi.o         196
    stm32f1xx_hal_tim.o       2 434
    stm32f1xx_hal_tim_ex.o      128
    stm32f1xx_hal_uart.o      1 550
    stm32f1xx_it.o              112
    stm32f1xx_ll_usb.o        2 454
    system_stm32f1xx.o            2       28        4
    tasks.o                   2 884        8    1 280
    tim.o                     1 128       32      178
    timers.o                  1 160       16      300
    usart.o                   2 216               144
    usb.o                       136               748
    -------------------------------------------------
    Total:                   35 650      865   13 669

command line: [2]
    -------------------------------------------------
    Total:

dl7M_tlf.a: [3]
    exit.o                        4
    low_level_init.o              4
    -------------------------------------------------
    Total:                        8

rt7M_tl.a: [4]
    ABImemclr4.o                  6
    ABImemcpy.o                 166
    ABImemset.o                 102
    ABImemset48.o                50
    cexit.o                      10
    cmain.o                      30
    copy_init3.o                 44
    cstartup_M.o                 12
    data_init.o                  40
    zero_init3.o                 64
    -------------------------------------------------
    Total:                      524

shb_l.a: [5]
    exit.o                       20
    -------------------------------------------------
    Total:                       20

    Gaps                         24
    Linker created                        39    1 024
-----------------------------------------------------
    Grand Total:             36 226      904   14 693


*******************************************************************************
*** ENTRY LIST
***

Entry                      Address    Size  Type      Object
-----                      -------    ----  ----      ------
.iar.init_table$$Base   0x08008e50           --   Gb  - Linker created -
.iar.init_table$$Limit  0x08008e74           --   Gb  - Linker created -
?main                   0x08008e95          Code  Gb  cmain.o [4]
AHBPrescTable           0x08008fc8    0x10  Data  Gb  system_stm32f1xx.o [1]
APBPrescTable           0x08009030     0x8  Data  Gb  system_stm32f1xx.o [1]
BusFault_Handler        0x08008c63     0x2  Code  Gb  stm32f1xx_it.o [1]
CAN1_RX1_IRQHandler     0x08008c9d     0xa  Code  Gb  stm32f1xx_it.o [1]
CANHandle               0x2000347c     0x4  Data  Gb  freertos.o [1]
CAN_attributes          0x08008d9c    0x24  Data  Gb  freertos.o [1]
CSTACK$$Base            0x20003568           --   Gb  - Linker created -
CSTACK$$Limit           0x20003968           --   Gb  - Linker created -
DebugMon_Handler        0x08008c67     0x2  Code  Gb  stm32f1xx_it.o [1]
EEPROMHandle            0x2000348c     0x4  Data  Gb  freertos.o [1]
EEPROM_CheckSum         0x08002d85    0x30  Code  Lc  i2c.o [1]
EEPROM_DataInitRead     0x08002db5    0xb2  Code  Lc  i2c.o [1]
EEPROM_DataInitRead::checkSumReadArray
                        0x2000342c     0xc  Data  Lc  i2c.o [1]
EEPROM_DataInitRead::itemPtr
                        0x200000d8     0x4  Data  Lc  i2c.o [1]
EEPROM_GetPosition      0x08002c7b    0x1e  Code  Gb  i2c.o [1]
EEPROM_Handel           0x08002e67    0x7a  Code  Lc  i2c.o [1]
EEPROM_Handel::index    0x20003557     0x1  Data  Lc  i2c.o [1]
EEPROM_Handel::itemPtr  0x200000dc     0x4  Data  Lc  i2c.o [1]
EEPROM_Read             0x08002d27    0x2e  Code  Lc  i2c.o [1]
EEPROM_ReadRequest      0x08002cf9    0x2e  Code  Gb  i2c.o [1]
EEPROM_Task             0x08002f0d    0x12  Code  Gb  i2c.o [1]
EEPROM_Write            0x08002d55    0x30  Code  Lc  i2c.o [1]
EEPROM_WriteRequest     0x08002c99    0x60  Code  Gb  i2c.o [1]
EEPROM_attributes       0x08008e2c    0x24  Data  Gb  freertos.o [1]
Error_Handler           0x0800196b     0x4  Code  Gb  main.o [1]
HAL_CAN_AddTxMessage    0x0800424d   0x10a  Code  Gb  stm32f1xx_hal_can.o [1]
HAL_CAN_IRQHandler      0x08004357   0x230  Code  Gb  stm32f1xx_hal_can.o [1]
HAL_CAN_Init            0x08004085   0x16c  Code  Gb  stm32f1xx_hal_can.o [1]
HAL_CAN_MspInit         0x08001c41    0xba  Code  Gb  can.o [1]
HAL_CAN_Start           0x080041f1    0x5c  Code  Gb  stm32f1xx_hal_can.o [1]
HAL_CAN_Task            0x08001cfb    0x60  Code  Gb  can.o [1]
HAL_DMA_Abort           0x080079b1    0x4c  Code  Gb  stm32f1xx_hal_dma.o [1]
HAL_DMA_Abort_IT        0x080079fd    0xae  Code  Gb  stm32f1xx_hal_dma.o [1]
HAL_GPIO_Init           0x08003e6d   0x1c4  Code  Gb  stm32f1xx_hal_gpio.o [1]
HAL_GPIO_WritePin       0x08004031    0x14  Code  Gb  stm32f1xx_hal_gpio.o [1]
HAL_GetTick             0x08007989     0xc  Code  Wk  stm32f1xx_hal.o [1]
HAL_I2C_Init            0x08005a69   0x1d8  Code  Gb  stm32f1xx_hal_i2c.o [1]
HAL_I2C_Mem_Read        0x08005dc1   0x350  Code  Gb  stm32f1xx_hal_i2c.o [1]
HAL_I2C_Mem_Write       0x08005c59   0x168  Code  Gb  stm32f1xx_hal_i2c.o [1]
HAL_I2C_MspInit         0x08002c1b    0x60  Code  Gb  i2c.o [1]
HAL_IncTick             0x08008ccd    0x18  Code  Wk  stm32f1xx_hal.o [1]
HAL_Init                0x08001aa1    0x22  Code  Gb  stm32f1xx_hal.o [1]
HAL_InitTick            0x08003dc5    0x4c  Code  Wk  stm32f1xx_hal.o [1]
HAL_LIN_Init            0x08004589    0x94  Code  Gb  stm32f1xx_hal_uart.o [1]
HAL_MspInit             0x08003e11    0x5c  Code  Gb  stm32f1xx_hal_msp.o [1]
HAL_NVIC_EnableIRQ      0x08001a6d     0xa  Code  Gb  stm32f1xx_hal_cortex.o [1]
HAL_NVIC_SetPriority    0x08001a4b    0x22  Code  Gb  stm32f1xx_hal_cortex.o [1]
HAL_NVIC_SetPriorityGrouping
                        0x08001a43     0x8  Code  Gb  stm32f1xx_hal_cortex.o [1]
HAL_PCD_EP_DB_Receive   0x08000853   0x13a  Code  Lc  stm32f1xx_hal_pcd.o [1]
HAL_PCD_EP_DB_Transmit  0x0800098d   0x438  Code  Lc  stm32f1xx_hal_pcd.o [1]
HAL_PCD_IRQHandler      0x0800027f   0x1c0  Code  Gb  stm32f1xx_hal_pcd.o [1]
HAL_PCD_Init            0x080000ed   0x192  Code  Gb  stm32f1xx_hal_pcd.o [1]
HAL_PCD_MspInit         0x08000dfb    0x44  Code  Gb  usb.o [1]
HAL_PCD_SetAddress      0x0800043f    0x2c  Code  Gb  stm32f1xx_hal_pcd.o [1]
HAL_PWR_EnableBkUpAccess
                        0x08004fa1     0x8  Code  Gb  stm32f1xx_hal_pwr.o [1]
HAL_RCCEx_GetPeriphCLKFreq
                        0x08003cbb    0xdc  Code  Gb  stm32f1xx_hal_rcc_ex.o [1]
HAL_RCCEx_PeriphCLKConfig
                        0x08003bb5   0x106  Code  Gb  stm32f1xx_hal_rcc_ex.o [1]
HAL_RCC_ClockConfig     0x08003943   0x16e  Code  Gb  stm32f1xx_hal_rcc.o [1]
HAL_RCC_GetHCLKFreq     0x08003b15     0x6  Code  Gb  stm32f1xx_hal_rcc.o [1]
HAL_RCC_GetPCLK1Freq    0x08003b1b    0x16  Code  Gb  stm32f1xx_hal_rcc.o [1]
HAL_RCC_GetPCLK2Freq    0x08003b31    0x16  Code  Gb  stm32f1xx_hal_rcc.o [1]
HAL_RCC_GetSysClockFreq
                        0x08003ab1    0x64  Code  Gb  stm32f1xx_hal_rcc.o [1]
HAL_RCC_OscConfig       0x080034c9   0x47a  Code  Gb  stm32f1xx_hal_rcc.o [1]
HAL_RTC_Init            0x08004e09    0xe2  Code  Gb  stm32f1xx_hal_rtc.o [1]
HAL_RTC_MspInit         0x0800264d    0x2e  Code  Gb  rtc.o [1]
HAL_RTC_WaitForSynchro  0x08004ef5    0x3e  Code  Gb  stm32f1xx_hal_rtc.o [1]
HAL_SPI_Init            0x08004fad    0xc4  Code  Gb  stm32f1xx_hal_spi.o [1]
HAL_SPI_MspInit         0x080026ed    0x5e  Code  Gb  spi.o [1]
HAL_SYSTICK_Config      0x08001a77     0x8  Code  Gb  stm32f1xx_hal_cortex.o [1]
HAL_TIMEx_BreakCallback
                        0x08008477     0x2  Code  Wk  stm32f1xx_hal_tim_ex.o [1]
HAL_TIMEx_CommutCallback
                        0x0800847b     0x2  Code  Wk  stm32f1xx_hal_tim_ex.o [1]
HAL_TIMEx_MasterConfigSynchronization
                        0x080059ed    0x6c  Code  Gb  stm32f1xx_hal_tim_ex.o [1]
HAL_TIM_IC_CaptureCallback
                        0x080029e5   0x126  Code  Gb  tim.o [1]
HAL_TIM_IC_CaptureCallback::counter
                        0x20003510     0x4  Data  Lc  tim.o [1]
HAL_TIM_IC_CaptureCallback::counterDelta
                        0x20003518     0x4  Data  Lc  tim.o [1]
HAL_TIM_IC_CaptureCallback::counterOld
                        0x20003514     0x4  Data  Lc  tim.o [1]
HAL_TIM_IC_CaptureCallback::crcValue
                        0x20003563     0x1  Data  Lc  tim.o [1]
HAL_TIM_IC_CaptureCallback::dataList
                        0x20003438     0xc  Data  Lc  tim.o [1]
HAL_TIM_IC_CaptureCallback::index
                        0x20003562     0x1  Data  Lc  tim.o [1]
HAL_TIM_IC_ConfigChannel
                        0x08005507    0xc8  Code  Gb  stm32f1xx_hal_tim.o [1]
HAL_TIM_IC_Init         0x080051b1    0x6e  Code  Gb  stm32f1xx_hal_tim.o [1]
HAL_TIM_IC_MspInit      0x080028b9    0x70  Code  Gb  tim.o [1]
HAL_TIM_IC_Start_IT     0x08005225   0x15e  Code  Gb  stm32f1xx_hal_tim.o [1]
HAL_TIM_IRQHandler      0x08005391   0x176  Code  Gb  stm32f1xx_hal_tim.o [1]
HAL_TIM_MspPostInit     0x0800294f    0x5a  Code  Gb  tim.o [1]
HAL_TIM_PWM_ConfigChannel
                        0x080055cf    0xf0  Code  Gb  stm32f1xx_hal_tim.o [1]
HAL_TIM_PWM_Init        0x08005071    0x6e  Code  Gb  stm32f1xx_hal_tim.o [1]
HAL_TIM_PWM_MspInit     0x08002929    0x26  Code  Gb  tim.o [1]
HAL_TIM_PWM_Start       0x080050df    0xc8  Code  Gb  stm32f1xx_hal_tim.o [1]
HAL_TIM_ReadCapturedValue
                        0x080056bf    0x30  Code  Gb  stm32f1xx_hal_tim.o [1]
HAL_TIM_Task            0x08002b0b    0x52  Code  Gb  tim.o [1]
HAL_UART_IRQHandler     0x080046ad   0x21e  Code  Gb  stm32f1xx_hal_uart.o [1]
HAL_UART_MspInit        0x08001dcf    0x98  Code  Gb  usart.o [1]
HAL_UART_Receive_IT     0x08004671    0x3c  Code  Gb  stm32f1xx_hal_uart.o [1]
HAL_UART_RxCpltCallback
                        0x08001e67    0x40  Code  Gb  usart.o [1]
HAL_UART_RxCpltCallback::data
                        0x20003565     0x1  Data  Lc  usart.o [1]
HAL_UART_RxManage       0x08001eed   0x44a  Code  Gb  usart.o [1]
HAL_UART_Task           0x080024b3   0x114  Code  Gb  usart.o [1]
HAL_UART_Transmit_IT    0x0800461d    0x54  Code  Gb  stm32f1xx_hal_uart.o [1]
HardFault_Handler       0x08008c5f     0x2  Code  Gb  stm32f1xx_it.o [1]
I2C_IsAcknowledgeFailed
                        0x080065df    0x36  Code  Lc  stm32f1xx_hal_i2c.o [1]
I2C_RequestMemoryRead   0x08006207   0x16c  Code  Lc  stm32f1xx_hal_i2c.o [1]
I2C_RequestMemoryWrite  0x08006121    0xe6  Code  Lc  stm32f1xx_hal_i2c.o [1]
I2C_WaitOnBTFFlagUntilTimeout
                        0x0800650f    0x58  Code  Lc  stm32f1xx_hal_i2c.o [1]
I2C_WaitOnFlagUntilTimeout
                        0x08006373    0x8a  Code  Lc  stm32f1xx_hal_i2c.o [1]
I2C_WaitOnMasterAddressFlagUntilTimeout
                        0x080063fd    0xba  Code  Lc  stm32f1xx_hal_i2c.o [1]
I2C_WaitOnRXNEFlagUntilTimeout
                        0x0800656d    0x72  Code  Lc  stm32f1xx_hal_i2c.o [1]
I2C_WaitOnTXEFlagUntilTimeout
                        0x080064b7    0x58  Code  Lc  stm32f1xx_hal_i2c.o [1]
Idle_Stack              0x20002c3c   0x200  Data  Lc  cmsis_os2.o [1]
Idle_TCB                0x20002edc    0x5c  Data  Lc  cmsis_os2.o [1]
KernelState             0x20003474     0x4  Data  Lc  cmsis_os2.o [1]
LIN_ComputeChecksum     0x08001ea7    0x46  Code  Lc  usart.o [1]
LIN_MasterModeCommandBuffer
                        0x20003556     0x1  Data  Gb  freertos.o [1]
LIN_MasterModeCommandControlBlock
                        0x200030e0    0x50  Data  Gb  freertos.o [1]
LIN_MasterModeCommandQueueHandle
                        0x20003498     0x4  Data  Gb  freertos.o [1]
LIN_MasterModeCommandQueue_attributes
                        0x08008f44    0x18  Data  Gb  freertos.o [1]
LIN_MasterTargetPositionBuffer
                        0x2000353a     0x2  Data  Gb  freertos.o [1]
LIN_MasterTargetPositionControlBlock
                        0x20003090    0x50  Data  Gb  freertos.o [1]
LIN_MasterTargetPositionQueueHandle
                        0x20003494     0x4  Data  Gb  freertos.o [1]
LIN_MasterTargetPositionQueue_attributes
                        0x08008f2c    0x18  Data  Gb  freertos.o [1]
LIN_MessagesRxHandel    0x08002337    0x62  Code  Lc  usart.o [1]
LIN_MessagesRxHandel::linMasterModeCommandValue
                        0x20003566     0x1  Data  Lc  usart.o [1]
LIN_MessagesRxHandel::linMasterTargetPositionValue
                        0x20003552     0x2  Data  Lc  usart.o [1]
LIN_RX_MASTERCAL_MessagesUpdate
                        0x08002399    0x72  Code  Lc  usart.o [1]
LIN_TX_YTCAL_MessagesUpdate
                        0x08002457    0x5c  Code  Lc  usart.o [1]
LIN_TX_YTCAL_MessagesUpdate::modeName
                        0x20003567     0x1  Data  Lc  usart.o [1]
LIN_TX_YTSENT_MessagesUpdate
                        0x0800240b    0x4c  Code  Lc  usart.o [1]
LIN_TX_YTSENT_MessagesUpdate::linAngleValue
                        0x20003534     0x4  Data  Lc  usart.o [1]
LIN_TX_YTSENT_MessagesUpdate::linYtSentCurrentPositionValue
                        0x20003554     0x2  Data  Lc  usart.o [1]
MODEHandle              0x20003488     0x4  Data  Gb  freertos.o [1]
MODE_ControlModeHandel  0x080089db    0xa8  Code  Gb  mode.o [1]
MODE_ControlModeHandel::masterModeCommand
                        0x2000355f     0x1  Data  Lc  mode.o [1]
MODE_ControlModeHandel::masterModeCommandOld
                        0x20003560     0x1  Data  Lc  mode.o [1]
MODE_ControlModeHandel::masterTargetPosOld
                        0x2000354a     0x2  Data  Lc  mode.o [1]
MODE_Init               0x0800856d    0x3a  Code  Gb  mode.o [1]
MODE_ModeCommandChange  0x080085f9    0xf2  Code  Lc  mode.o [1]
MODE_ModeCommandChange::firstPos
                        0x2000353e     0x2  Data  Lc  mode.o [1]
MODE_ModeCommandChange::modeRunStep
                        0x2000355e     0x1  Data  Lc  mode.o [1]
MODE_ModeCommandChange::secondtPos
                        0x20003540     0x2  Data  Lc  mode.o [1]
MODE_ModePositionChange
                        0x080085a7    0x52  Code  Lc  mode.o [1]
MODE_ModePositionChange::posRunStep
                        0x2000355d     0x1  Data  Lc  mode.o [1]
MODE_MotorAction        0x080086eb   0x2f0  Code  Lc  mode.o [1]
MODE_MotorAction::brakeTimer
                        0x20003542     0x2  Data  Lc  mode.o [1]
MODE_MotorAction::modeCurrentPosOld
                        0x20003548     0x2  Data  Lc  mode.o [1]
MODE_MotorAction::motorOutMessageQueue
                        0x2000344c     0x8  Data  Lc  mode.o [1]
MODE_MotorAction::positionValueDelta
                        0x20003544     0x2  Data  Lc  mode.o [1]
MODE_MotorAction::positionValueDeltaAverage
                        0x20003546     0x2  Data  Lc  mode.o [1]
MODE_MotorAction::positionValueDeltaList
                        0x200032e4    0x3c  Data  Lc  mode.o [1]
MODE_MotorOutBuffer     0x200034a0     0x4  Data  Gb  freertos.o [1]
MODE_MotorOutControlBlock
                        0x20003130    0x50  Data  Gb  freertos.o [1]
MODE_MotorOutQueueHandle
                        0x2000349c     0x4  Data  Gb  freertos.o [1]
MODE_MotorOutQueue_attributes
                        0x08008f5c    0x18  Data  Gb  freertos.o [1]
MODE_Task               0x08008a83    0x72  Code  Gb  mode.o [1]
MODE_Task::positionValueOld
                        0x2000354c     0x2  Data  Lc  mode.o [1]
MODE_attributes         0x08008e08    0x24  Data  Gb  freertos.o [1]
MX_CAN_Init             0x08001be1    0x60  Code  Gb  can.o [1]
MX_FREERTOS_Init        0x08003389    0x9c  Code  Gb  freertos.o [1]
MX_GPIO_Init            0x08001ac9   0x118  Code  Gb  gpio.o [1]
MX_I2C2_Init            0x08002bc5    0x56  Code  Gb  i2c.o [1]
MX_RTC_Init             0x08002625    0x28  Code  Gb  rtc.o [1]
MX_SPI1_Init            0x0800268d    0x60  Code  Gb  spi.o [1]
MX_TIM1_Init            0x0800275d    0xa6  Code  Gb  tim.o [1]
MX_TIM3_Init            0x08002803    0xb6  Code  Gb  tim.o [1]
MX_USART1_UART_Init     0x08001d7d    0x52  Code  Gb  usart.o [1]
MX_USB_PCD_Init         0x08000dc5    0x36  Code  Gb  usb.o [1]
MemManage_Handler       0x08008c61     0x2  Code  Gb  stm32f1xx_it.o [1]
MotorOutEventHandle     0x200034a4     0x4  Data  Gb  freertos.o [1]
MotorOutEvent_attributes
                        0x08008f98    0x10  Data  Gb  freertos.o [1]
NMI_Handler             0x08008c5d     0x2  Code  Gb  stm32f1xx_it.o [1]
NVIC_EncodePriority     0x080019d7    0x3e  Code  Lc  stm32f1xx_hal_cortex.o [1]
PCD_EP_ISR_Handler      0x0800046b   0x3e8  Code  Lc  stm32f1xx_hal_pcd.o [1]
PendSV_Handler          0x080084e5          Code  Gb  portasm.o [1]
RCC_Delay               0x08003b47    0x24  Code  Lc  stm32f1xx_hal_rcc.o [1]
RTC_EnterInitMode       0x08004f33    0x36  Code  Lc  stm32f1xx_hal_rtc.o [1]
RTC_ExitInitMode        0x08004f69    0x36  Code  Lc  stm32f1xx_hal_rtc.o [1]
Region$$Table$$Base     0x08008e50           --   Gb  - Linker created -
Region$$Table$$Limit    0x08008e74           --   Gb  - Linker created -
SENT_CurrentPositionBuffer
                        0x20003538     0x2  Data  Gb  freertos.o [1]
SENT_CurrentPositionControlBlock
                        0x20003040    0x50  Data  Gb  freertos.o [1]
SENT_CurrentPositionQueueHandle
                        0x20003490     0x4  Data  Gb  freertos.o [1]
SENT_CurrentPositionQueue_attributes
                        0x08008f14    0x18  Data  Gb  freertos.o [1]
SVC_Handler             0x0800852b          Code  Gb  portasm.o [1]
StartDefaultTask        0x08003425    0x2c  Code  Gb  freertos.o [1]
SysTick_Config          0x08001a15    0x2e  Code  Lc  stm32f1xx_hal_cortex.o [1]
SysTick_Handler         0x08008c69    0x14  Code  Gb  stm32f1xx_it.o [1]
SystemClock_Config      0x080018d5    0x96  Code  Gb  main.o [1]
SystemCoreClock         0x200000e8     0x4  Data  Gb  system_stm32f1xx.o [1]
SystemInit              0x08009109     0x2  Code  Gb  system_stm32f1xx.o [1]
TIM1_CC_IRQHandler      0x08008ca7     0xa  Code  Gb  stm32f1xx_it.o [1]
TIMHandle               0x20003484     0x4  Data  Gb  freertos.o [1]
TIM_Base_SetConfig      0x080056ef    0x64  Code  Gb  stm32f1xx_hal_tim.o [1]
TIM_CCxChannelCmd       0x080059c5    0x26  Code  Gb  stm32f1xx_hal_tim.o [1]
TIM_OC1_SetConfig       0x08005753    0x5a  Code  Lc  stm32f1xx_hal_tim.o [1]
TIM_OC2_SetConfig       0x080057ad    0x64  Code  Gb  stm32f1xx_hal_tim.o [1]
TIM_OC3_SetConfig       0x08005811    0x62  Code  Lc  stm32f1xx_hal_tim.o [1]
TIM_OC4_SetConfig       0x08005873    0x46  Code  Lc  stm32f1xx_hal_tim.o [1]
TIM_TI1_SetConfig       0x080058b9    0x5e  Code  Gb  stm32f1xx_hal_tim.o [1]
TIM_TI2_SetConfig       0x08005925    0x36  Code  Lc  stm32f1xx_hal_tim.o [1]
TIM_TI3_SetConfig       0x0800595b    0x34  Code  Lc  stm32f1xx_hal_tim.o [1]
TIM_TI4_SetConfig       0x0800598f    0x36  Code  Lc  stm32f1xx_hal_tim.o [1]
TIM_attributes          0x08008de4    0x24  Data  Gb  freertos.o [1]
Timer_Stack             0x20002550   0x400  Data  Lc  cmsis_os2.o [1]
Timer_TCB               0x20002f38    0x5c  Data  Lc  cmsis_os2.o [1]
UARTHandle              0x20003480     0x4  Data  Gb  freertos.o [1]
UART_DMAAbortOnError    0x08004941    0x12  Code  Lc  stm32f1xx_hal_uart.o [1]
UART_EndRxTransfer      0x08004909    0x36  Code  Lc  stm32f1xx_hal_uart.o [1]
UART_EndTransmit_IT     0x080049b7    0x1c  Code  Lc  stm32f1xx_hal_uart.o [1]
UART_Receive_IT         0x080049d3    0xdc  Code  Lc  stm32f1xx_hal_uart.o [1]
UART_SetConfig          0x08004aaf    0xd8  Code  Lc  stm32f1xx_hal_uart.o [1]
UART_Start_Receive_IT   0x080048cb    0x3e  Code  Gb  stm32f1xx_hal_uart.o [1]
UART_Transmit_IT        0x08004955    0x62  Code  Lc  stm32f1xx_hal_uart.o [1]
UART_attributes         0x08008dc0    0x24  Data  Gb  freertos.o [1]
USART1_IRQHandler       0x08008cb1     0xa  Code  Gb  stm32f1xx_it.o [1]
USB_CoreInit            0x08000e4d     0x8  Code  Gb  stm32f1xx_ll_usb.o [1]
USB_DevDisconnect       0x08001771     0x4  Code  Gb  stm32f1xx_ll_usb.o [1]
USB_DevInit             0x08000e6d    0x20  Code  Gb  stm32f1xx_ll_usb.o [1]
USB_DisableGlobalInt    0x08000e55    0x14  Code  Gb  stm32f1xx_ll_usb.o [1]
USB_EPStartXfer         0x08000e8d   0x8d4  Code  Gb  stm32f1xx_ll_usb.o [1]
USB_HP_CAN1_TX_IRQHandler
                        0x08008c7d    0x10  Code  Gb  stm32f1xx_it.o [1]
USB_LP_CAN1_RX0_IRQHandler
                        0x08008c8d    0x10  Code  Gb  stm32f1xx_it.o [1]
USB_ReadInterrupts      0x08001775     0x6  Code  Gb  stm32f1xx_ll_usb.o [1]
USB_ReadPMA             0x080017ad    0x36  Code  Gb  stm32f1xx_ll_usb.o [1]
USB_SetCurrentMode      0x08000e69     0x4  Code  Gb  stm32f1xx_ll_usb.o [1]
USB_SetDevAddress       0x08001761    0x10  Code  Gb  stm32f1xx_ll_usb.o [1]
USB_WritePMA            0x0800177b    0x32  Code  Gb  stm32f1xx_ll_usb.o [1]
UsageFault_Handler      0x08008c65     0x2  Code  Gb  stm32f1xx_it.o [1]
__NVIC_EnableIRQ        0x08001997    0x1c  Code  Lc  stm32f1xx_hal_cortex.o [1]
__NVIC_GetPriorityGrouping
                        0x0800198d     0xa  Code  Lc  stm32f1xx_hal_cortex.o [1]
__NVIC_SetPriority      0x080019b3    0x24  Code  Lc  stm32f1xx_hal_cortex.o [1]
__NVIC_SetPriorityGrouping
                        0x08001971    0x1c  Code  Lc  stm32f1xx_hal_cortex.o [1]
__aeabi_memclr4         0x080034c1          Code  Gb  ABImemclr4.o [4]
__aeabi_memcpy          0x080017e5          Code  Gb  ABImemcpy.o [4]
__aeabi_memcpy4         0x08001805          Code  Gb  ABImemcpy.o [4]
__aeabi_memcpy8         0x08001805          Code  Gb  ABImemcpy.o [4]
__aeabi_memset          0x0800847d          Code  Gb  ABImemset.o [4]
__cmain                 0x08008e95          Code  Gb  cmain.o [4]
__exit                  0x08008ec9    0x14  Code  Gb  exit.o [5]
__iar_Memset            0x0800847d          Code  Gb  ABImemset.o [4]
__iar_Memset4_word      0x08007955          Code  Gb  ABImemset48.o [4]
__iar_Memset8_word      0x08007955          Code  Gb  ABImemset48.o [4]
__iar_Memset_word       0x08008485          Code  Gb  ABImemset.o [4]
__iar_copy_init3        0x08008d25    0x2c  Code  Gb  copy_init3.o [4]
__iar_data_init3        0x08008d51    0x28  Code  Gb  data_init.o [4]
__iar_program_start     0x08009005          Code  Gb  cstartup_M.o [4]
__iar_systems$$module {Abs}
                        0x00000001          Data  Gb  command line/config [2]
__iar_zero_init3        0x08008ce5    0x40  Code  Gb  zero_init3.o [4]
__low_level_init        0x08008eb3     0x4  Code  Gb  low_level_init.o [3]
__vector_table          0x08000000          Data  Gb  startup_stm32f103xb.o [1]
_call_main              0x08008ea1          Code  Gb  cmain.o [4]
_exit                   0x08008ebd          Code  Gb  cexit.o [4]
_main                   0x08008eaf          Code  Gb  cmain.o [4]
controlMode             0x2000355a     0x1  Data  Lc  mode.o [1]
crc4_cal                0x080029a9    0x3c  Code  Gb  tim.o [1]
defaultTaskHandle       0x20003478     0x4  Data  Gb  freertos.o [1]
defaultTask_attributes  0x08008d78    0x24  Data  Gb  freertos.o [1]
eeData                  0x20000028    0xb0  Data  Lc  i2c.o [1]
eeDefaultData           0x20000000    0x28  Data  Lc  i2c.o [1]
eeMirrorData            0x20003348    0x28  Data  Lc  i2c.o [1]
exit                    0x08008eb7     0x4  Code  Gb  exit.o [3]
hcan                    0x20003320    0x28  Data  Gb  can.o [1]
hi2c2                   0x20002fec    0x54  Data  Gb  i2c.o [1]
hpcd_USB_FS             0x20002950   0x2ec  Data  Gb  usb.o [1]
hrtc                    0x2000338c    0x14  Data  Gb  rtc.o [1]
hspi1                   0x20002f94    0x58  Data  Gb  spi.o [1]
htim1                   0x200031d0    0x48  Data  Gb  tim.o [1]
htim3                   0x20003218    0x48  Data  Gb  tim.o [1]
huart1                  0x20003260    0x44  Data  Gb  usart.o [1]
linMasterCalMessage     0x2000346c     0x8  Data  Lc  usart.o [1]
linMasterMessage        0x20003454     0x8  Data  Lc  usart.o [1]
linState                0x20003564     0x1  Data  Lc  usart.o [1]
linTransferData         0x20003370    0x1c  Data  Lc  usart.o [1]
linYtCalMessage         0x20003464     0x8  Data  Lc  usart.o [1]
linYtSentMessage        0x2000345c     0x8  Data  Lc  usart.o [1]
main                    0x08001899    0x3c  Code  Gb  main.o [1]
masterTargetPos         0x2000353c     0x2  Data  Lc  mode.o [1]
modeCommand             0x20003558     0x1  Data  Lc  mode.o [1]
modeCurrentPos          0x200034b8     0x4  Data  Lc  mode.o [1]
modeMotorOut            0x200034c0     0x4  Data  Lc  mode.o [1]
modeMotorOutOld         0x200034c4     0x4  Data  Lc  mode.o [1]
modeMotorRunStep        0x2000355b     0x1  Data  Lc  mode.o [1]
modeMotorStatus         0x2000355c     0x1  Data  Lc  mode.o [1]
modeTargetPos           0x200034bc     0x4  Data  Lc  mode.o [1]
osDelay                 0x080030d1    0x38  Code  Gb  cmsis_os2.o [1]
osEventFlagsNew         0x0800310d    0x6c  Code  Gb  cmsis_os2.o [1]
osKernelInitialize      0x08002f21    0x44  Code  Gb  cmsis_os2.o [1]
osKernelStart           0x08002f65    0x4a  Code  Gb  cmsis_os2.o [1]
osMessageQueueGet       0x080032c1    0x8e  Code  Gb  cmsis_os2.o [1]
osMessageQueueNew       0x08003181    0xae  Code  Gb  cmsis_os2.o [1]
osMessageQueuePut       0x0800322f    0x92  Code  Gb  cmsis_os2.o [1]
osThreadNew             0x08002faf    0xe4  Code  Gb  cmsis_os2.o [1]
osThreadYield           0x08003093    0x3e  Code  Gb  cmsis_os2.o [1]
pcInterruptPriorityRegisters
                        0x0800906c     0x4  Data  Lc  port.o [1]
positionValue           0x2000354e     0x2  Data  Gb  tim.o [1]
prvAddCurrentTaskToDelayedList
                        0x080070b5    0x64  Code  Lc  tasks.o [1]
prvAddNewTaskToReadyList
                        0x080067c1    0xc2  Code  Lc  tasks.o [1]
prvCheckForValidListAndQueue
                        0x080083cb    0x52  Code  Lc  timers.o [1]
prvCheckForValidListAndQueue{1}{2}{3}{4}::ucStaticTimerQueueStorage
                        0x20002e3c    0xa0  Data  Lc  timers.o [1]
prvCheckForValidListAndQueue{1}{2}{3}{4}::xStaticTimerQueue
                        0x20003180    0x50  Data  Lc  timers.o [1]
prvCheckTasksWaitingTermination
                        0x08006f13    0x48  Code  Lc  tasks.o [1]
prvCopyDataFromQueue    0x0800780b    0x2a  Code  Lc  queue.o [1]
prvCopyDataToQueue      0x08007785    0x86  Code  Lc  queue.o [1]
prvDeleteTCB            0x08006f5b    0x42  Code  Lc  tasks.o [1]
prvGetNextExpireTime    0x080081b3    0x2c  Code  Lc  timers.o [1]
prvHeapInit             0x08007ced    0x62  Code  Lc  heap_4.o [1]
prvIdleTask             0x08006e8d    0x24  Code  Lc  tasks.o [1]
prvInitialiseNewQueue   0x080072e5    0x22  Code  Lc  queue.o [1]
prvInitialiseNewTask    0x0800670b    0xb6  Code  Lc  tasks.o [1]
prvInitialiseTaskLists  0x08006eb9    0x5a  Code  Lc  tasks.o [1]
prvInsertBlockIntoFreeList
                        0x08007d4f    0x58  Code  Lc  heap_4.o [1]
prvInsertTimerInActiveList
                        0x0800820b    0x3e  Code  Lc  timers.o [1]
prvIsQueueEmpty         0x080078a7    0x1c  Code  Lc  queue.o [1]
prvIsQueueFull          0x080078c3    0x1e  Code  Lc  queue.o [1]
prvProcessExpiredTimer  0x080080cf    0x5a  Code  Lc  timers.o [1]
prvProcessReceivedCommands
                        0x08008249   0x104  Code  Lc  timers.o [1]
prvProcessTimerOrBlockTask
                        0x0800813d    0x76  Code  Lc  timers.o [1]
prvResetNextTaskUnblockTime
                        0x08006f9d    0x28  Code  Lc  tasks.o [1]
prvSampleTimeNow        0x080081df    0x2c  Code  Lc  timers.o [1]
prvSampleTimeNow::xLastTime
                        0x2000352c     0x4  Data  Lc  timers.o [1]
prvSwitchTimerLists     0x0800834d    0x7e  Code  Lc  timers.o [1]
prvTaskExitError        0x08007de5    0x2a  Code  Lc  port.o [1]
prvTestWaitCondition    0x08004dd5    0x1a  Code  Lc  event_groups.o [1]
prvTimerTask            0x08008129    0x14  Code  Lc  timers.o [1]
prvUnlockQueue          0x08007835    0x72  Code  Lc  queue.o [1]
pvPortMalloc            0x08007b69   0x10e  Code  Gb  heap_4.o [1]
pwmMotorOut             0x2000350c     0x4  Data  Lc  tim.o [1]
pxCurrentTCB            0x200034d0     0x4  Data  Gb  tasks.o [1]
pxCurrentTimerList      0x2000351c     0x4  Data  Lc  timers.o [1]
pxDelayedTaskList       0x200034d4     0x4  Data  Lc  tasks.o [1]
pxEnd                   0x200034a8     0x4  Data  Lc  heap_4.o [1]
pxOverflowDelayedTaskList
                        0x200034d8     0x4  Data  Lc  tasks.o [1]
pxOverflowTimerList     0x20003520     0x4  Data  Lc  timers.o [1]
pxPortInitialiseStack   0x08007dc5    0x20  Code  Gb  port.o [1]
pxReadyTasksLists       0x200020f0   0x460  Data  Lc  tasks.o [1]
runCycle                0x20003559     0x1  Data  Lc  mode.o [1]
timerValue              0x20003550     0x2  Data  Gb  tim.o [1]
uartEventHandle         0x20003530     0x4  Data  Lc  usart.o [1]
ucHeap                  0x200000f0  0x2000  Data  Lc  heap_4.o [1]
ucMaxSysCallPriority    0x20003561     0x1  Data  Lc  port.o [1]
ulMaxPRIGROUPValue      0x200034c8     0x4  Data  Lc  port.o [1]
uwTick                  0x200034cc     0x4  Data  Gb  stm32f1xx_hal.o [1]
uwTickFreq              0x200000ec     0x1  Data  Gb  stm32f1xx_hal.o [1]
uwTickPrio              0x200000e4     0x4  Data  Gb  stm32f1xx_hal.o [1]
uxCriticalNesting       0x200000e0     0x4  Data  Lc  port.o [1]
uxCurrentNumberOfTasks  0x200034e0     0x4  Data  Lc  tasks.o [1]
uxDeletedTasksWaitingCleanUp
                        0x200034dc     0x4  Data  Lc  tasks.o [1]
uxListRemove            0x08007b41    0x26  Code  Gb  list.o [1]
uxPendedTicks           0x200034f0     0x4  Data  Lc  tasks.o [1]
uxSchedulerSuspended    0x20003508     0x4  Data  Lc  tasks.o [1]
uxTaskNumber            0x200034fc     0x4  Data  Lc  tasks.o [1]
uxTaskResetEventItemValue
                        0x08007085    0x1e  Code  Gb  tasks.o [1]
uxTopReadyPriority      0x200034e8     0x4  Data  Lc  tasks.o [1]
vApplicationGetIdleTaskMemory
                        0x08003351     0xe  Code  Gb  cmsis_os2.o [1]
vApplicationGetTimerTaskMemory
                        0x0800335f    0x10  Code  Gb  cmsis_os2.o [1]
vEventGroupSetBitsCallback
                        0x08004dcd     0x8  Code  Gb  event_groups.o [1]
vListInitialise         0x08007acf    0x1e  Code  Gb  list.o [1]
vListInitialiseItem     0x08007aed     0x6  Code  Gb  list.o [1]
vListInsert             0x08007b0b    0x36  Code  Gb  list.o [1]
vListInsertEnd          0x08007af3    0x18  Code  Gb  list.o [1]
vPortEnterCritical      0x08007eb1    0x3a  Code  Gb  port.o [1]
vPortExitCritical       0x08007eeb    0x32  Code  Gb  port.o [1]
vPortFree               0x08007c77    0x76  Code  Gb  heap_4.o [1]
vPortStartFirstTask     0x0800854b          Code  Gb  portasm.o [1]
vPortValidateInterruptPriority
                        0x08007f45    0x4a  Code  Gb  port.o [1]
vQueueAddToRegistry     0x080078e1    0x24  Code  Gb  queue.o [1]
vQueueWaitForMessageRestricted
                        0x08007909    0x4a  Code  Gb  queue.o [1]
vTaskDelay              0x08006883    0x4c  Code  Gb  tasks.o [1]
vTaskInternalSetTimeOutState
                        0x08006de3    0x12  Code  Gb  tasks.o [1]
vTaskMissedYield        0x08006e83     0xa  Code  Gb  tasks.o [1]
vTaskPlaceOnEventList   0x08006c05    0x2e  Code  Gb  tasks.o [1]
vTaskPlaceOnEventListRestricted
                        0x08006c95    0x38  Code  Gb  tasks.o [1]
vTaskPlaceOnUnorderedEventList
                        0x08006c39    0x52  Code  Gb  tasks.o [1]
vTaskRemoveFromUnorderedEventList
                        0x08006d61    0x82  Code  Gb  tasks.o [1]
vTaskStartScheduler     0x080068cf    0x9a  Code  Gb  tasks.o [1]
vTaskSuspendAll         0x08006969    0x10  Code  Gb  tasks.o [1]
vTaskSwitchContext      0x08006b93    0x72  Code  Gb  tasks.o [1]
xActiveTimerList1       0x20003404    0x14  Data  Lc  timers.o [1]
xActiveTimerList2       0x20003418    0x14  Data  Lc  timers.o [1]
xBlockAllocatedBit      0x200034b4     0x4  Data  Lc  heap_4.o [1]
xDelayedTaskList1       0x200033a0    0x14  Data  Lc  tasks.o [1]
xDelayedTaskList2       0x200033b4    0x14  Data  Lc  tasks.o [1]
xEventGroupCreate       0x08004bd9    0x20  Code  Gb  event_groups.o [1]
xEventGroupCreateStatic
                        0x08004b91    0x48  Code  Gb  event_groups.o [1]
xEventGroupSetBits      0x08004d21    0xac  Code  Gb  event_groups.o [1]
xEventGroupSetBitsFromISR
                        0x08004def    0x10  Code  Gb  event_groups.o [1]
xEventGroupWaitBits     0x08004bf9   0x128  Code  Gb  event_groups.o [1]
xFreeBytesRemaining     0x200034ac     0x4  Data  Lc  heap_4.o [1]
xHeapStructSize         0x08009068     0x4  Data  Lc  heap_4.o [1]
xIdleTaskHandle         0x20003504     0x4  Data  Lc  tasks.o [1]
xMinimumEverFreeBytesRemaining
                        0x200034b0     0x4  Data  Lc  heap_4.o [1]
xNextTaskUnblockTime    0x20003500     0x4  Data  Lc  tasks.o [1]
xNumOfOverflows         0x200034f8     0x4  Data  Lc  tasks.o [1]
xPendingReadyList       0x200033c8    0x14  Data  Lc  tasks.o [1]
xPortStartScheduler     0x08007e0f    0xa2  Code  Gb  port.o [1]
xPortSysTickHandler     0x08007f1d    0x28  Code  Gb  port.o [1]
xQueueGenericCreate     0x08007295    0x50  Code  Gb  queue.o [1]
xQueueGenericCreateStatic
                        0x080071ef    0xa6  Code  Gb  queue.o [1]
xQueueGenericReset      0x08007159    0x96  Code  Gb  queue.o [1]
xQueueGenericSend       0x08007307   0x196  Code  Gb  queue.o [1]
xQueueGenericSendFromISR
                        0x0800749d    0xdc  Code  Gb  queue.o [1]
xQueueReceive           0x08007579   0x15a  Code  Gb  queue.o [1]
xQueueReceiveFromISR    0x080076d9    0xac  Code  Gb  queue.o [1]
xQueueRegistry          0x200032a4    0x40  Data  Gb  queue.o [1]
xSchedulerRunning       0x200034ec     0x4  Data  Lc  tasks.o [1]
xStart                  0x20003444     0x8  Data  Lc  heap_4.o [1]
xSuspendedTaskList      0x200033f0    0x14  Data  Lc  tasks.o [1]
xTaskCheckForTimeOut    0x08006e01    0x82  Code  Gb  tasks.o [1]
xTaskCreate             0x08006697    0x74  Code  Gb  tasks.o [1]
xTaskCreateStatic       0x08006615    0x82  Code  Gb  tasks.o [1]
xTaskGetSchedulerState  0x08006fc5    0x20  Code  Gb  tasks.o [1]
xTaskGetTickCount       0x08006a75     0x8  Code  Gb  tasks.o [1]
xTaskIncrementTick      0x08006a7d   0x116  Code  Gb  tasks.o [1]
xTaskPriorityDisinherit
                        0x08006fe5    0x8e  Code  Gb  tasks.o [1]
xTaskRemoveFromEventList
                        0x08006cd9    0x84  Code  Gb  tasks.o [1]
xTaskResumeAll          0x08006979    0xfc  Code  Gb  tasks.o [1]
xTasksWaitingTermination
                        0x200033dc    0x14  Data  Lc  tasks.o [1]
xTickCount              0x200034e4     0x4  Data  Lc  tasks.o [1]
xTimerCreateTimerTask   0x08007fe9    0x6e  Code  Gb  timers.o [1]
xTimerGenericCommand    0x08008057    0x78  Code  Gb  timers.o [1]
xTimerPendFunctionCallFromISR
                        0x0800841d    0x22  Code  Gb  timers.o [1]
xTimerQueue             0x20003524     0x4  Data  Lc  timers.o [1]
xTimerTaskHandle        0x20003528     0x4  Data  Lc  timers.o [1]
xYieldPending           0x200034f4     0x4  Data  Lc  tasks.o [1]


[1] = F:\00_Workspace\00_YTP_GoodProject\040_Software\41_Cube\Code\GoodProject\EWARM\GoodProject\Obj
[2] = command line
[3] = dl7M_tlf.a
[4] = rt7M_tl.a
[5] = shb_l.a

  36 226 bytes of readonly  code memory
     904 bytes of readonly  data memory
  14 693 bytes of readwrite data memory

Errors: none
Warnings: none
