###############################################################################
#
# IAR ELF Linker V8.22.1.15669/W32 for ARM                07/Jun/2022  18:16:37
# Copyright 2007-2018 IAR Systems AB.
#
#    Output file  =  
#        E:\050_Workspace\010_YTP_SENT\040_Software\41_Cube\Code\GoodProject\EWARM\GoodProject\Exe\GoodProject.out
#    Map file     =  
#        E:\050_Workspace\010_YTP_SENT\040_Software\41_Cube\Code\GoodProject\EWARM\GoodProject\List\GoodProject.map
#    Command line =  
#        -f C:\Users\YUETIN~1\AppData\Local\Temp\EW4BBD.tmp
#        (E:\050_Workspace\010_YTP_SENT\040_Software\41_Cube\Code\GoodProject\EWARM\GoodProject\Obj\can.o
#        E:\050_Workspace\010_YTP_SENT\040_Software\41_Cube\Code\GoodProject\EWARM\GoodProject\Obj\ccl.o
#        E:\050_Workspace\010_YTP_SENT\040_Software\41_Cube\Code\GoodProject\EWARM\GoodProject\Obj\cmsis_os2.o
#        E:\050_Workspace\010_YTP_SENT\040_Software\41_Cube\Code\GoodProject\EWARM\GoodProject\Obj\croutine.o
#        E:\050_Workspace\010_YTP_SENT\040_Software\41_Cube\Code\GoodProject\EWARM\GoodProject\Obj\diag.o
#        E:\050_Workspace\010_YTP_SENT\040_Software\41_Cube\Code\GoodProject\EWARM\GoodProject\Obj\event_groups.o
#        E:\050_Workspace\010_YTP_SENT\040_Software\41_Cube\Code\GoodProject\EWARM\GoodProject\Obj\freertos.o
#        E:\050_Workspace\010_YTP_SENT\040_Software\41_Cube\Code\GoodProject\EWARM\GoodProject\Obj\gpio.o
#        E:\050_Workspace\010_YTP_SENT\040_Software\41_Cube\Code\GoodProject\EWARM\GoodProject\Obj\heap_4.o
#        E:\050_Workspace\010_YTP_SENT\040_Software\41_Cube\Code\GoodProject\EWARM\GoodProject\Obj\i2c.o
#        E:\050_Workspace\010_YTP_SENT\040_Software\41_Cube\Code\GoodProject\EWARM\GoodProject\Obj\list.o
#        E:\050_Workspace\010_YTP_SENT\040_Software\41_Cube\Code\GoodProject\EWARM\GoodProject\Obj\main.o
#        E:\050_Workspace\010_YTP_SENT\040_Software\41_Cube\Code\GoodProject\EWARM\GoodProject\Obj\mode.o
#        E:\050_Workspace\010_YTP_SENT\040_Software\41_Cube\Code\GoodProject\EWARM\GoodProject\Obj\port.o
#        E:\050_Workspace\010_YTP_SENT\040_Software\41_Cube\Code\GoodProject\EWARM\GoodProject\Obj\portasm.o
#        E:\050_Workspace\010_YTP_SENT\040_Software\41_Cube\Code\GoodProject\EWARM\GoodProject\Obj\queue.o
#        E:\050_Workspace\010_YTP_SENT\040_Software\41_Cube\Code\GoodProject\EWARM\GoodProject\Obj\rtc.o
#        E:\050_Workspace\010_YTP_SENT\040_Software\41_Cube\Code\GoodProject\EWARM\GoodProject\Obj\spi.o
#        E:\050_Workspace\010_YTP_SENT\040_Software\41_Cube\Code\GoodProject\EWARM\GoodProject\Obj\startup_stm32f103xb.o
#        E:\050_Workspace\010_YTP_SENT\040_Software\41_Cube\Code\GoodProject\EWARM\GoodProject\Obj\stm32f1xx_hal.o
#        E:\050_Workspace\010_YTP_SENT\040_Software\41_Cube\Code\GoodProject\EWARM\GoodProject\Obj\stm32f1xx_hal_can.o
#        E:\050_Workspace\010_YTP_SENT\040_Software\41_Cube\Code\GoodProject\EWARM\GoodProject\Obj\stm32f1xx_hal_cortex.o
#        E:\050_Workspace\010_YTP_SENT\040_Software\41_Cube\Code\GoodProject\EWARM\GoodProject\Obj\stm32f1xx_hal_dma.o
#        E:\050_Workspace\010_YTP_SENT\040_Software\41_Cube\Code\GoodProject\EWARM\GoodProject\Obj\stm32f1xx_hal_exti.o
#        E:\050_Workspace\010_YTP_SENT\040_Software\41_Cube\Code\GoodProject\EWARM\GoodProject\Obj\stm32f1xx_hal_flash.o
#        E:\050_Workspace\010_YTP_SENT\040_Software\41_Cube\Code\GoodProject\EWARM\GoodProject\Obj\stm32f1xx_hal_flash_ex.o
#        E:\050_Workspace\010_YTP_SENT\040_Software\41_Cube\Code\GoodProject\EWARM\GoodProject\Obj\stm32f1xx_hal_gpio.o
#        E:\050_Workspace\010_YTP_SENT\040_Software\41_Cube\Code\GoodProject\EWARM\GoodProject\Obj\stm32f1xx_hal_gpio_ex.o
#        E:\050_Workspace\010_YTP_SENT\040_Software\41_Cube\Code\GoodProject\EWARM\GoodProject\Obj\stm32f1xx_hal_i2c.o
#        E:\050_Workspace\010_YTP_SENT\040_Software\41_Cube\Code\GoodProject\EWARM\GoodProject\Obj\stm32f1xx_hal_msp.o
#        E:\050_Workspace\010_YTP_SENT\040_Software\41_Cube\Code\GoodProject\EWARM\GoodProject\Obj\stm32f1xx_hal_pcd.o
#        E:\050_Workspace\010_YTP_SENT\040_Software\41_Cube\Code\GoodProject\EWARM\GoodProject\Obj\stm32f1xx_hal_pcd_ex.o
#        E:\050_Workspace\010_YTP_SENT\040_Software\41_Cube\Code\GoodProject\EWARM\GoodProject\Obj\stm32f1xx_hal_pwr.o
#        E:\050_Workspace\010_YTP_SENT\040_Software\41_Cube\Code\GoodProject\EWARM\GoodProject\Obj\stm32f1xx_hal_rcc.o
#        E:\050_Workspace\010_YTP_SENT\040_Software\41_Cube\Code\GoodProject\EWARM\GoodProject\Obj\stm32f1xx_hal_rcc_ex.o
#        E:\050_Workspace\010_YTP_SENT\040_Software\41_Cube\Code\GoodProject\EWARM\GoodProject\Obj\stm32f1xx_hal_rtc.o
#        E:\050_Workspace\010_YTP_SENT\040_Software\41_Cube\Code\GoodProject\EWARM\GoodProject\Obj\stm32f1xx_hal_rtc_ex.o
#        E:\050_Workspace\010_YTP_SENT\040_Software\41_Cube\Code\GoodProject\EWARM\GoodProject\Obj\stm32f1xx_hal_spi.o
#        E:\050_Workspace\010_YTP_SENT\040_Software\41_Cube\Code\GoodProject\EWARM\GoodProject\Obj\stm32f1xx_hal_tim.o
#        E:\050_Workspace\010_YTP_SENT\040_Software\41_Cube\Code\GoodProject\EWARM\GoodProject\Obj\stm32f1xx_hal_tim_ex.o
#        E:\050_Workspace\010_YTP_SENT\040_Software\41_Cube\Code\GoodProject\EWARM\GoodProject\Obj\stm32f1xx_hal_uart.o
#        E:\050_Workspace\010_YTP_SENT\040_Software\41_Cube\Code\GoodProject\EWARM\GoodProject\Obj\stm32f1xx_it.o
#        E:\050_Workspace\010_YTP_SENT\040_Software\41_Cube\Code\GoodProject\EWARM\GoodProject\Obj\stm32f1xx_ll_usb.o
#        E:\050_Workspace\010_YTP_SENT\040_Software\41_Cube\Code\GoodProject\EWARM\GoodProject\Obj\stream_buffer.o
#        E:\050_Workspace\010_YTP_SENT\040_Software\41_Cube\Code\GoodProject\EWARM\GoodProject\Obj\system_stm32f1xx.o
#        E:\050_Workspace\010_YTP_SENT\040_Software\41_Cube\Code\GoodProject\EWARM\GoodProject\Obj\tasks.o
#        E:\050_Workspace\010_YTP_SENT\040_Software\41_Cube\Code\GoodProject\EWARM\GoodProject\Obj\tim.o
#        E:\050_Workspace\010_YTP_SENT\040_Software\41_Cube\Code\GoodProject\EWARM\GoodProject\Obj\timers.o
#        E:\050_Workspace\010_YTP_SENT\040_Software\41_Cube\Code\GoodProject\EWARM\GoodProject\Obj\tp.o
#        E:\050_Workspace\010_YTP_SENT\040_Software\41_Cube\Code\GoodProject\EWARM\GoodProject\Obj\usart.o
#        E:\050_Workspace\010_YTP_SENT\040_Software\41_Cube\Code\GoodProject\EWARM\GoodProject\Obj\usb.o
#        --redirect _Printf=_PrintfFull --redirect _Scanf=_ScanfFull -o
#        E:\050_Workspace\010_YTP_SENT\040_Software\41_Cube\Code\GoodProject\EWARM\GoodProject\Exe\GoodProject.out
#        --map
#        E:\050_Workspace\010_YTP_SENT\040_Software\41_Cube\Code\GoodProject\EWARM\GoodProject\List\GoodProject.map
#        --config
#        E:\050_Workspace\010_YTP_SENT\040_Software\41_Cube\Code\GoodProject\EWARM/stm32f103xb_flash.icf
#        --semihosting --entry __iar_program_start --vfe --text_out locale)
#
###############################################################################

*******************************************************************************
*** RUNTIME MODEL ATTRIBUTES
***

CppFlavor       = *
__SystemLibrary = DLib
__dlib_version  = 6


*******************************************************************************
*** HEAP SELECTION
***

The basic heap was selected because no calls to memory allocation
functions were found in the application outside of system library
functions, and there are calls to deallocation functions in the
application.


*******************************************************************************
*** PLACEMENT SUMMARY
***

"A0":  place at 0x08000000 { ro section .intvec };
"P1":  place in [from 0x08000000 to 0x0801ffff] { ro };
define block CSTACK with size = 1K, alignment = 8 { };
define block HEAP with size = 512, alignment = 8 { };
"P2":  place in [from 0x20000000 to 0x20004fff] {
          rw, block CSTACK, block HEAP };
initialize by copy { rw };

  Section            Kind        Address    Size  Object
  -------            ----        -------    ----  ------
"A0":                                       0xec
  .intvec            ro code  0x08000000    0xec  startup_stm32f103xb.o [1]
                            - 0x080000ec    0xec

"P1":                                     0x9b02
  .text              ro code  0x080000ec   0xcd8  stm32f1xx_hal_pcd.o [1]
  .text              ro code  0x08000dc4    0x88  usb.o [1]
  .text              ro code  0x08000e4c   0x996  stm32f1xx_ll_usb.o [1]
  .rodata            const    0x080017e2     0x2  stm32f1xx_hal_rcc.o [1]
  .text              ro code  0x080017e4    0xa6  ABImemcpy.o [4]
  .text              ro code  0x0800188a     0x2  stm32f1xx_hal_pcd.o [1]
  .text              ro code  0x0800188c     0x2  stm32f1xx_hal_pcd.o [1]
  .text              ro code  0x0800188e     0x2  stm32f1xx_hal_pcd.o [1]
  .text              ro code  0x08001890     0x2  stm32f1xx_hal_pcd.o [1]
  .text              ro code  0x08001892     0x2  stm32f1xx_hal_pcd.o [1]
  .text              ro code  0x08001894     0x2  stm32f1xx_hal_pcd.o [1]
  .text              ro code  0x08001896     0x2  stm32f1xx_hal_pcd.o [1]
  .text              ro code  0x08001898    0xd6  main.o [1]
  .rodata            const    0x0800196e     0x2  stm32f1xx_hal_rcc_ex.o [1]
  .text              ro code  0x08001970   0x158  stm32f1xx_hal_cortex.o [1]
  .text              ro code  0x08001ac8    0x28  stm32f1xx_hal.o [1]
  .text              ro code  0x08001af0   0x118  gpio.o [1]
  .text              ro code  0x08001c08   0x238  can.o [1]
  .text              ro code  0x08001e40   0xc28  usart.o [1]
  .text              ro code  0x08002a68    0x68  rtc.o [1]
  .text              ro code  0x08002ad0    0xd0  spi.o [1]
  .text              ro code  0x08002ba0   0x4c8  tim.o [1]
  .text              ro code  0x08003068   0x35a  i2c.o [1]
  .text              ro code  0x080033c4   0x468  cmsis_os2.o [1]
  .text              ro code  0x0800382c   0x138  freertos.o [1]
  .text              ro code  0x08003964     0x6  ABImemclr4.o [4]
  .text              ro code  0x0800396c   0x6ec  stm32f1xx_hal_rcc.o [1]
  .text              ro code  0x08004058   0x210  stm32f1xx_hal_rcc_ex.o [1]
  .text              ro code  0x08004268    0x4c  stm32f1xx_hal.o [1]
  .text              ro code  0x080042b4    0x5c  stm32f1xx_hal_msp.o [1]
  .text              ro code  0x08004310   0x218  stm32f1xx_hal_gpio.o [1]
  .text              ro code  0x08004528   0x502  stm32f1xx_hal_can.o [1]
  .text              ro code  0x08004a2c   0x608  stm32f1xx_hal_uart.o [1]
  .text              ro code  0x08005034   0x278  event_groups.o [1]
  .text              ro code  0x080052ac   0xc24  mode.o [1]
  .text              ro code  0x08005ed0   0x196  stm32f1xx_hal_rtc.o [1]
  .text              ro code  0x08006068     0xc  stm32f1xx_hal_pwr.o [1]
  .text              ro code  0x08006074    0xc4  stm32f1xx_hal_spi.o [1]
  .text              ro code  0x08006138   0x97a  stm32f1xx_hal_tim.o [1]
  .text              ro code  0x08006ab4    0x7c  stm32f1xx_hal_tim_ex.o [1]
  .text              ro code  0x08006b30   0xbac  stm32f1xx_hal_i2c.o [1]
  .text              ro code  0x080076dc   0xb44  tasks.o [1]
  .text              ro code  0x08008220   0x7fa  queue.o [1]
  .text              ro code  0x08008a1c    0x32  ABImemset48.o [4]
  .text              ro code  0x08008a50     0xc  stm32f1xx_hal.o [1]
  .text              ro code  0x08008a5c     0x2  stm32f1xx_hal_can.o [1]
  .text              ro code  0x08008a5e     0x2  stm32f1xx_hal_can.o [1]
  .text              ro code  0x08008a60     0x2  stm32f1xx_hal_can.o [1]
  .text              ro code  0x08008a62     0x2  stm32f1xx_hal_can.o [1]
  .text              ro code  0x08008a64     0x2  stm32f1xx_hal_can.o [1]
  .text              ro code  0x08008a66     0x2  stm32f1xx_hal_can.o [1]
  .text              ro code  0x08008a68     0x2  stm32f1xx_hal_can.o [1]
  .text              ro code  0x08008a6a     0x2  stm32f1xx_hal_can.o [1]
  .text              ro code  0x08008a6c     0x2  stm32f1xx_hal_can.o [1]
  .text              ro code  0x08008a6e     0x2  stm32f1xx_hal_can.o [1]
  .text              ro code  0x08008a70     0x2  stm32f1xx_hal_can.o [1]
  .text              ro code  0x08008a72     0x2  stm32f1xx_hal_can.o [1]
  .text              ro code  0x08008a74     0x2  stm32f1xx_hal_can.o [1]
  .text              ro code  0x08008a78   0x118  stm32f1xx_hal_dma.o [1]
  .text              ro code  0x08008b90     0x2  stm32f1xx_hal_uart.o [1]
  .text              ro code  0x08008b92     0x2  stm32f1xx_hal_uart.o [1]
  .text              ro code  0x08008b94     0x2  stm32f1xx_hal_uart.o [1]
  .text              ro code  0x08008b96    0x98  list.o [1]
  .text              ro code  0x08008c30   0x25c  heap_4.o [1]
  .text              ro code  0x08008e8c   0x224  port.o [1]
  .text              ro code  0x080090b0   0x488  timers.o [1]
  .text              ro code  0x08009538     0x2  stm32f1xx_hal_tim.o [1]
  .text              ro code  0x0800953a     0x2  stm32f1xx_hal_tim.o [1]
  .text              ro code  0x0800953c     0x2  stm32f1xx_hal_tim.o [1]
  .text              ro code  0x0800953e     0x2  stm32f1xx_hal_tim_ex.o [1]
  .text              ro code  0x08009540     0x2  stm32f1xx_hal_tim.o [1]
  .text              ro code  0x08009542     0x2  stm32f1xx_hal_tim_ex.o [1]
  .text              ro code  0x08009544    0x66  ABImemset.o [4]
  CODE               ro code  0x080095ac    0x88  portasm.o [1]
  Initializer bytes  const    0x08009634   0x104  <for P2-1>
  .text              ro code  0x08009738    0x70  stm32f1xx_it.o [1]
  .text              ro code  0x080097a8    0x18  stm32f1xx_hal.o [1]
  .text              ro code  0x080097c0    0x40  zero_init3.o [4]
  .text              ro code  0x08009800    0x2c  copy_init3.o [4]
  .text              ro code  0x0800982c    0x28  data_init.o [4]
  .rodata            const    0x08009854    0x24  freertos.o [1]
  .rodata            const    0x08009878    0x24  freertos.o [1]
  .rodata            const    0x0800989c    0x24  freertos.o [1]
  .rodata            const    0x080098c0    0x24  freertos.o [1]
  .rodata            const    0x080098e4    0x24  freertos.o [1]
  .rodata            const    0x08009908    0x24  freertos.o [1]
  .iar.init_table    const    0x0800992c    0x24  - Linker created -
  .rodata            const    0x08009950    0x20  freertos.o [1]
  .text              ro code  0x08009970    0x1e  cmain.o [4]
  .text              ro code  0x0800998e     0x4  low_level_init.o [3]
  .text              ro code  0x08009992     0x4  exit.o [3]
  .text              ro code  0x08009998     0xa  cexit.o [4]
  .text              ro code  0x080099a4    0x14  exit.o [5]
  .rodata            const    0x080099b8    0x1c  freertos.o [1]
  .rodata            const    0x080099d4    0x1c  freertos.o [1]
  .rodata            const    0x080099f0    0x18  freertos.o [1]
  .rodata            const    0x08009a08    0x18  freertos.o [1]
  .rodata            const    0x08009a20    0x18  freertos.o [1]
  .rodata            const    0x08009a38    0x18  freertos.o [1]
  .rodata            const    0x08009a50    0x14  freertos.o [1]
  .rodata            const    0x08009a64    0x10  freertos.o [1]
  .rodata            const    0x08009a74    0x10  freertos.o [1]
  .rodata            const    0x08009a84    0x10  stm32f1xx_hal_rcc.o [1]
  .rodata            const    0x08009a94    0x10  stm32f1xx_hal_rcc_ex.o [1]
  .rodata            const    0x08009aa4    0x10  system_stm32f1xx.o [1]
  .rodata            const    0x08009ab4    0x10  tim.o [1]
  .text              ro code  0x08009ac4    0x10  startup_stm32f103xb.o [1]
  .rodata            const    0x08009ad4     0xc  freertos.o [1]
  .text              ro code  0x08009ae0     0xc  cstartup_M.o [4]
  .rodata            const    0x08009aec     0x8  can.o [1]
  .rodata            const    0x08009af4     0x8  can.o [1]
  .rodata            const    0x08009afc     0x8  freertos.o [1]
  .rodata            const    0x08009b04     0x8  freertos.o [1]
  .rodata            const    0x08009b0c     0x8  freertos.o [1]
  .rodata            const    0x08009b14     0x8  system_stm32f1xx.o [1]
  .rodata            const    0x08009b1c     0x8  tasks.o [1]
  .rodata            const    0x08009b24     0x8  tim.o [1]
  .rodata            const    0x08009b2c     0x8  tim.o [1]
  .rodata            const    0x08009b34     0x8  timers.o [1]
  .rodata            const    0x08009b3c     0x8  timers.o [1]
  .rodata            const    0x08009b44     0x4  freertos.o [1]
  .rodata            const    0x08009b48     0x4  freertos.o [1]
  .rodata            const    0x08009b4c     0x4  heap_4.o [1]
  .rodata            const    0x08009b50     0x4  port.o [1]
  .text              ro code  0x08009b54     0x4  startup_stm32f103xb.o [1]
  .text              ro code  0x08009b58     0x4  startup_stm32f103xb.o [1]
  .text              ro code  0x08009b5c     0x4  startup_stm32f103xb.o [1]
  .text              ro code  0x08009b60     0x4  startup_stm32f103xb.o [1]
  .text              ro code  0x08009b64     0x4  startup_stm32f103xb.o [1]
  .text              ro code  0x08009b68     0x4  startup_stm32f103xb.o [1]
  .text              ro code  0x08009b6c     0x4  startup_stm32f103xb.o [1]
  .text              ro code  0x08009b70     0x4  startup_stm32f103xb.o [1]
  .text              ro code  0x08009b74     0x4  startup_stm32f103xb.o [1]
  .text              ro code  0x08009b78     0x4  startup_stm32f103xb.o [1]
  .text              ro code  0x08009b7c     0x4  startup_stm32f103xb.o [1]
  .text              ro code  0x08009b80     0x4  startup_stm32f103xb.o [1]
  .text              ro code  0x08009b84     0x4  startup_stm32f103xb.o [1]
  .text              ro code  0x08009b88     0x4  startup_stm32f103xb.o [1]
  .text              ro code  0x08009b8c     0x4  startup_stm32f103xb.o [1]
  .text              ro code  0x08009b90     0x4  startup_stm32f103xb.o [1]
  .text              ro code  0x08009b94     0x4  startup_stm32f103xb.o [1]
  .text              ro code  0x08009b98     0x4  startup_stm32f103xb.o [1]
  .text              ro code  0x08009b9c     0x4  startup_stm32f103xb.o [1]
  .text              ro code  0x08009ba0     0x4  startup_stm32f103xb.o [1]
  .text              ro code  0x08009ba4     0x4  startup_stm32f103xb.o [1]
  .text              ro code  0x08009ba8     0x4  startup_stm32f103xb.o [1]
  .text              ro code  0x08009bac     0x4  startup_stm32f103xb.o [1]
  .text              ro code  0x08009bb0     0x4  startup_stm32f103xb.o [1]
  .text              ro code  0x08009bb4     0x4  startup_stm32f103xb.o [1]
  .text              ro code  0x08009bb8     0x4  startup_stm32f103xb.o [1]
  .text              ro code  0x08009bbc     0x4  startup_stm32f103xb.o [1]
  .text              ro code  0x08009bc0     0x4  startup_stm32f103xb.o [1]
  .text              ro code  0x08009bc4     0x4  startup_stm32f103xb.o [1]
  .text              ro code  0x08009bc8     0x4  startup_stm32f103xb.o [1]
  .text              ro code  0x08009bcc     0x4  startup_stm32f103xb.o [1]
  .text              ro code  0x08009bd0     0x4  startup_stm32f103xb.o [1]
  .text              ro code  0x08009bd4     0x4  startup_stm32f103xb.o [1]
  .text              ro code  0x08009bd8     0x4  startup_stm32f103xb.o [1]
  .text              ro code  0x08009bdc     0x4  startup_stm32f103xb.o [1]
  .text              ro code  0x08009be0     0x4  startup_stm32f103xb.o [1]
  .text              ro code  0x08009be4     0x4  startup_stm32f103xb.o [1]
  .text              ro code  0x08009be8     0x4  startup_stm32f103xb.o [1]
  .text              ro code  0x08009bec     0x2  system_stm32f1xx.o [1]
  .rodata            const    0x08009bee     0x0  zero_init3.o [4]
  .rodata            const    0x08009bee     0x0  copy_init3.o [4]
                            - 0x08009bee  0x9b02

"P2", part 1 of 3:                         0x104
  P2-1                        0x20000000   0x103  <Init block>
    .data            inited   0x20000000    0x2c  i2c.o [1]
    .data            inited   0x2000002c    0xc0  i2c.o [1]
    .data            inited   0x200000ec     0x4  i2c.o [1]
    .data            inited   0x200000f0     0x4  i2c.o [1]
    .data            inited   0x200000f4     0x4  port.o [1]
    .data            inited   0x200000f8     0x4  stm32f1xx_hal.o [1]
    .data            inited   0x200000fc     0x4  system_stm32f1xx.o [1]
    .data            inited   0x20000100     0x2  mode.o [1]
    .data            inited   0x20000102     0x1  stm32f1xx_hal.o [1]
                            - 0x20000103   0x103

"P2", part 2 of 3:                        0x34b0
  .bss               zero     0x20000104  0x2000  heap_4.o [1]
  .bss               zero     0x20002104   0x460  tasks.o [1]
  .bss               zero     0x20002564   0x400  cmsis_os2.o [1]
  .bss               zero     0x20002964   0x2ec  usb.o [1]
  .bss               zero     0x20002c50   0x200  cmsis_os2.o [1]
  .bss               zero     0x20002e50    0xa0  timers.o [1]
  .bss               zero     0x20002ef0    0x5c  cmsis_os2.o [1]
  .bss               zero     0x20002f4c    0x5c  cmsis_os2.o [1]
  .bss               zero     0x20002fa8    0x58  spi.o [1]
  .bss               zero     0x20003000    0x54  i2c.o [1]
  .bss               zero     0x20003054    0x50  freertos.o [1]
  .bss               zero     0x200030a4    0x50  freertos.o [1]
  .bss               zero     0x200030f4    0x50  freertos.o [1]
  .bss               zero     0x20003144    0x50  freertos.o [1]
  .bss               zero     0x20003194    0x50  timers.o [1]
  .bss               zero     0x200031e4    0x48  tim.o [1]
  .bss               zero     0x2000322c    0x48  tim.o [1]
  .bss               zero     0x20003274    0x44  usart.o [1]
  .bss               zero     0x200032b8    0x40  queue.o [1]
  .bss               zero     0x200032f8    0x3c  mode.o [1]
  .bss               zero     0x20003334    0x2c  i2c.o [1]
  .bss               zero     0x20003360    0x28  can.o [1]
  .bss               zero     0x20003388    0x1c  usart.o [1]
  .bss               zero     0x200033a4    0x14  rtc.o [1]
  .bss               zero     0x200033b8    0x14  tasks.o [1]
  .bss               zero     0x200033cc    0x14  tasks.o [1]
  .bss               zero     0x200033e0    0x14  tasks.o [1]
  .bss               zero     0x200033f4    0x14  tasks.o [1]
  .bss               zero     0x20003408    0x14  tasks.o [1]
  .bss               zero     0x2000341c    0x14  timers.o [1]
  .bss               zero     0x20003430    0x14  timers.o [1]
  .bss               zero     0x20003444     0xc  can.o [1]
  .bss               zero     0x20003450     0xc  i2c.o [1]
  .bss               zero     0x2000345c     0xc  tim.o [1]
  .bss               zero     0x20003468     0x8  heap_4.o [1]
  .bss               zero     0x20003470     0x8  mode.o [1]
  .bss               zero     0x20003478     0x8  usart.o [1]
  .bss               zero     0x20003480     0x8  usart.o [1]
  .bss               zero     0x20003488     0x8  usart.o [1]
  .bss               zero     0x20003490     0x8  usart.o [1]
  .bss               zero     0x20003498     0x8  usart.o [1]
  .bss               zero     0x200034a0     0x8  usart.o [1]
  .bss               zero     0x200034a8     0x4  cmsis_os2.o [1]
  .bss               zero     0x200034ac     0x4  freertos.o [1]
  .bss               zero     0x200034b0     0x4  freertos.o [1]
  .bss               zero     0x200034b4     0x4  freertos.o [1]
  .bss               zero     0x200034b8     0x4  freertos.o [1]
  .bss               zero     0x200034bc     0x4  freertos.o [1]
  .bss               zero     0x200034c0     0x4  freertos.o [1]
  .bss               zero     0x200034c4     0x4  freertos.o [1]
  .bss               zero     0x200034c8     0x4  freertos.o [1]
  .bss               zero     0x200034cc     0x4  freertos.o [1]
  .bss               zero     0x200034d0     0x4  freertos.o [1]
  .bss               zero     0x200034d4     0x4  freertos.o [1]
  .bss               zero     0x200034d8     0x4  freertos.o [1]
  .bss               zero     0x200034dc     0x4  heap_4.o [1]
  .bss               zero     0x200034e0     0x4  heap_4.o [1]
  .bss               zero     0x200034e4     0x4  heap_4.o [1]
  .bss               zero     0x200034e8     0x4  heap_4.o [1]
  .bss               zero     0x200034ec     0x4  mode.o [1]
  .bss               zero     0x200034f0     0x4  mode.o [1]
  .bss               zero     0x200034f4     0x4  mode.o [1]
  .bss               zero     0x200034f8     0x4  mode.o [1]
  .bss               zero     0x200034fc     0x4  port.o [1]
  .bss               zero     0x20003500     0x4  stm32f1xx_hal.o [1]
  .bss               zero     0x20003504     0x4  tasks.o [1]
  .bss               zero     0x20003508     0x4  tasks.o [1]
  .bss               zero     0x2000350c     0x4  tasks.o [1]
  .bss               zero     0x20003510     0x4  tasks.o [1]
  .bss               zero     0x20003514     0x4  tasks.o [1]
  .bss               zero     0x20003518     0x4  tasks.o [1]
  .bss               zero     0x2000351c     0x4  tasks.o [1]
  .bss               zero     0x20003520     0x4  tasks.o [1]
  .bss               zero     0x20003524     0x4  tasks.o [1]
  .bss               zero     0x20003528     0x4  tasks.o [1]
  .bss               zero     0x2000352c     0x4  tasks.o [1]
  .bss               zero     0x20003530     0x4  tasks.o [1]
  .bss               zero     0x20003534     0x4  tasks.o [1]
  .bss               zero     0x20003538     0x4  tasks.o [1]
  .bss               zero     0x2000353c     0x4  tasks.o [1]
  .bss               zero     0x20003540     0x4  tim.o [1]
  .bss               zero     0x20003544     0x4  tim.o [1]
  .bss               zero     0x20003548     0x4  tim.o [1]
  .bss               zero     0x2000354c     0x4  tim.o [1]
  .bss               zero     0x20003550     0x4  timers.o [1]
  .bss               zero     0x20003554     0x4  timers.o [1]
  .bss               zero     0x20003558     0x4  timers.o [1]
  .bss               zero     0x2000355c     0x4  timers.o [1]
  .bss               zero     0x20003560     0x4  timers.o [1]
  .bss               zero     0x20003564     0x4  usart.o [1]
  .bss               zero     0x20003568     0x4  usart.o [1]
  .bss               zero     0x2000356c     0x2  freertos.o [1]
  .bss               zero     0x2000356e     0x2  freertos.o [1]
  .bss               zero     0x20003570     0x2  mode.o [1]
  .bss               zero     0x20003572     0x2  mode.o [1]
  .bss               zero     0x20003574     0x2  mode.o [1]
  .bss               zero     0x20003576     0x2  mode.o [1]
  .bss               zero     0x20003578     0x2  mode.o [1]
  .bss               zero     0x2000357a     0x2  mode.o [1]
  .bss               zero     0x2000357c     0x2  mode.o [1]
  .bss               zero     0x2000357e     0x2  mode.o [1]
  .bss               zero     0x20003580     0x2  mode.o [1]
  .bss               zero     0x20003582     0x2  mode.o [1]
  .bss               zero     0x20003584     0x2  mode.o [1]
  .bss               zero     0x20003586     0x2  mode.o [1]
  .bss               zero     0x20003588     0x2  mode.o [1]
  .bss               zero     0x2000358a     0x2  mode.o [1]
  .bss               zero     0x2000358c     0x2  mode.o [1]
  .bss               zero     0x2000358e     0x2  mode.o [1]
  .bss               zero     0x20003590     0x2  tim.o [1]
  .bss               zero     0x20003592     0x2  tim.o [1]
  .bss               zero     0x20003594     0x2  tim.o [1]
  .bss               zero     0x20003596     0x2  tim.o [1]
  .bss               zero     0x20003598     0x2  tim.o [1]
  .bss               zero     0x2000359a     0x2  usart.o [1]
  .bss               zero     0x2000359c     0x1  freertos.o [1]
  .bss               zero     0x2000359d     0x1  i2c.o [1]
  .bss               zero     0x2000359e     0x1  mode.o [1]
  .bss               zero     0x2000359f     0x1  mode.o [1]
  .bss               zero     0x200035a0     0x1  mode.o [1]
  .bss               zero     0x200035a1     0x1  mode.o [1]
  .bss               zero     0x200035a2     0x1  mode.o [1]
  .bss               zero     0x200035a3     0x1  mode.o [1]
  .bss               zero     0x200035a4     0x1  mode.o [1]
  .bss               zero     0x200035a5     0x1  mode.o [1]
  .bss               zero     0x200035a6     0x1  mode.o [1]
  .bss               zero     0x200035a7     0x1  mode.o [1]
  .bss               zero     0x200035a8     0x1  mode.o [1]
  .bss               zero     0x200035a9     0x1  mode.o [1]
  .bss               zero     0x200035aa     0x1  mode.o [1]
  .bss               zero     0x200035ab     0x1  port.o [1]
  .bss               zero     0x200035ac     0x1  tim.o [1]
  .bss               zero     0x200035ad     0x1  tim.o [1]
  .bss               zero     0x200035ae     0x1  usart.o [1]
  .bss               zero     0x200035af     0x1  usart.o [1]
  .bss               zero     0x200035b0     0x1  usart.o [1]
  .bss               zero     0x200035b1     0x1  usart.o [1]
  .bss               zero     0x200035b2     0x1  usart.o [1]
  .bss               zero     0x200035b3     0x1  usart.o [1]
                            - 0x200035b4  0x34b0

"P2", part 3 of 3:                         0x400
  CSTACK                      0x200035b8   0x400  <Block>
    CSTACK           uninit   0x200035b8   0x400  <Block tail>
                            - 0x200039b8   0x400


*******************************************************************************
*** INIT TABLE
***

          Address     Size
          -------     ----
Zero (__iar_zero_init3)
    1 destination range, total size 0x34b0:
          0x20000104  0x34b0

Copy (__iar_copy_init3)
    1 source range, total size 0x104 (100% of destination):
          0x08009634   0x104
    1 destination range, total size 0x103:
          0x20000000   0x103



*******************************************************************************
*** MODULE SUMMARY
***

    Module                  ro code  ro data  rw data
    ------                  -------  -------  -------
E:\050_Workspace\010_YTP_SENT\040_Software\41_Cube\Code\GoodProject\EWARM\GoodProject\Obj: [1]
    can.o                       568       16       52
    cmsis_os2.o               1 128             1 724
    event_groups.o              632
    freertos.o                  312      496      373
    gpio.o                      280
    heap_4.o                    604        4    8 216
    i2c.o                       858      244      385
    list.o                      152
    main.o                      214
    mode.o                    3 108        2      131
    port.o                      548        8        9
    portasm.o                   136
    queue.o                   2 042                64
    rtc.o                       104                20
    spi.o                       208                88
    startup_stm32f103xb.o       404
    stm32f1xx_hal.o             152        5        9
    stm32f1xx_hal_can.o       1 308
    stm32f1xx_hal_cortex.o      344
    stm32f1xx_hal_dma.o         280
    stm32f1xx_hal_gpio.o        536
    stm32f1xx_hal_i2c.o       2 988
    stm32f1xx_hal_msp.o          92
    stm32f1xx_hal_pcd.o       3 302
    stm32f1xx_hal_pwr.o          12
    stm32f1xx_hal_rcc.o       1 772       18
    stm32f1xx_hal_rcc_ex.o      528       18
    stm32f1xx_hal_rtc.o         406
    stm32f1xx_hal_spi.o         196
    stm32f1xx_hal_tim.o       2 434
    stm32f1xx_hal_tim_ex.o      128
    stm32f1xx_hal_uart.o      1 550
    stm32f1xx_it.o              112
    stm32f1xx_ll_usb.o        2 454
    system_stm32f1xx.o            2       28        4
    tasks.o                   2 884        8    1 280
    tim.o                     1 224       32      184
    timers.o                  1 160       16      300
    usart.o                   3 112               160
    usb.o                       136               748
    -------------------------------------------------
    Total:                   38 410      895   13 747

command line: [2]
    -------------------------------------------------
    Total:

dl7M_tlf.a: [3]
    exit.o                        4
    low_level_init.o              4
    -------------------------------------------------
    Total:                        8

rt7M_tl.a: [4]
    ABImemclr4.o                  6
    ABImemcpy.o                 166
    ABImemset.o                 102
    ABImemset48.o                50
    cexit.o                      10
    cmain.o                      30
    copy_init3.o                 44
    cstartup_M.o                 12
    data_init.o                  40
    zero_init3.o                 64
    -------------------------------------------------
    Total:                      524

shb_l.a: [5]
    exit.o                       20
    -------------------------------------------------
    Total:                       20

    Gaps                         24
    Linker created                        37    1 024
-----------------------------------------------------
    Grand Total:             38 986      932   14 771


*******************************************************************************
*** ENTRY LIST
***

Entry                      Address    Size  Type      Object
-----                      -------    ----  ----      ------
.iar.init_table$$Base   0x0800992c           --   Gb  - Linker created -
.iar.init_table$$Limit  0x08009950           --   Gb  - Linker created -
?main                   0x08009971          Code  Gb  cmain.o [4]
AHBPrescTable           0x08009aa4    0x10  Data  Gb  system_stm32f1xx.o [1]
APBPrescTable           0x08009b14     0x8  Data  Gb  system_stm32f1xx.o [1]
BusFault_Handler        0x0800973f     0x2  Code  Gb  stm32f1xx_it.o [1]
CAN1_RX1_IRQHandler     0x08009779     0xa  Code  Gb  stm32f1xx_it.o [1]
CANHandle               0x200034b0     0x4  Data  Gb  freertos.o [1]
CAN_attributes          0x08009878    0x24  Data  Gb  freertos.o [1]
CSTACK$$Base            0x200035b8           --   Gb  - Linker created -
CSTACK$$Limit           0x200039b8           --   Gb  - Linker created -
DebugMon_Handler        0x08009743     0x2  Code  Gb  stm32f1xx_it.o [1]
EEPROMHandle            0x200034c0     0x4  Data  Gb  freertos.o [1]
EEPROM_CheckSum         0x08003229    0x30  Code  Lc  i2c.o [1]
EEPROM_DataInitRead     0x08003259    0xb2  Code  Lc  i2c.o [1]
EEPROM_DataInitRead::checkSumReadArray
                        0x20003450     0xc  Data  Lc  i2c.o [1]
EEPROM_DataInitRead::itemPtr
                        0x200000ec     0x4  Data  Lc  i2c.o [1]
EEPROM_GetPosition      0x0800311f    0x1e  Code  Gb  i2c.o [1]
EEPROM_Handel           0x0800330b    0x7a  Code  Lc  i2c.o [1]
EEPROM_Handel::index    0x2000359d     0x1  Data  Lc  i2c.o [1]
EEPROM_Handel::itemPtr  0x200000f0     0x4  Data  Lc  i2c.o [1]
EEPROM_Read             0x080031cb    0x2e  Code  Lc  i2c.o [1]
EEPROM_ReadRequest      0x0800319d    0x2e  Code  Gb  i2c.o [1]
EEPROM_Task             0x080033b1    0x12  Code  Gb  i2c.o [1]
EEPROM_Write            0x080031f9    0x30  Code  Lc  i2c.o [1]
EEPROM_WriteRequest     0x0800313d    0x60  Code  Gb  i2c.o [1]
EEPROM_attributes       0x08009908    0x24  Data  Gb  freertos.o [1]
Error_Handler           0x0800196b     0x4  Code  Gb  main.o [1]
HAL_CAN_AddTxMessage    0x080046f1   0x10a  Code  Gb  stm32f1xx_hal_can.o [1]
HAL_CAN_IRQHandler      0x080047fb   0x230  Code  Gb  stm32f1xx_hal_can.o [1]
HAL_CAN_Init            0x08004529   0x16c  Code  Gb  stm32f1xx_hal_can.o [1]
HAL_CAN_MspInit         0x08001c69    0xba  Code  Gb  can.o [1]
HAL_CAN_Start           0x08004695    0x5c  Code  Gb  stm32f1xx_hal_can.o [1]
HAL_CAN_Task            0x08001d23    0xf0  Code  Gb  can.o [1]
HAL_DMA_Abort           0x08008a79    0x4c  Code  Gb  stm32f1xx_hal_dma.o [1]
HAL_DMA_Abort_IT        0x08008ac5    0xae  Code  Gb  stm32f1xx_hal_dma.o [1]
HAL_GPIO_Init           0x08004311   0x1c4  Code  Gb  stm32f1xx_hal_gpio.o [1]
HAL_GPIO_WritePin       0x080044d5    0x14  Code  Gb  stm32f1xx_hal_gpio.o [1]
HAL_GetTick             0x08008a51     0xc  Code  Wk  stm32f1xx_hal.o [1]
HAL_I2C_Init            0x08006b31   0x1d8  Code  Gb  stm32f1xx_hal_i2c.o [1]
HAL_I2C_Mem_Read        0x08006e89   0x350  Code  Gb  stm32f1xx_hal_i2c.o [1]
HAL_I2C_Mem_Write       0x08006d21   0x168  Code  Gb  stm32f1xx_hal_i2c.o [1]
HAL_I2C_MspInit         0x080030bf    0x60  Code  Gb  i2c.o [1]
HAL_IncTick             0x080097a9    0x18  Code  Wk  stm32f1xx_hal.o [1]
HAL_Init                0x08001ac9    0x22  Code  Gb  stm32f1xx_hal.o [1]
HAL_InitTick            0x08004269    0x4c  Code  Wk  stm32f1xx_hal.o [1]
HAL_LIN_Init            0x08004a2d    0x94  Code  Gb  stm32f1xx_hal_uart.o [1]
HAL_MspInit             0x080042b5    0x5c  Code  Gb  stm32f1xx_hal_msp.o [1]
HAL_NVIC_EnableIRQ      0x08001a89     0xa  Code  Gb  stm32f1xx_hal_cortex.o [1]
HAL_NVIC_SetPriority    0x08001a67    0x22  Code  Gb  stm32f1xx_hal_cortex.o [1]
HAL_NVIC_SetPriorityGrouping
                        0x08001a5f     0x8  Code  Gb  stm32f1xx_hal_cortex.o [1]
HAL_NVIC_SystemReset    0x08001a93     0x8  Code  Gb  stm32f1xx_hal_cortex.o [1]
HAL_PCD_EP_DB_Receive   0x08000853   0x13a  Code  Lc  stm32f1xx_hal_pcd.o [1]
HAL_PCD_EP_DB_Transmit  0x0800098d   0x438  Code  Lc  stm32f1xx_hal_pcd.o [1]
HAL_PCD_IRQHandler      0x0800027f   0x1c0  Code  Gb  stm32f1xx_hal_pcd.o [1]
HAL_PCD_Init            0x080000ed   0x192  Code  Gb  stm32f1xx_hal_pcd.o [1]
HAL_PCD_MspInit         0x08000dfb    0x44  Code  Gb  usb.o [1]
HAL_PCD_SetAddress      0x0800043f    0x2c  Code  Gb  stm32f1xx_hal_pcd.o [1]
HAL_PWR_EnableBkUpAccess
                        0x08006069     0x8  Code  Gb  stm32f1xx_hal_pwr.o [1]
HAL_RCCEx_GetPeriphCLKFreq
                        0x0800415f    0xdc  Code  Gb  stm32f1xx_hal_rcc_ex.o [1]
HAL_RCCEx_PeriphCLKConfig
                        0x08004059   0x106  Code  Gb  stm32f1xx_hal_rcc_ex.o [1]
HAL_RCC_ClockConfig     0x08003de7   0x16e  Code  Gb  stm32f1xx_hal_rcc.o [1]
HAL_RCC_GetHCLKFreq     0x08003fb9     0x6  Code  Gb  stm32f1xx_hal_rcc.o [1]
HAL_RCC_GetPCLK1Freq    0x08003fbf    0x16  Code  Gb  stm32f1xx_hal_rcc.o [1]
HAL_RCC_GetPCLK2Freq    0x08003fd5    0x16  Code  Gb  stm32f1xx_hal_rcc.o [1]
HAL_RCC_GetSysClockFreq
                        0x08003f55    0x64  Code  Gb  stm32f1xx_hal_rcc.o [1]
HAL_RCC_OscConfig       0x0800396d   0x47a  Code  Gb  stm32f1xx_hal_rcc.o [1]
HAL_RTC_Init            0x08005ed1    0xe2  Code  Gb  stm32f1xx_hal_rtc.o [1]
HAL_RTC_MspInit         0x08002a91    0x2e  Code  Gb  rtc.o [1]
HAL_RTC_WaitForSynchro  0x08005fbd    0x3e  Code  Gb  stm32f1xx_hal_rtc.o [1]
HAL_SPI_Init            0x08006075    0xc4  Code  Gb  stm32f1xx_hal_spi.o [1]
HAL_SPI_MspInit         0x08002b31    0x5e  Code  Gb  spi.o [1]
HAL_SYSTICK_Config      0x08001a9b     0x8  Code  Gb  stm32f1xx_hal_cortex.o [1]
HAL_TIMEx_BreakCallback
                        0x0800953f     0x2  Code  Wk  stm32f1xx_hal_tim_ex.o [1]
HAL_TIMEx_CommutCallback
                        0x08009543     0x2  Code  Wk  stm32f1xx_hal_tim_ex.o [1]
HAL_TIMEx_MasterConfigSynchronization
                        0x08006ab5    0x6c  Code  Gb  stm32f1xx_hal_tim_ex.o [1]
HAL_TIM_IC_CaptureCallback
                        0x08002e39   0x16a  Code  Gb  tim.o [1]
HAL_TIM_IC_CaptureCallback::counter
                        0x20003544     0x4  Data  Lc  tim.o [1]
HAL_TIM_IC_CaptureCallback::counterDelta
                        0x2000354c     0x4  Data  Lc  tim.o [1]
HAL_TIM_IC_CaptureCallback::counterOld
                        0x20003548     0x4  Data  Lc  tim.o [1]
HAL_TIM_IC_CaptureCallback::crcValue
                        0x200035ad     0x1  Data  Lc  tim.o [1]
HAL_TIM_IC_CaptureCallback::dataList
                        0x2000345c     0xc  Data  Lc  tim.o [1]
HAL_TIM_IC_CaptureCallback::index
                        0x200035ac     0x1  Data  Lc  tim.o [1]
HAL_TIM_IC_CaptureCallback::positionValueTemp
                        0x20003594     0x2  Data  Lc  tim.o [1]
HAL_TIM_IC_CaptureCallback::positionValueTempDelta
                        0x20003598     0x2  Data  Lc  tim.o [1]
HAL_TIM_IC_CaptureCallback::positionValueTempOld
                        0x20003596     0x2  Data  Lc  tim.o [1]
HAL_TIM_IC_ConfigChannel
                        0x080065cf    0xc8  Code  Gb  stm32f1xx_hal_tim.o [1]
HAL_TIM_IC_Init         0x08006279    0x6e  Code  Gb  stm32f1xx_hal_tim.o [1]
HAL_TIM_IC_MspInit      0x08002cff    0x7e  Code  Gb  tim.o [1]
HAL_TIM_IC_Start_IT     0x080062ed   0x15e  Code  Gb  stm32f1xx_hal_tim.o [1]
HAL_TIM_IRQHandler      0x08006459   0x176  Code  Gb  stm32f1xx_hal_tim.o [1]
HAL_TIM_MspPostInit     0x08002da3    0x5a  Code  Gb  tim.o [1]
HAL_TIM_PWM_ConfigChannel
                        0x08006697    0xf0  Code  Gb  stm32f1xx_hal_tim.o [1]
HAL_TIM_PWM_Init        0x08006139    0x6e  Code  Gb  stm32f1xx_hal_tim.o [1]
HAL_TIM_PWM_MspInit     0x08002d7d    0x26  Code  Gb  tim.o [1]
HAL_TIM_PWM_Start       0x080061a7    0xc8  Code  Gb  stm32f1xx_hal_tim.o [1]
HAL_TIM_ReadCapturedValue
                        0x08006787    0x30  Code  Gb  stm32f1xx_hal_tim.o [1]
HAL_TIM_Task            0x08002fa3    0x52  Code  Gb  tim.o [1]
HAL_UART_IRQHandler     0x08004b51   0x21e  Code  Gb  stm32f1xx_hal_uart.o [1]
HAL_UART_MspInit        0x08001e93    0x98  Code  Gb  usart.o [1]
HAL_UART_Receive_IT     0x08004b15    0x3c  Code  Gb  stm32f1xx_hal_uart.o [1]
HAL_UART_RxCpltCallback
                        0x08001f2b    0x40  Code  Gb  usart.o [1]
HAL_UART_RxCpltCallback::data
                        0x200035b1     0x1  Data  Lc  usart.o [1]
HAL_UART_RxManage       0x08001fb1   0x608  Code  Gb  usart.o [1]
HAL_UART_Task           0x08002885   0x17a  Code  Gb  usart.o [1]
HAL_UART_Transmit_IT    0x08004ac1    0x54  Code  Gb  stm32f1xx_hal_uart.o [1]
HardFault_Handler       0x0800973b     0x2  Code  Gb  stm32f1xx_it.o [1]
I2C_IsAcknowledgeFailed
                        0x080076a7    0x36  Code  Lc  stm32f1xx_hal_i2c.o [1]
I2C_RequestMemoryRead   0x080072cf   0x16c  Code  Lc  stm32f1xx_hal_i2c.o [1]
I2C_RequestMemoryWrite  0x080071e9    0xe6  Code  Lc  stm32f1xx_hal_i2c.o [1]
I2C_WaitOnBTFFlagUntilTimeout
                        0x080075d7    0x58  Code  Lc  stm32f1xx_hal_i2c.o [1]
I2C_WaitOnFlagUntilTimeout
                        0x0800743b    0x8a  Code  Lc  stm32f1xx_hal_i2c.o [1]
I2C_WaitOnMasterAddressFlagUntilTimeout
                        0x080074c5    0xba  Code  Lc  stm32f1xx_hal_i2c.o [1]
I2C_WaitOnRXNEFlagUntilTimeout
                        0x08007635    0x72  Code  Lc  stm32f1xx_hal_i2c.o [1]
I2C_WaitOnTXEFlagUntilTimeout
                        0x0800757f    0x58  Code  Lc  stm32f1xx_hal_i2c.o [1]
Idle_Stack              0x20002c50   0x200  Data  Lc  cmsis_os2.o [1]
Idle_TCB                0x20002ef0    0x5c  Data  Lc  cmsis_os2.o [1]
KernelState             0x200034a8     0x4  Data  Lc  cmsis_os2.o [1]
LIN_ComputeChecksum     0x08001f6b    0x46  Code  Lc  usart.o [1]
LIN_MasterModeCommandBuffer
                        0x2000359c     0x1  Data  Gb  freertos.o [1]
LIN_MasterModeCommandControlBlock
                        0x200030f4    0x50  Data  Gb  freertos.o [1]
LIN_MasterModeCommandQueueHandle
                        0x200034cc     0x4  Data  Gb  freertos.o [1]
LIN_MasterModeCommandQueue_attributes
                        0x08009a20    0x18  Data  Gb  freertos.o [1]
LIN_MasterTargetPositionBuffer
                        0x2000356e     0x2  Data  Gb  freertos.o [1]
LIN_MasterTargetPositionControlBlock
                        0x200030a4    0x50  Data  Gb  freertos.o [1]
LIN_MasterTargetPositionQueueHandle
                        0x200034c8     0x4  Data  Gb  freertos.o [1]
LIN_MasterTargetPositionQueue_attributes
                        0x08009a08    0x18  Data  Gb  freertos.o [1]
LIN_MessagesRxHandel    0x080025b9    0x10  Code  Lc  usart.o [1]
LIN_RX_MASTERCAL_MessagesUpdate
                        0x08002711    0x8a  Code  Lc  usart.o [1]
LIN_RX_MASTERMCV_MessagesUpdate
                        0x08002677    0x76  Code  Lc  usart.o [1]
LIN_RX_MASTERMCV_MessagesUpdate::linMasterModeCommandValue
                        0x200035b2     0x1  Data  Lc  usart.o [1]
LIN_RX_MASTERMCV_ReceiveFlagGet
                        0x080026ed    0x12  Code  Gb  usart.o [1]
LIN_RX_MASTER_MessagesUpdate
                        0x080025c9    0xae  Code  Lc  usart.o [1]
LIN_RX_MASTER_ReceiveFlagGet
                        0x080026ff    0x12  Code  Gb  usart.o [1]
LIN_TX_YTCAL_MessagesUpdate
                        0x08002819    0x6c  Code  Lc  usart.o [1]
LIN_TX_YTCAL_MessagesUpdate::modeName
                        0x200035b3     0x1  Data  Lc  usart.o [1]
LIN_TX_YTSENT_MessagesUpdate
                        0x0800279b    0x4c  Code  Lc  usart.o [1]
LIN_TX_YTSENT_MessagesUpdate::linAngleValue
                        0x20003568     0x4  Data  Lc  usart.o [1]
LIN_TX_YTSENT_MessagesUpdate::linYtSentCurrentPositionValue
                        0x2000359a     0x2  Data  Lc  usart.o [1]
LIN_TX_YTSTATUS_MessagesUpdate
                        0x080027e7    0x32  Code  Lc  usart.o [1]
MODEHandle              0x200034bc     0x4  Data  Gb  freertos.o [1]
MODE_ControlModeHandel  0x08005bb1   0x140  Code  Gb  mode.o [1]
MODE_ControlModeHandel::masterModeCommand
                        0x200035a9     0x1  Data  Lc  mode.o [1]
MODE_ControlModeHandel::masterModeCommandOld
                        0x200035aa     0x1  Data  Lc  mode.o [1]
MODE_ControlModeHandel::masterTargetPosOld
                        0x20000100     0x2  Data  Lc  mode.o [1]
MODE_ControlModeHandel::timer
                        0x2000358a     0x2  Data  Lc  mode.o [1]
MODE_GetMode            0x08005cfd     0x6  Code  Gb  mode.o [1]
MODE_GetModeErrorStatus
                        0x08005cf7     0x6  Code  Gb  mode.o [1]
MODE_GetModeStatus      0x08005cf1     0x6  Code  Gb  mode.o [1]
MODE_Init               0x080052ad    0x6e  Code  Gb  mode.o [1]
MODE_ModeCommandChangeDoubleValveCore
                        0x0800544b   0x18e  Code  Lc  mode.o [1]
MODE_ModeCommandChangeDoubleValveCore::firstPos
                        0x20003576     0x2  Data  Lc  mode.o [1]
MODE_ModeCommandChangeDoubleValveCore::secondtPos
                        0x20003578     0x2  Data  Lc  mode.o [1]
MODE_ModeCommandChangeDoubleValveCoreCycleTest
                        0x080055d9   0x270  Code  Lc  mode.o [1]
MODE_ModeCommandChangeDoubleValveCoreCycleTest::firstPos
                        0x2000357a     0x2  Data  Lc  mode.o [1]
MODE_ModeCommandChangeDoubleValveCoreCycleTest::fourthPos
                        0x20003580     0x2  Data  Lc  mode.o [1]
MODE_ModeCommandChangeDoubleValveCoreCycleTest::secondtPos
                        0x2000357c     0x2  Data  Lc  mode.o [1]
MODE_ModeCommandChangeDoubleValveCoreCycleTest::thirdPos
                        0x2000357e     0x2  Data  Lc  mode.o [1]
MODE_ModeCommandChangeSignalValveCore
                        0x0800537f    0xcc  Code  Lc  mode.o [1]
MODE_ModeCommandChangeSignalValveCore::firstPos
                        0x20003572     0x2  Data  Lc  mode.o [1]
MODE_ModeCommandChangeSignalValveCore::secondtPos
                        0x20003574     0x2  Data  Lc  mode.o [1]
MODE_ModePositionChange
                        0x0800531b    0x64  Code  Lc  mode.o [1]
MODE_ModePositionChange::posRunStep
                        0x200035a8     0x1  Data  Lc  mode.o [1]
MODE_MotorAction        0x08005849   0x368  Code  Lc  mode.o [1]
MODE_MotorAction::brakeTimer
                        0x20003582     0x2  Data  Lc  mode.o [1]
MODE_MotorAction::modeCurrentPosOld
                        0x20003588     0x2  Data  Lc  mode.o [1]
MODE_MotorAction::motorOutMessageQueue
                        0x20003470     0x8  Data  Lc  mode.o [1]
MODE_MotorAction::positionValueDelta
                        0x20003584     0x2  Data  Lc  mode.o [1]
MODE_MotorAction::positionValueDeltaAverage
                        0x20003586     0x2  Data  Lc  mode.o [1]
MODE_MotorAction::positionValueDeltaList
                        0x200032f8    0x3c  Data  Lc  mode.o [1]
MODE_MotorOutBuffer     0x200034d4     0x4  Data  Gb  freertos.o [1]
MODE_MotorOutControlBlock
                        0x20003144    0x50  Data  Gb  freertos.o [1]
MODE_MotorOutQueueHandle
                        0x200034d0     0x4  Data  Gb  freertos.o [1]
MODE_MotorOutQueue_attributes
                        0x08009a38    0x18  Data  Gb  freertos.o [1]
MODE_Task               0x08005d35   0x104  Code  Gb  mode.o [1]
MODE_Task::errorRecoveryTimer
                        0x2000358e     0x2  Data  Lc  mode.o [1]
MODE_Task::positionValueOld
                        0x2000358c     0x2  Data  Lc  mode.o [1]
MODE_attributes         0x080098e4    0x24  Data  Gb  freertos.o [1]
MX_CAN_Init             0x08001c09    0x60  Code  Gb  can.o [1]
MX_FREERTOS_Init        0x0800382d    0x9c  Code  Gb  freertos.o [1]
MX_GPIO_Init            0x08001af1   0x118  Code  Gb  gpio.o [1]
MX_I2C2_Init            0x08003069    0x56  Code  Gb  i2c.o [1]
MX_RTC_Init             0x08002a69    0x28  Code  Gb  rtc.o [1]
MX_SPI1_Init            0x08002ad1    0x60  Code  Gb  spi.o [1]
MX_TIM1_Init            0x08002ba1    0xa6  Code  Gb  tim.o [1]
MX_TIM3_Init            0x08002c47    0xb8  Code  Gb  tim.o [1]
MX_USART1_UART_Init     0x08001e41    0x52  Code  Gb  usart.o [1]
MX_USB_PCD_Init         0x08000dc5    0x36  Code  Gb  usb.o [1]
MemManage_Handler       0x0800973d     0x2  Code  Gb  stm32f1xx_it.o [1]
MotorOutEventHandle     0x200034d8     0x4  Data  Gb  freertos.o [1]
MotorOutEvent_attributes
                        0x08009a74    0x10  Data  Gb  freertos.o [1]
NMI_Handler             0x08009739     0x2  Code  Gb  stm32f1xx_it.o [1]
NVIC_EncodePriority     0x080019d7    0x3e  Code  Lc  stm32f1xx_hal_cortex.o [1]
PCD_EP_ISR_Handler      0x0800046b   0x3e8  Code  Lc  stm32f1xx_hal_pcd.o [1]
PendSV_Handler          0x080095ad          Code  Gb  portasm.o [1]
RCC_Delay               0x08003feb    0x24  Code  Lc  stm32f1xx_hal_rcc.o [1]
RTC_EnterInitMode       0x08005ffb    0x36  Code  Lc  stm32f1xx_hal_rtc.o [1]
RTC_ExitInitMode        0x08006031    0x36  Code  Lc  stm32f1xx_hal_rtc.o [1]
Region$$Table$$Base     0x0800992c           --   Gb  - Linker created -
Region$$Table$$Limit    0x08009950           --   Gb  - Linker created -
SENT_CurrentPositionBuffer
                        0x2000356c     0x2  Data  Gb  freertos.o [1]
SENT_CurrentPositionControlBlock
                        0x20003054    0x50  Data  Gb  freertos.o [1]
SENT_CurrentPositionQueueHandle
                        0x200034c4     0x4  Data  Gb  freertos.o [1]
SENT_CurrentPositionQueue_attributes
                        0x080099f0    0x18  Data  Gb  freertos.o [1]
SVC_Handler             0x080095f3          Code  Gb  portasm.o [1]
StartDefaultTask        0x080038c9    0x2c  Code  Gb  freertos.o [1]
SysTick_Config          0x08001a31    0x2e  Code  Lc  stm32f1xx_hal_cortex.o [1]
SysTick_Handler         0x08009745    0x14  Code  Gb  stm32f1xx_it.o [1]
SystemClock_Config      0x080018d5    0x96  Code  Gb  main.o [1]
SystemCoreClock         0x200000fc     0x4  Data  Gb  system_stm32f1xx.o [1]
SystemInit              0x08009bed     0x2  Code  Gb  system_stm32f1xx.o [1]
TIM1_CC_IRQHandler      0x08009783     0xa  Code  Gb  stm32f1xx_it.o [1]
TIMHandle               0x200034b8     0x4  Data  Gb  freertos.o [1]
TIM_Base_SetConfig      0x080067b7    0x64  Code  Gb  stm32f1xx_hal_tim.o [1]
TIM_CCxChannelCmd       0x08006a8d    0x26  Code  Gb  stm32f1xx_hal_tim.o [1]
TIM_OC1_SetConfig       0x0800681b    0x5a  Code  Lc  stm32f1xx_hal_tim.o [1]
TIM_OC2_SetConfig       0x08006875    0x64  Code  Gb  stm32f1xx_hal_tim.o [1]
TIM_OC3_SetConfig       0x080068d9    0x62  Code  Lc  stm32f1xx_hal_tim.o [1]
TIM_OC4_SetConfig       0x0800693b    0x46  Code  Lc  stm32f1xx_hal_tim.o [1]
TIM_TI1_SetConfig       0x08006981    0x5e  Code  Gb  stm32f1xx_hal_tim.o [1]
TIM_TI2_SetConfig       0x080069ed    0x36  Code  Lc  stm32f1xx_hal_tim.o [1]
TIM_TI3_SetConfig       0x08006a23    0x34  Code  Lc  stm32f1xx_hal_tim.o [1]
TIM_TI4_SetConfig       0x08006a57    0x36  Code  Lc  stm32f1xx_hal_tim.o [1]
TIM_attributes          0x080098c0    0x24  Data  Gb  freertos.o [1]
Timer_Stack             0x20002564   0x400  Data  Lc  cmsis_os2.o [1]
Timer_TCB               0x20002f4c    0x5c  Data  Lc  cmsis_os2.o [1]
UARTHandle              0x200034b4     0x4  Data  Gb  freertos.o [1]
UART_DMAAbortOnError    0x08004de5    0x12  Code  Lc  stm32f1xx_hal_uart.o [1]
UART_EndRxTransfer      0x08004dad    0x36  Code  Lc  stm32f1xx_hal_uart.o [1]
UART_EndTransmit_IT     0x08004e5b    0x1c  Code  Lc  stm32f1xx_hal_uart.o [1]
UART_Receive_IT         0x08004e77    0xdc  Code  Lc  stm32f1xx_hal_uart.o [1]
UART_SetConfig          0x08004f53    0xd8  Code  Lc  stm32f1xx_hal_uart.o [1]
UART_Start_Receive_IT   0x08004d6f    0x3e  Code  Gb  stm32f1xx_hal_uart.o [1]
UART_Transmit_IT        0x08004df9    0x62  Code  Lc  stm32f1xx_hal_uart.o [1]
UART_attributes         0x0800989c    0x24  Data  Gb  freertos.o [1]
USART1_IRQHandler       0x0800978d     0xa  Code  Gb  stm32f1xx_it.o [1]
USB_CoreInit            0x08000e4d     0x8  Code  Gb  stm32f1xx_ll_usb.o [1]
USB_DevDisconnect       0x08001771     0x4  Code  Gb  stm32f1xx_ll_usb.o [1]
USB_DevInit             0x08000e6d    0x20  Code  Gb  stm32f1xx_ll_usb.o [1]
USB_DisableGlobalInt    0x08000e55    0x14  Code  Gb  stm32f1xx_ll_usb.o [1]
USB_EPStartXfer         0x08000e8d   0x8d4  Code  Gb  stm32f1xx_ll_usb.o [1]
USB_HP_CAN1_TX_IRQHandler
                        0x08009759    0x10  Code  Gb  stm32f1xx_it.o [1]
USB_LP_CAN1_RX0_IRQHandler
                        0x08009769    0x10  Code  Gb  stm32f1xx_it.o [1]
USB_ReadInterrupts      0x08001775     0x6  Code  Gb  stm32f1xx_ll_usb.o [1]
USB_ReadPMA             0x080017ad    0x36  Code  Gb  stm32f1xx_ll_usb.o [1]
USB_SetCurrentMode      0x08000e69     0x4  Code  Gb  stm32f1xx_ll_usb.o [1]
USB_SetDevAddress       0x08001761    0x10  Code  Gb  stm32f1xx_ll_usb.o [1]
USB_WritePMA            0x0800177b    0x32  Code  Gb  stm32f1xx_ll_usb.o [1]
UsageFault_Handler      0x08009741     0x2  Code  Gb  stm32f1xx_it.o [1]
__NVIC_EnableIRQ        0x08001997    0x1c  Code  Lc  stm32f1xx_hal_cortex.o [1]
__NVIC_GetPriorityGrouping
                        0x0800198d     0xa  Code  Lc  stm32f1xx_hal_cortex.o [1]
__NVIC_SetPriority      0x080019b3    0x24  Code  Lc  stm32f1xx_hal_cortex.o [1]
__NVIC_SetPriorityGrouping
                        0x08001971    0x1c  Code  Lc  stm32f1xx_hal_cortex.o [1]
__NVIC_SystemReset      0x08001a15    0x1c  Code  Lc  stm32f1xx_hal_cortex.o [1]
__aeabi_memclr4         0x08003965          Code  Gb  ABImemclr4.o [4]
__aeabi_memcpy          0x080017e5          Code  Gb  ABImemcpy.o [4]
__aeabi_memcpy4         0x08001805          Code  Gb  ABImemcpy.o [4]
__aeabi_memcpy8         0x08001805          Code  Gb  ABImemcpy.o [4]
__aeabi_memset          0x08009545          Code  Gb  ABImemset.o [4]
__cmain                 0x08009971          Code  Gb  cmain.o [4]
__exit                  0x080099a5    0x14  Code  Gb  exit.o [5]
__iar_Memset            0x08009545          Code  Gb  ABImemset.o [4]
__iar_Memset4_word      0x08008a1d          Code  Gb  ABImemset48.o [4]
__iar_Memset8_word      0x08008a1d          Code  Gb  ABImemset48.o [4]
__iar_Memset_word       0x0800954d          Code  Gb  ABImemset.o [4]
__iar_copy_init3        0x08009801    0x2c  Code  Gb  copy_init3.o [4]
__iar_data_init3        0x0800982d    0x28  Code  Gb  data_init.o [4]
__iar_program_start     0x08009ae1          Code  Gb  cstartup_M.o [4]
__iar_systems$$module {Abs}
                        0x00000001          Data  Gb  command line/config [2]
__iar_zero_init3        0x080097c1    0x40  Code  Gb  zero_init3.o [4]
__low_level_init        0x0800998f     0x4  Code  Gb  low_level_init.o [3]
__vector_table          0x08000000          Data  Gb  startup_stm32f103xb.o [1]
_call_main              0x0800997d          Code  Gb  cmain.o [4]
_exit                   0x08009999          Code  Gb  cexit.o [4]
_main                   0x0800998b          Code  Gb  cmain.o [4]
canData                 0x20003444     0xc  Data  Gb  can.o [1]
controlMode             0x200035a3     0x1  Data  Lc  mode.o [1]
crc4_cal                0x08002dfd    0x3c  Code  Gb  tim.o [1]
currentMode             0x200035a0     0x1  Data  Lc  mode.o [1]
defaultTaskHandle       0x200034ac     0x4  Data  Gb  freertos.o [1]
defaultTask_attributes  0x08009854    0x24  Data  Gb  freertos.o [1]
eeData                  0x2000002c    0xc0  Data  Lc  i2c.o [1]
eeDefaultData           0x20000000    0x2c  Data  Lc  i2c.o [1]
eeMirrorData            0x20003334    0x2c  Data  Lc  i2c.o [1]
errorStatus             0x200035a7     0x1  Data  Lc  mode.o [1]
exit                    0x08009993     0x4  Code  Gb  exit.o [3]
hcan                    0x20003360    0x28  Data  Gb  can.o [1]
hi2c2                   0x20003000    0x54  Data  Gb  i2c.o [1]
hpcd_USB_FS             0x20002964   0x2ec  Data  Gb  usb.o [1]
hrtc                    0x200033a4    0x14  Data  Gb  rtc.o [1]
hspi1                   0x20002fa8    0x58  Data  Gb  spi.o [1]
htim1                   0x200031e4    0x48  Data  Gb  tim.o [1]
htim3                   0x2000322c    0x48  Data  Gb  tim.o [1]
huart1                  0x20003274    0x44  Data  Gb  usart.o [1]
linMasterCalMessage     0x200034a0     0x8  Data  Lc  usart.o [1]
linMasterMcvMessage     0x20003488     0x8  Data  Lc  usart.o [1]
linMasterMcvReceivedFlag
                        0x200035af     0x1  Data  Lc  usart.o [1]
linMasterMessage        0x20003478     0x8  Data  Lc  usart.o [1]
linMasterReceivedFlag   0x200035ae     0x1  Data  Lc  usart.o [1]
linState                0x200035b0     0x1  Data  Lc  usart.o [1]
linTransferData         0x20003388    0x1c  Data  Lc  usart.o [1]
linYtCalMessage         0x20003498     0x8  Data  Lc  usart.o [1]
linYtSentMessage        0x20003480     0x8  Data  Lc  usart.o [1]
linYtStatusMessage      0x20003490     0x8  Data  Lc  usart.o [1]
main                    0x08001899    0x3c  Code  Gb  main.o [1]
masterTargetPos         0x20003570     0x2  Data  Lc  mode.o [1]
modeCommand             0x2000359f     0x1  Data  Lc  mode.o [1]
modeCurrentPos          0x200034ec     0x4  Data  Lc  mode.o [1]
modeCurrentStatus       0x200035a6     0x1  Data  Lc  mode.o [1]
modeMotorOut            0x200034f4     0x4  Data  Lc  mode.o [1]
modeMotorOutOld         0x200034f8     0x4  Data  Lc  mode.o [1]
modeMotorRunStep        0x200035a4     0x1  Data  Lc  mode.o [1]
modeMotorStatus         0x200035a5     0x1  Data  Lc  mode.o [1]
modeRunStep             0x2000359e     0x1  Data  Lc  mode.o [1]
modeTargetPos           0x200034f0     0x4  Data  Lc  mode.o [1]
osDelay                 0x08003575    0x38  Code  Gb  cmsis_os2.o [1]
osEventFlagsNew         0x080035b1    0x6c  Code  Gb  cmsis_os2.o [1]
osKernelInitialize      0x080033c5    0x44  Code  Gb  cmsis_os2.o [1]
osKernelStart           0x08003409    0x4a  Code  Gb  cmsis_os2.o [1]
osMessageQueueGet       0x08003765    0x8e  Code  Gb  cmsis_os2.o [1]
osMessageQueueNew       0x08003625    0xae  Code  Gb  cmsis_os2.o [1]
osMessageQueuePut       0x080036d3    0x92  Code  Gb  cmsis_os2.o [1]
osThreadNew             0x08003453    0xe4  Code  Gb  cmsis_os2.o [1]
osThreadYield           0x08003537    0x3e  Code  Gb  cmsis_os2.o [1]
pcInterruptPriorityRegisters
                        0x08009b50     0x4  Data  Lc  port.o [1]
positionValue           0x20003590     0x2  Data  Gb  tim.o [1]
prvAddCurrentTaskToDelayedList
                        0x0800817d    0x64  Code  Lc  tasks.o [1]
prvAddNewTaskToReadyList
                        0x08007889    0xc2  Code  Lc  tasks.o [1]
prvCheckForValidListAndQueue
                        0x08009493    0x52  Code  Lc  timers.o [1]
prvCheckForValidListAndQueue{1}{2}{3}{4}::ucStaticTimerQueueStorage
                        0x20002e50    0xa0  Data  Lc  timers.o [1]
prvCheckForValidListAndQueue{1}{2}{3}{4}::xStaticTimerQueue
                        0x20003194    0x50  Data  Lc  timers.o [1]
prvCheckTasksWaitingTermination
                        0x08007fdb    0x48  Code  Lc  tasks.o [1]
prvCopyDataFromQueue    0x080088d3    0x2a  Code  Lc  queue.o [1]
prvCopyDataToQueue      0x0800884d    0x86  Code  Lc  queue.o [1]
prvDeleteTCB            0x08008023    0x42  Code  Lc  tasks.o [1]
prvGetNextExpireTime    0x0800927b    0x2c  Code  Lc  timers.o [1]
prvHeapInit             0x08008db5    0x62  Code  Lc  heap_4.o [1]
prvIdleTask             0x08007f55    0x24  Code  Lc  tasks.o [1]
prvInitialiseNewQueue   0x080083ad    0x22  Code  Lc  queue.o [1]
prvInitialiseNewTask    0x080077d3    0xb6  Code  Lc  tasks.o [1]
prvInitialiseTaskLists  0x08007f81    0x5a  Code  Lc  tasks.o [1]
prvInsertBlockIntoFreeList
                        0x08008e17    0x58  Code  Lc  heap_4.o [1]
prvInsertTimerInActiveList
                        0x080092d3    0x3e  Code  Lc  timers.o [1]
prvIsQueueEmpty         0x0800896f    0x1c  Code  Lc  queue.o [1]
prvIsQueueFull          0x0800898b    0x1e  Code  Lc  queue.o [1]
prvProcessExpiredTimer  0x08009197    0x5a  Code  Lc  timers.o [1]
prvProcessReceivedCommands
                        0x08009311   0x104  Code  Lc  timers.o [1]
prvProcessTimerOrBlockTask
                        0x08009205    0x76  Code  Lc  timers.o [1]
prvResetNextTaskUnblockTime
                        0x08008065    0x28  Code  Lc  tasks.o [1]
prvSampleTimeNow        0x080092a7    0x2c  Code  Lc  timers.o [1]
prvSampleTimeNow::xLastTime
                        0x20003560     0x4  Data  Lc  timers.o [1]
prvSwitchTimerLists     0x08009415    0x7e  Code  Lc  timers.o [1]
prvTaskExitError        0x08008ead    0x2a  Code  Lc  port.o [1]
prvTestWaitCondition    0x08005279    0x1a  Code  Lc  event_groups.o [1]
prvTimerTask            0x080091f1    0x14  Code  Lc  timers.o [1]
prvUnlockQueue          0x080088fd    0x72  Code  Lc  queue.o [1]
pvPortMalloc            0x08008c31   0x10e  Code  Gb  heap_4.o [1]
pwmMotorOut             0x20003540     0x4  Data  Lc  tim.o [1]
pxCurrentTCB            0x20003504     0x4  Data  Gb  tasks.o [1]
pxCurrentTimerList      0x20003550     0x4  Data  Lc  timers.o [1]
pxDelayedTaskList       0x20003508     0x4  Data  Lc  tasks.o [1]
pxEnd                   0x200034dc     0x4  Data  Lc  heap_4.o [1]
pxOverflowDelayedTaskList
                        0x2000350c     0x4  Data  Lc  tasks.o [1]
pxOverflowTimerList     0x20003554     0x4  Data  Lc  timers.o [1]
pxPortInitialiseStack   0x08008e8d    0x20  Code  Gb  port.o [1]
pxReadyTasksLists       0x20002104   0x460  Data  Lc  tasks.o [1]
runCycle                0x200035a1     0x1  Data  Lc  mode.o [1]
timerValue              0x20003592     0x2  Data  Gb  tim.o [1]
uartEventHandle         0x20003564     0x4  Data  Lc  usart.o [1]
ucHeap                  0x20000104  0x2000  Data  Lc  heap_4.o [1]
ucMaxSysCallPriority    0x200035ab     0x1  Data  Lc  port.o [1]
ulMaxPRIGROUPValue      0x200034fc     0x4  Data  Lc  port.o [1]
uwTick                  0x20003500     0x4  Data  Gb  stm32f1xx_hal.o [1]
uwTickFreq              0x20000102     0x1  Data  Gb  stm32f1xx_hal.o [1]
uwTickPrio              0x200000f8     0x4  Data  Gb  stm32f1xx_hal.o [1]
uxCriticalNesting       0x200000f4     0x4  Data  Lc  port.o [1]
uxCurrentNumberOfTasks  0x20003514     0x4  Data  Lc  tasks.o [1]
uxDeletedTasksWaitingCleanUp
                        0x20003510     0x4  Data  Lc  tasks.o [1]
uxListRemove            0x08008c09    0x26  Code  Gb  list.o [1]
uxPendedTicks           0x20003524     0x4  Data  Lc  tasks.o [1]
uxSchedulerSuspended    0x2000353c     0x4  Data  Lc  tasks.o [1]
uxTaskNumber            0x20003530     0x4  Data  Lc  tasks.o [1]
uxTaskResetEventItemValue
                        0x0800814d    0x1e  Code  Gb  tasks.o [1]
uxTopReadyPriority      0x2000351c     0x4  Data  Lc  tasks.o [1]
vApplicationGetIdleTaskMemory
                        0x080037f5     0xe  Code  Gb  cmsis_os2.o [1]
vApplicationGetTimerTaskMemory
                        0x08003803    0x10  Code  Gb  cmsis_os2.o [1]
vEventGroupSetBitsCallback
                        0x08005271     0x8  Code  Gb  event_groups.o [1]
vListInitialise         0x08008b97    0x1e  Code  Gb  list.o [1]
vListInitialiseItem     0x08008bb5     0x6  Code  Gb  list.o [1]
vListInsert             0x08008bd3    0x36  Code  Gb  list.o [1]
vListInsertEnd          0x08008bbb    0x18  Code  Gb  list.o [1]
vPortEnterCritical      0x08008f79    0x3a  Code  Gb  port.o [1]
vPortExitCritical       0x08008fb3    0x32  Code  Gb  port.o [1]
vPortFree               0x08008d3f    0x76  Code  Gb  heap_4.o [1]
vPortStartFirstTask     0x08009613          Code  Gb  portasm.o [1]
vPortValidateInterruptPriority
                        0x0800900d    0x4a  Code  Gb  port.o [1]
vQueueAddToRegistry     0x080089a9    0x24  Code  Gb  queue.o [1]
vQueueWaitForMessageRestricted
                        0x080089d1    0x4a  Code  Gb  queue.o [1]
vTaskDelay              0x0800794b    0x4c  Code  Gb  tasks.o [1]
vTaskInternalSetTimeOutState
                        0x08007eab    0x12  Code  Gb  tasks.o [1]
vTaskMissedYield        0x08007f4b     0xa  Code  Gb  tasks.o [1]
vTaskPlaceOnEventList   0x08007ccd    0x2e  Code  Gb  tasks.o [1]
vTaskPlaceOnEventListRestricted
                        0x08007d5d    0x38  Code  Gb  tasks.o [1]
vTaskPlaceOnUnorderedEventList
                        0x08007d01    0x52  Code  Gb  tasks.o [1]
vTaskRemoveFromUnorderedEventList
                        0x08007e29    0x82  Code  Gb  tasks.o [1]
vTaskStartScheduler     0x08007997    0x9a  Code  Gb  tasks.o [1]
vTaskSuspendAll         0x08007a31    0x10  Code  Gb  tasks.o [1]
vTaskSwitchContext      0x08007c5b    0x72  Code  Gb  tasks.o [1]
valveType               0x200035a2     0x1  Data  Lc  mode.o [1]
xActiveTimerList1       0x2000341c    0x14  Data  Lc  timers.o [1]
xActiveTimerList2       0x20003430    0x14  Data  Lc  timers.o [1]
xBlockAllocatedBit      0x200034e8     0x4  Data  Lc  heap_4.o [1]
xDelayedTaskList1       0x200033b8    0x14  Data  Lc  tasks.o [1]
xDelayedTaskList2       0x200033cc    0x14  Data  Lc  tasks.o [1]
xEventGroupCreate       0x0800507d    0x20  Code  Gb  event_groups.o [1]
xEventGroupCreateStatic
                        0x08005035    0x48  Code  Gb  event_groups.o [1]
xEventGroupSetBits      0x080051c5    0xac  Code  Gb  event_groups.o [1]
xEventGroupSetBitsFromISR
                        0x08005293    0x10  Code  Gb  event_groups.o [1]
xEventGroupWaitBits     0x0800509d   0x128  Code  Gb  event_groups.o [1]
xFreeBytesRemaining     0x200034e0     0x4  Data  Lc  heap_4.o [1]
xHeapStructSize         0x08009b4c     0x4  Data  Lc  heap_4.o [1]
xIdleTaskHandle         0x20003538     0x4  Data  Lc  tasks.o [1]
xMinimumEverFreeBytesRemaining
                        0x200034e4     0x4  Data  Lc  heap_4.o [1]
xNextTaskUnblockTime    0x20003534     0x4  Data  Lc  tasks.o [1]
xNumOfOverflows         0x2000352c     0x4  Data  Lc  tasks.o [1]
xPendingReadyList       0x200033e0    0x14  Data  Lc  tasks.o [1]
xPortStartScheduler     0x08008ed7    0xa2  Code  Gb  port.o [1]
xPortSysTickHandler     0x08008fe5    0x28  Code  Gb  port.o [1]
xQueueGenericCreate     0x0800835d    0x50  Code  Gb  queue.o [1]
xQueueGenericCreateStatic
                        0x080082b7    0xa6  Code  Gb  queue.o [1]
xQueueGenericReset      0x08008221    0x96  Code  Gb  queue.o [1]
xQueueGenericSend       0x080083cf   0x196  Code  Gb  queue.o [1]
xQueueGenericSendFromISR
                        0x08008565    0xdc  Code  Gb  queue.o [1]
xQueueReceive           0x08008641   0x15a  Code  Gb  queue.o [1]
xQueueReceiveFromISR    0x080087a1    0xac  Code  Gb  queue.o [1]
xQueueRegistry          0x200032b8    0x40  Data  Gb  queue.o [1]
xSchedulerRunning       0x20003520     0x4  Data  Lc  tasks.o [1]
xStart                  0x20003468     0x8  Data  Lc  heap_4.o [1]
xSuspendedTaskList      0x20003408    0x14  Data  Lc  tasks.o [1]
xTaskCheckForTimeOut    0x08007ec9    0x82  Code  Gb  tasks.o [1]
xTaskCreate             0x0800775f    0x74  Code  Gb  tasks.o [1]
xTaskCreateStatic       0x080076dd    0x82  Code  Gb  tasks.o [1]
xTaskGetSchedulerState  0x0800808d    0x20  Code  Gb  tasks.o [1]
xTaskGetTickCount       0x08007b3d     0x8  Code  Gb  tasks.o [1]
xTaskIncrementTick      0x08007b45   0x116  Code  Gb  tasks.o [1]
xTaskPriorityDisinherit
                        0x080080ad    0x8e  Code  Gb  tasks.o [1]
xTaskRemoveFromEventList
                        0x08007da1    0x84  Code  Gb  tasks.o [1]
xTaskResumeAll          0x08007a41    0xfc  Code  Gb  tasks.o [1]
xTasksWaitingTermination
                        0x200033f4    0x14  Data  Lc  tasks.o [1]
xTickCount              0x20003518     0x4  Data  Lc  tasks.o [1]
xTimerCreateTimerTask   0x080090b1    0x6e  Code  Gb  timers.o [1]
xTimerGenericCommand    0x0800911f    0x78  Code  Gb  timers.o [1]
xTimerPendFunctionCallFromISR
                        0x080094e5    0x22  Code  Gb  timers.o [1]
xTimerQueue             0x20003558     0x4  Data  Lc  timers.o [1]
xTimerTaskHandle        0x2000355c     0x4  Data  Lc  timers.o [1]
xYieldPending           0x20003528     0x4  Data  Lc  tasks.o [1]


[1] = E:\050_Workspace\010_YTP_SENT\040_Software\41_Cube\Code\GoodProject\EWARM\GoodProject\Obj
[2] = command line
[3] = dl7M_tlf.a
[4] = rt7M_tl.a
[5] = shb_l.a

  38 986 bytes of readonly  code memory
     932 bytes of readonly  data memory
  14 771 bytes of readwrite data memory

Errors: none
Warnings: none
