###############################################################################
#
# IAR ELF Linker V8.22.1.15669/W32 for ARM                05/Apr/2022  23:15:30
# Copyright 2007-2018 IAR Systems AB.
#
#    Output file  =  
#        E:\050_Workspace\010_YTP_SENT\040_Software\41_Cube\Code\GoodProject\EWARM\GoodProject\Exe\GoodProject.out
#    Map file     =  
#        E:\050_Workspace\010_YTP_SENT\040_Software\41_Cube\Code\GoodProject\EWARM\GoodProject\List\GoodProject.map
#    Command line =  
#        -f C:\Users\YUETIN~1\AppData\Local\Temp\EW52CE.tmp
#        (E:\050_Workspace\010_YTP_SENT\040_Software\41_Cube\Code\GoodProject\EWARM\GoodProject\Obj\can.o
#        E:\050_Workspace\010_YTP_SENT\040_Software\41_Cube\Code\GoodProject\EWARM\GoodProject\Obj\cmsis_os2.o
#        E:\050_Workspace\010_YTP_SENT\040_Software\41_Cube\Code\GoodProject\EWARM\GoodProject\Obj\croutine.o
#        E:\050_Workspace\010_YTP_SENT\040_Software\41_Cube\Code\GoodProject\EWARM\GoodProject\Obj\event_groups.o
#        E:\050_Workspace\010_YTP_SENT\040_Software\41_Cube\Code\GoodProject\EWARM\GoodProject\Obj\freertos.o
#        E:\050_Workspace\010_YTP_SENT\040_Software\41_Cube\Code\GoodProject\EWARM\GoodProject\Obj\gpio.o
#        E:\050_Workspace\010_YTP_SENT\040_Software\41_Cube\Code\GoodProject\EWARM\GoodProject\Obj\heap_4.o
#        E:\050_Workspace\010_YTP_SENT\040_Software\41_Cube\Code\GoodProject\EWARM\GoodProject\Obj\list.o
#        E:\050_Workspace\010_YTP_SENT\040_Software\41_Cube\Code\GoodProject\EWARM\GoodProject\Obj\main.o
#        E:\050_Workspace\010_YTP_SENT\040_Software\41_Cube\Code\GoodProject\EWARM\GoodProject\Obj\port.o
#        E:\050_Workspace\010_YTP_SENT\040_Software\41_Cube\Code\GoodProject\EWARM\GoodProject\Obj\portasm.o
#        E:\050_Workspace\010_YTP_SENT\040_Software\41_Cube\Code\GoodProject\EWARM\GoodProject\Obj\queue.o
#        E:\050_Workspace\010_YTP_SENT\040_Software\41_Cube\Code\GoodProject\EWARM\GoodProject\Obj\rtc.o
#        E:\050_Workspace\010_YTP_SENT\040_Software\41_Cube\Code\GoodProject\EWARM\GoodProject\Obj\spi.o
#        E:\050_Workspace\010_YTP_SENT\040_Software\41_Cube\Code\GoodProject\EWARM\GoodProject\Obj\startup_stm32f103xb.o
#        E:\050_Workspace\010_YTP_SENT\040_Software\41_Cube\Code\GoodProject\EWARM\GoodProject\Obj\stm32f1xx_hal.o
#        E:\050_Workspace\010_YTP_SENT\040_Software\41_Cube\Code\GoodProject\EWARM\GoodProject\Obj\stm32f1xx_hal_can.o
#        E:\050_Workspace\010_YTP_SENT\040_Software\41_Cube\Code\GoodProject\EWARM\GoodProject\Obj\stm32f1xx_hal_cortex.o
#        E:\050_Workspace\010_YTP_SENT\040_Software\41_Cube\Code\GoodProject\EWARM\GoodProject\Obj\stm32f1xx_hal_dma.o
#        E:\050_Workspace\010_YTP_SENT\040_Software\41_Cube\Code\GoodProject\EWARM\GoodProject\Obj\stm32f1xx_hal_exti.o
#        E:\050_Workspace\010_YTP_SENT\040_Software\41_Cube\Code\GoodProject\EWARM\GoodProject\Obj\stm32f1xx_hal_flash.o
#        E:\050_Workspace\010_YTP_SENT\040_Software\41_Cube\Code\GoodProject\EWARM\GoodProject\Obj\stm32f1xx_hal_flash_ex.o
#        E:\050_Workspace\010_YTP_SENT\040_Software\41_Cube\Code\GoodProject\EWARM\GoodProject\Obj\stm32f1xx_hal_gpio.o
#        E:\050_Workspace\010_YTP_SENT\040_Software\41_Cube\Code\GoodProject\EWARM\GoodProject\Obj\stm32f1xx_hal_gpio_ex.o
#        E:\050_Workspace\010_YTP_SENT\040_Software\41_Cube\Code\GoodProject\EWARM\GoodProject\Obj\stm32f1xx_hal_msp.o
#        E:\050_Workspace\010_YTP_SENT\040_Software\41_Cube\Code\GoodProject\EWARM\GoodProject\Obj\stm32f1xx_hal_pcd.o
#        E:\050_Workspace\010_YTP_SENT\040_Software\41_Cube\Code\GoodProject\EWARM\GoodProject\Obj\stm32f1xx_hal_pcd_ex.o
#        E:\050_Workspace\010_YTP_SENT\040_Software\41_Cube\Code\GoodProject\EWARM\GoodProject\Obj\stm32f1xx_hal_pwr.o
#        E:\050_Workspace\010_YTP_SENT\040_Software\41_Cube\Code\GoodProject\EWARM\GoodProject\Obj\stm32f1xx_hal_rcc.o
#        E:\050_Workspace\010_YTP_SENT\040_Software\41_Cube\Code\GoodProject\EWARM\GoodProject\Obj\stm32f1xx_hal_rcc_ex.o
#        E:\050_Workspace\010_YTP_SENT\040_Software\41_Cube\Code\GoodProject\EWARM\GoodProject\Obj\stm32f1xx_hal_rtc.o
#        E:\050_Workspace\010_YTP_SENT\040_Software\41_Cube\Code\GoodProject\EWARM\GoodProject\Obj\stm32f1xx_hal_rtc_ex.o
#        E:\050_Workspace\010_YTP_SENT\040_Software\41_Cube\Code\GoodProject\EWARM\GoodProject\Obj\stm32f1xx_hal_spi.o
#        E:\050_Workspace\010_YTP_SENT\040_Software\41_Cube\Code\GoodProject\EWARM\GoodProject\Obj\stm32f1xx_hal_tim.o
#        E:\050_Workspace\010_YTP_SENT\040_Software\41_Cube\Code\GoodProject\EWARM\GoodProject\Obj\stm32f1xx_hal_tim_ex.o
#        E:\050_Workspace\010_YTP_SENT\040_Software\41_Cube\Code\GoodProject\EWARM\GoodProject\Obj\stm32f1xx_hal_uart.o
#        E:\050_Workspace\010_YTP_SENT\040_Software\41_Cube\Code\GoodProject\EWARM\GoodProject\Obj\stm32f1xx_it.o
#        E:\050_Workspace\010_YTP_SENT\040_Software\41_Cube\Code\GoodProject\EWARM\GoodProject\Obj\stm32f1xx_ll_usb.o
#        E:\050_Workspace\010_YTP_SENT\040_Software\41_Cube\Code\GoodProject\EWARM\GoodProject\Obj\stream_buffer.o
#        E:\050_Workspace\010_YTP_SENT\040_Software\41_Cube\Code\GoodProject\EWARM\GoodProject\Obj\system_stm32f1xx.o
#        E:\050_Workspace\010_YTP_SENT\040_Software\41_Cube\Code\GoodProject\EWARM\GoodProject\Obj\tasks.o
#        E:\050_Workspace\010_YTP_SENT\040_Software\41_Cube\Code\GoodProject\EWARM\GoodProject\Obj\tim.o
#        E:\050_Workspace\010_YTP_SENT\040_Software\41_Cube\Code\GoodProject\EWARM\GoodProject\Obj\timers.o
#        E:\050_Workspace\010_YTP_SENT\040_Software\41_Cube\Code\GoodProject\EWARM\GoodProject\Obj\usart.o
#        E:\050_Workspace\010_YTP_SENT\040_Software\41_Cube\Code\GoodProject\EWARM\GoodProject\Obj\usb.o
#        --redirect _Printf=_PrintfFull --redirect _Scanf=_ScanfFull -o
#        E:\050_Workspace\010_YTP_SENT\040_Software\41_Cube\Code\GoodProject\EWARM\GoodProject\Exe\GoodProject.out
#        --map
#        E:\050_Workspace\010_YTP_SENT\040_Software\41_Cube\Code\GoodProject\EWARM\GoodProject\List\GoodProject.map
#        --config
#        E:\050_Workspace\010_YTP_SENT\040_Software\41_Cube\Code\GoodProject\EWARM/stm32f103xb_flash.icf
#        --semihosting --entry __iar_program_start --vfe --text_out locale)
#
###############################################################################

*******************************************************************************
*** RUNTIME MODEL ATTRIBUTES
***

CppFlavor       = *
__SystemLibrary = DLib
__dlib_version  = 6


*******************************************************************************
*** HEAP SELECTION
***

The basic heap was selected because no calls to memory allocation
functions were found in the application outside of system library
functions, and there are calls to deallocation functions in the
application.


*******************************************************************************
*** PLACEMENT SUMMARY
***

"A0":  place at 0x08000000 { ro section .intvec };
"P1":  place in [from 0x08000000 to 0x0801ffff] { ro };
define block CSTACK with size = 1K, alignment = 8 { };
define block HEAP with size = 512, alignment = 8 { };
"P2":  place in [from 0x20000000 to 0x20004fff] {
          rw, block CSTACK, block HEAP };
initialize by copy { rw };

  Section            Kind        Address    Size  Object
  -------            ----        -------    ----  ------
"A0":                                       0xec
  .intvec            ro code  0x08000000    0xec  startup_stm32f103xb.o [1]
                            - 0x080000ec    0xec

"P1":                                     0x5570
  .text              ro code  0x080000ec   0x890  stm32f1xx_hal_pcd.o [1]
  .text              ro code  0x0800097c    0x78  usb.o [1]
  .text              ro code  0x080009f4   0x5dc  stm32f1xx_ll_usb.o [1]
  .text              ro code  0x08000fd0    0xa6  ABImemcpy.o [4]
  .text              ro code  0x08001076     0x2  stm32f1xx_hal_pcd.o [1]
  .text              ro code  0x08001078     0x2  stm32f1xx_hal_pcd.o [1]
  .text              ro code  0x0800107a     0x2  stm32f1xx_hal_pcd.o [1]
  .text              ro code  0x0800107c     0x2  stm32f1xx_hal_pcd.o [1]
  .text              ro code  0x0800107e     0x2  stm32f1xx_hal_pcd.o [1]
  .text              ro code  0x08001080     0x2  stm32f1xx_hal_pcd.o [1]
  .text              ro code  0x08001082     0x2  stm32f1xx_hal_pcd.o [1]
  .text              ro code  0x08001084    0xc4  main.o [1]
  .text              ro code  0x08001148    0xc8  stm32f1xx_hal_cortex.o [1]
  .text              ro code  0x08001210    0x24  stm32f1xx_hal.o [1]
  .text              ro code  0x08001234   0x100  gpio.o [1]
  .text              ro code  0x08001334   0x164  can.o [1]
  .text              ro code  0x08001498   0x278  usart.o [1]
  .text              ro code  0x08001710    0x60  rtc.o [1]
  .text              ro code  0x08001770    0xa8  spi.o [1]
  .text              ro code  0x08001818   0x380  tim.o [1]
  .text              ro code  0x08001b98   0x200  cmsis_os2.o [1]
  .text              ro code  0x08001d98   0x12c  freertos.o [1]
  .text              ro code  0x08001ec4     0x6  ABImemclr4.o [4]
  .text              ro code  0x08001ecc   0x4da  stm32f1xx_hal_rcc.o [1]
  .text              ro code  0x080023a8   0x1b2  stm32f1xx_hal_rcc_ex.o [1]
  .text              ro code  0x0800255c    0x40  stm32f1xx_hal.o [1]
  .text              ro code  0x0800259c    0x4c  stm32f1xx_hal_msp.o [1]
  .text              ro code  0x080025e8   0x1d4  stm32f1xx_hal_gpio.o [1]
  .text              ro code  0x080027bc   0x448  stm32f1xx_hal_can.o [1]
  .text              ro code  0x08002c04   0x4d8  stm32f1xx_hal_uart.o [1]
  .text              ro code  0x080030dc   0x1e4  event_groups.o [1]
  .text              ro code  0x080032c0   0x140  stm32f1xx_hal_rtc.o [1]
  .text              ro code  0x08003400    0x10  stm32f1xx_hal_pwr.o [1]
  .text              ro code  0x08003410    0xb6  stm32f1xx_hal_spi.o [1]
  .text              ro code  0x080034c8   0x7c8  stm32f1xx_hal_tim.o [1]
  .text              ro code  0x08003c90    0x64  stm32f1xx_hal_tim_ex.o [1]
  .text              ro code  0x08003cf4   0x7ec  tasks.o [1]
  .text              ro code  0x080044e0    0x3a  ABImemset48.o [4]
  .text              ro code  0x0800451c     0xc  stm32f1xx_hal.o [1]
  .text              ro code  0x08004528     0x2  stm32f1xx_hal_can.o [1]
  .text              ro code  0x0800452a     0x2  stm32f1xx_hal_can.o [1]
  .text              ro code  0x0800452c     0x2  stm32f1xx_hal_can.o [1]
  .text              ro code  0x0800452e     0x2  stm32f1xx_hal_can.o [1]
  .text              ro code  0x08004530     0x2  stm32f1xx_hal_can.o [1]
  .text              ro code  0x08004532     0x2  stm32f1xx_hal_can.o [1]
  .text              ro code  0x08004534     0x2  stm32f1xx_hal_can.o [1]
  .text              ro code  0x08004536     0x2  stm32f1xx_hal_can.o [1]
  .text              ro code  0x08004538     0x2  stm32f1xx_hal_can.o [1]
  .text              ro code  0x0800453a     0x2  stm32f1xx_hal_can.o [1]
  .text              ro code  0x0800453c     0x2  stm32f1xx_hal_can.o [1]
  .text              ro code  0x0800453e     0x2  stm32f1xx_hal_can.o [1]
  .text              ro code  0x08004540     0x2  stm32f1xx_hal_can.o [1]
  .text              ro code  0x08004544   0x104  stm32f1xx_hal_dma.o [1]
  .text              ro code  0x08004648     0x2  stm32f1xx_hal_uart.o [1]
  .text              ro code  0x0800464a     0x2  stm32f1xx_hal_uart.o [1]
  .text              ro code  0x0800464c     0x2  stm32f1xx_hal_uart.o [1]
  .text              ro code  0x0800464e    0x90  list.o [1]
  .text              ro code  0x080046e0   0x1b4  heap_4.o [1]
  .text              ro code  0x08004894   0x1c4  port.o [1]
  .text              ro code  0x08004a58   0x35c  timers.o [1]
  .text              ro code  0x08004db4     0x2  stm32f1xx_hal_tim.o [1]
  .text              ro code  0x08004db6     0x2  stm32f1xx_hal_tim.o [1]
  .text              ro code  0x08004db8     0x2  stm32f1xx_hal_tim_ex.o [1]
  .text              ro code  0x08004dba     0x2  stm32f1xx_hal_tim.o [1]
  .text              ro code  0x08004dbc     0x2  stm32f1xx_hal_tim_ex.o [1]
  .text              ro code  0x08004dbe     0x2  stm32f1xx_hal_tim.o [1]
  CODE               ro code  0x08004dc0    0x88  portasm.o [1]
  .text              ro code  0x08004e48   0x588  queue.o [1]
  .text              ro code  0x080053d0    0x64  stm32f1xx_it.o [1]
  .text              ro code  0x08005434    0x10  stm32f1xx_hal.o [1]
  .text              ro code  0x08005444    0x40  zero_init3.o [4]
  .text              ro code  0x08005484    0x2c  copy_init3.o [4]
  .text              ro code  0x080054b0    0x28  data_init.o [4]
  .rodata            const    0x080054d8    0x24  freertos.o [1]
  Initializer bytes  const    0x080054fc    0x24  <for P2-1>
  .iar.init_table    const    0x08005520    0x24  - Linker created -
  .text              ro code  0x08005544    0x1e  cmain.o [4]
  .text              ro code  0x08005562     0x4  low_level_init.o [3]
  .text              ro code  0x08005566     0x4  exit.o [3]
  .text              ro code  0x0800556c     0xa  cexit.o [4]
  .text              ro code  0x08005578    0x14  exit.o [5]
  .text              ro code  0x0800558c    0x14  system_stm32f1xx.o [1]
  .text              ro code  0x080055a0    0x10  startup_stm32f103xb.o [1]
  .rodata            const    0x080055b0     0xc  usart.o [1]
  .text              ro code  0x080055bc     0xc  cstartup_M.o [4]
  .rodata            const    0x080055c8     0x8  system_stm32f1xx.o [1]
  .text              ro code  0x080055d0     0x4  startup_stm32f103xb.o [1]
  .text              ro code  0x080055d4     0x4  startup_stm32f103xb.o [1]
  .text              ro code  0x080055d8     0x4  startup_stm32f103xb.o [1]
  .text              ro code  0x080055dc     0x4  startup_stm32f103xb.o [1]
  .text              ro code  0x080055e0     0x4  startup_stm32f103xb.o [1]
  .text              ro code  0x080055e4     0x4  startup_stm32f103xb.o [1]
  .text              ro code  0x080055e8     0x4  startup_stm32f103xb.o [1]
  .text              ro code  0x080055ec     0x4  startup_stm32f103xb.o [1]
  .text              ro code  0x080055f0     0x4  startup_stm32f103xb.o [1]
  .text              ro code  0x080055f4     0x4  startup_stm32f103xb.o [1]
  .text              ro code  0x080055f8     0x4  startup_stm32f103xb.o [1]
  .text              ro code  0x080055fc     0x4  startup_stm32f103xb.o [1]
  .text              ro code  0x08005600     0x4  startup_stm32f103xb.o [1]
  .text              ro code  0x08005604     0x4  startup_stm32f103xb.o [1]
  .text              ro code  0x08005608     0x4  startup_stm32f103xb.o [1]
  .text              ro code  0x0800560c     0x4  startup_stm32f103xb.o [1]
  .text              ro code  0x08005610     0x4  startup_stm32f103xb.o [1]
  .text              ro code  0x08005614     0x4  startup_stm32f103xb.o [1]
  .text              ro code  0x08005618     0x4  startup_stm32f103xb.o [1]
  .text              ro code  0x0800561c     0x4  startup_stm32f103xb.o [1]
  .text              ro code  0x08005620     0x4  startup_stm32f103xb.o [1]
  .text              ro code  0x08005624     0x4  startup_stm32f103xb.o [1]
  .text              ro code  0x08005628     0x4  startup_stm32f103xb.o [1]
  .text              ro code  0x0800562c     0x4  startup_stm32f103xb.o [1]
  .text              ro code  0x08005630     0x4  startup_stm32f103xb.o [1]
  .text              ro code  0x08005634     0x4  startup_stm32f103xb.o [1]
  .text              ro code  0x08005638     0x4  startup_stm32f103xb.o [1]
  .text              ro code  0x0800563c     0x4  startup_stm32f103xb.o [1]
  .text              ro code  0x08005640     0x4  startup_stm32f103xb.o [1]
  .text              ro code  0x08005644     0x4  startup_stm32f103xb.o [1]
  .text              ro code  0x08005648     0x4  startup_stm32f103xb.o [1]
  .text              ro code  0x0800564c     0x4  startup_stm32f103xb.o [1]
  .text              ro code  0x08005650     0x4  startup_stm32f103xb.o [1]
  .text              ro code  0x08005654     0x4  startup_stm32f103xb.o [1]
  .text              ro code  0x08005658     0x4  startup_stm32f103xb.o [1]
  .rodata            const    0x0800565c     0x0  zero_init3.o [4]
  .rodata            const    0x0800565c     0x0  copy_init3.o [4]
                            - 0x0800565c  0x5570

"P2", part 1 of 3:                          0x24
  P2-1                        0x20000000    0x24  <Init block>
    .data            inited   0x20000000     0xc  port.o [1]
    .data            inited   0x2000000c     0xc  stm32f1xx_hal.o [1]
    .data            inited   0x20000018     0x4  system_stm32f1xx.o [1]
    .data            inited   0x2000001c     0x8  usart.o [1]
                            - 0x20000024    0x24

"P2", part 2 of 3:                        0x1e0c
  .bss               zero     0x20000024   0xc18  heap_4.o [1]
  .bss               zero     0x20000c3c   0x460  tasks.o [1]
  .bss               zero     0x2000109c   0x45c  cmsis_os2.o [1]
  .bss               zero     0x200014f8   0x2ec  usb.o [1]
  .bss               zero     0x200017e4   0x25c  cmsis_os2.o [1]
  .bss               zero     0x20001a40   0x12c  timers.o [1]
  .bss               zero     0x20001b6c    0x9c  tasks.o [1]
  .bss               zero     0x20001c08    0x68  usart.o [1]
  .bss               zero     0x20001c70    0x58  spi.o [1]
  .bss               zero     0x20001cc8    0x50  tim.o [1]
  .bss               zero     0x20001d18    0x48  tim.o [1]
  .bss               zero     0x20001d60    0x40  queue.o [1]
  .bss               zero     0x20001da0    0x3c  tim.o [1]
  .bss               zero     0x20001ddc    0x28  can.o [1]
  .bss               zero     0x20001e04    0x14  freertos.o [1]
  .bss               zero     0x20001e18    0x14  rtc.o [1]
  .bss               zero     0x20001e2c     0x4  cmsis_os2.o [1]
                            - 0x20001e30  0x1e0c

"P2", part 3 of 3:                         0x400
  CSTACK                      0x20001e30   0x400  <Block>
    CSTACK           uninit   0x20001e30   0x400  <Block tail>
                            - 0x20002230   0x400


*******************************************************************************
*** INIT TABLE
***

          Address     Size
          -------     ----
Zero (__iar_zero_init3)
    1 destination range, total size 0x1e0c:
          0x20000024  0x1e0c

Copy (__iar_copy_init3)
    1 source range, total size 0x24:
          0x080054fc    0x24
    1 destination range, total size 0x24:
          0x20000000    0x24



*******************************************************************************
*** MODULE SUMMARY
***

    Module                  ro code  ro data  rw data
    ------                  -------  -------  -------
E:\050_Workspace\010_YTP_SENT\040_Software\41_Cube\Code\GoodProject\EWARM\GoodProject\Obj: [1]
    can.o                       356                40
    cmsis_os2.o                 512             1 724
    event_groups.o              484
    freertos.o                  300       36       20
    gpio.o                      256
    heap_4.o                    436             3 096
    list.o                      144
    main.o                      196
    port.o                      452       12       12
    portasm.o                   136
    queue.o                   1 416                64
    rtc.o                        96                20
    spi.o                       168                88
    startup_stm32f103xb.o       392
    stm32f1xx_hal.o             128       12       12
    stm32f1xx_hal_can.o       1 122
    stm32f1xx_hal_cortex.o      200
    stm32f1xx_hal_dma.o         260
    stm32f1xx_hal_gpio.o        468
    stm32f1xx_hal_msp.o          76
    stm32f1xx_hal_pcd.o       2 206
    stm32f1xx_hal_pwr.o          16
    stm32f1xx_hal_rcc.o       1 242
    stm32f1xx_hal_rcc_ex.o      434
    stm32f1xx_hal_rtc.o         320
    stm32f1xx_hal_spi.o         182
    stm32f1xx_hal_tim.o       2 000
    stm32f1xx_hal_tim_ex.o      104
    stm32f1xx_hal_uart.o      1 246
    stm32f1xx_it.o              100
    stm32f1xx_ll_usb.o        1 500
    system_stm32f1xx.o           20       12        4
    tasks.o                   2 028             1 276
    tim.o                       896               212
    timers.o                    860               300
    usart.o                     632       20      112
    usb.o                       120               748
    -------------------------------------------------
    Total:                   21 504       92    7 728

command line: [2]
    -------------------------------------------------
    Total:

dl7M_tlf.a: [3]
    exit.o                        4
    low_level_init.o              4
    -------------------------------------------------
    Total:                        8

rt7M_tl.a: [4]
    ABImemclr4.o                  6
    ABImemcpy.o                 166
    ABImemset48.o                58
    cexit.o                      10
    cmain.o                      30
    copy_init3.o                 44
    cstartup_M.o                 12
    data_init.o                  40
    zero_init3.o                 64
    -------------------------------------------------
    Total:                      430

shb_l.a: [5]
    exit.o                       20
    -------------------------------------------------
    Total:                       20

    Gaps                         18
    Linker created                        36    1 024
-----------------------------------------------------
    Grand Total:             21 980      128    8 752


*******************************************************************************
*** ENTRY LIST
***

Entry                      Address   Size  Type      Object
-----                      -------   ----  ----      ------
.iar.init_table$$Base   0x08005520          --   Gb  - Linker created -
.iar.init_table$$Limit  0x08005544          --   Gb  - Linker created -
?main                   0x08005545         Code  Gb  cmain.o [4]
AHBPrescTable           0x08005590   0x10  Data  Gb  system_stm32f1xx.o [1]
APBPrescTable           0x080055c8    0x8  Data  Gb  system_stm32f1xx.o [1]
BusFault_Handler        0x080053d7    0x2  Code  Gb  stm32f1xx_it.o [1]
CAN1_RX1_IRQHandler     0x0800540b    0x6  Code  Gb  stm32f1xx_it.o [1]
CANHandle               0x20001e08    0x4  Data  Gb  freertos.o [1]
CAN_attributes          0x08001e48   0x24  Data  Gb  freertos.o [1]
CSTACK$$Base            0x20001e30          --   Gb  - Linker created -
CSTACK$$Limit           0x20002230          --   Gb  - Linker created -
DebugMon_Handler        0x080053db    0x2  Code  Gb  stm32f1xx_it.o [1]
Error_Handler           0x08001145    0x4  Code  Gb  main.o [1]
EventHandle             0x20001e14    0x4  Data  Gb  freertos.o [1]
Event_attributes        0x08001eb4   0x10  Data  Gb  freertos.o [1]
HAL_CAN_AddTxMessage    0x0800293d   0xb6  Code  Gb  stm32f1xx_hal_can.o [1]
HAL_CAN_IRQHandler      0x08002a0d  0x1f8  Code  Gb  stm32f1xx_hal_can.o [1]
HAL_CAN_Init            0x080027bd  0x10c  Code  Gb  stm32f1xx_hal_can.o [1]
HAL_CAN_MspInit         0x0800136d   0xae  Code  Gb  can.o [1]
HAL_CAN_Start           0x080028c9   0x4c  Code  Gb  stm32f1xx_hal_can.o [1]
HAL_CAN_Task            0x0800141d   0x5c  Code  Gb  can.o [1]
HAL_DMA_Abort           0x0800454d   0x44  Code  Gb  stm32f1xx_hal_dma.o [1]
HAL_DMA_Abort_IT        0x08004591   0x9a  Code  Gb  stm32f1xx_hal_dma.o [1]
HAL_GPIO_Init           0x080025e9  0x194  Code  Gb  stm32f1xx_hal_gpio.o [1]
HAL_GPIO_WritePin       0x0800277d    0xc  Code  Gb  stm32f1xx_hal_gpio.o [1]
HAL_GetTick             0x0800451d    0xc  Code  Wk  stm32f1xx_hal.o [1]
HAL_IncTick             0x08005435   0x10  Code  Wk  stm32f1xx_hal.o [1]
HAL_Init                0x08001211   0x20  Code  Gb  stm32f1xx_hal.o [1]
HAL_InitTick            0x0800255d   0x40  Code  Wk  stm32f1xx_hal.o [1]
HAL_LIN_Init            0x08002c05   0x4a  Code  Gb  stm32f1xx_hal_uart.o [1]
HAL_MspInit             0x0800259d   0x4c  Code  Gb  stm32f1xx_hal_msp.o [1]
HAL_NVIC_EnableIRQ      0x080011bb   0x16  Code  Gb  stm32f1xx_hal_cortex.o [1]
HAL_NVIC_SetPriority    0x08001181   0x3a  Code  Gb  stm32f1xx_hal_cortex.o [1]
HAL_NVIC_SetPriorityGrouping
                        0x08001167   0x1a  Code  Gb  stm32f1xx_hal_cortex.o [1]
HAL_PCD_EP_DB_Receive   0x080005f9   0x9a  Code  Lc  stm32f1xx_hal_pcd.o [1]
HAL_PCD_EP_DB_Transmit  0x080006b1  0x24e  Code  Lc  stm32f1xx_hal_pcd.o [1]
HAL_PCD_IRQHandler      0x080001ad  0x134  Code  Gb  stm32f1xx_hal_pcd.o [1]
HAL_PCD_Init            0x080000ed   0xa8  Code  Gb  stm32f1xx_hal_pcd.o [1]
HAL_PCD_MspInit         0x080009a5   0x44  Code  Gb  usb.o [1]
HAL_PCD_SetAddress      0x08000309   0x1e  Code  Gb  stm32f1xx_hal_pcd.o [1]
HAL_PWR_EnableBkUpAccess
                        0x08003401    0x4  Code  Gb  stm32f1xx_hal_pwr.o [1]
HAL_RCCEx_GetPeriphCLKFreq
                        0x08002485   0xaa  Code  Gb  stm32f1xx_hal_rcc_ex.o [1]
HAL_RCCEx_GetPeriphCLKFreq::aPLLMULFactorTable
                        0x08002548   0x10  Data  Lc  stm32f1xx_hal_rcc_ex.o [1]
HAL_RCCEx_GetPeriphCLKFreq::aPredivFactorTable
                        0x08002558    0x2  Data  Lc  stm32f1xx_hal_rcc_ex.o [1]
HAL_RCCEx_PeriphCLKConfig
                        0x080023a9   0xda  Code  Gb  stm32f1xx_hal_rcc_ex.o [1]
HAL_RCC_ClockConfig     0x080021f1   0xf6  Code  Gb  stm32f1xx_hal_rcc.o [1]
HAL_RCC_GetPCLK1Freq    0x08002341   0x10  Code  Gb  stm32f1xx_hal_rcc.o [1]
HAL_RCC_GetPCLK2Freq    0x08002351    0xe  Code  Gb  stm32f1xx_hal_rcc.o [1]
HAL_RCC_GetSysClockFreq
                        0x08002305   0x3c  Code  Gb  stm32f1xx_hal_rcc.o [1]
HAL_RCC_GetSysClockFreq::aPLLMULFactorTable
                        0x08002394   0x10  Data  Lc  stm32f1xx_hal_rcc.o [1]
HAL_RCC_GetSysClockFreq::aPredivFactorTable
                        0x080023a4    0x2  Data  Lc  stm32f1xx_hal_rcc.o [1]
HAL_RCC_OscConfig       0x08001ecd  0x31c  Code  Gb  stm32f1xx_hal_rcc.o [1]
HAL_RTC_Init            0x080032c1   0x98  Code  Gb  stm32f1xx_hal_rtc.o [1]
HAL_RTC_MspInit         0x08001735   0x2c  Code  Gb  rtc.o [1]
HAL_RTC_WaitForSynchro  0x08003361   0x32  Code  Gb  stm32f1xx_hal_rtc.o [1]
HAL_SPI_Init            0x08003411   0xaa  Code  Gb  stm32f1xx_hal_spi.o [1]
HAL_SPI_MspInit         0x080017b3   0x54  Code  Gb  spi.o [1]
HAL_SYSTICK_Config      0x080011d1   0x28  Code  Gb  stm32f1xx_hal_cortex.o [1]
HAL_TIMEx_BreakCallback
                        0x08004db9    0x2  Code  Wk  stm32f1xx_hal_tim_ex.o [1]
HAL_TIMEx_CommutCallback
                        0x08004dbd    0x2  Code  Wk  stm32f1xx_hal_tim_ex.o [1]
HAL_TIMEx_MasterConfigSynchronization
                        0x08003c91   0x56  Code  Gb  stm32f1xx_hal_tim_ex.o [1]
HAL_TIM_IC_CaptureCallback
                        0x08001a25   0x5a  Code  Gb  tim.o [1]
HAL_TIM_IC_CaptureCallback::counter
                        0x20001ccc    0x2  Data  Lc  tim.o [1]
HAL_TIM_IC_CaptureCallback::counterOld
                        0x20001cce    0x2  Data  Lc  tim.o [1]
HAL_TIM_IC_ConfigChannel
                        0x08003869   0xfc  Code  Gb  stm32f1xx_hal_tim.o [1]
HAL_TIM_IC_Init         0x080035ed   0x1c  Code  Gb  stm32f1xx_hal_tim.o [1]
HAL_TIM_IC_MspInit      0x08001921   0x90  Code  Gb  tim.o [1]
HAL_TIM_IC_Start_IT     0x08003625   0xb4  Code  Gb  stm32f1xx_hal_tim.o [1]
HAL_TIM_IRQHandler      0x08003721  0x142  Code  Gb  stm32f1xx_hal_tim.o [1]
HAL_TIM_MspPostInit     0x080019dd   0x48  Code  Gb  tim.o [1]
HAL_TIM_PWM_ConfigChannel
                        0x08003965   0xbc  Code  Gb  stm32f1xx_hal_tim.o [1]
HAL_TIM_PWM_Init        0x080034ef   0x1a  Code  Gb  stm32f1xx_hal_tim.o [1]
HAL_TIM_PWM_MspInit     0x080019bb   0x22  Code  Gb  tim.o [1]
HAL_TIM_PWM_Start       0x08003509   0x74  Code  Gb  stm32f1xx_hal_tim.o [1]
HAL_TIM_ReadCapturedValue
                        0x08003a2d   0x2c  Code  Gb  stm32f1xx_hal_tim.o [1]
HAL_TIM_Task            0x08001a7f   0xa4  Code  Gb  tim.o [1]
HAL_UART_IRQHandler     0x08002d25  0x200  Code  Gb  stm32f1xx_hal_uart.o [1]
HAL_UART_MspInit        0x080014c9   0x7e  Code  Gb  usart.o [1]
HAL_UART_Receive_IT     0x08002cdd   0x30  Code  Gb  stm32f1xx_hal_uart.o [1]
HAL_UART_RxCpltCallback
                        0x08001549   0x2c  Code  Gb  usart.o [1]
HAL_UART_RxCpltCallback::data
                        0x20001c25    0x1  Data  Lc  usart.o [1]
HAL_UART_RxManage       0x08001575   0xa6  Code  Gb  usart.o [1]
HAL_UART_Task           0x0800161d   0xba  Code  Gb  usart.o [1]
HAL_UART_Task::linSentdataArray
                        0x2000001c    0x8  Data  Lc  usart.o [1]
HAL_UART_Transmit_IT    0x08002c99   0x44  Code  Gb  stm32f1xx_hal_uart.o [1]
HardFault_Handler       0x080053d3    0x2  Code  Gb  stm32f1xx_it.o [1]
Idle_Stack              0x20001840  0x200  Data  Lc  cmsis_os2.o [1]
Idle_TCB                0x200017e4   0x5c  Data  Lc  cmsis_os2.o [1]
KernelState             0x20001e2c    0x4  Data  Lc  cmsis_os2.o [1]
MX_CAN_Init             0x08001335   0x38  Code  Gb  can.o [1]
MX_FREERTOS_Init        0x08001d99   0x46  Code  Gb  freertos.o [1]
MX_GPIO_Init            0x08001235   0xd6  Code  Gb  gpio.o [1]
MX_RTC_Init             0x08001711   0x24  Code  Gb  rtc.o [1]
MX_SPI1_Init            0x08001771   0x42  Code  Gb  spi.o [1]
MX_TIM1_Init            0x08001819   0x7e  Code  Gb  tim.o [1]
MX_TIM3_Init            0x08001899   0x88  Code  Gb  tim.o [1]
MX_USART1_UART_Init     0x08001499   0x30  Code  Gb  usart.o [1]
MX_USB_PCD_Init         0x0800097d   0x28  Code  Gb  usb.o [1]
MemManage_Handler       0x080053d5    0x2  Code  Gb  stm32f1xx_it.o [1]
NMI_Handler             0x080053d1    0x2  Code  Gb  stm32f1xx_it.o [1]
PCD_EP_ISR_Handler      0x08000327  0x2a8  Code  Lc  stm32f1xx_hal_pcd.o [1]
PendSV_Handler          0x08004dc1         Code  Gb  portasm.o [1]
RTC_EnterInitMode       0x0800339f   0x30  Code  Lc  stm32f1xx_hal_rtc.o [1]
RTC_ExitInitMode        0x080033cf   0x32  Code  Lc  stm32f1xx_hal_rtc.o [1]
Region$$Table$$Base     0x08005520          --   Gb  - Linker created -
Region$$Table$$Limit    0x08005544          --   Gb  - Linker created -
SVC_Handler             0x08004e07         Code  Gb  portasm.o [1]
StartDefaultTask        0x08001de1   0x22  Code  Gb  freertos.o [1]
SysTick_Handler         0x080053dd   0x18  Code  Gb  stm32f1xx_it.o [1]
SystemClock_Config      0x080010bd   0x88  Code  Gb  main.o [1]
SystemCoreClock         0x20000018    0x4  Data  Gb  system_stm32f1xx.o [1]
SystemInit              0x0800558d    0x2  Code  Gb  system_stm32f1xx.o [1]
TIM1_BRK_IRQHandler     0x08005411    0x2  Code  Gb  stm32f1xx_it.o [1]
TIM1_CC_IRQHandler      0x0800541d    0x2  Code  Gb  stm32f1xx_it.o [1]
TIM1_TRG_COM_IRQHandler
                        0x0800541b    0x2  Code  Gb  stm32f1xx_it.o [1]
TIM1_UP_IRQHandler      0x08005413    0x2  Code  Gb  stm32f1xx_it.o [1]
TIMHandle               0x20001e10    0x4  Data  Gb  freertos.o [1]
TIM_Base_SetConfig      0x08003a59   0x5e  Code  Gb  stm32f1xx_hal_tim.o [1]
TIM_CCxChannelCmd       0x08003c75   0x16  Code  Gb  stm32f1xx_hal_tim.o [1]
TIM_OC1_SetConfig       0x08003ab7   0x44  Code  Lc  stm32f1xx_hal_tim.o [1]
TIM_OC2_SetConfig       0x08003afb   0x52  Code  Gb  stm32f1xx_hal_tim.o [1]
TIM_OC3_SetConfig       0x08003b4d   0x4a  Code  Lc  stm32f1xx_hal_tim.o [1]
TIM_OC4_SetConfig       0x08003ba3   0x40  Code  Lc  stm32f1xx_hal_tim.o [1]
TIM_TI1_SetConfig       0x08003be3   0x4e  Code  Gb  stm32f1xx_hal_tim.o [1]
TIM_TI2_SetConfig       0x08003c41   0x34  Code  Lc  stm32f1xx_hal_tim.o [1]
TIM_attributes          0x08001e90   0x24  Data  Gb  freertos.o [1]
Timer_Stack             0x200010f8  0x400  Data  Lc  cmsis_os2.o [1]
Timer_TCB               0x2000109c   0x5c  Data  Lc  cmsis_os2.o [1]
UARTHandle              0x20001e0c    0x4  Data  Gb  freertos.o [1]
UART_DMAAbortOnError    0x08002f9d    0xc  Code  Lc  stm32f1xx_hal_uart.o [1]
UART_EndRxTransfer      0x08002f69   0x30  Code  Lc  stm32f1xx_hal_uart.o [1]
UART_Receive_IT         0x08002fa9   0xb6  Code  Lc  stm32f1xx_hal_uart.o [1]
UART_SetConfig          0x0800305f   0x74  Code  Lc  stm32f1xx_hal_uart.o [1]
UART_Start_Receive_IT   0x08002f31   0x38  Code  Gb  stm32f1xx_hal_uart.o [1]
UART_attributes         0x08001e6c   0x24  Data  Gb  freertos.o [1]
USART1_IRQHandler       0x0800541f    0x6  Code  Gb  stm32f1xx_it.o [1]
USB_CoreInit            0x080009f5    0x4  Code  Gb  stm32f1xx_ll_usb.o [1]
USB_DevDisconnect       0x08000f71    0x4  Code  Gb  stm32f1xx_ll_usb.o [1]
USB_DevInit             0x08000a09   0x10  Code  Gb  stm32f1xx_ll_usb.o [1]
USB_DisableGlobalInt    0x080009f9    0xc  Code  Gb  stm32f1xx_ll_usb.o [1]
USB_EPStartXfer         0x08000a1f  0x478  Code  Gb  stm32f1xx_ll_usb.o [1]
USB_HP_CAN1_TX_IRQHandler
                        0x080053f5    0x4  Code  Gb  stm32f1xx_it.o [1]
USB_LP_CAN1_RX0_IRQHandler
                        0x080053f9    0x2  Code  Gb  stm32f1xx_it.o [1]
USB_ReadInterrupts      0x08000f75    0x6  Code  Gb  stm32f1xx_ll_usb.o [1]
USB_ReadPMA             0x08000fa9   0x28  Code  Gb  stm32f1xx_ll_usb.o [1]
USB_SetCurrentMode      0x08000a05    0x4  Code  Gb  stm32f1xx_ll_usb.o [1]
USB_SetDevAddress       0x08000f65    0xc  Code  Gb  stm32f1xx_ll_usb.o [1]
USB_WritePMA            0x08000f85   0x24  Code  Gb  stm32f1xx_ll_usb.o [1]
UsageFault_Handler      0x080053d9    0x2  Code  Gb  stm32f1xx_it.o [1]
__NVIC_SetPriority      0x08001149   0x1e  Code  Lc  stm32f1xx_hal_cortex.o [1]
__aeabi_memclr4         0x08001ec5         Code  Gb  ABImemclr4.o [4]
__aeabi_memcpy          0x08000fd1         Code  Gb  ABImemcpy.o [4]
__aeabi_memcpy4         0x08000ff1         Code  Gb  ABImemcpy.o [4]
__aeabi_memcpy8         0x08000ff1         Code  Gb  ABImemcpy.o [4]
__aeabi_memset4         0x080044e1         Code  Gb  ABImemset48.o [4]
__aeabi_memset8         0x080044e1         Code  Gb  ABImemset48.o [4]
__cmain                 0x08005545         Code  Gb  cmain.o [4]
__exit                  0x08005579   0x14  Code  Gb  exit.o [5]
__iar_Memset4_word      0x080044e9         Code  Gb  ABImemset48.o [4]
__iar_Memset8_word      0x080044e9         Code  Gb  ABImemset48.o [4]
__iar_copy_init3        0x08005485   0x2c  Code  Gb  copy_init3.o [4]
__iar_data_init3        0x080054b1   0x28  Code  Gb  data_init.o [4]
__iar_program_start     0x080055bd         Code  Gb  cstartup_M.o [4]
__iar_systems$$module {Abs}
                        0x00000001         Data  Gb  command line/config [2]
__iar_zero_init3        0x08005445   0x40  Code  Gb  zero_init3.o [4]
__low_level_init        0x08005563    0x4  Code  Gb  low_level_init.o [3]
__vector_table          0x08000000         Data  Gb  startup_stm32f103xb.o [1]
_call_main              0x08005551         Code  Gb  cmain.o [4]
_exit                   0x0800556d         Code  Gb  cexit.o [4]
_main                   0x0800555f         Code  Gb  cmain.o [4]
dataList                0x20001da0   0x3c  Data  Lc  tim.o [1]
defaultTaskHandle       0x20001e04    0x4  Data  Gb  freertos.o [1]
defaultTask_attributes  0x08001e24   0x24  Data  Gb  freertos.o [1]
exit                    0x08005567    0x4  Code  Gb  exit.o [3]
hcan                    0x20001ddc   0x28  Data  Gb  can.o [1]
hpcd_USB_FS             0x200014f8  0x2ec  Data  Gb  usb.o [1]
hrtc                    0x20001e18   0x14  Data  Gb  rtc.o [1]
hspi1                   0x20001c70   0x58  Data  Gb  spi.o [1]
htim1                   0x20001cd0   0x48  Data  Gb  tim.o [1]
htim3                   0x20001d18   0x48  Data  Gb  tim.o [1]
huart1                  0x20001c28   0x44  Data  Gb  usart.o [1]
index                   0x20001cc8    0x1  Data  Lc  tim.o [1]
linState                0x20001c24    0x1  Data  Gb  usart.o [1]
linTransferData         0x20001c08   0x1c  Data  Lc  usart.o [1]
main                    0x08001085   0x38  Code  Gb  main.o [1]
osDelay                 0x08001cc7   0x2e  Code  Gb  cmsis_os2.o [1]
osEventFlagsNew         0x08001cf5   0x3e  Code  Gb  cmsis_os2.o [1]
osKernelInitialize      0x08001b99   0x2c  Code  Gb  cmsis_os2.o [1]
osKernelStart           0x08001bcd   0x36  Code  Gb  cmsis_os2.o [1]
osThreadNew             0x08001c0f   0xb2  Code  Gb  cmsis_os2.o [1]
positionValue           0x20001cca    0x2  Data  Gb  tim.o [1]
prvAddCurrentTaskToDelayedList
                        0x08004477   0x4e  Code  Lc  tasks.o [1]
prvAddNewTaskToReadyList
                        0x08003e39   0xb0  Code  Lc  tasks.o [1]
prvCheckForValidListAndQueue
                        0x08004d2d   0x4e  Code  Lc  timers.o [1]
prvCheckForValidListAndQueue{1}{2}{3}{4}::ucStaticTimerQueueStorage
                        0x20001acc   0xa0  Data  Lc  timers.o [1]
prvCheckForValidListAndQueue{1}{2}{3}{4}::xStaticTimerQueue
                        0x20001a7c   0x50  Data  Lc  timers.o [1]
prvCopyDataFromQueue    0x080052bd   0x28  Code  Lc  queue.o [1]
prvCopyDataToQueue      0x08005255   0x68  Code  Lc  queue.o [1]
prvDeleteTCB            0x08004369   0x2a  Code  Lc  tasks.o [1]
prvIdleTask             0x08004319   0x50  Code  Lc  tasks.o [1]
prvInitialiseNewQueue   0x08004f1d   0x1e  Code  Lc  queue.o [1]
prvInitialiseNewTask    0x08003dad   0x8c  Code  Lc  tasks.o [1]
prvInsertBlockIntoFreeList
                        0x08004847   0x46  Code  Lc  heap_4.o [1]
prvInsertTimerInActiveList
                        0x08004c2b   0x34  Code  Lc  timers.o [1]
prvIsQueueEmpty         0x08005349   0x16  Code  Lc  queue.o [1]
prvProcessReceivedCommands
                        0x08004c61   0xba  Code  Lc  timers.o [1]
prvProcessTimerOrBlockTask
                        0x08004b1f   0x94  Code  Lc  timers.o [1]
prvResetNextTaskUnblockTime
                        0x08004393   0x1a  Code  Lc  tasks.o [1]
prvSampleTimeNow        0x08004bb3   0x78  Code  Lc  timers.o [1]
prvSampleTimeNow::xLastTime
                        0x20001a50    0x4  Data  Lc  timers.o [1]
prvTaskExitError        0x080048b5   0x28  Code  Lc  port.o [1]
prvTestWaitCondition    0x08003291   0x18  Code  Lc  event_groups.o [1]
prvTimerTask            0x08004b01   0x1e  Code  Lc  timers.o [1]
prvUnlockQueue          0x080052e5   0x64  Code  Lc  queue.o [1]
pvPortMalloc            0x080046e1  0x104  Code  Gb  heap_4.o [1]
pxCurrentTCB            0x20001b94    0x4  Data  Gb  tasks.o [1]
pxCurrentTimerList      0x20001a40    0x4  Data  Lc  timers.o [1]
pxDelayedTaskList       0x20001b98    0x4  Data  Lc  tasks.o [1]
pxEnd                   0x2000002c    0x4  Data  Lc  heap_4.o [1]
pxOverflowDelayedTaskList
                        0x20001b9c    0x4  Data  Lc  tasks.o [1]
pxOverflowTimerList     0x20001a44    0x4  Data  Lc  timers.o [1]
pxPortInitialiseStack   0x08004895   0x20  Code  Gb  port.o [1]
pxReadyTasksLists       0x20000c3c  0x460  Data  Lc  tasks.o [1]
uartEventHandle         0x20001c6c    0x4  Data  Gb  usart.o [1]
uartEvent_attributes    0x08001700   0x10  Data  Gb  usart.o [1]
ucHeap                  0x2000003c  0xc00  Data  Lc  heap_4.o [1]
ucMaxSysCallPriority    0x20000000    0x1  Data  Lc  port.o [1]
ulMaxPRIGROUPValue      0x20000008    0x4  Data  Lc  port.o [1]
uwTick                  0x20000010    0x4  Data  Gb  stm32f1xx_hal.o [1]
uwTickFreq              0x2000000c    0x1  Data  Gb  stm32f1xx_hal.o [1]
uwTickPrio              0x20000014    0x4  Data  Gb  stm32f1xx_hal.o [1]
uxCriticalNesting       0x20000004    0x4  Data  Lc  port.o [1]
uxCurrentNumberOfTasks  0x20001bb8    0x4  Data  Lc  tasks.o [1]
uxDeletedTasksWaitingCleanUp
                        0x20001ba0    0x4  Data  Lc  tasks.o [1]
uxListRemove            0x080046b9   0x26  Code  Gb  list.o [1]
uxPendedTicks           0x20001bc8    0x4  Data  Lc  tasks.o [1]
uxSchedulerSuspended    0x20001bdc    0x4  Data  Lc  tasks.o [1]
uxTaskNumber            0x20001bd4    0x4  Data  Lc  tasks.o [1]
uxTaskResetEventItemValue
                        0x08004441   0x16  Code  Gb  tasks.o [1]
uxTopReadyPriority      0x20001bc0    0x4  Data  Lc  tasks.o [1]
vApplicationGetIdleTaskMemory
                        0x08001d69   0x10  Code  Gb  cmsis_os2.o [1]
vApplicationGetTimerTaskMemory
                        0x08001d79   0x12  Code  Gb  cmsis_os2.o [1]
vEventGroupSetBitsCallback
                        0x0800328f    0x2  Code  Gb  event_groups.o [1]
vListInitialise         0x0800464f   0x1a  Code  Gb  list.o [1]
vListInitialiseItem     0x08004669    0x6  Code  Gb  list.o [1]
vListInsert             0x08004687   0x32  Code  Gb  list.o [1]
vListInsertEnd          0x0800466f   0x18  Code  Gb  list.o [1]
vPortEnterCritical      0x08004955   0x32  Code  Gb  port.o [1]
vPortExitCritical       0x08004987   0x22  Code  Gb  port.o [1]
vPortFree               0x080047f3   0x46  Code  Gb  heap_4.o [1]
vPortStartFirstTask     0x08004e27         Code  Gb  portasm.o [1]
vPortValidateInterruptPriority
                        0x080049d5   0x42  Code  Gb  port.o [1]
vQueueAddToRegistry     0x0800535f   0x20  Code  Gb  queue.o [1]
vQueueWaitForMessageRestricted
                        0x08005389   0x48  Code  Gb  queue.o [1]
vTaskDelay              0x08003ee9   0x2e  Code  Gb  tasks.o [1]
vTaskInternalSetTimeOutState
                        0x080042a3    0xe  Code  Gb  tasks.o [1]
vTaskMissedYield        0x0800430f    0xa  Code  Gb  tasks.o [1]
vTaskPlaceOnEventList   0x0800415f   0x1c  Code  Gb  tasks.o [1]
vTaskPlaceOnEventListRestricted
                        0x080041bb   0x26  Code  Gb  tasks.o [1]
vTaskPlaceOnUnorderedEventList
                        0x0800417b   0x3c  Code  Gb  tasks.o [1]
vTaskRemoveFromUnorderedEventList
                        0x08004237   0x4a  Code  Gb  tasks.o [1]
vTaskStartScheduler     0x08003f29   0x6e  Code  Gb  tasks.o [1]
vTaskSuspendAll         0x08003f97    0xc  Code  Gb  tasks.o [1]
vTaskSwitchContext      0x0800410f   0x50  Code  Gb  tasks.o [1]
xActiveTimerList1       0x20001a54   0x14  Data  Lc  timers.o [1]
xActiveTimerList2       0x20001a68   0x14  Data  Lc  timers.o [1]
xBlockAllocatedBit      0x20000038    0x4  Data  Lc  heap_4.o [1]
xDelayedTaskList1       0x20001be0   0x14  Data  Lc  tasks.o [1]
xDelayedTaskList2       0x20001bf4   0x14  Data  Lc  tasks.o [1]
xEventGroupCreate       0x0800310d   0x1e  Code  Gb  event_groups.o [1]
xEventGroupCreateStatic
                        0x080030dd   0x30  Code  Gb  event_groups.o [1]
xEventGroupSetBits      0x0800321d   0x72  Code  Gb  event_groups.o [1]
xEventGroupSetBitsFromISR
                        0x080032a9    0xc  Code  Gb  event_groups.o [1]
xEventGroupWaitBits     0x0800312b   0xd0  Code  Gb  event_groups.o [1]
xFreeBytesRemaining     0x20000030    0x4  Data  Lc  heap_4.o [1]
xMinimumEverFreeBytesRemaining
                        0x20000034    0x4  Data  Lc  heap_4.o [1]
xNextTaskUnblockTime    0x20001bd8    0x4  Data  Lc  tasks.o [1]
xNumOfOverflows         0x20001bd0    0x4  Data  Lc  tasks.o [1]
xPendingReadyList       0x20001b6c   0x14  Data  Lc  tasks.o [1]
xPortStartScheduler     0x080048dd   0x78  Code  Gb  port.o [1]
xPortSysTickHandler     0x080049a9   0x1c  Code  Gb  port.o [1]
xQueueGenericCreateStatic
                        0x08004ec1   0x5c  Code  Gb  queue.o [1]
xQueueGenericReset      0x08004e49   0x78  Code  Gb  queue.o [1]
xQueueGenericSend       0x08004f4b  0x128  Code  Gb  queue.o [1]
xQueueGenericSendFromISR
                        0x0800507b   0x8a  Code  Gb  queue.o [1]
xQueueReceive           0x08005119   0xfc  Code  Gb  queue.o [1]
xQueueRegistry          0x20001d60   0x40  Data  Gb  queue.o [1]
xSchedulerRunning       0x20001bc4    0x4  Data  Lc  tasks.o [1]
xStart                  0x20000024    0x8  Data  Lc  heap_4.o [1]
xSuspendedTaskList      0x20001ba4   0x14  Data  Lc  tasks.o [1]
xTaskCheckForTimeOut    0x080042b1   0x5e  Code  Gb  tasks.o [1]
xTaskCreate             0x08003d51   0x5c  Code  Gb  tasks.o [1]
xTaskCreateStatic       0x08003cf5   0x5c  Code  Gb  tasks.o [1]
xTaskGetSchedulerState  0x080043ad   0x18  Code  Gb  tasks.o [1]
xTaskGetTickCount       0x0800404b    0x8  Code  Gb  tasks.o [1]
xTaskIncrementTick      0x08004053   0xbc  Code  Gb  tasks.o [1]
xTaskPriorityDisinherit
                        0x080043cb   0x5e  Code  Gb  tasks.o [1]
xTaskRemoveFromEventList
                        0x080041ed   0x4a  Code  Gb  tasks.o [1]
xTaskResumeAll          0x08003fa3   0x98  Code  Gb  tasks.o [1]
xTasksWaitingTermination
                        0x20001b80   0x14  Data  Lc  tasks.o [1]
xTickCount              0x20001bbc    0x4  Data  Lc  tasks.o [1]
xTimerCreateTimerTask   0x08004a59   0x4c  Code  Gb  timers.o [1]
xTimerGenericCommand    0x08004ab3   0x4e  Code  Gb  timers.o [1]
xTimerPendFunctionCallFromISR
                        0x08004d7b   0x22  Code  Gb  timers.o [1]
xTimerQueue             0x20001a48    0x4  Data  Lc  timers.o [1]
xTimerTaskHandle        0x20001a4c    0x4  Data  Lc  timers.o [1]
xYieldPending           0x20001bcc    0x4  Data  Lc  tasks.o [1]


[1] = E:\050_Workspace\010_YTP_SENT\040_Software\41_Cube\Code\GoodProject\EWARM\GoodProject\Obj
[2] = command line
[3] = dl7M_tlf.a
[4] = rt7M_tl.a
[5] = shb_l.a

  21 980 bytes of readonly  code memory
     128 bytes of readonly  data memory
   8 752 bytes of readwrite data memory

Errors: none
Warnings: none
