###############################################################################
#
# IAR ELF Linker V8.22.1.15669/W32 for ARM                25/Apr/2022  11:26:34
# Copyright 2007-2018 IAR Systems AB.
#
#    Output file  =  
#        E:\050_Workspace\010_YTP_SENT\040_Software\41_Cube\Code\GoodProject\EWARM\GoodProject\Exe\GoodProject.out
#    Map file     =  
#        E:\050_Workspace\010_YTP_SENT\040_Software\41_Cube\Code\GoodProject\EWARM\GoodProject\List\GoodProject.map
#    Command line =  
#        -f C:\Users\YUETIN~1\AppData\Local\Temp\EW6ED6.tmp
#        (E:\050_Workspace\010_YTP_SENT\040_Software\41_Cube\Code\GoodProject\EWARM\GoodProject\Obj\can.o
#        E:\050_Workspace\010_YTP_SENT\040_Software\41_Cube\Code\GoodProject\EWARM\GoodProject\Obj\ccl.o
#        E:\050_Workspace\010_YTP_SENT\040_Software\41_Cube\Code\GoodProject\EWARM\GoodProject\Obj\cmsis_os2.o
#        E:\050_Workspace\010_YTP_SENT\040_Software\41_Cube\Code\GoodProject\EWARM\GoodProject\Obj\croutine.o
#        E:\050_Workspace\010_YTP_SENT\040_Software\41_Cube\Code\GoodProject\EWARM\GoodProject\Obj\diag.o
#        E:\050_Workspace\010_YTP_SENT\040_Software\41_Cube\Code\GoodProject\EWARM\GoodProject\Obj\event_groups.o
#        E:\050_Workspace\010_YTP_SENT\040_Software\41_Cube\Code\GoodProject\EWARM\GoodProject\Obj\freertos.o
#        E:\050_Workspace\010_YTP_SENT\040_Software\41_Cube\Code\GoodProject\EWARM\GoodProject\Obj\gpio.o
#        E:\050_Workspace\010_YTP_SENT\040_Software\41_Cube\Code\GoodProject\EWARM\GoodProject\Obj\heap_4.o
#        E:\050_Workspace\010_YTP_SENT\040_Software\41_Cube\Code\GoodProject\EWARM\GoodProject\Obj\i2c.o
#        E:\050_Workspace\010_YTP_SENT\040_Software\41_Cube\Code\GoodProject\EWARM\GoodProject\Obj\list.o
#        E:\050_Workspace\010_YTP_SENT\040_Software\41_Cube\Code\GoodProject\EWARM\GoodProject\Obj\main.o
#        E:\050_Workspace\010_YTP_SENT\040_Software\41_Cube\Code\GoodProject\EWARM\GoodProject\Obj\mode.o
#        E:\050_Workspace\010_YTP_SENT\040_Software\41_Cube\Code\GoodProject\EWARM\GoodProject\Obj\port.o
#        E:\050_Workspace\010_YTP_SENT\040_Software\41_Cube\Code\GoodProject\EWARM\GoodProject\Obj\portasm.o
#        E:\050_Workspace\010_YTP_SENT\040_Software\41_Cube\Code\GoodProject\EWARM\GoodProject\Obj\queue.o
#        E:\050_Workspace\010_YTP_SENT\040_Software\41_Cube\Code\GoodProject\EWARM\GoodProject\Obj\rtc.o
#        E:\050_Workspace\010_YTP_SENT\040_Software\41_Cube\Code\GoodProject\EWARM\GoodProject\Obj\spi.o
#        E:\050_Workspace\010_YTP_SENT\040_Software\41_Cube\Code\GoodProject\EWARM\GoodProject\Obj\startup_stm32f103xb.o
#        E:\050_Workspace\010_YTP_SENT\040_Software\41_Cube\Code\GoodProject\EWARM\GoodProject\Obj\stm32f1xx_hal.o
#        E:\050_Workspace\010_YTP_SENT\040_Software\41_Cube\Code\GoodProject\EWARM\GoodProject\Obj\stm32f1xx_hal_can.o
#        E:\050_Workspace\010_YTP_SENT\040_Software\41_Cube\Code\GoodProject\EWARM\GoodProject\Obj\stm32f1xx_hal_cortex.o
#        E:\050_Workspace\010_YTP_SENT\040_Software\41_Cube\Code\GoodProject\EWARM\GoodProject\Obj\stm32f1xx_hal_dma.o
#        E:\050_Workspace\010_YTP_SENT\040_Software\41_Cube\Code\GoodProject\EWARM\GoodProject\Obj\stm32f1xx_hal_exti.o
#        E:\050_Workspace\010_YTP_SENT\040_Software\41_Cube\Code\GoodProject\EWARM\GoodProject\Obj\stm32f1xx_hal_flash.o
#        E:\050_Workspace\010_YTP_SENT\040_Software\41_Cube\Code\GoodProject\EWARM\GoodProject\Obj\stm32f1xx_hal_flash_ex.o
#        E:\050_Workspace\010_YTP_SENT\040_Software\41_Cube\Code\GoodProject\EWARM\GoodProject\Obj\stm32f1xx_hal_gpio.o
#        E:\050_Workspace\010_YTP_SENT\040_Software\41_Cube\Code\GoodProject\EWARM\GoodProject\Obj\stm32f1xx_hal_gpio_ex.o
#        E:\050_Workspace\010_YTP_SENT\040_Software\41_Cube\Code\GoodProject\EWARM\GoodProject\Obj\stm32f1xx_hal_i2c.o
#        E:\050_Workspace\010_YTP_SENT\040_Software\41_Cube\Code\GoodProject\EWARM\GoodProject\Obj\stm32f1xx_hal_msp.o
#        E:\050_Workspace\010_YTP_SENT\040_Software\41_Cube\Code\GoodProject\EWARM\GoodProject\Obj\stm32f1xx_hal_pcd.o
#        E:\050_Workspace\010_YTP_SENT\040_Software\41_Cube\Code\GoodProject\EWARM\GoodProject\Obj\stm32f1xx_hal_pcd_ex.o
#        E:\050_Workspace\010_YTP_SENT\040_Software\41_Cube\Code\GoodProject\EWARM\GoodProject\Obj\stm32f1xx_hal_pwr.o
#        E:\050_Workspace\010_YTP_SENT\040_Software\41_Cube\Code\GoodProject\EWARM\GoodProject\Obj\stm32f1xx_hal_rcc.o
#        E:\050_Workspace\010_YTP_SENT\040_Software\41_Cube\Code\GoodProject\EWARM\GoodProject\Obj\stm32f1xx_hal_rcc_ex.o
#        E:\050_Workspace\010_YTP_SENT\040_Software\41_Cube\Code\GoodProject\EWARM\GoodProject\Obj\stm32f1xx_hal_rtc.o
#        E:\050_Workspace\010_YTP_SENT\040_Software\41_Cube\Code\GoodProject\EWARM\GoodProject\Obj\stm32f1xx_hal_rtc_ex.o
#        E:\050_Workspace\010_YTP_SENT\040_Software\41_Cube\Code\GoodProject\EWARM\GoodProject\Obj\stm32f1xx_hal_spi.o
#        E:\050_Workspace\010_YTP_SENT\040_Software\41_Cube\Code\GoodProject\EWARM\GoodProject\Obj\stm32f1xx_hal_tim.o
#        E:\050_Workspace\010_YTP_SENT\040_Software\41_Cube\Code\GoodProject\EWARM\GoodProject\Obj\stm32f1xx_hal_tim_ex.o
#        E:\050_Workspace\010_YTP_SENT\040_Software\41_Cube\Code\GoodProject\EWARM\GoodProject\Obj\stm32f1xx_hal_uart.o
#        E:\050_Workspace\010_YTP_SENT\040_Software\41_Cube\Code\GoodProject\EWARM\GoodProject\Obj\stm32f1xx_it.o
#        E:\050_Workspace\010_YTP_SENT\040_Software\41_Cube\Code\GoodProject\EWARM\GoodProject\Obj\stm32f1xx_ll_usb.o
#        E:\050_Workspace\010_YTP_SENT\040_Software\41_Cube\Code\GoodProject\EWARM\GoodProject\Obj\stream_buffer.o
#        E:\050_Workspace\010_YTP_SENT\040_Software\41_Cube\Code\GoodProject\EWARM\GoodProject\Obj\system_stm32f1xx.o
#        E:\050_Workspace\010_YTP_SENT\040_Software\41_Cube\Code\GoodProject\EWARM\GoodProject\Obj\tasks.o
#        E:\050_Workspace\010_YTP_SENT\040_Software\41_Cube\Code\GoodProject\EWARM\GoodProject\Obj\tim.o
#        E:\050_Workspace\010_YTP_SENT\040_Software\41_Cube\Code\GoodProject\EWARM\GoodProject\Obj\timers.o
#        E:\050_Workspace\010_YTP_SENT\040_Software\41_Cube\Code\GoodProject\EWARM\GoodProject\Obj\tp.o
#        E:\050_Workspace\010_YTP_SENT\040_Software\41_Cube\Code\GoodProject\EWARM\GoodProject\Obj\usart.o
#        E:\050_Workspace\010_YTP_SENT\040_Software\41_Cube\Code\GoodProject\EWARM\GoodProject\Obj\usb.o
#        --redirect _Printf=_PrintfFull --redirect _Scanf=_ScanfFull -o
#        E:\050_Workspace\010_YTP_SENT\040_Software\41_Cube\Code\GoodProject\EWARM\GoodProject\Exe\GoodProject.out
#        --map
#        E:\050_Workspace\010_YTP_SENT\040_Software\41_Cube\Code\GoodProject\EWARM\GoodProject\List\GoodProject.map
#        --config
#        E:\050_Workspace\010_YTP_SENT\040_Software\41_Cube\Code\GoodProject\EWARM/stm32f103xb_flash.icf
#        --semihosting --entry __iar_program_start --vfe --text_out locale)
#
###############################################################################

*******************************************************************************
*** RUNTIME MODEL ATTRIBUTES
***

CppFlavor       = *
__SystemLibrary = DLib
__dlib_version  = 6


*******************************************************************************
*** HEAP SELECTION
***

The basic heap was selected because no calls to memory allocation
functions were found in the application outside of system library
functions, and there are calls to deallocation functions in the
application.


*******************************************************************************
*** PLACEMENT SUMMARY
***

"A0":  place at 0x08000000 { ro section .intvec };
"P1":  place in [from 0x08000000 to 0x0801ffff] { ro };
define block CSTACK with size = 1K, alignment = 8 { };
define block HEAP with size = 512, alignment = 8 { };
"P2":  place in [from 0x20000000 to 0x20004fff] {
          rw, block CSTACK, block HEAP };
initialize by copy { rw };

  Section            Kind        Address    Size  Object
  -------            ----        -------    ----  ------
"A0":                                       0xec
  .intvec            ro code  0x08000000    0xec  startup_stm32f103xb.o [1]
                            - 0x080000ec    0xec

"P1":                                     0x89d2
  .text              ro code  0x080000ec   0xcd8  stm32f1xx_hal_pcd.o [1]
  .text              ro code  0x08000dc4    0x88  usb.o [1]
  .text              ro code  0x08000e4c   0x996  stm32f1xx_ll_usb.o [1]
  .rodata            const    0x080017e2     0x2  stm32f1xx_hal_rcc.o [1]
  .text              ro code  0x080017e4    0xa6  ABImemcpy.o [4]
  .text              ro code  0x0800188a     0x2  stm32f1xx_hal_pcd.o [1]
  .text              ro code  0x0800188c     0x2  stm32f1xx_hal_pcd.o [1]
  .text              ro code  0x0800188e     0x2  stm32f1xx_hal_pcd.o [1]
  .text              ro code  0x08001890     0x2  stm32f1xx_hal_pcd.o [1]
  .text              ro code  0x08001892     0x2  stm32f1xx_hal_pcd.o [1]
  .text              ro code  0x08001894     0x2  stm32f1xx_hal_pcd.o [1]
  .text              ro code  0x08001896     0x2  stm32f1xx_hal_pcd.o [1]
  .text              ro code  0x08001898    0xd6  main.o [1]
  .rodata            const    0x0800196e     0x2  stm32f1xx_hal_rcc_ex.o [1]
  .text              ro code  0x08001970   0x130  stm32f1xx_hal_cortex.o [1]
  .text              ro code  0x08001aa0    0x28  stm32f1xx_hal.o [1]
  .text              ro code  0x08001ac8   0x118  gpio.o [1]
  .text              ro code  0x08001be0   0x19c  can.o [1]
  .text              ro code  0x08001d7c   0x588  usart.o [1]
  .text              ro code  0x08002304    0x68  rtc.o [1]
  .text              ro code  0x0800236c    0xd0  spi.o [1]
  .text              ro code  0x0800243c   0x414  tim.o [1]
  .text              ro code  0x08002850   0x134  i2c.o [1]
  .text              ro code  0x08002984   0x468  cmsis_os2.o [1]
  .text              ro code  0x08002dec   0x138  freertos.o [1]
  .text              ro code  0x08002f24     0x6  ABImemclr4.o [4]
  .text              ro code  0x08002f2c   0x6ec  stm32f1xx_hal_rcc.o [1]
  .text              ro code  0x08003618   0x210  stm32f1xx_hal_rcc_ex.o [1]
  .text              ro code  0x08003828    0x4c  stm32f1xx_hal.o [1]
  .text              ro code  0x08003874    0x5c  stm32f1xx_hal_msp.o [1]
  .text              ro code  0x080038d0   0x218  stm32f1xx_hal_gpio.o [1]
  .text              ro code  0x08003ae8   0x502  stm32f1xx_hal_can.o [1]
  .text              ro code  0x08003fec   0x608  stm32f1xx_hal_uart.o [1]
  .text              ro code  0x080045f4   0x278  event_groups.o [1]
  .text              ro code  0x0800486c   0x196  stm32f1xx_hal_rtc.o [1]
  .text              ro code  0x08004a04     0xc  stm32f1xx_hal_pwr.o [1]
  .text              ro code  0x08004a10    0xc4  stm32f1xx_hal_spi.o [1]
  .text              ro code  0x08004ad4   0x97a  stm32f1xx_hal_tim.o [1]
  .text              ro code  0x08005450    0x7c  stm32f1xx_hal_tim_ex.o [1]
  .text              ro code  0x080054cc   0xbac  stm32f1xx_hal_i2c.o [1]
  .text              ro code  0x08006078   0xb44  tasks.o [1]
  .text              ro code  0x08006bbc   0x7fa  queue.o [1]
  .text              ro code  0x080073b8    0x32  ABImemset48.o [4]
  .text              ro code  0x080073ec     0xc  stm32f1xx_hal.o [1]
  .text              ro code  0x080073f8     0x2  stm32f1xx_hal_can.o [1]
  .text              ro code  0x080073fa     0x2  stm32f1xx_hal_can.o [1]
  .text              ro code  0x080073fc     0x2  stm32f1xx_hal_can.o [1]
  .text              ro code  0x080073fe     0x2  stm32f1xx_hal_can.o [1]
  .text              ro code  0x08007400     0x2  stm32f1xx_hal_can.o [1]
  .text              ro code  0x08007402     0x2  stm32f1xx_hal_can.o [1]
  .text              ro code  0x08007404     0x2  stm32f1xx_hal_can.o [1]
  .text              ro code  0x08007406     0x2  stm32f1xx_hal_can.o [1]
  .text              ro code  0x08007408     0x2  stm32f1xx_hal_can.o [1]
  .text              ro code  0x0800740a     0x2  stm32f1xx_hal_can.o [1]
  .text              ro code  0x0800740c     0x2  stm32f1xx_hal_can.o [1]
  .text              ro code  0x0800740e     0x2  stm32f1xx_hal_can.o [1]
  .text              ro code  0x08007410     0x2  stm32f1xx_hal_can.o [1]
  .text              ro code  0x08007414   0x118  stm32f1xx_hal_dma.o [1]
  .text              ro code  0x0800752c     0x2  stm32f1xx_hal_uart.o [1]
  .text              ro code  0x0800752e     0x2  stm32f1xx_hal_uart.o [1]
  .text              ro code  0x08007530     0x2  stm32f1xx_hal_uart.o [1]
  .text              ro code  0x08007532    0x98  list.o [1]
  .text              ro code  0x080075cc   0x25c  heap_4.o [1]
  .text              ro code  0x08007828   0x224  port.o [1]
  .text              ro code  0x08007a4c   0x488  timers.o [1]
  .text              ro code  0x08007ed4     0x2  stm32f1xx_hal_tim.o [1]
  .text              ro code  0x08007ed6     0x2  stm32f1xx_hal_tim.o [1]
  .text              ro code  0x08007ed8     0x2  stm32f1xx_hal_tim.o [1]
  .text              ro code  0x08007eda     0x2  stm32f1xx_hal_tim_ex.o [1]
  .text              ro code  0x08007edc     0x2  stm32f1xx_hal_tim.o [1]
  .text              ro code  0x08007ede     0x2  stm32f1xx_hal_tim_ex.o [1]
  .text              ro code  0x08007ee0    0x66  ABImemset.o [4]
  CODE               ro code  0x08007f48    0x88  portasm.o [1]
  .text              ro code  0x08007fd0   0x610  mode.o [1]
  .text              ro code  0x080085e0    0x70  stm32f1xx_it.o [1]
  .text              ro code  0x08008650    0x18  stm32f1xx_hal.o [1]
  .text              ro code  0x08008668    0x40  zero_init3.o [4]
  Initializer bytes  const    0x080086a8    0x30  <for P2-1>
  .text              ro code  0x080086d8    0x2c  copy_init3.o [4]
  .text              ro code  0x08008704    0x28  data_init.o [4]
  .rodata            const    0x0800872c    0x24  freertos.o [1]
  .rodata            const    0x08008750    0x24  freertos.o [1]
  .rodata            const    0x08008774    0x24  freertos.o [1]
  .rodata            const    0x08008798    0x24  freertos.o [1]
  .rodata            const    0x080087bc    0x24  freertos.o [1]
  .rodata            const    0x080087e0    0x24  freertos.o [1]
  .iar.init_table    const    0x08008804    0x24  - Linker created -
  .rodata            const    0x08008828    0x20  freertos.o [1]
  .text              ro code  0x08008848    0x1e  cmain.o [4]
  .text              ro code  0x08008866     0x4  low_level_init.o [3]
  .text              ro code  0x0800886a     0x4  exit.o [3]
  .text              ro code  0x08008870     0xa  cexit.o [4]
  .text              ro code  0x0800887c    0x14  exit.o [5]
  .rodata            const    0x08008890    0x1c  freertos.o [1]
  .rodata            const    0x080088ac    0x1c  freertos.o [1]
  .rodata            const    0x080088c8    0x18  freertos.o [1]
  .rodata            const    0x080088e0    0x18  freertos.o [1]
  .rodata            const    0x080088f8    0x18  freertos.o [1]
  .rodata            const    0x08008910    0x18  freertos.o [1]
  .rodata            const    0x08008928    0x14  freertos.o [1]
  .rodata            const    0x0800893c    0x10  freertos.o [1]
  .rodata            const    0x0800894c    0x10  freertos.o [1]
  .rodata            const    0x0800895c    0x10  stm32f1xx_hal_rcc.o [1]
  .rodata            const    0x0800896c    0x10  stm32f1xx_hal_rcc_ex.o [1]
  .rodata            const    0x0800897c    0x10  system_stm32f1xx.o [1]
  .rodata            const    0x0800898c    0x10  tim.o [1]
  .text              ro code  0x0800899c    0x10  startup_stm32f103xb.o [1]
  .rodata            const    0x080089ac     0xc  freertos.o [1]
  .text              ro code  0x080089b8     0xc  cstartup_M.o [4]
  .rodata            const    0x080089c4     0x8  can.o [1]
  .rodata            const    0x080089cc     0x8  freertos.o [1]
  .rodata            const    0x080089d4     0x8  freertos.o [1]
  .rodata            const    0x080089dc     0x8  freertos.o [1]
  .rodata            const    0x080089e4     0x8  system_stm32f1xx.o [1]
  .rodata            const    0x080089ec     0x8  tasks.o [1]
  .rodata            const    0x080089f4     0x8  tim.o [1]
  .rodata            const    0x080089fc     0x8  tim.o [1]
  .rodata            const    0x08008a04     0x8  timers.o [1]
  .rodata            const    0x08008a0c     0x8  timers.o [1]
  .rodata            const    0x08008a14     0x4  freertos.o [1]
  .rodata            const    0x08008a18     0x4  freertos.o [1]
  .rodata            const    0x08008a1c     0x4  heap_4.o [1]
  .rodata            const    0x08008a20     0x4  port.o [1]
  .text              ro code  0x08008a24     0x4  startup_stm32f103xb.o [1]
  .text              ro code  0x08008a28     0x4  startup_stm32f103xb.o [1]
  .text              ro code  0x08008a2c     0x4  startup_stm32f103xb.o [1]
  .text              ro code  0x08008a30     0x4  startup_stm32f103xb.o [1]
  .text              ro code  0x08008a34     0x4  startup_stm32f103xb.o [1]
  .text              ro code  0x08008a38     0x4  startup_stm32f103xb.o [1]
  .text              ro code  0x08008a3c     0x4  startup_stm32f103xb.o [1]
  .text              ro code  0x08008a40     0x4  startup_stm32f103xb.o [1]
  .text              ro code  0x08008a44     0x4  startup_stm32f103xb.o [1]
  .text              ro code  0x08008a48     0x4  startup_stm32f103xb.o [1]
  .text              ro code  0x08008a4c     0x4  startup_stm32f103xb.o [1]
  .text              ro code  0x08008a50     0x4  startup_stm32f103xb.o [1]
  .text              ro code  0x08008a54     0x4  startup_stm32f103xb.o [1]
  .text              ro code  0x08008a58     0x4  startup_stm32f103xb.o [1]
  .text              ro code  0x08008a5c     0x4  startup_stm32f103xb.o [1]
  .text              ro code  0x08008a60     0x4  startup_stm32f103xb.o [1]
  .text              ro code  0x08008a64     0x4  startup_stm32f103xb.o [1]
  .text              ro code  0x08008a68     0x4  startup_stm32f103xb.o [1]
  .text              ro code  0x08008a6c     0x4  startup_stm32f103xb.o [1]
  .text              ro code  0x08008a70     0x4  startup_stm32f103xb.o [1]
  .text              ro code  0x08008a74     0x4  startup_stm32f103xb.o [1]
  .text              ro code  0x08008a78     0x4  startup_stm32f103xb.o [1]
  .text              ro code  0x08008a7c     0x4  startup_stm32f103xb.o [1]
  .text              ro code  0x08008a80     0x4  startup_stm32f103xb.o [1]
  .text              ro code  0x08008a84     0x4  startup_stm32f103xb.o [1]
  .text              ro code  0x08008a88     0x4  startup_stm32f103xb.o [1]
  .text              ro code  0x08008a8c     0x4  startup_stm32f103xb.o [1]
  .text              ro code  0x08008a90     0x4  startup_stm32f103xb.o [1]
  .text              ro code  0x08008a94     0x4  startup_stm32f103xb.o [1]
  .text              ro code  0x08008a98     0x4  startup_stm32f103xb.o [1]
  .text              ro code  0x08008a9c     0x4  startup_stm32f103xb.o [1]
  .text              ro code  0x08008aa0     0x4  startup_stm32f103xb.o [1]
  .text              ro code  0x08008aa4     0x4  startup_stm32f103xb.o [1]
  .text              ro code  0x08008aa8     0x4  startup_stm32f103xb.o [1]
  .text              ro code  0x08008aac     0x4  startup_stm32f103xb.o [1]
  .text              ro code  0x08008ab0     0x4  startup_stm32f103xb.o [1]
  .text              ro code  0x08008ab4     0x4  startup_stm32f103xb.o [1]
  .text              ro code  0x08008ab8     0x4  startup_stm32f103xb.o [1]
  .text              ro code  0x08008abc     0x2  system_stm32f1xx.o [1]
  .rodata            const    0x08008abe     0x0  zero_init3.o [4]
  .rodata            const    0x08008abe     0x0  copy_init3.o [4]
                            - 0x08008abe  0x89d2

"P2", part 1 of 3:                          0x30
  P2-1                        0x20000000    0x2d  <Init block>
    .data            inited   0x20000000    0x20  mode.o [1]
    .data            inited   0x20000020     0x4  port.o [1]
    .data            inited   0x20000024     0x4  stm32f1xx_hal.o [1]
    .data            inited   0x20000028     0x4  system_stm32f1xx.o [1]
    .data            inited   0x2000002c     0x1  stm32f1xx_hal.o [1]
                            - 0x2000002d    0x2d

"P2", part 2 of 3:                        0x3444
  .bss               zero     0x20000030  0x2000  heap_4.o [1]
  .bss               zero     0x20002030   0x460  tasks.o [1]
  .bss               zero     0x20002490   0x400  cmsis_os2.o [1]
  .bss               zero     0x20002890   0x2ec  usb.o [1]
  .bss               zero     0x20002b7c   0x200  cmsis_os2.o [1]
  .bss               zero     0x20002d7c    0xa0  timers.o [1]
  .bss               zero     0x20002e1c    0x5c  cmsis_os2.o [1]
  .bss               zero     0x20002e78    0x5c  cmsis_os2.o [1]
  .bss               zero     0x20002ed4    0x58  spi.o [1]
  .bss               zero     0x20002f2c    0x54  i2c.o [1]
  .bss               zero     0x20002f80    0x50  freertos.o [1]
  .bss               zero     0x20002fd0    0x50  freertos.o [1]
  .bss               zero     0x20003020    0x50  freertos.o [1]
  .bss               zero     0x20003070    0x50  freertos.o [1]
  .bss               zero     0x200030c0    0x50  timers.o [1]
  .bss               zero     0x20003110    0x48  tim.o [1]
  .bss               zero     0x20003158    0x48  tim.o [1]
  .bss               zero     0x200031a0    0x44  usart.o [1]
  .bss               zero     0x200031e4    0x40  queue.o [1]
  .bss               zero     0x20003224    0x3c  mode.o [1]
  .bss               zero     0x20003260    0x28  can.o [1]
  .bss               zero     0x20003288    0x1c  usart.o [1]
  .bss               zero     0x200032a4    0x14  rtc.o [1]
  .bss               zero     0x200032b8    0x14  tasks.o [1]
  .bss               zero     0x200032cc    0x14  tasks.o [1]
  .bss               zero     0x200032e0    0x14  tasks.o [1]
  .bss               zero     0x200032f4    0x14  tasks.o [1]
  .bss               zero     0x20003308    0x14  tasks.o [1]
  .bss               zero     0x2000331c    0x14  timers.o [1]
  .bss               zero     0x20003330    0x14  timers.o [1]
  .bss               zero     0x20003344     0xc  tim.o [1]
  .bss               zero     0x20003350     0x8  heap_4.o [1]
  .bss               zero     0x20003358     0x8  i2c.o [1]
  .bss               zero     0x20003360     0x8  i2c.o [1]
  .bss               zero     0x20003368     0x8  mode.o [1]
  .bss               zero     0x20003370     0x8  usart.o [1]
  .bss               zero     0x20003378     0x8  usart.o [1]
  .bss               zero     0x20003380     0x4  cmsis_os2.o [1]
  .bss               zero     0x20003384     0x4  freertos.o [1]
  .bss               zero     0x20003388     0x4  freertos.o [1]
  .bss               zero     0x2000338c     0x4  freertos.o [1]
  .bss               zero     0x20003390     0x4  freertos.o [1]
  .bss               zero     0x20003394     0x4  freertos.o [1]
  .bss               zero     0x20003398     0x4  freertos.o [1]
  .bss               zero     0x2000339c     0x4  freertos.o [1]
  .bss               zero     0x200033a0     0x4  freertos.o [1]
  .bss               zero     0x200033a4     0x4  freertos.o [1]
  .bss               zero     0x200033a8     0x4  freertos.o [1]
  .bss               zero     0x200033ac     0x4  freertos.o [1]
  .bss               zero     0x200033b0     0x4  freertos.o [1]
  .bss               zero     0x200033b4     0x4  heap_4.o [1]
  .bss               zero     0x200033b8     0x4  heap_4.o [1]
  .bss               zero     0x200033bc     0x4  heap_4.o [1]
  .bss               zero     0x200033c0     0x4  heap_4.o [1]
  .bss               zero     0x200033c4     0x4  mode.o [1]
  .bss               zero     0x200033c8     0x4  mode.o [1]
  .bss               zero     0x200033cc     0x4  mode.o [1]
  .bss               zero     0x200033d0     0x4  mode.o [1]
  .bss               zero     0x200033d4     0x4  port.o [1]
  .bss               zero     0x200033d8     0x4  stm32f1xx_hal.o [1]
  .bss               zero     0x200033dc     0x4  tasks.o [1]
  .bss               zero     0x200033e0     0x4  tasks.o [1]
  .bss               zero     0x200033e4     0x4  tasks.o [1]
  .bss               zero     0x200033e8     0x4  tasks.o [1]
  .bss               zero     0x200033ec     0x4  tasks.o [1]
  .bss               zero     0x200033f0     0x4  tasks.o [1]
  .bss               zero     0x200033f4     0x4  tasks.o [1]
  .bss               zero     0x200033f8     0x4  tasks.o [1]
  .bss               zero     0x200033fc     0x4  tasks.o [1]
  .bss               zero     0x20003400     0x4  tasks.o [1]
  .bss               zero     0x20003404     0x4  tasks.o [1]
  .bss               zero     0x20003408     0x4  tasks.o [1]
  .bss               zero     0x2000340c     0x4  tasks.o [1]
  .bss               zero     0x20003410     0x4  tasks.o [1]
  .bss               zero     0x20003414     0x4  tasks.o [1]
  .bss               zero     0x20003418     0x4  tim.o [1]
  .bss               zero     0x2000341c     0x4  tim.o [1]
  .bss               zero     0x20003420     0x4  tim.o [1]
  .bss               zero     0x20003424     0x4  tim.o [1]
  .bss               zero     0x20003428     0x4  timers.o [1]
  .bss               zero     0x2000342c     0x4  timers.o [1]
  .bss               zero     0x20003430     0x4  timers.o [1]
  .bss               zero     0x20003434     0x4  timers.o [1]
  .bss               zero     0x20003438     0x4  timers.o [1]
  .bss               zero     0x2000343c     0x4  usart.o [1]
  .bss               zero     0x20003440     0x4  usart.o [1]
  .bss               zero     0x20003444     0x2  freertos.o [1]
  .bss               zero     0x20003446     0x2  freertos.o [1]
  .bss               zero     0x20003448     0x2  mode.o [1]
  .bss               zero     0x2000344a     0x2  mode.o [1]
  .bss               zero     0x2000344c     0x2  mode.o [1]
  .bss               zero     0x2000344e     0x2  mode.o [1]
  .bss               zero     0x20003450     0x2  mode.o [1]
  .bss               zero     0x20003452     0x2  mode.o [1]
  .bss               zero     0x20003454     0x2  mode.o [1]
  .bss               zero     0x20003456     0x2  mode.o [1]
  .bss               zero     0x20003458     0x2  mode.o [1]
  .bss               zero     0x2000345a     0x2  tim.o [1]
  .bss               zero     0x2000345c     0x2  tim.o [1]
  .bss               zero     0x2000345e     0x2  usart.o [1]
  .bss               zero     0x20003460     0x2  usart.o [1]
  .bss               zero     0x20003462     0x1  freertos.o [1]
  .bss               zero     0x20003463     0x1  mode.o [1]
  .bss               zero     0x20003464     0x1  mode.o [1]
  .bss               zero     0x20003465     0x1  mode.o [1]
  .bss               zero     0x20003466     0x1  mode.o [1]
  .bss               zero     0x20003467     0x1  mode.o [1]
  .bss               zero     0x20003468     0x1  mode.o [1]
  .bss               zero     0x20003469     0x1  mode.o [1]
  .bss               zero     0x2000346a     0x1  mode.o [1]
  .bss               zero     0x2000346b     0x1  mode.o [1]
  .bss               zero     0x2000346c     0x1  port.o [1]
  .bss               zero     0x2000346d     0x1  tim.o [1]
  .bss               zero     0x2000346e     0x1  usart.o [1]
  .bss               zero     0x2000346f     0x1  usart.o [1]
  .bss               zero     0x20003470     0x1  usart.o [1]
                            - 0x20003471  0x3441

"P2", part 3 of 3:                         0x400
  CSTACK                      0x20003478   0x400  <Block>
    CSTACK           uninit   0x20003478   0x400  <Block tail>
                            - 0x20003878   0x400


*******************************************************************************
*** INIT TABLE
***

          Address     Size
          -------     ----
Zero (__iar_zero_init3)
    1 destination range, total size 0x3441:
          0x20000030  0x3441

Copy (__iar_copy_init3)
    1 source range, total size 0x30 (106% of destination):
          0x080086a8    0x30
    1 destination range, total size 0x2d:
          0x20000000    0x2d



*******************************************************************************
*** MODULE SUMMARY
***

    Module                  ro code  ro data  rw data
    ------                  -------  -------  -------
E:\050_Workspace\010_YTP_SENT\040_Software\41_Cube\Code\GoodProject\EWARM\GoodProject\Obj: [1]
    can.o                       412        8       40
    cmsis_os2.o               1 128             1 724
    event_groups.o              632
    freertos.o                  312      496      373
    gpio.o                      280
    heap_4.o                    604        4    8 216
    i2c.o                       308               100
    list.o                      152
    main.o                      214
    mode.o                    1 552       32      143
    port.o                      548        8        9
    portasm.o                   136
    queue.o                   2 042                64
    rtc.o                       104                20
    spi.o                       208                88
    startup_stm32f103xb.o       404
    stm32f1xx_hal.o             152        5        9
    stm32f1xx_hal_can.o       1 308
    stm32f1xx_hal_cortex.o      304
    stm32f1xx_hal_dma.o         280
    stm32f1xx_hal_gpio.o        536
    stm32f1xx_hal_i2c.o       2 988
    stm32f1xx_hal_msp.o          92
    stm32f1xx_hal_pcd.o       3 302
    stm32f1xx_hal_pwr.o          12
    stm32f1xx_hal_rcc.o       1 772       18
    stm32f1xx_hal_rcc_ex.o      528       18
    stm32f1xx_hal_rtc.o         406
    stm32f1xx_hal_spi.o         196
    stm32f1xx_hal_tim.o       2 434
    stm32f1xx_hal_tim_ex.o      128
    stm32f1xx_hal_uart.o      1 550
    stm32f1xx_it.o              112
    stm32f1xx_ll_usb.o        2 454
    system_stm32f1xx.o            2       28        4
    tasks.o                   2 884        8    1 280
    tim.o                     1 044       32      177
    timers.o                  1 160       16      300
    usart.o                   1 416               127
    usb.o                       136               748
    -------------------------------------------------
    Total:                   34 232      673   13 422

command line: [2]
    -------------------------------------------------
    Total:

dl7M_tlf.a: [3]
    exit.o                        4
    low_level_init.o              4
    -------------------------------------------------
    Total:                        8

rt7M_tl.a: [4]
    ABImemclr4.o                  6
    ABImemcpy.o                 166
    ABImemset.o                 102
    ABImemset48.o                50
    cexit.o                      10
    cmain.o                      30
    copy_init3.o                 44
    cstartup_M.o                 12
    data_init.o                  40
    zero_init3.o                 64
    -------------------------------------------------
    Total:                      524

shb_l.a: [5]
    exit.o                       20
    -------------------------------------------------
    Total:                       20

    Gaps                         22
    Linker created                        39    1 024
-----------------------------------------------------
    Grand Total:             34 806      712   14 446


*******************************************************************************
*** ENTRY LIST
***

Entry                      Address    Size  Type      Object
-----                      -------    ----  ----      ------
.iar.init_table$$Base   0x08008804           --   Gb  - Linker created -
.iar.init_table$$Limit  0x08008828           --   Gb  - Linker created -
?main                   0x08008849          Code  Gb  cmain.o [4]
AHBPrescTable           0x0800897c    0x10  Data  Gb  system_stm32f1xx.o [1]
APBPrescTable           0x080089e4     0x8  Data  Gb  system_stm32f1xx.o [1]
BusFault_Handler        0x080085e7     0x2  Code  Gb  stm32f1xx_it.o [1]
CAN1_RX1_IRQHandler     0x08008621     0xa  Code  Gb  stm32f1xx_it.o [1]
CANHandle               0x20003388     0x4  Data  Gb  freertos.o [1]
CAN_attributes          0x08008750    0x24  Data  Gb  freertos.o [1]
CSTACK$$Base            0x20003478           --   Gb  - Linker created -
CSTACK$$Limit           0x20003878           --   Gb  - Linker created -
DebugMon_Handler        0x080085eb     0x2  Code  Gb  stm32f1xx_it.o [1]
EEPROMHandle            0x20003398     0x4  Data  Gb  freertos.o [1]
EEPROM_Task             0x080028fb    0x6e  Code  Gb  i2c.o [1]
EEPROM_Task::eeReaddataList
                        0x20003358     0x8  Data  Lc  i2c.o [1]
EEPROM_Task::eeWritedataList
                        0x20003360     0x8  Data  Lc  i2c.o [1]
EEPROM_attributes       0x080087e0    0x24  Data  Gb  freertos.o [1]
Error_Handler           0x0800196b     0x4  Code  Gb  main.o [1]
HAL_CAN_AddTxMessage    0x08003cb1   0x10a  Code  Gb  stm32f1xx_hal_can.o [1]
HAL_CAN_IRQHandler      0x08003dbb   0x230  Code  Gb  stm32f1xx_hal_can.o [1]
HAL_CAN_Init            0x08003ae9   0x16c  Code  Gb  stm32f1xx_hal_can.o [1]
HAL_CAN_MspInit         0x08001c41    0xba  Code  Gb  can.o [1]
HAL_CAN_Start           0x08003c55    0x5c  Code  Gb  stm32f1xx_hal_can.o [1]
HAL_CAN_Task            0x08001cfb    0x60  Code  Gb  can.o [1]
HAL_DMA_Abort           0x08007415    0x4c  Code  Gb  stm32f1xx_hal_dma.o [1]
HAL_DMA_Abort_IT        0x08007461    0xae  Code  Gb  stm32f1xx_hal_dma.o [1]
HAL_GPIO_Init           0x080038d1   0x1c4  Code  Gb  stm32f1xx_hal_gpio.o [1]
HAL_GPIO_WritePin       0x08003a95    0x14  Code  Gb  stm32f1xx_hal_gpio.o [1]
HAL_GetTick             0x080073ed     0xc  Code  Wk  stm32f1xx_hal.o [1]
HAL_I2C_Init            0x080054cd   0x1d8  Code  Gb  stm32f1xx_hal_i2c.o [1]
HAL_I2C_Mem_Read        0x08005825   0x350  Code  Gb  stm32f1xx_hal_i2c.o [1]
HAL_I2C_Mem_Write       0x080056bd   0x168  Code  Gb  stm32f1xx_hal_i2c.o [1]
HAL_I2C_MspInit         0x0800289b    0x60  Code  Gb  i2c.o [1]
HAL_IncTick             0x08008651    0x18  Code  Wk  stm32f1xx_hal.o [1]
HAL_Init                0x08001aa1    0x22  Code  Gb  stm32f1xx_hal.o [1]
HAL_InitTick            0x08003829    0x4c  Code  Wk  stm32f1xx_hal.o [1]
HAL_LIN_Init            0x08003fed    0x94  Code  Gb  stm32f1xx_hal_uart.o [1]
HAL_MspInit             0x08003875    0x5c  Code  Gb  stm32f1xx_hal_msp.o [1]
HAL_NVIC_EnableIRQ      0x08001a6d     0xa  Code  Gb  stm32f1xx_hal_cortex.o [1]
HAL_NVIC_SetPriority    0x08001a4b    0x22  Code  Gb  stm32f1xx_hal_cortex.o [1]
HAL_NVIC_SetPriorityGrouping
                        0x08001a43     0x8  Code  Gb  stm32f1xx_hal_cortex.o [1]
HAL_PCD_EP_DB_Receive   0x08000853   0x13a  Code  Lc  stm32f1xx_hal_pcd.o [1]
HAL_PCD_EP_DB_Transmit  0x0800098d   0x438  Code  Lc  stm32f1xx_hal_pcd.o [1]
HAL_PCD_IRQHandler      0x0800027f   0x1c0  Code  Gb  stm32f1xx_hal_pcd.o [1]
HAL_PCD_Init            0x080000ed   0x192  Code  Gb  stm32f1xx_hal_pcd.o [1]
HAL_PCD_MspInit         0x08000dfb    0x44  Code  Gb  usb.o [1]
HAL_PCD_SetAddress      0x0800043f    0x2c  Code  Gb  stm32f1xx_hal_pcd.o [1]
HAL_PWR_EnableBkUpAccess
                        0x08004a05     0x8  Code  Gb  stm32f1xx_hal_pwr.o [1]
HAL_RCCEx_GetPeriphCLKFreq
                        0x0800371f    0xdc  Code  Gb  stm32f1xx_hal_rcc_ex.o [1]
HAL_RCCEx_PeriphCLKConfig
                        0x08003619   0x106  Code  Gb  stm32f1xx_hal_rcc_ex.o [1]
HAL_RCC_ClockConfig     0x080033a7   0x16e  Code  Gb  stm32f1xx_hal_rcc.o [1]
HAL_RCC_GetHCLKFreq     0x08003579     0x6  Code  Gb  stm32f1xx_hal_rcc.o [1]
HAL_RCC_GetPCLK1Freq    0x0800357f    0x16  Code  Gb  stm32f1xx_hal_rcc.o [1]
HAL_RCC_GetPCLK2Freq    0x08003595    0x16  Code  Gb  stm32f1xx_hal_rcc.o [1]
HAL_RCC_GetSysClockFreq
                        0x08003515    0x64  Code  Gb  stm32f1xx_hal_rcc.o [1]
HAL_RCC_OscConfig       0x08002f2d   0x47a  Code  Gb  stm32f1xx_hal_rcc.o [1]
HAL_RTC_Init            0x0800486d    0xe2  Code  Gb  stm32f1xx_hal_rtc.o [1]
HAL_RTC_MspInit         0x0800232d    0x2e  Code  Gb  rtc.o [1]
HAL_RTC_WaitForSynchro  0x08004959    0x3e  Code  Gb  stm32f1xx_hal_rtc.o [1]
HAL_SPI_Init            0x08004a11    0xc4  Code  Gb  stm32f1xx_hal_spi.o [1]
HAL_SPI_MspInit         0x080023cd    0x5e  Code  Gb  spi.o [1]
HAL_SYSTICK_Config      0x08001a77     0x8  Code  Gb  stm32f1xx_hal_cortex.o [1]
HAL_TIMEx_BreakCallback
                        0x08007edb     0x2  Code  Wk  stm32f1xx_hal_tim_ex.o [1]
HAL_TIMEx_CommutCallback
                        0x08007edf     0x2  Code  Wk  stm32f1xx_hal_tim_ex.o [1]
HAL_TIMEx_MasterConfigSynchronization
                        0x08005451    0x6c  Code  Gb  stm32f1xx_hal_tim_ex.o [1]
HAL_TIM_IC_CaptureCallback
                        0x080026bf    0xde  Code  Gb  tim.o [1]
HAL_TIM_IC_CaptureCallback::counter
                        0x2000341c     0x4  Data  Lc  tim.o [1]
HAL_TIM_IC_CaptureCallback::counterDelta
                        0x20003424     0x4  Data  Lc  tim.o [1]
HAL_TIM_IC_CaptureCallback::counterOld
                        0x20003420     0x4  Data  Lc  tim.o [1]
HAL_TIM_IC_CaptureCallback::dataList
                        0x20003344     0xc  Data  Lc  tim.o [1]
HAL_TIM_IC_CaptureCallback::index
                        0x2000346d     0x1  Data  Lc  tim.o [1]
HAL_TIM_IC_ConfigChannel
                        0x08004f6b    0xc8  Code  Gb  stm32f1xx_hal_tim.o [1]
HAL_TIM_IC_Init         0x08004c15    0x6e  Code  Gb  stm32f1xx_hal_tim.o [1]
HAL_TIM_IC_MspInit      0x08002593    0x70  Code  Gb  tim.o [1]
HAL_TIM_IC_Start_IT     0x08004c89   0x15e  Code  Gb  stm32f1xx_hal_tim.o [1]
HAL_TIM_IRQHandler      0x08004df5   0x176  Code  Gb  stm32f1xx_hal_tim.o [1]
HAL_TIM_MspPostInit     0x08002629    0x5a  Code  Gb  tim.o [1]
HAL_TIM_PWM_ConfigChannel
                        0x08005033    0xf0  Code  Gb  stm32f1xx_hal_tim.o [1]
HAL_TIM_PWM_Init        0x08004ad5    0x6e  Code  Gb  stm32f1xx_hal_tim.o [1]
HAL_TIM_PWM_MspInit     0x08002603    0x26  Code  Gb  tim.o [1]
HAL_TIM_PWM_Start       0x08004b43    0xc8  Code  Gb  stm32f1xx_hal_tim.o [1]
HAL_TIM_ReadCapturedValue
                        0x08005123    0x30  Code  Gb  stm32f1xx_hal_tim.o [1]
HAL_TIM_Task            0x0800279d    0x52  Code  Gb  tim.o [1]
HAL_UART_IRQHandler     0x08004111   0x21e  Code  Gb  stm32f1xx_hal_uart.o [1]
HAL_UART_MspInit        0x08001dcf    0x98  Code  Gb  usart.o [1]
HAL_UART_Receive_IT     0x080040d5    0x3c  Code  Gb  stm32f1xx_hal_uart.o [1]
HAL_UART_RxCpltCallback
                        0x08001e67    0x40  Code  Gb  usart.o [1]
HAL_UART_RxCpltCallback::data
                        0x2000346f     0x1  Data  Lc  usart.o [1]
HAL_UART_RxManage       0x08001eed   0x268  Code  Gb  usart.o [1]
HAL_UART_Task           0x080021ff    0xb6  Code  Gb  usart.o [1]
HAL_UART_Transmit_IT    0x08004081    0x54  Code  Gb  stm32f1xx_hal_uart.o [1]
HardFault_Handler       0x080085e3     0x2  Code  Gb  stm32f1xx_it.o [1]
I2C_IsAcknowledgeFailed
                        0x08006043    0x36  Code  Lc  stm32f1xx_hal_i2c.o [1]
I2C_RequestMemoryRead   0x08005c6b   0x16c  Code  Lc  stm32f1xx_hal_i2c.o [1]
I2C_RequestMemoryWrite  0x08005b85    0xe6  Code  Lc  stm32f1xx_hal_i2c.o [1]
I2C_WaitOnBTFFlagUntilTimeout
                        0x08005f73    0x58  Code  Lc  stm32f1xx_hal_i2c.o [1]
I2C_WaitOnFlagUntilTimeout
                        0x08005dd7    0x8a  Code  Lc  stm32f1xx_hal_i2c.o [1]
I2C_WaitOnMasterAddressFlagUntilTimeout
                        0x08005e61    0xba  Code  Lc  stm32f1xx_hal_i2c.o [1]
I2C_WaitOnRXNEFlagUntilTimeout
                        0x08005fd1    0x72  Code  Lc  stm32f1xx_hal_i2c.o [1]
I2C_WaitOnTXEFlagUntilTimeout
                        0x08005f1b    0x58  Code  Lc  stm32f1xx_hal_i2c.o [1]
Idle_Stack              0x20002b7c   0x200  Data  Lc  cmsis_os2.o [1]
Idle_TCB                0x20002e1c    0x5c  Data  Lc  cmsis_os2.o [1]
KernelState             0x20003380     0x4  Data  Lc  cmsis_os2.o [1]
LIN_ComputeChecksum     0x08001ea7    0x46  Code  Lc  usart.o [1]
LIN_MasterModeCommandBuffer
                        0x20003462     0x1  Data  Gb  freertos.o [1]
LIN_MasterModeCommandControlBlock
                        0x20003020    0x50  Data  Gb  freertos.o [1]
LIN_MasterModeCommandQueueHandle
                        0x200033a4     0x4  Data  Gb  freertos.o [1]
LIN_MasterModeCommandQueue_attributes
                        0x080088f8    0x18  Data  Gb  freertos.o [1]
LIN_MasterTargetPositionBuffer
                        0x20003446     0x2  Data  Gb  freertos.o [1]
LIN_MasterTargetPositionControlBlock
                        0x20002fd0    0x50  Data  Gb  freertos.o [1]
LIN_MasterTargetPositionQueueHandle
                        0x200033a0     0x4  Data  Gb  freertos.o [1]
LIN_MasterTargetPositionQueue_attributes
                        0x080088e0    0x18  Data  Gb  freertos.o [1]
LIN_MessagesReceiveHandel
                        0x08002155    0x5e  Code  Lc  usart.o [1]
LIN_MessagesReceiveHandel::linMasterModeCommandValue
                        0x20003470     0x1  Data  Lc  usart.o [1]
LIN_MessagesReceiveHandel::linMasterTargetPositionValue
                        0x2000345e     0x2  Data  Lc  usart.o [1]
LIN_MessagesSentHandel  0x080021b3    0x4c  Code  Lc  usart.o [1]
LIN_MessagesSentHandel::linAngleValue
                        0x20003440     0x4  Data  Lc  usart.o [1]
LIN_MessagesSentHandel::linYtSentCurrentPositionValue
                        0x20003460     0x2  Data  Lc  usart.o [1]
MODEHandle              0x20003394     0x4  Data  Gb  freertos.o [1]
MODE_ControlModeHandel  0x0800844b    0xa8  Code  Gb  mode.o [1]
MODE_ControlModeHandel::masterModeCommand
                        0x2000346a     0x1  Data  Lc  mode.o [1]
MODE_ControlModeHandel::masterModeCommandOld
                        0x2000346b     0x1  Data  Lc  mode.o [1]
MODE_ControlModeHandel::masterTargetPosOld
                        0x20003456     0x2  Data  Lc  mode.o [1]
MODE_Init               0x08007fd1    0x3a  Code  Gb  mode.o [1]
MODE_ModeCommandChange  0x0800805d   0x108  Code  Lc  mode.o [1]
MODE_ModeCommandChange::firstPos
                        0x2000344a     0x2  Data  Lc  mode.o [1]
MODE_ModeCommandChange::modeRunStep
                        0x20003469     0x1  Data  Lc  mode.o [1]
MODE_ModeCommandChange::secondtPos
                        0x2000344c     0x2  Data  Lc  mode.o [1]
MODE_ModePositionChange
                        0x0800800b    0x52  Code  Lc  mode.o [1]
MODE_ModePositionChange::posRunStep
                        0x20003468     0x1  Data  Lc  mode.o [1]
MODE_MotorAction        0x08008165   0x2e6  Code  Lc  mode.o [1]
MODE_MotorAction::brakeTimer
                        0x2000344e     0x2  Data  Lc  mode.o [1]
MODE_MotorAction::modeCurrentPosOld
                        0x20003454     0x2  Data  Lc  mode.o [1]
MODE_MotorAction::motorOutMessageQueue
                        0x20003368     0x8  Data  Lc  mode.o [1]
MODE_MotorAction::positionValueDelta
                        0x20003450     0x2  Data  Lc  mode.o [1]
MODE_MotorAction::positionValueDeltaAverage
                        0x20003452     0x2  Data  Lc  mode.o [1]
MODE_MotorAction::positionValueDeltaList
                        0x20003224    0x3c  Data  Lc  mode.o [1]
MODE_MotorOutBuffer     0x200033ac     0x4  Data  Gb  freertos.o [1]
MODE_MotorOutControlBlock
                        0x20003070    0x50  Data  Gb  freertos.o [1]
MODE_MotorOutQueueHandle
                        0x200033a8     0x4  Data  Gb  freertos.o [1]
MODE_MotorOutQueue_attributes
                        0x08008910    0x18  Data  Gb  freertos.o [1]
MODE_Task               0x080084f3    0x72  Code  Gb  mode.o [1]
MODE_Task::positionValueOld
                        0x20003458     0x2  Data  Lc  mode.o [1]
MODE_attributes         0x080087bc    0x24  Data  Gb  freertos.o [1]
MX_CAN_Init             0x08001be1    0x60  Code  Gb  can.o [1]
MX_FREERTOS_Init        0x08002ded    0x9c  Code  Gb  freertos.o [1]
MX_GPIO_Init            0x08001ac9   0x118  Code  Gb  gpio.o [1]
MX_I2C2_Init            0x08002851    0x4a  Code  Gb  i2c.o [1]
MX_RTC_Init             0x08002305    0x28  Code  Gb  rtc.o [1]
MX_SPI1_Init            0x0800236d    0x60  Code  Gb  spi.o [1]
MX_TIM1_Init            0x0800243d    0xa6  Code  Gb  tim.o [1]
MX_TIM3_Init            0x080024e3    0xb0  Code  Gb  tim.o [1]
MX_USART1_UART_Init     0x08001d7d    0x52  Code  Gb  usart.o [1]
MX_USB_PCD_Init         0x08000dc5    0x36  Code  Gb  usb.o [1]
MemManage_Handler       0x080085e5     0x2  Code  Gb  stm32f1xx_it.o [1]
MotorOutEventHandle     0x200033b0     0x4  Data  Gb  freertos.o [1]
MotorOutEvent_attributes
                        0x0800894c    0x10  Data  Gb  freertos.o [1]
NMI_Handler             0x080085e1     0x2  Code  Gb  stm32f1xx_it.o [1]
NVIC_EncodePriority     0x080019d7    0x3e  Code  Lc  stm32f1xx_hal_cortex.o [1]
PCD_EP_ISR_Handler      0x0800046b   0x3e8  Code  Lc  stm32f1xx_hal_pcd.o [1]
PendSV_Handler          0x08007f49          Code  Gb  portasm.o [1]
RCC_Delay               0x080035ab    0x24  Code  Lc  stm32f1xx_hal_rcc.o [1]
RTC_EnterInitMode       0x08004997    0x36  Code  Lc  stm32f1xx_hal_rtc.o [1]
RTC_ExitInitMode        0x080049cd    0x36  Code  Lc  stm32f1xx_hal_rtc.o [1]
Region$$Table$$Base     0x08008804           --   Gb  - Linker created -
Region$$Table$$Limit    0x08008828           --   Gb  - Linker created -
SENT_CurrentPositionBuffer
                        0x20003444     0x2  Data  Gb  freertos.o [1]
SENT_CurrentPositionControlBlock
                        0x20002f80    0x50  Data  Gb  freertos.o [1]
SENT_CurrentPositionQueueHandle
                        0x2000339c     0x4  Data  Gb  freertos.o [1]
SENT_CurrentPositionQueue_attributes
                        0x080088c8    0x18  Data  Gb  freertos.o [1]
SVC_Handler             0x08007f8f          Code  Gb  portasm.o [1]
StartDefaultTask        0x08002e89    0x2c  Code  Gb  freertos.o [1]
SysTick_Config          0x08001a15    0x2e  Code  Lc  stm32f1xx_hal_cortex.o [1]
SysTick_Handler         0x080085ed    0x14  Code  Gb  stm32f1xx_it.o [1]
SystemClock_Config      0x080018d5    0x96  Code  Gb  main.o [1]
SystemCoreClock         0x20000028     0x4  Data  Gb  system_stm32f1xx.o [1]
SystemInit              0x08008abd     0x2  Code  Gb  system_stm32f1xx.o [1]
TIM1_CC_IRQHandler      0x0800862b     0xa  Code  Gb  stm32f1xx_it.o [1]
TIMHandle               0x20003390     0x4  Data  Gb  freertos.o [1]
TIM_Base_SetConfig      0x08005153    0x64  Code  Gb  stm32f1xx_hal_tim.o [1]
TIM_CCxChannelCmd       0x08005429    0x26  Code  Gb  stm32f1xx_hal_tim.o [1]
TIM_OC1_SetConfig       0x080051b7    0x5a  Code  Lc  stm32f1xx_hal_tim.o [1]
TIM_OC2_SetConfig       0x08005211    0x64  Code  Gb  stm32f1xx_hal_tim.o [1]
TIM_OC3_SetConfig       0x08005275    0x62  Code  Lc  stm32f1xx_hal_tim.o [1]
TIM_OC4_SetConfig       0x080052d7    0x46  Code  Lc  stm32f1xx_hal_tim.o [1]
TIM_TI1_SetConfig       0x0800531d    0x5e  Code  Gb  stm32f1xx_hal_tim.o [1]
TIM_TI2_SetConfig       0x08005389    0x36  Code  Lc  stm32f1xx_hal_tim.o [1]
TIM_TI3_SetConfig       0x080053bf    0x34  Code  Lc  stm32f1xx_hal_tim.o [1]
TIM_TI4_SetConfig       0x080053f3    0x36  Code  Lc  stm32f1xx_hal_tim.o [1]
TIM_attributes          0x08008798    0x24  Data  Gb  freertos.o [1]
Timer_Stack             0x20002490   0x400  Data  Lc  cmsis_os2.o [1]
Timer_TCB               0x20002e78    0x5c  Data  Lc  cmsis_os2.o [1]
UARTHandle              0x2000338c     0x4  Data  Gb  freertos.o [1]
UART_DMAAbortOnError    0x080043a5    0x12  Code  Lc  stm32f1xx_hal_uart.o [1]
UART_EndRxTransfer      0x0800436d    0x36  Code  Lc  stm32f1xx_hal_uart.o [1]
UART_EndTransmit_IT     0x0800441b    0x1c  Code  Lc  stm32f1xx_hal_uart.o [1]
UART_Receive_IT         0x08004437    0xdc  Code  Lc  stm32f1xx_hal_uart.o [1]
UART_SetConfig          0x08004513    0xd8  Code  Lc  stm32f1xx_hal_uart.o [1]
UART_Start_Receive_IT   0x0800432f    0x3e  Code  Gb  stm32f1xx_hal_uart.o [1]
UART_Transmit_IT        0x080043b9    0x62  Code  Lc  stm32f1xx_hal_uart.o [1]
UART_attributes         0x08008774    0x24  Data  Gb  freertos.o [1]
USART1_IRQHandler       0x08008635     0xa  Code  Gb  stm32f1xx_it.o [1]
USB_CoreInit            0x08000e4d     0x8  Code  Gb  stm32f1xx_ll_usb.o [1]
USB_DevDisconnect       0x08001771     0x4  Code  Gb  stm32f1xx_ll_usb.o [1]
USB_DevInit             0x08000e6d    0x20  Code  Gb  stm32f1xx_ll_usb.o [1]
USB_DisableGlobalInt    0x08000e55    0x14  Code  Gb  stm32f1xx_ll_usb.o [1]
USB_EPStartXfer         0x08000e8d   0x8d4  Code  Gb  stm32f1xx_ll_usb.o [1]
USB_HP_CAN1_TX_IRQHandler
                        0x08008601    0x10  Code  Gb  stm32f1xx_it.o [1]
USB_LP_CAN1_RX0_IRQHandler
                        0x08008611    0x10  Code  Gb  stm32f1xx_it.o [1]
USB_ReadInterrupts      0x08001775     0x6  Code  Gb  stm32f1xx_ll_usb.o [1]
USB_ReadPMA             0x080017ad    0x36  Code  Gb  stm32f1xx_ll_usb.o [1]
USB_SetCurrentMode      0x08000e69     0x4  Code  Gb  stm32f1xx_ll_usb.o [1]
USB_SetDevAddress       0x08001761    0x10  Code  Gb  stm32f1xx_ll_usb.o [1]
USB_WritePMA            0x0800177b    0x32  Code  Gb  stm32f1xx_ll_usb.o [1]
UsageFault_Handler      0x080085e9     0x2  Code  Gb  stm32f1xx_it.o [1]
__NVIC_EnableIRQ        0x08001997    0x1c  Code  Lc  stm32f1xx_hal_cortex.o [1]
__NVIC_GetPriorityGrouping
                        0x0800198d     0xa  Code  Lc  stm32f1xx_hal_cortex.o [1]
__NVIC_SetPriority      0x080019b3    0x24  Code  Lc  stm32f1xx_hal_cortex.o [1]
__NVIC_SetPriorityGrouping
                        0x08001971    0x1c  Code  Lc  stm32f1xx_hal_cortex.o [1]
__aeabi_memclr4         0x08002f25          Code  Gb  ABImemclr4.o [4]
__aeabi_memcpy          0x080017e5          Code  Gb  ABImemcpy.o [4]
__aeabi_memcpy4         0x08001805          Code  Gb  ABImemcpy.o [4]
__aeabi_memcpy8         0x08001805          Code  Gb  ABImemcpy.o [4]
__aeabi_memset          0x08007ee1          Code  Gb  ABImemset.o [4]
__cmain                 0x08008849          Code  Gb  cmain.o [4]
__exit                  0x0800887d    0x14  Code  Gb  exit.o [5]
__iar_Memset            0x08007ee1          Code  Gb  ABImemset.o [4]
__iar_Memset4_word      0x080073b9          Code  Gb  ABImemset48.o [4]
__iar_Memset8_word      0x080073b9          Code  Gb  ABImemset48.o [4]
__iar_Memset_word       0x08007ee9          Code  Gb  ABImemset.o [4]
__iar_copy_init3        0x080086d9    0x2c  Code  Gb  copy_init3.o [4]
__iar_data_init3        0x08008705    0x28  Code  Gb  data_init.o [4]
__iar_program_start     0x080089b9          Code  Gb  cstartup_M.o [4]
__iar_systems$$module {Abs}
                        0x00000001          Data  Gb  command line/config [2]
__iar_zero_init3        0x08008669    0x40  Code  Gb  zero_init3.o [4]
__low_level_init        0x08008867     0x4  Code  Gb  low_level_init.o [3]
__vector_table          0x08000000          Data  Gb  startup_stm32f103xb.o [1]
_call_main              0x08008855          Code  Gb  cmain.o [4]
_exit                   0x08008871          Code  Gb  cexit.o [4]
_main                   0x08008863          Code  Gb  cmain.o [4]
controlMode             0x20003465     0x1  Data  Lc  mode.o [1]
crc4_cal                0x08002683    0x3c  Code  Gb  tim.o [1]
defaultTaskHandle       0x20003384     0x4  Data  Gb  freertos.o [1]
defaultTask_attributes  0x0800872c    0x24  Data  Gb  freertos.o [1]
exit                    0x0800886b     0x4  Code  Gb  exit.o [3]
hcan                    0x20003260    0x28  Data  Gb  can.o [1]
hi2c2                   0x20002f2c    0x54  Data  Gb  i2c.o [1]
hpcd_USB_FS             0x20002890   0x2ec  Data  Gb  usb.o [1]
hrtc                    0x200032a4    0x14  Data  Gb  rtc.o [1]
hspi1                   0x20002ed4    0x58  Data  Gb  spi.o [1]
htim1                   0x20003110    0x48  Data  Gb  tim.o [1]
htim3                   0x20003158    0x48  Data  Gb  tim.o [1]
huart1                  0x200031a0    0x44  Data  Gb  usart.o [1]
linMasterMessage        0x20003370     0x8  Data  Lc  usart.o [1]
linState                0x2000346e     0x1  Data  Lc  usart.o [1]
linTransferData         0x20003288    0x1c  Data  Lc  usart.o [1]
linYtSentMessage        0x20003378     0x8  Data  Lc  usart.o [1]
main                    0x08001899    0x3c  Code  Gb  main.o [1]
masterTargetPos         0x20003448     0x2  Data  Lc  mode.o [1]
modeCommand             0x20003463     0x1  Data  Lc  mode.o [1]
modeCurrentPos          0x200033c4     0x4  Data  Lc  mode.o [1]
modeMotorOut            0x200033cc     0x4  Data  Lc  mode.o [1]
modeMotorOutOld         0x200033d0     0x4  Data  Lc  mode.o [1]
modeMotorRunStep        0x20003466     0x1  Data  Lc  mode.o [1]
modeMotorStatus         0x20003467     0x1  Data  Lc  mode.o [1]
modePosition            0x20000000    0x20  Data  Lc  mode.o [1]
modeTargetPos           0x200033c8     0x4  Data  Lc  mode.o [1]
osDelay                 0x08002b35    0x38  Code  Gb  cmsis_os2.o [1]
osEventFlagsNew         0x08002b71    0x6c  Code  Gb  cmsis_os2.o [1]
osKernelInitialize      0x08002985    0x44  Code  Gb  cmsis_os2.o [1]
osKernelStart           0x080029c9    0x4a  Code  Gb  cmsis_os2.o [1]
osMessageQueueGet       0x08002d25    0x8e  Code  Gb  cmsis_os2.o [1]
osMessageQueueNew       0x08002be5    0xae  Code  Gb  cmsis_os2.o [1]
osMessageQueuePut       0x08002c93    0x92  Code  Gb  cmsis_os2.o [1]
osThreadNew             0x08002a13    0xe4  Code  Gb  cmsis_os2.o [1]
osThreadYield           0x08002af7    0x3e  Code  Gb  cmsis_os2.o [1]
pcInterruptPriorityRegisters
                        0x08008a20     0x4  Data  Lc  port.o [1]
positionValue           0x2000345a     0x2  Data  Gb  tim.o [1]
prvAddCurrentTaskToDelayedList
                        0x08006b19    0x64  Code  Lc  tasks.o [1]
prvAddNewTaskToReadyList
                        0x08006225    0xc2  Code  Lc  tasks.o [1]
prvCheckForValidListAndQueue
                        0x08007e2f    0x52  Code  Lc  timers.o [1]
prvCheckForValidListAndQueue{1}{2}{3}{4}::ucStaticTimerQueueStorage
                        0x20002d7c    0xa0  Data  Lc  timers.o [1]
prvCheckForValidListAndQueue{1}{2}{3}{4}::xStaticTimerQueue
                        0x200030c0    0x50  Data  Lc  timers.o [1]
prvCheckTasksWaitingTermination
                        0x08006977    0x48  Code  Lc  tasks.o [1]
prvCopyDataFromQueue    0x0800726f    0x2a  Code  Lc  queue.o [1]
prvCopyDataToQueue      0x080071e9    0x86  Code  Lc  queue.o [1]
prvDeleteTCB            0x080069bf    0x42  Code  Lc  tasks.o [1]
prvGetNextExpireTime    0x08007c17    0x2c  Code  Lc  timers.o [1]
prvHeapInit             0x08007751    0x62  Code  Lc  heap_4.o [1]
prvIdleTask             0x080068f1    0x24  Code  Lc  tasks.o [1]
prvInitialiseNewQueue   0x08006d49    0x22  Code  Lc  queue.o [1]
prvInitialiseNewTask    0x0800616f    0xb6  Code  Lc  tasks.o [1]
prvInitialiseTaskLists  0x0800691d    0x5a  Code  Lc  tasks.o [1]
prvInsertBlockIntoFreeList
                        0x080077b3    0x58  Code  Lc  heap_4.o [1]
prvInsertTimerInActiveList
                        0x08007c6f    0x3e  Code  Lc  timers.o [1]
prvIsQueueEmpty         0x0800730b    0x1c  Code  Lc  queue.o [1]
prvIsQueueFull          0x08007327    0x1e  Code  Lc  queue.o [1]
prvProcessExpiredTimer  0x08007b33    0x5a  Code  Lc  timers.o [1]
prvProcessReceivedCommands
                        0x08007cad   0x104  Code  Lc  timers.o [1]
prvProcessTimerOrBlockTask
                        0x08007ba1    0x76  Code  Lc  timers.o [1]
prvResetNextTaskUnblockTime
                        0x08006a01    0x28  Code  Lc  tasks.o [1]
prvSampleTimeNow        0x08007c43    0x2c  Code  Lc  timers.o [1]
prvSampleTimeNow::xLastTime
                        0x20003438     0x4  Data  Lc  timers.o [1]
prvSwitchTimerLists     0x08007db1    0x7e  Code  Lc  timers.o [1]
prvTaskExitError        0x08007849    0x2a  Code  Lc  port.o [1]
prvTestWaitCondition    0x08004839    0x1a  Code  Lc  event_groups.o [1]
prvTimerTask            0x08007b8d    0x14  Code  Lc  timers.o [1]
prvUnlockQueue          0x08007299    0x72  Code  Lc  queue.o [1]
pvPortMalloc            0x080075cd   0x10e  Code  Gb  heap_4.o [1]
pwmMotorOut             0x20003418     0x4  Data  Lc  tim.o [1]
pxCurrentTCB            0x200033dc     0x4  Data  Gb  tasks.o [1]
pxCurrentTimerList      0x20003428     0x4  Data  Lc  timers.o [1]
pxDelayedTaskList       0x200033e0     0x4  Data  Lc  tasks.o [1]
pxEnd                   0x200033b4     0x4  Data  Lc  heap_4.o [1]
pxOverflowDelayedTaskList
                        0x200033e4     0x4  Data  Lc  tasks.o [1]
pxOverflowTimerList     0x2000342c     0x4  Data  Lc  timers.o [1]
pxPortInitialiseStack   0x08007829    0x20  Code  Gb  port.o [1]
pxReadyTasksLists       0x20002030   0x460  Data  Lc  tasks.o [1]
runCycle                0x20003464     0x1  Data  Lc  mode.o [1]
timerValue              0x2000345c     0x2  Data  Gb  tim.o [1]
uartEventHandle         0x2000343c     0x4  Data  Lc  usart.o [1]
ucHeap                  0x20000030  0x2000  Data  Lc  heap_4.o [1]
ucMaxSysCallPriority    0x2000346c     0x1  Data  Lc  port.o [1]
ulMaxPRIGROUPValue      0x200033d4     0x4  Data  Lc  port.o [1]
uwTick                  0x200033d8     0x4  Data  Gb  stm32f1xx_hal.o [1]
uwTickFreq              0x2000002c     0x1  Data  Gb  stm32f1xx_hal.o [1]
uwTickPrio              0x20000024     0x4  Data  Gb  stm32f1xx_hal.o [1]
uxCriticalNesting       0x20000020     0x4  Data  Lc  port.o [1]
uxCurrentNumberOfTasks  0x200033ec     0x4  Data  Lc  tasks.o [1]
uxDeletedTasksWaitingCleanUp
                        0x200033e8     0x4  Data  Lc  tasks.o [1]
uxListRemove            0x080075a5    0x26  Code  Gb  list.o [1]
uxPendedTicks           0x200033fc     0x4  Data  Lc  tasks.o [1]
uxSchedulerSuspended    0x20003414     0x4  Data  Lc  tasks.o [1]
uxTaskNumber            0x20003408     0x4  Data  Lc  tasks.o [1]
uxTaskResetEventItemValue
                        0x08006ae9    0x1e  Code  Gb  tasks.o [1]
uxTopReadyPriority      0x200033f4     0x4  Data  Lc  tasks.o [1]
vApplicationGetIdleTaskMemory
                        0x08002db5     0xe  Code  Gb  cmsis_os2.o [1]
vApplicationGetTimerTaskMemory
                        0x08002dc3    0x10  Code  Gb  cmsis_os2.o [1]
vEventGroupSetBitsCallback
                        0x08004831     0x8  Code  Gb  event_groups.o [1]
vListInitialise         0x08007533    0x1e  Code  Gb  list.o [1]
vListInitialiseItem     0x08007551     0x6  Code  Gb  list.o [1]
vListInsert             0x0800756f    0x36  Code  Gb  list.o [1]
vListInsertEnd          0x08007557    0x18  Code  Gb  list.o [1]
vPortEnterCritical      0x08007915    0x3a  Code  Gb  port.o [1]
vPortExitCritical       0x0800794f    0x32  Code  Gb  port.o [1]
vPortFree               0x080076db    0x76  Code  Gb  heap_4.o [1]
vPortStartFirstTask     0x08007faf          Code  Gb  portasm.o [1]
vPortValidateInterruptPriority
                        0x080079a9    0x4a  Code  Gb  port.o [1]
vQueueAddToRegistry     0x08007345    0x24  Code  Gb  queue.o [1]
vQueueWaitForMessageRestricted
                        0x0800736d    0x4a  Code  Gb  queue.o [1]
vTaskDelay              0x080062e7    0x4c  Code  Gb  tasks.o [1]
vTaskInternalSetTimeOutState
                        0x08006847    0x12  Code  Gb  tasks.o [1]
vTaskMissedYield        0x080068e7     0xa  Code  Gb  tasks.o [1]
vTaskPlaceOnEventList   0x08006669    0x2e  Code  Gb  tasks.o [1]
vTaskPlaceOnEventListRestricted
                        0x080066f9    0x38  Code  Gb  tasks.o [1]
vTaskPlaceOnUnorderedEventList
                        0x0800669d    0x52  Code  Gb  tasks.o [1]
vTaskRemoveFromUnorderedEventList
                        0x080067c5    0x82  Code  Gb  tasks.o [1]
vTaskStartScheduler     0x08006333    0x9a  Code  Gb  tasks.o [1]
vTaskSuspendAll         0x080063cd    0x10  Code  Gb  tasks.o [1]
vTaskSwitchContext      0x080065f7    0x72  Code  Gb  tasks.o [1]
xActiveTimerList1       0x2000331c    0x14  Data  Lc  timers.o [1]
xActiveTimerList2       0x20003330    0x14  Data  Lc  timers.o [1]
xBlockAllocatedBit      0x200033c0     0x4  Data  Lc  heap_4.o [1]
xDelayedTaskList1       0x200032b8    0x14  Data  Lc  tasks.o [1]
xDelayedTaskList2       0x200032cc    0x14  Data  Lc  tasks.o [1]
xEventGroupCreate       0x0800463d    0x20  Code  Gb  event_groups.o [1]
xEventGroupCreateStatic
                        0x080045f5    0x48  Code  Gb  event_groups.o [1]
xEventGroupSetBits      0x08004785    0xac  Code  Gb  event_groups.o [1]
xEventGroupSetBitsFromISR
                        0x08004853    0x10  Code  Gb  event_groups.o [1]
xEventGroupWaitBits     0x0800465d   0x128  Code  Gb  event_groups.o [1]
xFreeBytesRemaining     0x200033b8     0x4  Data  Lc  heap_4.o [1]
xHeapStructSize         0x08008a1c     0x4  Data  Lc  heap_4.o [1]
xIdleTaskHandle         0x20003410     0x4  Data  Lc  tasks.o [1]
xMinimumEverFreeBytesRemaining
                        0x200033bc     0x4  Data  Lc  heap_4.o [1]
xNextTaskUnblockTime    0x2000340c     0x4  Data  Lc  tasks.o [1]
xNumOfOverflows         0x20003404     0x4  Data  Lc  tasks.o [1]
xPendingReadyList       0x200032e0    0x14  Data  Lc  tasks.o [1]
xPortStartScheduler     0x08007873    0xa2  Code  Gb  port.o [1]
xPortSysTickHandler     0x08007981    0x28  Code  Gb  port.o [1]
xQueueGenericCreate     0x08006cf9    0x50  Code  Gb  queue.o [1]
xQueueGenericCreateStatic
                        0x08006c53    0xa6  Code  Gb  queue.o [1]
xQueueGenericReset      0x08006bbd    0x96  Code  Gb  queue.o [1]
xQueueGenericSend       0x08006d6b   0x196  Code  Gb  queue.o [1]
xQueueGenericSendFromISR
                        0x08006f01    0xdc  Code  Gb  queue.o [1]
xQueueReceive           0x08006fdd   0x15a  Code  Gb  queue.o [1]
xQueueReceiveFromISR    0x0800713d    0xac  Code  Gb  queue.o [1]
xQueueRegistry          0x200031e4    0x40  Data  Gb  queue.o [1]
xSchedulerRunning       0x200033f8     0x4  Data  Lc  tasks.o [1]
xStart                  0x20003350     0x8  Data  Lc  heap_4.o [1]
xSuspendedTaskList      0x20003308    0x14  Data  Lc  tasks.o [1]
xTaskCheckForTimeOut    0x08006865    0x82  Code  Gb  tasks.o [1]
xTaskCreate             0x080060fb    0x74  Code  Gb  tasks.o [1]
xTaskCreateStatic       0x08006079    0x82  Code  Gb  tasks.o [1]
xTaskGetSchedulerState  0x08006a29    0x20  Code  Gb  tasks.o [1]
xTaskGetTickCount       0x080064d9     0x8  Code  Gb  tasks.o [1]
xTaskIncrementTick      0x080064e1   0x116  Code  Gb  tasks.o [1]
xTaskPriorityDisinherit
                        0x08006a49    0x8e  Code  Gb  tasks.o [1]
xTaskRemoveFromEventList
                        0x0800673d    0x84  Code  Gb  tasks.o [1]
xTaskResumeAll          0x080063dd    0xfc  Code  Gb  tasks.o [1]
xTasksWaitingTermination
                        0x200032f4    0x14  Data  Lc  tasks.o [1]
xTickCount              0x200033f0     0x4  Data  Lc  tasks.o [1]
xTimerCreateTimerTask   0x08007a4d    0x6e  Code  Gb  timers.o [1]
xTimerGenericCommand    0x08007abb    0x78  Code  Gb  timers.o [1]
xTimerPendFunctionCallFromISR
                        0x08007e81    0x22  Code  Gb  timers.o [1]
xTimerQueue             0x20003430     0x4  Data  Lc  timers.o [1]
xTimerTaskHandle        0x20003434     0x4  Data  Lc  timers.o [1]
xYieldPending           0x20003400     0x4  Data  Lc  tasks.o [1]


[1] = E:\050_Workspace\010_YTP_SENT\040_Software\41_Cube\Code\GoodProject\EWARM\GoodProject\Obj
[2] = command line
[3] = dl7M_tlf.a
[4] = rt7M_tl.a
[5] = shb_l.a

  34 806 bytes of readonly  code memory
     712 bytes of readonly  data memory
  14 446 bytes of readwrite data memory

Errors: none
Warnings: none
