###############################################################################
#
# IAR ELF Linker V8.22.1.15669/W32 for ARM                24/Apr/2022  17:44:34
# Copyright 2007-2018 IAR Systems AB.
#
#    Output file  =  
#        E:\050_Workspace\010_YTP_SENT\040_Software\41_Cube\Code\GoodProject\EWARM\GoodProject\Exe\GoodProject.out
#    Map file     =  
#        E:\050_Workspace\010_YTP_SENT\040_Software\41_Cube\Code\GoodProject\EWARM\GoodProject\List\GoodProject.map
#    Command line =  
#        -f C:\Users\YUETIN~1\AppData\Local\Temp\EW2B2C.tmp
#        (E:\050_Workspace\010_YTP_SENT\040_Software\41_Cube\Code\GoodProject\EWARM\GoodProject\Obj\can.o
#        E:\050_Workspace\010_YTP_SENT\040_Software\41_Cube\Code\GoodProject\EWARM\GoodProject\Obj\ccl.o
#        E:\050_Workspace\010_YTP_SENT\040_Software\41_Cube\Code\GoodProject\EWARM\GoodProject\Obj\cmsis_os2.o
#        E:\050_Workspace\010_YTP_SENT\040_Software\41_Cube\Code\GoodProject\EWARM\GoodProject\Obj\croutine.o
#        E:\050_Workspace\010_YTP_SENT\040_Software\41_Cube\Code\GoodProject\EWARM\GoodProject\Obj\diag.o
#        E:\050_Workspace\010_YTP_SENT\040_Software\41_Cube\Code\GoodProject\EWARM\GoodProject\Obj\event_groups.o
#        E:\050_Workspace\010_YTP_SENT\040_Software\41_Cube\Code\GoodProject\EWARM\GoodProject\Obj\freertos.o
#        E:\050_Workspace\010_YTP_SENT\040_Software\41_Cube\Code\GoodProject\EWARM\GoodProject\Obj\gpio.o
#        E:\050_Workspace\010_YTP_SENT\040_Software\41_Cube\Code\GoodProject\EWARM\GoodProject\Obj\heap_4.o
#        E:\050_Workspace\010_YTP_SENT\040_Software\41_Cube\Code\GoodProject\EWARM\GoodProject\Obj\list.o
#        E:\050_Workspace\010_YTP_SENT\040_Software\41_Cube\Code\GoodProject\EWARM\GoodProject\Obj\main.o
#        E:\050_Workspace\010_YTP_SENT\040_Software\41_Cube\Code\GoodProject\EWARM\GoodProject\Obj\mode.o
#        E:\050_Workspace\010_YTP_SENT\040_Software\41_Cube\Code\GoodProject\EWARM\GoodProject\Obj\port.o
#        E:\050_Workspace\010_YTP_SENT\040_Software\41_Cube\Code\GoodProject\EWARM\GoodProject\Obj\portasm.o
#        E:\050_Workspace\010_YTP_SENT\040_Software\41_Cube\Code\GoodProject\EWARM\GoodProject\Obj\queue.o
#        E:\050_Workspace\010_YTP_SENT\040_Software\41_Cube\Code\GoodProject\EWARM\GoodProject\Obj\rtc.o
#        E:\050_Workspace\010_YTP_SENT\040_Software\41_Cube\Code\GoodProject\EWARM\GoodProject\Obj\spi.o
#        E:\050_Workspace\010_YTP_SENT\040_Software\41_Cube\Code\GoodProject\EWARM\GoodProject\Obj\startup_stm32f103xb.o
#        E:\050_Workspace\010_YTP_SENT\040_Software\41_Cube\Code\GoodProject\EWARM\GoodProject\Obj\stm32f1xx_hal.o
#        E:\050_Workspace\010_YTP_SENT\040_Software\41_Cube\Code\GoodProject\EWARM\GoodProject\Obj\stm32f1xx_hal_can.o
#        E:\050_Workspace\010_YTP_SENT\040_Software\41_Cube\Code\GoodProject\EWARM\GoodProject\Obj\stm32f1xx_hal_cortex.o
#        E:\050_Workspace\010_YTP_SENT\040_Software\41_Cube\Code\GoodProject\EWARM\GoodProject\Obj\stm32f1xx_hal_dma.o
#        E:\050_Workspace\010_YTP_SENT\040_Software\41_Cube\Code\GoodProject\EWARM\GoodProject\Obj\stm32f1xx_hal_exti.o
#        E:\050_Workspace\010_YTP_SENT\040_Software\41_Cube\Code\GoodProject\EWARM\GoodProject\Obj\stm32f1xx_hal_flash.o
#        E:\050_Workspace\010_YTP_SENT\040_Software\41_Cube\Code\GoodProject\EWARM\GoodProject\Obj\stm32f1xx_hal_flash_ex.o
#        E:\050_Workspace\010_YTP_SENT\040_Software\41_Cube\Code\GoodProject\EWARM\GoodProject\Obj\stm32f1xx_hal_gpio.o
#        E:\050_Workspace\010_YTP_SENT\040_Software\41_Cube\Code\GoodProject\EWARM\GoodProject\Obj\stm32f1xx_hal_gpio_ex.o
#        E:\050_Workspace\010_YTP_SENT\040_Software\41_Cube\Code\GoodProject\EWARM\GoodProject\Obj\stm32f1xx_hal_msp.o
#        E:\050_Workspace\010_YTP_SENT\040_Software\41_Cube\Code\GoodProject\EWARM\GoodProject\Obj\stm32f1xx_hal_pcd.o
#        E:\050_Workspace\010_YTP_SENT\040_Software\41_Cube\Code\GoodProject\EWARM\GoodProject\Obj\stm32f1xx_hal_pcd_ex.o
#        E:\050_Workspace\010_YTP_SENT\040_Software\41_Cube\Code\GoodProject\EWARM\GoodProject\Obj\stm32f1xx_hal_pwr.o
#        E:\050_Workspace\010_YTP_SENT\040_Software\41_Cube\Code\GoodProject\EWARM\GoodProject\Obj\stm32f1xx_hal_rcc.o
#        E:\050_Workspace\010_YTP_SENT\040_Software\41_Cube\Code\GoodProject\EWARM\GoodProject\Obj\stm32f1xx_hal_rcc_ex.o
#        E:\050_Workspace\010_YTP_SENT\040_Software\41_Cube\Code\GoodProject\EWARM\GoodProject\Obj\stm32f1xx_hal_rtc.o
#        E:\050_Workspace\010_YTP_SENT\040_Software\41_Cube\Code\GoodProject\EWARM\GoodProject\Obj\stm32f1xx_hal_rtc_ex.o
#        E:\050_Workspace\010_YTP_SENT\040_Software\41_Cube\Code\GoodProject\EWARM\GoodProject\Obj\stm32f1xx_hal_spi.o
#        E:\050_Workspace\010_YTP_SENT\040_Software\41_Cube\Code\GoodProject\EWARM\GoodProject\Obj\stm32f1xx_hal_tim.o
#        E:\050_Workspace\010_YTP_SENT\040_Software\41_Cube\Code\GoodProject\EWARM\GoodProject\Obj\stm32f1xx_hal_tim_ex.o
#        E:\050_Workspace\010_YTP_SENT\040_Software\41_Cube\Code\GoodProject\EWARM\GoodProject\Obj\stm32f1xx_hal_uart.o
#        E:\050_Workspace\010_YTP_SENT\040_Software\41_Cube\Code\GoodProject\EWARM\GoodProject\Obj\stm32f1xx_it.o
#        E:\050_Workspace\010_YTP_SENT\040_Software\41_Cube\Code\GoodProject\EWARM\GoodProject\Obj\stm32f1xx_ll_usb.o
#        E:\050_Workspace\010_YTP_SENT\040_Software\41_Cube\Code\GoodProject\EWARM\GoodProject\Obj\stream_buffer.o
#        E:\050_Workspace\010_YTP_SENT\040_Software\41_Cube\Code\GoodProject\EWARM\GoodProject\Obj\system_stm32f1xx.o
#        E:\050_Workspace\010_YTP_SENT\040_Software\41_Cube\Code\GoodProject\EWARM\GoodProject\Obj\tasks.o
#        E:\050_Workspace\010_YTP_SENT\040_Software\41_Cube\Code\GoodProject\EWARM\GoodProject\Obj\tim.o
#        E:\050_Workspace\010_YTP_SENT\040_Software\41_Cube\Code\GoodProject\EWARM\GoodProject\Obj\timers.o
#        E:\050_Workspace\010_YTP_SENT\040_Software\41_Cube\Code\GoodProject\EWARM\GoodProject\Obj\tp.o
#        E:\050_Workspace\010_YTP_SENT\040_Software\41_Cube\Code\GoodProject\EWARM\GoodProject\Obj\usart.o
#        E:\050_Workspace\010_YTP_SENT\040_Software\41_Cube\Code\GoodProject\EWARM\GoodProject\Obj\usb.o
#        --redirect _Printf=_PrintfFull --redirect _Scanf=_ScanfFull -o
#        E:\050_Workspace\010_YTP_SENT\040_Software\41_Cube\Code\GoodProject\EWARM\GoodProject\Exe\GoodProject.out
#        --map
#        E:\050_Workspace\010_YTP_SENT\040_Software\41_Cube\Code\GoodProject\EWARM\GoodProject\List\GoodProject.map
#        --config
#        E:\050_Workspace\010_YTP_SENT\040_Software\41_Cube\Code\GoodProject\EWARM/stm32f103xb_flash.icf
#        --semihosting --entry __iar_program_start --vfe --text_out locale)
#
###############################################################################

*******************************************************************************
*** RUNTIME MODEL ATTRIBUTES
***

CppFlavor       = *
__SystemLibrary = DLib
__dlib_version  = 6


*******************************************************************************
*** HEAP SELECTION
***

The basic heap was selected because no calls to memory allocation
functions were found in the application outside of system library
functions, and there are calls to deallocation functions in the
application.


*******************************************************************************
*** PLACEMENT SUMMARY
***

"A0":  place at 0x08000000 { ro section .intvec };
"P1":  place in [from 0x08000000 to 0x0801ffff] { ro };
define block CSTACK with size = 1K, alignment = 8 { };
define block HEAP with size = 512, alignment = 8 { };
"P2":  place in [from 0x20000000 to 0x20004fff] {
          rw, block CSTACK, block HEAP };
initialize by copy { rw };

  Section            Kind        Address    Size  Object
  -------            ----        -------    ----  ------
"A0":                                       0xec
  .intvec            ro code  0x08000000    0xec  startup_stm32f103xb.o [1]
                            - 0x080000ec    0xec

"P1":                                     0x7caa
  .text              ro code  0x080000ec   0xcd8  stm32f1xx_hal_pcd.o [1]
  .text              ro code  0x08000dc4    0x88  usb.o [1]
  .text              ro code  0x08000e4c   0x996  stm32f1xx_ll_usb.o [1]
  .rodata            const    0x080017e2     0x2  stm32f1xx_hal_rcc.o [1]
  .text              ro code  0x080017e4    0xa6  ABImemcpy.o [4]
  .text              ro code  0x0800188a     0x2  stm32f1xx_hal_pcd.o [1]
  .text              ro code  0x0800188c     0x2  stm32f1xx_hal_pcd.o [1]
  .text              ro code  0x0800188e     0x2  stm32f1xx_hal_pcd.o [1]
  .text              ro code  0x08001890     0x2  stm32f1xx_hal_pcd.o [1]
  .text              ro code  0x08001892     0x2  stm32f1xx_hal_pcd.o [1]
  .text              ro code  0x08001894     0x2  stm32f1xx_hal_pcd.o [1]
  .text              ro code  0x08001896     0x2  stm32f1xx_hal_pcd.o [1]
  .text              ro code  0x08001898    0xd2  main.o [1]
  .rodata            const    0x0800196a     0x2  stm32f1xx_hal_rcc_ex.o [1]
  .text              ro code  0x0800196c   0x130  stm32f1xx_hal_cortex.o [1]
  .text              ro code  0x08001a9c    0x28  stm32f1xx_hal.o [1]
  .text              ro code  0x08001ac4   0x118  gpio.o [1]
  .text              ro code  0x08001bdc   0x19c  can.o [1]
  .text              ro code  0x08001d78   0x588  usart.o [1]
  .text              ro code  0x08002300    0x68  rtc.o [1]
  .text              ro code  0x08002368    0xd0  spi.o [1]
  .text              ro code  0x08002438   0x414  tim.o [1]
  .text              ro code  0x0800284c   0x468  cmsis_os2.o [1]
  .text              ro code  0x08002cb4   0x120  freertos.o [1]
  .text              ro code  0x08002dd4     0x6  ABImemclr4.o [4]
  .text              ro code  0x08002ddc   0x6ec  stm32f1xx_hal_rcc.o [1]
  .text              ro code  0x080034c8   0x210  stm32f1xx_hal_rcc_ex.o [1]
  .text              ro code  0x080036d8    0x4c  stm32f1xx_hal.o [1]
  .text              ro code  0x08003724    0x5c  stm32f1xx_hal_msp.o [1]
  .text              ro code  0x08003780   0x218  stm32f1xx_hal_gpio.o [1]
  .text              ro code  0x08003998   0x502  stm32f1xx_hal_can.o [1]
  .text              ro code  0x08003e9c   0x608  stm32f1xx_hal_uart.o [1]
  .text              ro code  0x080044a4   0x278  event_groups.o [1]
  .text              ro code  0x0800471c   0x196  stm32f1xx_hal_rtc.o [1]
  .text              ro code  0x080048b4     0xc  stm32f1xx_hal_pwr.o [1]
  .text              ro code  0x080048c0    0xc4  stm32f1xx_hal_spi.o [1]
  .text              ro code  0x08004984   0x97a  stm32f1xx_hal_tim.o [1]
  .text              ro code  0x08005300    0x7c  stm32f1xx_hal_tim_ex.o [1]
  .text              ro code  0x0800537c   0xb44  tasks.o [1]
  .text              ro code  0x08005ec0   0x7fa  queue.o [1]
  .text              ro code  0x080066bc    0x32  ABImemset48.o [4]
  .text              ro code  0x080066f0     0xc  stm32f1xx_hal.o [1]
  .text              ro code  0x080066fc     0x2  stm32f1xx_hal_can.o [1]
  .text              ro code  0x080066fe     0x2  stm32f1xx_hal_can.o [1]
  .text              ro code  0x08006700     0x2  stm32f1xx_hal_can.o [1]
  .text              ro code  0x08006702     0x2  stm32f1xx_hal_can.o [1]
  .text              ro code  0x08006704     0x2  stm32f1xx_hal_can.o [1]
  .text              ro code  0x08006706     0x2  stm32f1xx_hal_can.o [1]
  .text              ro code  0x08006708     0x2  stm32f1xx_hal_can.o [1]
  .text              ro code  0x0800670a     0x2  stm32f1xx_hal_can.o [1]
  .text              ro code  0x0800670c     0x2  stm32f1xx_hal_can.o [1]
  .text              ro code  0x0800670e     0x2  stm32f1xx_hal_can.o [1]
  .text              ro code  0x08006710     0x2  stm32f1xx_hal_can.o [1]
  .text              ro code  0x08006712     0x2  stm32f1xx_hal_can.o [1]
  .text              ro code  0x08006714     0x2  stm32f1xx_hal_can.o [1]
  .text              ro code  0x08006718   0x118  stm32f1xx_hal_dma.o [1]
  .text              ro code  0x08006830     0x2  stm32f1xx_hal_uart.o [1]
  .text              ro code  0x08006832     0x2  stm32f1xx_hal_uart.o [1]
  .text              ro code  0x08006834     0x2  stm32f1xx_hal_uart.o [1]
  .text              ro code  0x08006836    0x98  list.o [1]
  .text              ro code  0x080068d0   0x25c  heap_4.o [1]
  .text              ro code  0x08006b2c   0x224  port.o [1]
  .text              ro code  0x08006d50   0x488  timers.o [1]
  .text              ro code  0x080071d8     0x2  stm32f1xx_hal_tim.o [1]
  .text              ro code  0x080071da     0x2  stm32f1xx_hal_tim.o [1]
  .text              ro code  0x080071dc     0x2  stm32f1xx_hal_tim.o [1]
  .text              ro code  0x080071de     0x2  stm32f1xx_hal_tim_ex.o [1]
  .text              ro code  0x080071e0     0x2  stm32f1xx_hal_tim.o [1]
  .text              ro code  0x080071e2     0x2  stm32f1xx_hal_tim_ex.o [1]
  .text              ro code  0x080071e4    0x66  ABImemset.o [4]
  CODE               ro code  0x0800724c    0x88  portasm.o [1]
  .text              ro code  0x080072d4   0x610  mode.o [1]
  .text              ro code  0x080078e4    0x70  stm32f1xx_it.o [1]
  .text              ro code  0x08007954    0x18  stm32f1xx_hal.o [1]
  .text              ro code  0x0800796c    0x40  zero_init3.o [4]
  Initializer bytes  const    0x080079ac    0x30  <for P2-1>
  .text              ro code  0x080079dc    0x2c  copy_init3.o [4]
  .text              ro code  0x08007a08    0x28  data_init.o [4]
  .rodata            const    0x08007a30    0x24  freertos.o [1]
  .rodata            const    0x08007a54    0x24  freertos.o [1]
  .rodata            const    0x08007a78    0x24  freertos.o [1]
  .rodata            const    0x08007a9c    0x24  freertos.o [1]
  .rodata            const    0x08007ac0    0x24  freertos.o [1]
  .iar.init_table    const    0x08007ae4    0x24  - Linker created -
  .rodata            const    0x08007b08    0x20  freertos.o [1]
  .text              ro code  0x08007b28    0x1e  cmain.o [4]
  .text              ro code  0x08007b46     0x4  low_level_init.o [3]
  .text              ro code  0x08007b4a     0x4  exit.o [3]
  .text              ro code  0x08007b50     0xa  cexit.o [4]
  .text              ro code  0x08007b5c    0x14  exit.o [5]
  .rodata            const    0x08007b70    0x1c  freertos.o [1]
  .rodata            const    0x08007b8c    0x1c  freertos.o [1]
  .rodata            const    0x08007ba8    0x18  freertos.o [1]
  .rodata            const    0x08007bc0    0x18  freertos.o [1]
  .rodata            const    0x08007bd8    0x18  freertos.o [1]
  .rodata            const    0x08007bf0    0x18  freertos.o [1]
  .rodata            const    0x08007c08    0x14  freertos.o [1]
  .rodata            const    0x08007c1c    0x10  freertos.o [1]
  .rodata            const    0x08007c2c    0x10  freertos.o [1]
  .rodata            const    0x08007c3c    0x10  stm32f1xx_hal_rcc.o [1]
  .rodata            const    0x08007c4c    0x10  stm32f1xx_hal_rcc_ex.o [1]
  .rodata            const    0x08007c5c    0x10  system_stm32f1xx.o [1]
  .rodata            const    0x08007c6c    0x10  tim.o [1]
  .text              ro code  0x08007c7c    0x10  startup_stm32f103xb.o [1]
  .rodata            const    0x08007c8c     0xc  freertos.o [1]
  .text              ro code  0x08007c98     0xc  cstartup_M.o [4]
  .rodata            const    0x08007ca4     0x8  can.o [1]
  .rodata            const    0x08007cac     0x8  freertos.o [1]
  .rodata            const    0x08007cb4     0x8  freertos.o [1]
  .rodata            const    0x08007cbc     0x8  system_stm32f1xx.o [1]
  .rodata            const    0x08007cc4     0x8  tasks.o [1]
  .rodata            const    0x08007ccc     0x8  tim.o [1]
  .rodata            const    0x08007cd4     0x8  tim.o [1]
  .rodata            const    0x08007cdc     0x8  timers.o [1]
  .rodata            const    0x08007ce4     0x8  timers.o [1]
  .rodata            const    0x08007cec     0x4  freertos.o [1]
  .rodata            const    0x08007cf0     0x4  freertos.o [1]
  .rodata            const    0x08007cf4     0x4  heap_4.o [1]
  .rodata            const    0x08007cf8     0x4  port.o [1]
  .text              ro code  0x08007cfc     0x4  startup_stm32f103xb.o [1]
  .text              ro code  0x08007d00     0x4  startup_stm32f103xb.o [1]
  .text              ro code  0x08007d04     0x4  startup_stm32f103xb.o [1]
  .text              ro code  0x08007d08     0x4  startup_stm32f103xb.o [1]
  .text              ro code  0x08007d0c     0x4  startup_stm32f103xb.o [1]
  .text              ro code  0x08007d10     0x4  startup_stm32f103xb.o [1]
  .text              ro code  0x08007d14     0x4  startup_stm32f103xb.o [1]
  .text              ro code  0x08007d18     0x4  startup_stm32f103xb.o [1]
  .text              ro code  0x08007d1c     0x4  startup_stm32f103xb.o [1]
  .text              ro code  0x08007d20     0x4  startup_stm32f103xb.o [1]
  .text              ro code  0x08007d24     0x4  startup_stm32f103xb.o [1]
  .text              ro code  0x08007d28     0x4  startup_stm32f103xb.o [1]
  .text              ro code  0x08007d2c     0x4  startup_stm32f103xb.o [1]
  .text              ro code  0x08007d30     0x4  startup_stm32f103xb.o [1]
  .text              ro code  0x08007d34     0x4  startup_stm32f103xb.o [1]
  .text              ro code  0x08007d38     0x4  startup_stm32f103xb.o [1]
  .text              ro code  0x08007d3c     0x4  startup_stm32f103xb.o [1]
  .text              ro code  0x08007d40     0x4  startup_stm32f103xb.o [1]
  .text              ro code  0x08007d44     0x4  startup_stm32f103xb.o [1]
  .text              ro code  0x08007d48     0x4  startup_stm32f103xb.o [1]
  .text              ro code  0x08007d4c     0x4  startup_stm32f103xb.o [1]
  .text              ro code  0x08007d50     0x4  startup_stm32f103xb.o [1]
  .text              ro code  0x08007d54     0x4  startup_stm32f103xb.o [1]
  .text              ro code  0x08007d58     0x4  startup_stm32f103xb.o [1]
  .text              ro code  0x08007d5c     0x4  startup_stm32f103xb.o [1]
  .text              ro code  0x08007d60     0x4  startup_stm32f103xb.o [1]
  .text              ro code  0x08007d64     0x4  startup_stm32f103xb.o [1]
  .text              ro code  0x08007d68     0x4  startup_stm32f103xb.o [1]
  .text              ro code  0x08007d6c     0x4  startup_stm32f103xb.o [1]
  .text              ro code  0x08007d70     0x4  startup_stm32f103xb.o [1]
  .text              ro code  0x08007d74     0x4  startup_stm32f103xb.o [1]
  .text              ro code  0x08007d78     0x4  startup_stm32f103xb.o [1]
  .text              ro code  0x08007d7c     0x4  startup_stm32f103xb.o [1]
  .text              ro code  0x08007d80     0x4  startup_stm32f103xb.o [1]
  .text              ro code  0x08007d84     0x4  startup_stm32f103xb.o [1]
  .text              ro code  0x08007d88     0x4  startup_stm32f103xb.o [1]
  .text              ro code  0x08007d8c     0x4  startup_stm32f103xb.o [1]
  .text              ro code  0x08007d90     0x4  startup_stm32f103xb.o [1]
  .text              ro code  0x08007d94     0x2  system_stm32f1xx.o [1]
  .rodata            const    0x08007d96     0x0  zero_init3.o [4]
  .rodata            const    0x08007d96     0x0  copy_init3.o [4]
                            - 0x08007d96  0x7caa

"P2", part 1 of 3:                          0x30
  P2-1                        0x20000000    0x2d  <Init block>
    .data            inited   0x20000000    0x20  mode.o [1]
    .data            inited   0x20000020     0x4  port.o [1]
    .data            inited   0x20000024     0x4  stm32f1xx_hal.o [1]
    .data            inited   0x20000028     0x4  system_stm32f1xx.o [1]
    .data            inited   0x2000002c     0x1  stm32f1xx_hal.o [1]
                            - 0x2000002d    0x2d

"P2", part 2 of 3:                        0x33dc
  .bss               zero     0x20000030  0x2000  heap_4.o [1]
  .bss               zero     0x20002030   0x460  tasks.o [1]
  .bss               zero     0x20002490   0x400  cmsis_os2.o [1]
  .bss               zero     0x20002890   0x2ec  usb.o [1]
  .bss               zero     0x20002b7c   0x200  cmsis_os2.o [1]
  .bss               zero     0x20002d7c    0xa0  timers.o [1]
  .bss               zero     0x20002e1c    0x5c  cmsis_os2.o [1]
  .bss               zero     0x20002e78    0x5c  cmsis_os2.o [1]
  .bss               zero     0x20002ed4    0x58  spi.o [1]
  .bss               zero     0x20002f2c    0x50  freertos.o [1]
  .bss               zero     0x20002f7c    0x50  freertos.o [1]
  .bss               zero     0x20002fcc    0x50  freertos.o [1]
  .bss               zero     0x2000301c    0x50  freertos.o [1]
  .bss               zero     0x2000306c    0x50  timers.o [1]
  .bss               zero     0x200030bc    0x48  tim.o [1]
  .bss               zero     0x20003104    0x48  tim.o [1]
  .bss               zero     0x2000314c    0x44  usart.o [1]
  .bss               zero     0x20003190    0x40  queue.o [1]
  .bss               zero     0x200031d0    0x3c  mode.o [1]
  .bss               zero     0x2000320c    0x28  can.o [1]
  .bss               zero     0x20003234    0x1c  usart.o [1]
  .bss               zero     0x20003250    0x14  rtc.o [1]
  .bss               zero     0x20003264    0x14  tasks.o [1]
  .bss               zero     0x20003278    0x14  tasks.o [1]
  .bss               zero     0x2000328c    0x14  tasks.o [1]
  .bss               zero     0x200032a0    0x14  tasks.o [1]
  .bss               zero     0x200032b4    0x14  tasks.o [1]
  .bss               zero     0x200032c8    0x14  timers.o [1]
  .bss               zero     0x200032dc    0x14  timers.o [1]
  .bss               zero     0x200032f0     0xc  tim.o [1]
  .bss               zero     0x200032fc     0x8  heap_4.o [1]
  .bss               zero     0x20003304     0x8  mode.o [1]
  .bss               zero     0x2000330c     0x8  usart.o [1]
  .bss               zero     0x20003314     0x8  usart.o [1]
  .bss               zero     0x2000331c     0x4  cmsis_os2.o [1]
  .bss               zero     0x20003320     0x4  freertos.o [1]
  .bss               zero     0x20003324     0x4  freertos.o [1]
  .bss               zero     0x20003328     0x4  freertos.o [1]
  .bss               zero     0x2000332c     0x4  freertos.o [1]
  .bss               zero     0x20003330     0x4  freertos.o [1]
  .bss               zero     0x20003334     0x4  freertos.o [1]
  .bss               zero     0x20003338     0x4  freertos.o [1]
  .bss               zero     0x2000333c     0x4  freertos.o [1]
  .bss               zero     0x20003340     0x4  freertos.o [1]
  .bss               zero     0x20003344     0x4  freertos.o [1]
  .bss               zero     0x20003348     0x4  freertos.o [1]
  .bss               zero     0x2000334c     0x4  heap_4.o [1]
  .bss               zero     0x20003350     0x4  heap_4.o [1]
  .bss               zero     0x20003354     0x4  heap_4.o [1]
  .bss               zero     0x20003358     0x4  heap_4.o [1]
  .bss               zero     0x2000335c     0x4  mode.o [1]
  .bss               zero     0x20003360     0x4  mode.o [1]
  .bss               zero     0x20003364     0x4  mode.o [1]
  .bss               zero     0x20003368     0x4  mode.o [1]
  .bss               zero     0x2000336c     0x4  port.o [1]
  .bss               zero     0x20003370     0x4  stm32f1xx_hal.o [1]
  .bss               zero     0x20003374     0x4  tasks.o [1]
  .bss               zero     0x20003378     0x4  tasks.o [1]
  .bss               zero     0x2000337c     0x4  tasks.o [1]
  .bss               zero     0x20003380     0x4  tasks.o [1]
  .bss               zero     0x20003384     0x4  tasks.o [1]
  .bss               zero     0x20003388     0x4  tasks.o [1]
  .bss               zero     0x2000338c     0x4  tasks.o [1]
  .bss               zero     0x20003390     0x4  tasks.o [1]
  .bss               zero     0x20003394     0x4  tasks.o [1]
  .bss               zero     0x20003398     0x4  tasks.o [1]
  .bss               zero     0x2000339c     0x4  tasks.o [1]
  .bss               zero     0x200033a0     0x4  tasks.o [1]
  .bss               zero     0x200033a4     0x4  tasks.o [1]
  .bss               zero     0x200033a8     0x4  tasks.o [1]
  .bss               zero     0x200033ac     0x4  tasks.o [1]
  .bss               zero     0x200033b0     0x4  tim.o [1]
  .bss               zero     0x200033b4     0x4  tim.o [1]
  .bss               zero     0x200033b8     0x4  tim.o [1]
  .bss               zero     0x200033bc     0x4  tim.o [1]
  .bss               zero     0x200033c0     0x4  timers.o [1]
  .bss               zero     0x200033c4     0x4  timers.o [1]
  .bss               zero     0x200033c8     0x4  timers.o [1]
  .bss               zero     0x200033cc     0x4  timers.o [1]
  .bss               zero     0x200033d0     0x4  timers.o [1]
  .bss               zero     0x200033d4     0x4  usart.o [1]
  .bss               zero     0x200033d8     0x4  usart.o [1]
  .bss               zero     0x200033dc     0x2  freertos.o [1]
  .bss               zero     0x200033de     0x2  freertos.o [1]
  .bss               zero     0x200033e0     0x2  mode.o [1]
  .bss               zero     0x200033e2     0x2  mode.o [1]
  .bss               zero     0x200033e4     0x2  mode.o [1]
  .bss               zero     0x200033e6     0x2  mode.o [1]
  .bss               zero     0x200033e8     0x2  mode.o [1]
  .bss               zero     0x200033ea     0x2  mode.o [1]
  .bss               zero     0x200033ec     0x2  mode.o [1]
  .bss               zero     0x200033ee     0x2  mode.o [1]
  .bss               zero     0x200033f0     0x2  mode.o [1]
  .bss               zero     0x200033f2     0x2  tim.o [1]
  .bss               zero     0x200033f4     0x2  tim.o [1]
  .bss               zero     0x200033f6     0x2  usart.o [1]
  .bss               zero     0x200033f8     0x2  usart.o [1]
  .bss               zero     0x200033fa     0x1  freertos.o [1]
  .bss               zero     0x200033fb     0x1  mode.o [1]
  .bss               zero     0x200033fc     0x1  mode.o [1]
  .bss               zero     0x200033fd     0x1  mode.o [1]
  .bss               zero     0x200033fe     0x1  mode.o [1]
  .bss               zero     0x200033ff     0x1  mode.o [1]
  .bss               zero     0x20003400     0x1  mode.o [1]
  .bss               zero     0x20003401     0x1  mode.o [1]
  .bss               zero     0x20003402     0x1  mode.o [1]
  .bss               zero     0x20003403     0x1  mode.o [1]
  .bss               zero     0x20003404     0x1  port.o [1]
  .bss               zero     0x20003405     0x1  tim.o [1]
  .bss               zero     0x20003406     0x1  usart.o [1]
  .bss               zero     0x20003407     0x1  usart.o [1]
  .bss               zero     0x20003408     0x1  usart.o [1]
                            - 0x20003409  0x33d9

"P2", part 3 of 3:                         0x400
  CSTACK                      0x20003410   0x400  <Block>
    CSTACK           uninit   0x20003410   0x400  <Block tail>
                            - 0x20003810   0x400


*******************************************************************************
*** INIT TABLE
***

          Address     Size
          -------     ----
Zero (__iar_zero_init3)
    1 destination range, total size 0x33d9:
          0x20000030  0x33d9

Copy (__iar_copy_init3)
    1 source range, total size 0x30 (106% of destination):
          0x080079ac    0x30
    1 destination range, total size 0x2d:
          0x20000000    0x2d



*******************************************************************************
*** MODULE SUMMARY
***

    Module                  ro code  ro data  rw data
    ------                  -------  -------  -------
E:\050_Workspace\010_YTP_SENT\040_Software\41_Cube\Code\GoodProject\EWARM\GoodProject\Obj: [1]
    can.o                       412        8       40
    cmsis_os2.o               1 128             1 724
    event_groups.o              632
    freertos.o                  288      452      369
    gpio.o                      280
    heap_4.o                    604        4    8 216
    list.o                      152
    main.o                      210
    mode.o                    1 552       32      143
    port.o                      548        8        9
    portasm.o                   136
    queue.o                   2 042                64
    rtc.o                       104                20
    spi.o                       208                88
    startup_stm32f103xb.o       404
    stm32f1xx_hal.o             152        5        9
    stm32f1xx_hal_can.o       1 308
    stm32f1xx_hal_cortex.o      304
    stm32f1xx_hal_dma.o         280
    stm32f1xx_hal_gpio.o        536
    stm32f1xx_hal_msp.o          92
    stm32f1xx_hal_pcd.o       3 302
    stm32f1xx_hal_pwr.o          12
    stm32f1xx_hal_rcc.o       1 772       18
    stm32f1xx_hal_rcc_ex.o      528       18
    stm32f1xx_hal_rtc.o         406
    stm32f1xx_hal_spi.o         196
    stm32f1xx_hal_tim.o       2 434
    stm32f1xx_hal_tim_ex.o      128
    stm32f1xx_hal_uart.o      1 550
    stm32f1xx_it.o              112
    stm32f1xx_ll_usb.o        2 454
    system_stm32f1xx.o            2       28        4
    tasks.o                   2 884        8    1 280
    tim.o                     1 044       32      177
    timers.o                  1 160       16      300
    usart.o                   1 416               127
    usb.o                       136               748
    -------------------------------------------------
    Total:                   30 908      629   13 318

command line: [2]
    -------------------------------------------------
    Total:

dl7M_tlf.a: [3]
    exit.o                        4
    low_level_init.o              4
    -------------------------------------------------
    Total:                        8

rt7M_tl.a: [4]
    ABImemclr4.o                  6
    ABImemcpy.o                 166
    ABImemset.o                 102
    ABImemset48.o                50
    cexit.o                      10
    cmain.o                      30
    copy_init3.o                 44
    cstartup_M.o                 12
    data_init.o                  40
    zero_init3.o                 64
    -------------------------------------------------
    Total:                      524

shb_l.a: [5]
    exit.o                       20
    -------------------------------------------------
    Total:                       20

    Gaps                         22
    Linker created                        39    1 024
-----------------------------------------------------
    Grand Total:             31 482      668   14 342


*******************************************************************************
*** ENTRY LIST
***

Entry                      Address    Size  Type      Object
-----                      -------    ----  ----      ------
.iar.init_table$$Base   0x08007ae4           --   Gb  - Linker created -
.iar.init_table$$Limit  0x08007b08           --   Gb  - Linker created -
?main                   0x08007b29          Code  Gb  cmain.o [4]
AHBPrescTable           0x08007c5c    0x10  Data  Gb  system_stm32f1xx.o [1]
APBPrescTable           0x08007cbc     0x8  Data  Gb  system_stm32f1xx.o [1]
BusFault_Handler        0x080078eb     0x2  Code  Gb  stm32f1xx_it.o [1]
CAN1_RX1_IRQHandler     0x08007925     0xa  Code  Gb  stm32f1xx_it.o [1]
CANHandle               0x20003324     0x4  Data  Gb  freertos.o [1]
CAN_attributes          0x08007a54    0x24  Data  Gb  freertos.o [1]
CSTACK$$Base            0x20003410           --   Gb  - Linker created -
CSTACK$$Limit           0x20003810           --   Gb  - Linker created -
DebugMon_Handler        0x080078ef     0x2  Code  Gb  stm32f1xx_it.o [1]
Error_Handler           0x08001967     0x4  Code  Gb  main.o [1]
HAL_CAN_AddTxMessage    0x08003b61   0x10a  Code  Gb  stm32f1xx_hal_can.o [1]
HAL_CAN_IRQHandler      0x08003c6b   0x230  Code  Gb  stm32f1xx_hal_can.o [1]
HAL_CAN_Init            0x08003999   0x16c  Code  Gb  stm32f1xx_hal_can.o [1]
HAL_CAN_MspInit         0x08001c3d    0xba  Code  Gb  can.o [1]
HAL_CAN_Start           0x08003b05    0x5c  Code  Gb  stm32f1xx_hal_can.o [1]
HAL_CAN_Task            0x08001cf7    0x60  Code  Gb  can.o [1]
HAL_DMA_Abort           0x08006719    0x4c  Code  Gb  stm32f1xx_hal_dma.o [1]
HAL_DMA_Abort_IT        0x08006765    0xae  Code  Gb  stm32f1xx_hal_dma.o [1]
HAL_GPIO_Init           0x08003781   0x1c4  Code  Gb  stm32f1xx_hal_gpio.o [1]
HAL_GPIO_WritePin       0x08003945    0x14  Code  Gb  stm32f1xx_hal_gpio.o [1]
HAL_GetTick             0x080066f1     0xc  Code  Wk  stm32f1xx_hal.o [1]
HAL_IncTick             0x08007955    0x18  Code  Wk  stm32f1xx_hal.o [1]
HAL_Init                0x08001a9d    0x22  Code  Gb  stm32f1xx_hal.o [1]
HAL_InitTick            0x080036d9    0x4c  Code  Wk  stm32f1xx_hal.o [1]
HAL_LIN_Init            0x08003e9d    0x94  Code  Gb  stm32f1xx_hal_uart.o [1]
HAL_MspInit             0x08003725    0x5c  Code  Gb  stm32f1xx_hal_msp.o [1]
HAL_NVIC_EnableIRQ      0x08001a69     0xa  Code  Gb  stm32f1xx_hal_cortex.o [1]
HAL_NVIC_SetPriority    0x08001a47    0x22  Code  Gb  stm32f1xx_hal_cortex.o [1]
HAL_NVIC_SetPriorityGrouping
                        0x08001a3f     0x8  Code  Gb  stm32f1xx_hal_cortex.o [1]
HAL_PCD_EP_DB_Receive   0x08000853   0x13a  Code  Lc  stm32f1xx_hal_pcd.o [1]
HAL_PCD_EP_DB_Transmit  0x0800098d   0x438  Code  Lc  stm32f1xx_hal_pcd.o [1]
HAL_PCD_IRQHandler      0x0800027f   0x1c0  Code  Gb  stm32f1xx_hal_pcd.o [1]
HAL_PCD_Init            0x080000ed   0x192  Code  Gb  stm32f1xx_hal_pcd.o [1]
HAL_PCD_MspInit         0x08000dfb    0x44  Code  Gb  usb.o [1]
HAL_PCD_SetAddress      0x0800043f    0x2c  Code  Gb  stm32f1xx_hal_pcd.o [1]
HAL_PWR_EnableBkUpAccess
                        0x080048b5     0x8  Code  Gb  stm32f1xx_hal_pwr.o [1]
HAL_RCCEx_GetPeriphCLKFreq
                        0x080035cf    0xdc  Code  Gb  stm32f1xx_hal_rcc_ex.o [1]
HAL_RCCEx_PeriphCLKConfig
                        0x080034c9   0x106  Code  Gb  stm32f1xx_hal_rcc_ex.o [1]
HAL_RCC_ClockConfig     0x08003257   0x16e  Code  Gb  stm32f1xx_hal_rcc.o [1]
HAL_RCC_GetHCLKFreq     0x08003429     0x6  Code  Gb  stm32f1xx_hal_rcc.o [1]
HAL_RCC_GetPCLK1Freq    0x0800342f    0x16  Code  Gb  stm32f1xx_hal_rcc.o [1]
HAL_RCC_GetPCLK2Freq    0x08003445    0x16  Code  Gb  stm32f1xx_hal_rcc.o [1]
HAL_RCC_GetSysClockFreq
                        0x080033c5    0x64  Code  Gb  stm32f1xx_hal_rcc.o [1]
HAL_RCC_OscConfig       0x08002ddd   0x47a  Code  Gb  stm32f1xx_hal_rcc.o [1]
HAL_RTC_Init            0x0800471d    0xe2  Code  Gb  stm32f1xx_hal_rtc.o [1]
HAL_RTC_MspInit         0x08002329    0x2e  Code  Gb  rtc.o [1]
HAL_RTC_WaitForSynchro  0x08004809    0x3e  Code  Gb  stm32f1xx_hal_rtc.o [1]
HAL_SPI_Init            0x080048c1    0xc4  Code  Gb  stm32f1xx_hal_spi.o [1]
HAL_SPI_MspInit         0x080023c9    0x5e  Code  Gb  spi.o [1]
HAL_SYSTICK_Config      0x08001a73     0x8  Code  Gb  stm32f1xx_hal_cortex.o [1]
HAL_TIMEx_BreakCallback
                        0x080071df     0x2  Code  Wk  stm32f1xx_hal_tim_ex.o [1]
HAL_TIMEx_CommutCallback
                        0x080071e3     0x2  Code  Wk  stm32f1xx_hal_tim_ex.o [1]
HAL_TIMEx_MasterConfigSynchronization
                        0x08005301    0x6c  Code  Gb  stm32f1xx_hal_tim_ex.o [1]
HAL_TIM_IC_CaptureCallback
                        0x080026bb    0xde  Code  Gb  tim.o [1]
HAL_TIM_IC_CaptureCallback::counter
                        0x200033b4     0x4  Data  Lc  tim.o [1]
HAL_TIM_IC_CaptureCallback::counterDelta
                        0x200033bc     0x4  Data  Lc  tim.o [1]
HAL_TIM_IC_CaptureCallback::counterOld
                        0x200033b8     0x4  Data  Lc  tim.o [1]
HAL_TIM_IC_CaptureCallback::dataList
                        0x200032f0     0xc  Data  Lc  tim.o [1]
HAL_TIM_IC_CaptureCallback::index
                        0x20003405     0x1  Data  Lc  tim.o [1]
HAL_TIM_IC_ConfigChannel
                        0x08004e1b    0xc8  Code  Gb  stm32f1xx_hal_tim.o [1]
HAL_TIM_IC_Init         0x08004ac5    0x6e  Code  Gb  stm32f1xx_hal_tim.o [1]
HAL_TIM_IC_MspInit      0x0800258f    0x70  Code  Gb  tim.o [1]
HAL_TIM_IC_Start_IT     0x08004b39   0x15e  Code  Gb  stm32f1xx_hal_tim.o [1]
HAL_TIM_IRQHandler      0x08004ca5   0x176  Code  Gb  stm32f1xx_hal_tim.o [1]
HAL_TIM_MspPostInit     0x08002625    0x5a  Code  Gb  tim.o [1]
HAL_TIM_PWM_ConfigChannel
                        0x08004ee3    0xf0  Code  Gb  stm32f1xx_hal_tim.o [1]
HAL_TIM_PWM_Init        0x08004985    0x6e  Code  Gb  stm32f1xx_hal_tim.o [1]
HAL_TIM_PWM_MspInit     0x080025ff    0x26  Code  Gb  tim.o [1]
HAL_TIM_PWM_Start       0x080049f3    0xc8  Code  Gb  stm32f1xx_hal_tim.o [1]
HAL_TIM_ReadCapturedValue
                        0x08004fd3    0x30  Code  Gb  stm32f1xx_hal_tim.o [1]
HAL_TIM_Task            0x08002799    0x52  Code  Gb  tim.o [1]
HAL_UART_IRQHandler     0x08003fc1   0x21e  Code  Gb  stm32f1xx_hal_uart.o [1]
HAL_UART_MspInit        0x08001dcb    0x98  Code  Gb  usart.o [1]
HAL_UART_Receive_IT     0x08003f85    0x3c  Code  Gb  stm32f1xx_hal_uart.o [1]
HAL_UART_RxCpltCallback
                        0x08001e63    0x40  Code  Gb  usart.o [1]
HAL_UART_RxCpltCallback::data
                        0x20003407     0x1  Data  Lc  usart.o [1]
HAL_UART_RxManage       0x08001ee9   0x268  Code  Gb  usart.o [1]
HAL_UART_Task           0x080021fb    0xb6  Code  Gb  usart.o [1]
HAL_UART_Transmit_IT    0x08003f31    0x54  Code  Gb  stm32f1xx_hal_uart.o [1]
HardFault_Handler       0x080078e7     0x2  Code  Gb  stm32f1xx_it.o [1]
Idle_Stack              0x20002b7c   0x200  Data  Lc  cmsis_os2.o [1]
Idle_TCB                0x20002e1c    0x5c  Data  Lc  cmsis_os2.o [1]
KernelState             0x2000331c     0x4  Data  Lc  cmsis_os2.o [1]
LIN_ComputeChecksum     0x08001ea3    0x46  Code  Lc  usart.o [1]
LIN_MasterModeCommandBuffer
                        0x200033fa     0x1  Data  Gb  freertos.o [1]
LIN_MasterModeCommandControlBlock
                        0x20002fcc    0x50  Data  Gb  freertos.o [1]
LIN_MasterModeCommandQueueHandle
                        0x2000333c     0x4  Data  Gb  freertos.o [1]
LIN_MasterModeCommandQueue_attributes
                        0x08007bd8    0x18  Data  Gb  freertos.o [1]
LIN_MasterTargetPositionBuffer
                        0x200033de     0x2  Data  Gb  freertos.o [1]
LIN_MasterTargetPositionControlBlock
                        0x20002f7c    0x50  Data  Gb  freertos.o [1]
LIN_MasterTargetPositionQueueHandle
                        0x20003338     0x4  Data  Gb  freertos.o [1]
LIN_MasterTargetPositionQueue_attributes
                        0x08007bc0    0x18  Data  Gb  freertos.o [1]
LIN_MessagesReceiveHandel
                        0x08002151    0x5e  Code  Lc  usart.o [1]
LIN_MessagesReceiveHandel::linMasterModeCommandValue
                        0x20003408     0x1  Data  Lc  usart.o [1]
LIN_MessagesReceiveHandel::linMasterTargetPositionValue
                        0x200033f6     0x2  Data  Lc  usart.o [1]
LIN_MessagesSentHandel  0x080021af    0x4c  Code  Lc  usart.o [1]
LIN_MessagesSentHandel::linAngleValue
                        0x200033d8     0x4  Data  Lc  usart.o [1]
LIN_MessagesSentHandel::linYtSentCurrentPositionValue
                        0x200033f8     0x2  Data  Lc  usart.o [1]
MODEHandle              0x20003330     0x4  Data  Gb  freertos.o [1]
MODE_ControlModeHandel  0x0800774f    0xa8  Code  Gb  mode.o [1]
MODE_ControlModeHandel::masterModeCommand
                        0x20003402     0x1  Data  Lc  mode.o [1]
MODE_ControlModeHandel::masterModeCommandOld
                        0x20003403     0x1  Data  Lc  mode.o [1]
MODE_ControlModeHandel::masterTargetPosOld
                        0x200033ee     0x2  Data  Lc  mode.o [1]
MODE_Init               0x080072d5    0x3a  Code  Gb  mode.o [1]
MODE_ModeCommandChange  0x08007361   0x108  Code  Lc  mode.o [1]
MODE_ModeCommandChange::firstPos
                        0x200033e2     0x2  Data  Lc  mode.o [1]
MODE_ModeCommandChange::modeRunStep
                        0x20003401     0x1  Data  Lc  mode.o [1]
MODE_ModeCommandChange::secondtPos
                        0x200033e4     0x2  Data  Lc  mode.o [1]
MODE_ModePositionChange
                        0x0800730f    0x52  Code  Lc  mode.o [1]
MODE_ModePositionChange::posRunStep
                        0x20003400     0x1  Data  Lc  mode.o [1]
MODE_MotorAction        0x08007469   0x2e6  Code  Lc  mode.o [1]
MODE_MotorAction::brakeTimer
                        0x200033e6     0x2  Data  Lc  mode.o [1]
MODE_MotorAction::modeCurrentPosOld
                        0x200033ec     0x2  Data  Lc  mode.o [1]
MODE_MotorAction::motorOutMessageQueue
                        0x20003304     0x8  Data  Lc  mode.o [1]
MODE_MotorAction::positionValueDelta
                        0x200033e8     0x2  Data  Lc  mode.o [1]
MODE_MotorAction::positionValueDeltaAverage
                        0x200033ea     0x2  Data  Lc  mode.o [1]
MODE_MotorAction::positionValueDeltaList
                        0x200031d0    0x3c  Data  Lc  mode.o [1]
MODE_MotorOutBuffer     0x20003344     0x4  Data  Gb  freertos.o [1]
MODE_MotorOutControlBlock
                        0x2000301c    0x50  Data  Gb  freertos.o [1]
MODE_MotorOutQueueHandle
                        0x20003340     0x4  Data  Gb  freertos.o [1]
MODE_MotorOutQueue_attributes
                        0x08007bf0    0x18  Data  Gb  freertos.o [1]
MODE_Task               0x080077f7    0x72  Code  Gb  mode.o [1]
MODE_Task::positionValueOld
                        0x200033f0     0x2  Data  Lc  mode.o [1]
MODE_attributes         0x08007ac0    0x24  Data  Gb  freertos.o [1]
MX_CAN_Init             0x08001bdd    0x60  Code  Gb  can.o [1]
MX_FREERTOS_Init        0x08002cb5    0x8e  Code  Gb  freertos.o [1]
MX_GPIO_Init            0x08001ac5   0x118  Code  Gb  gpio.o [1]
MX_RTC_Init             0x08002301    0x28  Code  Gb  rtc.o [1]
MX_SPI1_Init            0x08002369    0x60  Code  Gb  spi.o [1]
MX_TIM1_Init            0x08002439    0xa6  Code  Gb  tim.o [1]
MX_TIM3_Init            0x080024df    0xb0  Code  Gb  tim.o [1]
MX_USART1_UART_Init     0x08001d79    0x52  Code  Gb  usart.o [1]
MX_USB_PCD_Init         0x08000dc5    0x36  Code  Gb  usb.o [1]
MemManage_Handler       0x080078e9     0x2  Code  Gb  stm32f1xx_it.o [1]
MotorOutEventHandle     0x20003348     0x4  Data  Gb  freertos.o [1]
MotorOutEvent_attributes
                        0x08007c2c    0x10  Data  Gb  freertos.o [1]
NMI_Handler             0x080078e5     0x2  Code  Gb  stm32f1xx_it.o [1]
NVIC_EncodePriority     0x080019d3    0x3e  Code  Lc  stm32f1xx_hal_cortex.o [1]
PCD_EP_ISR_Handler      0x0800046b   0x3e8  Code  Lc  stm32f1xx_hal_pcd.o [1]
PendSV_Handler          0x0800724d          Code  Gb  portasm.o [1]
RCC_Delay               0x0800345b    0x24  Code  Lc  stm32f1xx_hal_rcc.o [1]
RTC_EnterInitMode       0x08004847    0x36  Code  Lc  stm32f1xx_hal_rtc.o [1]
RTC_ExitInitMode        0x0800487d    0x36  Code  Lc  stm32f1xx_hal_rtc.o [1]
Region$$Table$$Base     0x08007ae4           --   Gb  - Linker created -
Region$$Table$$Limit    0x08007b08           --   Gb  - Linker created -
SENT_CurrentPositionBuffer
                        0x200033dc     0x2  Data  Gb  freertos.o [1]
SENT_CurrentPositionControlBlock
                        0x20002f2c    0x50  Data  Gb  freertos.o [1]
SENT_CurrentPositionQueueHandle
                        0x20003334     0x4  Data  Gb  freertos.o [1]
SENT_CurrentPositionQueue_attributes
                        0x08007ba8    0x18  Data  Gb  freertos.o [1]
SVC_Handler             0x08007293          Code  Gb  portasm.o [1]
StartDefaultTask        0x08002d45    0x2c  Code  Gb  freertos.o [1]
SysTick_Config          0x08001a11    0x2e  Code  Lc  stm32f1xx_hal_cortex.o [1]
SysTick_Handler         0x080078f1    0x14  Code  Gb  stm32f1xx_it.o [1]
SystemClock_Config      0x080018d1    0x96  Code  Gb  main.o [1]
SystemCoreClock         0x20000028     0x4  Data  Gb  system_stm32f1xx.o [1]
SystemInit              0x08007d95     0x2  Code  Gb  system_stm32f1xx.o [1]
TIM1_CC_IRQHandler      0x0800792f     0xa  Code  Gb  stm32f1xx_it.o [1]
TIMHandle               0x2000332c     0x4  Data  Gb  freertos.o [1]
TIM_Base_SetConfig      0x08005003    0x64  Code  Gb  stm32f1xx_hal_tim.o [1]
TIM_CCxChannelCmd       0x080052d9    0x26  Code  Gb  stm32f1xx_hal_tim.o [1]
TIM_OC1_SetConfig       0x08005067    0x5a  Code  Lc  stm32f1xx_hal_tim.o [1]
TIM_OC2_SetConfig       0x080050c1    0x64  Code  Gb  stm32f1xx_hal_tim.o [1]
TIM_OC3_SetConfig       0x08005125    0x62  Code  Lc  stm32f1xx_hal_tim.o [1]
TIM_OC4_SetConfig       0x08005187    0x46  Code  Lc  stm32f1xx_hal_tim.o [1]
TIM_TI1_SetConfig       0x080051cd    0x5e  Code  Gb  stm32f1xx_hal_tim.o [1]
TIM_TI2_SetConfig       0x08005239    0x36  Code  Lc  stm32f1xx_hal_tim.o [1]
TIM_TI3_SetConfig       0x0800526f    0x34  Code  Lc  stm32f1xx_hal_tim.o [1]
TIM_TI4_SetConfig       0x080052a3    0x36  Code  Lc  stm32f1xx_hal_tim.o [1]
TIM_attributes          0x08007a9c    0x24  Data  Gb  freertos.o [1]
Timer_Stack             0x20002490   0x400  Data  Lc  cmsis_os2.o [1]
Timer_TCB               0x20002e78    0x5c  Data  Lc  cmsis_os2.o [1]
UARTHandle              0x20003328     0x4  Data  Gb  freertos.o [1]
UART_DMAAbortOnError    0x08004255    0x12  Code  Lc  stm32f1xx_hal_uart.o [1]
UART_EndRxTransfer      0x0800421d    0x36  Code  Lc  stm32f1xx_hal_uart.o [1]
UART_EndTransmit_IT     0x080042cb    0x1c  Code  Lc  stm32f1xx_hal_uart.o [1]
UART_Receive_IT         0x080042e7    0xdc  Code  Lc  stm32f1xx_hal_uart.o [1]
UART_SetConfig          0x080043c3    0xd8  Code  Lc  stm32f1xx_hal_uart.o [1]
UART_Start_Receive_IT   0x080041df    0x3e  Code  Gb  stm32f1xx_hal_uart.o [1]
UART_Transmit_IT        0x08004269    0x62  Code  Lc  stm32f1xx_hal_uart.o [1]
UART_attributes         0x08007a78    0x24  Data  Gb  freertos.o [1]
USART1_IRQHandler       0x08007939     0xa  Code  Gb  stm32f1xx_it.o [1]
USB_CoreInit            0x08000e4d     0x8  Code  Gb  stm32f1xx_ll_usb.o [1]
USB_DevDisconnect       0x08001771     0x4  Code  Gb  stm32f1xx_ll_usb.o [1]
USB_DevInit             0x08000e6d    0x20  Code  Gb  stm32f1xx_ll_usb.o [1]
USB_DisableGlobalInt    0x08000e55    0x14  Code  Gb  stm32f1xx_ll_usb.o [1]
USB_EPStartXfer         0x08000e8d   0x8d4  Code  Gb  stm32f1xx_ll_usb.o [1]
USB_HP_CAN1_TX_IRQHandler
                        0x08007905    0x10  Code  Gb  stm32f1xx_it.o [1]
USB_LP_CAN1_RX0_IRQHandler
                        0x08007915    0x10  Code  Gb  stm32f1xx_it.o [1]
USB_ReadInterrupts      0x08001775     0x6  Code  Gb  stm32f1xx_ll_usb.o [1]
USB_ReadPMA             0x080017ad    0x36  Code  Gb  stm32f1xx_ll_usb.o [1]
USB_SetCurrentMode      0x08000e69     0x4  Code  Gb  stm32f1xx_ll_usb.o [1]
USB_SetDevAddress       0x08001761    0x10  Code  Gb  stm32f1xx_ll_usb.o [1]
USB_WritePMA            0x0800177b    0x32  Code  Gb  stm32f1xx_ll_usb.o [1]
UsageFault_Handler      0x080078ed     0x2  Code  Gb  stm32f1xx_it.o [1]
__NVIC_EnableIRQ        0x08001993    0x1c  Code  Lc  stm32f1xx_hal_cortex.o [1]
__NVIC_GetPriorityGrouping
                        0x08001989     0xa  Code  Lc  stm32f1xx_hal_cortex.o [1]
__NVIC_SetPriority      0x080019af    0x24  Code  Lc  stm32f1xx_hal_cortex.o [1]
__NVIC_SetPriorityGrouping
                        0x0800196d    0x1c  Code  Lc  stm32f1xx_hal_cortex.o [1]
__aeabi_memclr4         0x08002dd5          Code  Gb  ABImemclr4.o [4]
__aeabi_memcpy          0x080017e5          Code  Gb  ABImemcpy.o [4]
__aeabi_memcpy4         0x08001805          Code  Gb  ABImemcpy.o [4]
__aeabi_memcpy8         0x08001805          Code  Gb  ABImemcpy.o [4]
__aeabi_memset          0x080071e5          Code  Gb  ABImemset.o [4]
__cmain                 0x08007b29          Code  Gb  cmain.o [4]
__exit                  0x08007b5d    0x14  Code  Gb  exit.o [5]
__iar_Memset            0x080071e5          Code  Gb  ABImemset.o [4]
__iar_Memset4_word      0x080066bd          Code  Gb  ABImemset48.o [4]
__iar_Memset8_word      0x080066bd          Code  Gb  ABImemset48.o [4]
__iar_Memset_word       0x080071ed          Code  Gb  ABImemset.o [4]
__iar_copy_init3        0x080079dd    0x2c  Code  Gb  copy_init3.o [4]
__iar_data_init3        0x08007a09    0x28  Code  Gb  data_init.o [4]
__iar_program_start     0x08007c99          Code  Gb  cstartup_M.o [4]
__iar_systems$$module {Abs}
                        0x00000001          Data  Gb  command line/config [2]
__iar_zero_init3        0x0800796d    0x40  Code  Gb  zero_init3.o [4]
__low_level_init        0x08007b47     0x4  Code  Gb  low_level_init.o [3]
__vector_table          0x08000000          Data  Gb  startup_stm32f103xb.o [1]
_call_main              0x08007b35          Code  Gb  cmain.o [4]
_exit                   0x08007b51          Code  Gb  cexit.o [4]
_main                   0x08007b43          Code  Gb  cmain.o [4]
controlMode             0x200033fd     0x1  Data  Lc  mode.o [1]
crc4_cal                0x0800267f    0x3c  Code  Gb  tim.o [1]
defaultTaskHandle       0x20003320     0x4  Data  Gb  freertos.o [1]
defaultTask_attributes  0x08007a30    0x24  Data  Gb  freertos.o [1]
exit                    0x08007b4b     0x4  Code  Gb  exit.o [3]
hcan                    0x2000320c    0x28  Data  Gb  can.o [1]
hpcd_USB_FS             0x20002890   0x2ec  Data  Gb  usb.o [1]
hrtc                    0x20003250    0x14  Data  Gb  rtc.o [1]
hspi1                   0x20002ed4    0x58  Data  Gb  spi.o [1]
htim1                   0x200030bc    0x48  Data  Gb  tim.o [1]
htim3                   0x20003104    0x48  Data  Gb  tim.o [1]
huart1                  0x2000314c    0x44  Data  Gb  usart.o [1]
linMasterMessage        0x2000330c     0x8  Data  Lc  usart.o [1]
linState                0x20003406     0x1  Data  Lc  usart.o [1]
linTransferData         0x20003234    0x1c  Data  Lc  usart.o [1]
linYtSentMessage        0x20003314     0x8  Data  Lc  usart.o [1]
main                    0x08001899    0x38  Code  Gb  main.o [1]
masterTargetPos         0x200033e0     0x2  Data  Lc  mode.o [1]
modeCommand             0x200033fb     0x1  Data  Lc  mode.o [1]
modeCurrentPos          0x2000335c     0x4  Data  Lc  mode.o [1]
modeMotorOut            0x20003364     0x4  Data  Lc  mode.o [1]
modeMotorOutOld         0x20003368     0x4  Data  Lc  mode.o [1]
modeMotorRunStep        0x200033fe     0x1  Data  Lc  mode.o [1]
modeMotorStatus         0x200033ff     0x1  Data  Lc  mode.o [1]
modePosition            0x20000000    0x20  Data  Lc  mode.o [1]
modeTargetPos           0x20003360     0x4  Data  Lc  mode.o [1]
osDelay                 0x080029fd    0x38  Code  Gb  cmsis_os2.o [1]
osEventFlagsNew         0x08002a39    0x6c  Code  Gb  cmsis_os2.o [1]
osKernelInitialize      0x0800284d    0x44  Code  Gb  cmsis_os2.o [1]
osKernelStart           0x08002891    0x4a  Code  Gb  cmsis_os2.o [1]
osMessageQueueGet       0x08002bed    0x8e  Code  Gb  cmsis_os2.o [1]
osMessageQueueNew       0x08002aad    0xae  Code  Gb  cmsis_os2.o [1]
osMessageQueuePut       0x08002b5b    0x92  Code  Gb  cmsis_os2.o [1]
osThreadNew             0x080028db    0xe4  Code  Gb  cmsis_os2.o [1]
osThreadYield           0x080029bf    0x3e  Code  Gb  cmsis_os2.o [1]
pcInterruptPriorityRegisters
                        0x08007cf8     0x4  Data  Lc  port.o [1]
positionValue           0x200033f2     0x2  Data  Gb  tim.o [1]
prvAddCurrentTaskToDelayedList
                        0x08005e1d    0x64  Code  Lc  tasks.o [1]
prvAddNewTaskToReadyList
                        0x08005529    0xc2  Code  Lc  tasks.o [1]
prvCheckForValidListAndQueue
                        0x08007133    0x52  Code  Lc  timers.o [1]
prvCheckForValidListAndQueue{1}{2}{3}{4}::ucStaticTimerQueueStorage
                        0x20002d7c    0xa0  Data  Lc  timers.o [1]
prvCheckForValidListAndQueue{1}{2}{3}{4}::xStaticTimerQueue
                        0x2000306c    0x50  Data  Lc  timers.o [1]
prvCheckTasksWaitingTermination
                        0x08005c7b    0x48  Code  Lc  tasks.o [1]
prvCopyDataFromQueue    0x08006573    0x2a  Code  Lc  queue.o [1]
prvCopyDataToQueue      0x080064ed    0x86  Code  Lc  queue.o [1]
prvDeleteTCB            0x08005cc3    0x42  Code  Lc  tasks.o [1]
prvGetNextExpireTime    0x08006f1b    0x2c  Code  Lc  timers.o [1]
prvHeapInit             0x08006a55    0x62  Code  Lc  heap_4.o [1]
prvIdleTask             0x08005bf5    0x24  Code  Lc  tasks.o [1]
prvInitialiseNewQueue   0x0800604d    0x22  Code  Lc  queue.o [1]
prvInitialiseNewTask    0x08005473    0xb6  Code  Lc  tasks.o [1]
prvInitialiseTaskLists  0x08005c21    0x5a  Code  Lc  tasks.o [1]
prvInsertBlockIntoFreeList
                        0x08006ab7    0x58  Code  Lc  heap_4.o [1]
prvInsertTimerInActiveList
                        0x08006f73    0x3e  Code  Lc  timers.o [1]
prvIsQueueEmpty         0x0800660f    0x1c  Code  Lc  queue.o [1]
prvIsQueueFull          0x0800662b    0x1e  Code  Lc  queue.o [1]
prvProcessExpiredTimer  0x08006e37    0x5a  Code  Lc  timers.o [1]
prvProcessReceivedCommands
                        0x08006fb1   0x104  Code  Lc  timers.o [1]
prvProcessTimerOrBlockTask
                        0x08006ea5    0x76  Code  Lc  timers.o [1]
prvResetNextTaskUnblockTime
                        0x08005d05    0x28  Code  Lc  tasks.o [1]
prvSampleTimeNow        0x08006f47    0x2c  Code  Lc  timers.o [1]
prvSampleTimeNow::xLastTime
                        0x200033d0     0x4  Data  Lc  timers.o [1]
prvSwitchTimerLists     0x080070b5    0x7e  Code  Lc  timers.o [1]
prvTaskExitError        0x08006b4d    0x2a  Code  Lc  port.o [1]
prvTestWaitCondition    0x080046e9    0x1a  Code  Lc  event_groups.o [1]
prvTimerTask            0x08006e91    0x14  Code  Lc  timers.o [1]
prvUnlockQueue          0x0800659d    0x72  Code  Lc  queue.o [1]
pvPortMalloc            0x080068d1   0x10e  Code  Gb  heap_4.o [1]
pwmMotorOut             0x200033b0     0x4  Data  Lc  tim.o [1]
pxCurrentTCB            0x20003374     0x4  Data  Gb  tasks.o [1]
pxCurrentTimerList      0x200033c0     0x4  Data  Lc  timers.o [1]
pxDelayedTaskList       0x20003378     0x4  Data  Lc  tasks.o [1]
pxEnd                   0x2000334c     0x4  Data  Lc  heap_4.o [1]
pxOverflowDelayedTaskList
                        0x2000337c     0x4  Data  Lc  tasks.o [1]
pxOverflowTimerList     0x200033c4     0x4  Data  Lc  timers.o [1]
pxPortInitialiseStack   0x08006b2d    0x20  Code  Gb  port.o [1]
pxReadyTasksLists       0x20002030   0x460  Data  Lc  tasks.o [1]
runCycle                0x200033fc     0x1  Data  Lc  mode.o [1]
timerValue              0x200033f4     0x2  Data  Gb  tim.o [1]
uartEventHandle         0x200033d4     0x4  Data  Lc  usart.o [1]
ucHeap                  0x20000030  0x2000  Data  Lc  heap_4.o [1]
ucMaxSysCallPriority    0x20003404     0x1  Data  Lc  port.o [1]
ulMaxPRIGROUPValue      0x2000336c     0x4  Data  Lc  port.o [1]
uwTick                  0x20003370     0x4  Data  Gb  stm32f1xx_hal.o [1]
uwTickFreq              0x2000002c     0x1  Data  Gb  stm32f1xx_hal.o [1]
uwTickPrio              0x20000024     0x4  Data  Gb  stm32f1xx_hal.o [1]
uxCriticalNesting       0x20000020     0x4  Data  Lc  port.o [1]
uxCurrentNumberOfTasks  0x20003384     0x4  Data  Lc  tasks.o [1]
uxDeletedTasksWaitingCleanUp
                        0x20003380     0x4  Data  Lc  tasks.o [1]
uxListRemove            0x080068a9    0x26  Code  Gb  list.o [1]
uxPendedTicks           0x20003394     0x4  Data  Lc  tasks.o [1]
uxSchedulerSuspended    0x200033ac     0x4  Data  Lc  tasks.o [1]
uxTaskNumber            0x200033a0     0x4  Data  Lc  tasks.o [1]
uxTaskResetEventItemValue
                        0x08005ded    0x1e  Code  Gb  tasks.o [1]
uxTopReadyPriority      0x2000338c     0x4  Data  Lc  tasks.o [1]
vApplicationGetIdleTaskMemory
                        0x08002c7d     0xe  Code  Gb  cmsis_os2.o [1]
vApplicationGetTimerTaskMemory
                        0x08002c8b    0x10  Code  Gb  cmsis_os2.o [1]
vEventGroupSetBitsCallback
                        0x080046e1     0x8  Code  Gb  event_groups.o [1]
vListInitialise         0x08006837    0x1e  Code  Gb  list.o [1]
vListInitialiseItem     0x08006855     0x6  Code  Gb  list.o [1]
vListInsert             0x08006873    0x36  Code  Gb  list.o [1]
vListInsertEnd          0x0800685b    0x18  Code  Gb  list.o [1]
vPortEnterCritical      0x08006c19    0x3a  Code  Gb  port.o [1]
vPortExitCritical       0x08006c53    0x32  Code  Gb  port.o [1]
vPortFree               0x080069df    0x76  Code  Gb  heap_4.o [1]
vPortStartFirstTask     0x080072b3          Code  Gb  portasm.o [1]
vPortValidateInterruptPriority
                        0x08006cad    0x4a  Code  Gb  port.o [1]
vQueueAddToRegistry     0x08006649    0x24  Code  Gb  queue.o [1]
vQueueWaitForMessageRestricted
                        0x08006671    0x4a  Code  Gb  queue.o [1]
vTaskDelay              0x080055eb    0x4c  Code  Gb  tasks.o [1]
vTaskInternalSetTimeOutState
                        0x08005b4b    0x12  Code  Gb  tasks.o [1]
vTaskMissedYield        0x08005beb     0xa  Code  Gb  tasks.o [1]
vTaskPlaceOnEventList   0x0800596d    0x2e  Code  Gb  tasks.o [1]
vTaskPlaceOnEventListRestricted
                        0x080059fd    0x38  Code  Gb  tasks.o [1]
vTaskPlaceOnUnorderedEventList
                        0x080059a1    0x52  Code  Gb  tasks.o [1]
vTaskRemoveFromUnorderedEventList
                        0x08005ac9    0x82  Code  Gb  tasks.o [1]
vTaskStartScheduler     0x08005637    0x9a  Code  Gb  tasks.o [1]
vTaskSuspendAll         0x080056d1    0x10  Code  Gb  tasks.o [1]
vTaskSwitchContext      0x080058fb    0x72  Code  Gb  tasks.o [1]
xActiveTimerList1       0x200032c8    0x14  Data  Lc  timers.o [1]
xActiveTimerList2       0x200032dc    0x14  Data  Lc  timers.o [1]
xBlockAllocatedBit      0x20003358     0x4  Data  Lc  heap_4.o [1]
xDelayedTaskList1       0x20003264    0x14  Data  Lc  tasks.o [1]
xDelayedTaskList2       0x20003278    0x14  Data  Lc  tasks.o [1]
xEventGroupCreate       0x080044ed    0x20  Code  Gb  event_groups.o [1]
xEventGroupCreateStatic
                        0x080044a5    0x48  Code  Gb  event_groups.o [1]
xEventGroupSetBits      0x08004635    0xac  Code  Gb  event_groups.o [1]
xEventGroupSetBitsFromISR
                        0x08004703    0x10  Code  Gb  event_groups.o [1]
xEventGroupWaitBits     0x0800450d   0x128  Code  Gb  event_groups.o [1]
xFreeBytesRemaining     0x20003350     0x4  Data  Lc  heap_4.o [1]
xHeapStructSize         0x08007cf4     0x4  Data  Lc  heap_4.o [1]
xIdleTaskHandle         0x200033a8     0x4  Data  Lc  tasks.o [1]
xMinimumEverFreeBytesRemaining
                        0x20003354     0x4  Data  Lc  heap_4.o [1]
xNextTaskUnblockTime    0x200033a4     0x4  Data  Lc  tasks.o [1]
xNumOfOverflows         0x2000339c     0x4  Data  Lc  tasks.o [1]
xPendingReadyList       0x2000328c    0x14  Data  Lc  tasks.o [1]
xPortStartScheduler     0x08006b77    0xa2  Code  Gb  port.o [1]
xPortSysTickHandler     0x08006c85    0x28  Code  Gb  port.o [1]
xQueueGenericCreate     0x08005ffd    0x50  Code  Gb  queue.o [1]
xQueueGenericCreateStatic
                        0x08005f57    0xa6  Code  Gb  queue.o [1]
xQueueGenericReset      0x08005ec1    0x96  Code  Gb  queue.o [1]
xQueueGenericSend       0x0800606f   0x196  Code  Gb  queue.o [1]
xQueueGenericSendFromISR
                        0x08006205    0xdc  Code  Gb  queue.o [1]
xQueueReceive           0x080062e1   0x15a  Code  Gb  queue.o [1]
xQueueReceiveFromISR    0x08006441    0xac  Code  Gb  queue.o [1]
xQueueRegistry          0x20003190    0x40  Data  Gb  queue.o [1]
xSchedulerRunning       0x20003390     0x4  Data  Lc  tasks.o [1]
xStart                  0x200032fc     0x8  Data  Lc  heap_4.o [1]
xSuspendedTaskList      0x200032b4    0x14  Data  Lc  tasks.o [1]
xTaskCheckForTimeOut    0x08005b69    0x82  Code  Gb  tasks.o [1]
xTaskCreate             0x080053ff    0x74  Code  Gb  tasks.o [1]
xTaskCreateStatic       0x0800537d    0x82  Code  Gb  tasks.o [1]
xTaskGetSchedulerState  0x08005d2d    0x20  Code  Gb  tasks.o [1]
xTaskGetTickCount       0x080057dd     0x8  Code  Gb  tasks.o [1]
xTaskIncrementTick      0x080057e5   0x116  Code  Gb  tasks.o [1]
xTaskPriorityDisinherit
                        0x08005d4d    0x8e  Code  Gb  tasks.o [1]
xTaskRemoveFromEventList
                        0x08005a41    0x84  Code  Gb  tasks.o [1]
xTaskResumeAll          0x080056e1    0xfc  Code  Gb  tasks.o [1]
xTasksWaitingTermination
                        0x200032a0    0x14  Data  Lc  tasks.o [1]
xTickCount              0x20003388     0x4  Data  Lc  tasks.o [1]
xTimerCreateTimerTask   0x08006d51    0x6e  Code  Gb  timers.o [1]
xTimerGenericCommand    0x08006dbf    0x78  Code  Gb  timers.o [1]
xTimerPendFunctionCallFromISR
                        0x08007185    0x22  Code  Gb  timers.o [1]
xTimerQueue             0x200033c8     0x4  Data  Lc  timers.o [1]
xTimerTaskHandle        0x200033cc     0x4  Data  Lc  timers.o [1]
xYieldPending           0x20003398     0x4  Data  Lc  tasks.o [1]


[1] = E:\050_Workspace\010_YTP_SENT\040_Software\41_Cube\Code\GoodProject\EWARM\GoodProject\Obj
[2] = command line
[3] = dl7M_tlf.a
[4] = rt7M_tl.a
[5] = shb_l.a

  31 482 bytes of readonly  code memory
     668 bytes of readonly  data memory
  14 342 bytes of readwrite data memory

Errors: none
Warnings: none
